START shared_c6 trajectory
{"event": "DONE", "candidate": "shared_c6", "task": "trajectory", "status": "PASS", "suffix": 6, "live": {"identity_mse": 0.018976202234625816}, "error": null}
START shared_c6 residual_student
{"event": "DONE", "candidate": "shared_c6", "task": "residual_student", "status": "PASS", "suffix": 10, "live": {"identity_mse": 1.4429523616854567e-05, "success_rate": 1.0, "wrong_pad_rate": 0.0}, "error": null}
START shared_c6 unipolar
unipolar_dir arm=locked_rpgan step=1/400 cover=0.0127 leak=0.3214 neu_hold=0.9915 cos_plus=+0.5669 hit=FAIL
unipolar_dir arm=locked_rpgan step=50/400 cover=0.6219 leak=0.0004 neu_hold=0.8364 cos_plus=+0.9969 hit=FAIL
unipolar_dir arm=locked_rpgan step=100/400 cover=0.9854 leak=0.0008 neu_hold=0.8277 cos_plus=+0.9995 hit=FAIL
unipolar_dir arm=locked_rpgan step=150/400 cover=0.9746 leak=0.0001 neu_hold=0.9929 cos_plus=+1.0000 hit=PASS
unipolar_dir arm=locked_rpgan step=200/400 cover=0.9014 leak=0.0000 neu_hold=0.9163 cos_plus=+0.9998 hit=PASS
unipolar_dir arm=locked_rpgan step=250/400 cover=0.9724 leak=0.0000 neu_hold=0.9512 cos_plus=+0.9999 hit=PASS
unipolar_dir arm=locked_rpgan step=300/400 cover=0.9495 leak=0.0000 neu_hold=0.9048 cos_plus=+0.9995 hit=PASS
unipolar_dir arm=locked_rpgan step=350/400 cover=0.9353 leak=0.0003 neu_hold=0.9429 cos_plus=+0.9992 hit=PASS
unipolar_dir arm=locked_rpgan step=400/400 cover=0.9739 leak=0.0000 neu_hold=0.9623 cos_plus=+0.9999 hit=PASS
unipolar_dir arm=locked_rpgan step=400 seed=0 cover=0.9739 leak=0.0000 neu_hold=0.9623 cos_plus=+0.9999 hit=PASS
{"event": "DONE", "candidate": "shared_c6", "task": "unipolar", "status": "PASS", "suffix": 18, "live": {"cover": 0.973887495631935, "off_caption": 4.102891658070135e-05, "neu_hold": 0.9623002335429192}, "error": null}
START shared_c6 ae_gan_hold
ae-gan-hold arm=shared_c6 step=0 recon=1.2815 hold=1.4373 phase=init
ae-gan-hold arm=shared_c6 step=1 recon=1.2443 hold=1.3589 loss=4.2147
ae-gan-hold arm=shared_c6 step=50 recon=0.0070 hold=0.0737 loss=0.9895
ae-gan-hold arm=shared_c6 step=100 recon=0.0248 hold=0.0568 loss=0.8349
ae-gan-hold arm=shared_c6 step=150 recon=0.0058 hold=0.0538 loss=0.7505
ae-gan-hold arm=shared_c6 step=200 recon=0.0049 hold=0.0223 loss=0.8201
{"event": "DONE", "candidate": "shared_c6", "task": "ae_gan_hold", "status": "PASS", "suffix": 16, "live": {"recon_mse": 0.0022981753572821617, "hold": 0.0009765625}, "error": null}
START shared_c6 cover_leftover
cover_leftover start arm=locked steps=800 seed=0 teacher=faithful_guard_e cover=1.5 penalty_coeff=6.0 kappa=1.2 fm=0.0 n_particles=12
cover_leftover arm=locked step=1/800 d=0.7237 g=1.7440 cap=0.0000 u_kept=0.008 content=0.000 leak=0.000 err=0.749 covered=0
cover_leftover arm=locked step=50/800 d=0.5201 g=1.4569 cap=0.0085 u_kept=0.219 content=0.353 leak=0.071 err=0.566 covered=0
cover_leftover arm=locked step=100/800 d=0.6843 g=1.0284 cap=0.0000 u_kept=0.396 content=0.613 leak=0.028 err=0.422 covered=0
cover_leftover arm=locked step=150/800 d=0.6877 g=0.9038 cap=0.0000 u_kept=0.501 content=0.766 leak=0.018 err=0.347 covered=0
cover_leftover arm=locked step=200/800 d=0.6968 g=0.8153 cap=0.0000 u_kept=0.610 content=0.890 leak=0.000 err=0.270 covered=0
cover_leftover arm=locked step=250/800 d=0.6957 g=0.7558 cap=0.0000 u_kept=0.707 content=0.948 leak=0.015 err=0.194 covered=1
cover_leftover arm=locked step=300/800 d=0.6926 g=0.7229 cap=0.0000 u_kept=0.805 content=0.984 leak=0.011 err=0.130 covered=1
cover_leftover arm=locked step=350/800 d=0.6923 g=0.7071 cap=0.0000 u_kept=0.871 content=1.001 leak=0.008 err=0.086 covered=1
cover_leftover arm=locked step=400/800 d=0.6935 g=0.6998 cap=0.0000 u_kept=0.937 content=1.008 leak=0.009 err=0.044 covered=1
cover_leftover arm=locked step=450/800 d=0.6963 g=0.6952 cap=0.0000 u_kept=0.974 content=1.001 leak=0.005 err=0.028 covered=1
cover_leftover arm=locked step=500/800 d=0.6933 g=0.6935 cap=0.0000 u_kept=0.994 content=1.010 leak=0.003 err=0.014 covered=1
cover_leftover arm=locked step=550/800 d=0.6938 g=0.6950 cap=0.0000 u_kept=0.986 content=1.005 leak=0.006 err=0.013 covered=1
cover_leftover arm=locked step=600/800 d=0.6930 g=0.6937 cap=0.0000 u_kept=0.997 content=1.012 leak=0.005 err=0.007 covered=1
cover_leftover arm=locked step=650/800 d=0.6947 g=0.6930 cap=0.0000 u_kept=1.002 content=0.991 leak=0.001 err=0.014 covered=1
cover_leftover arm=locked step=700/800 d=0.6927 g=0.6938 cap=0.0000 u_kept=1.002 content=0.999 leak=0.003 err=0.003 covered=1
cover_leftover arm=locked step=750/800 d=0.6929 g=0.6928 cap=0.0000 u_kept=1.006 content=0.990 leak=0.004 err=0.010 covered=1
cover_leftover arm=locked step=800/800 d=0.6942 g=0.6934 cap=0.0000 u_kept=0.997 content=1.004 leak=0.002 err=0.005 covered=1
cover_leftover DONE arm=locked pass=1 reasons=none u_kept=0.945 content=0.968 leak=0.000 err=0.039 same_dir=0.001 particle_rms=0.061
{"event": "DONE", "candidate": "shared_c6", "task": "cover_leftover", "status": "PASS", "suffix": 15, "live": {"u_kept": 0.9972523947172649, "content_kept": 1.00392578207029, "leak_ratio": 0.0019264756545447448, "pole_rel_err_plus": 0.00468989135697484, "pole_rel_err_minus": 0.003768462222069502, "same_dir": 0.004148178645630404}, "error": null}
START shared_c6 unused_token_hold
unused-token arm=shared_c6 step=1 hold=0.9940 concept=0.0000 unused_dist=0.0060
unused-token arm=shared_c6 step=50 hold=0.9868 concept=0.5434 unused_dist=0.0132
unused-token arm=shared_c6 step=100 hold=0.9893 concept=0.9613 unused_dist=0.0107
unused-token arm=shared_c6 step=150 hold=0.9984 concept=0.8446 unused_dist=0.0016
unused-token arm=shared_c6 step=200 hold=0.9926 concept=0.9252 unused_dist=0.0074
{"event": "DONE", "candidate": "shared_c6", "task": "unused_token_hold", "status": "PASS", "suffix": 6, "live": {"unused_hold": 0.9926320035010576, "concept_move": 0.9251743522542455}, "error": null}
START shared_c6 mid_scale_identity
mid_scale arm=locked step=1 seed=0 concept+=+0.5774 concept-=+0.0000 id0=+0.0077 id_mid=+0.0232 scales=[-1.0, 0.0, 0.5, 1.0] gate=FAIL why=concept,identity_0,identity_mid
mid_scale arm=locked step=50 seed=0 concept+=+0.9012 concept-=+0.3222 id0=+0.3966 id_mid=+0.9457 scales=[-1.0, 0.0, 0.5, 1.0] gate=FAIL why=concept,identity_0
mid_scale arm=locked step=100 seed=0 concept+=+0.9223 concept-=+0.7867 id0=+0.5828 id_mid=+0.7412 scales=[-1.0, 0.0, 0.5, 1.0] gate=FAIL why=concept,identity_0,identity_mid
mid_scale arm=locked step=150 seed=0 concept+=+0.9664 concept-=+0.9326 id0=+0.6327 id_mid=+0.7960 scales=[-1.0, 0.0, 0.5, 1.0] gate=FAIL why=concept,identity_0,identity_mid
mid_scale arm=locked step=200 seed=0 concept+=+0.9940 concept-=+0.9694 id0=+0.7289 id_mid=+0.9422 scales=[-1.0, 0.0, 0.5, 1.0] gate=FAIL why=identity_0
mid_scale arm=locked step=250 seed=0 concept+=+0.9975 concept-=+0.9950 id0=+0.8711 id_mid=+0.9524 scales=[-1.0, 0.0, 0.5, 1.0] gate=PASS why=locked
mid_scale arm=locked step=300 seed=0 concept+=+0.9999 concept-=+0.9999 id0=+0.9804 id_mid=+0.9804 scales=[-1.0, 0.0, 0.5, 1.0] gate=PASS why=locked
mid_scale arm=locked step=350 seed=0 concept+=+0.9988 concept-=+0.9990 id0=+0.9788 id_mid=+0.9999 scales=[-1.0, 0.0, 0.5, 1.0] gate=PASS why=locked
mid_scale arm=locked step=400 seed=0 concept+=+0.9997 concept-=+0.9999 id0=+0.9953 id_mid=+0.9795 scales=[-1.0, 0.0, 0.5, 1.0] gate=PASS why=locked
mid_scale arm=locked step=450 seed=0 concept+=+1.0000 concept-=+0.9995 id0=+0.9983 id_mid=+0.9862 scales=[-1.0, 0.0, 0.5, 1.0] gate=PASS why=locked
mid_scale arm=locked step=500 seed=0 concept+=+0.9999 concept-=+0.9999 id0=+0.9938 id_mid=+0.9956 scales=[-1.0, 0.0, 0.5, 1.0] gate=PASS why=locked
mid_scale arm=locked step=550 seed=0 concept+=+0.9999 concept-=+1.0000 id0=+0.9892 id_mid=+0.9813 scales=[-1.0, 0.0, 0.5, 1.0] gate=PASS why=locked
mid_scale arm=locked step=600 seed=0 concept+=+0.9999 concept-=+1.0000 id0=+0.9899 id_mid=+0.9866 scales=[-1.0, 0.0, 0.5, 1.0] gate=PASS why=locked
mid_scale arm=locked step=650 seed=0 concept+=+1.0000 concept-=+1.0000 id0=+0.9981 id_mid=+0.9937 scales=[-1.0, 0.0, 0.5, 1.0] gate=PASS why=locked
mid_scale arm=locked step=700 seed=0 concept+=+1.0000 concept-=+1.0000 id0=+0.9920 id_mid=+0.9948 scales=[-1.0, 0.0, 0.5, 1.0] gate=PASS why=locked
mid_scale arm=locked step=750 seed=0 concept+=+1.0000 concept-=+1.0000 id0=+0.9944 id_mid=+0.9930 scales=[-1.0, 0.0, 0.5, 1.0] gate=PASS why=locked
mid_scale arm=locked step=800 seed=0 concept+=+1.0000 concept-=+1.0000 id0=+0.9948 id_mid=+0.9919 scales=[-1.0, 0.0, 0.5, 1.0] gate=PASS why=locked
mid_scale arm=locked step=800 seed=0 concept+=+1.0000 concept-=+1.0000 id0=+0.9948 id_mid=+0.9919 scales=[-1.0, 0.0, 0.5, 1.0] gate=PASS why=locked
{"event": "DONE", "candidate": "shared_c6", "task": "mid_scale_identity", "status": "PASS", "suffix": 17, "live": {"concept_cos_plus": 0.9999797344207764, "concept_cos_minus": 0.9999791383743286, "concept_mag_plus": 0.9952247738838196, "concept_mag_minus": 1.0057584047317505, "identity_at_0": 0.9947798254186278, "identity_at_mid": 0.9918639663124309}, "error": null}
START shared_c6 vector_two_broad
{"event": "DONE", "candidate": "shared_c6", "task": "vector_two_broad", "status": "PASS", "suffix": 20, "live": {"sw1_normalized": 0.09121359391606709, "mean_error": 0.11186808347702026, "covariance_error": 0.14494836330413818, "target_scale": 1.0555585622787476, "sample_count": 4096, "mass_tv": 0.015625, "min_mass_ratio": 0.96875, "hq": 0.99658203125, "component_covariance_error": 0.38869810104370117, "component_covariance_errors": [0.4804895520210266, 0.29690665006637573], "component_min_eigen_ratio": 0.32835590839385986, "component_mass": [0.515625, 0.484375], "target_mass": [0.5, 0.5], "component_counts": [2112, 1984]}, "error": null}
START shared_c6 vector_anisotropic
{"event": "DONE", "candidate": "shared_c6", "task": "vector_anisotropic", "status": "FAIL", "suffix": 0, "live": {"sw1_normalized": 0.041173482148806714, "mean_error": 0.028889473527669907, "covariance_error": 0.018476232886314392, "target_scale": 2.032285690307617, "sample_count": 4096, "mass_tv": 0.0316569060087204, "min_mass_ratio": 0.925048828125, "hq": 0.970947265625, "component_covariance_error": 0.9298645183444023, "component_covariance_errors": [0.1019463911652565, 0.08924490213394165, 2.598402261734009], "component_min_eigen_ratio": 0.49308326840400696, "component_mass": [0.32666015625, 0.364990234375, 0.308349609375], "target_mass": [0.3333333432674408, 0.3333333432674408, 0.3333333432674408], "component_counts": [1338, 1495, 1263]}, "error": null}
START shared_c6 vector_spiral
{"event": "DONE", "candidate": "shared_c6", "task": "vector_spiral", "status": "PASS", "suffix": 23, "live": {"sw1_normalized": 0.051105225036573124, "mean_error": 0.04417566582560539, "covariance_error": 0.10052260011434555, "target_scale": 1.224178433418274, "sample_count": 4096}, "error": null}
START shared_c6 img_stripes2
{"event": "DONE", "candidate": "shared_c6", "task": "img_stripes2", "status": "PASS", "suffix": 5, "live": {"modes": 2, "hq": 0.9375, "mean_rmse": 0.020769931375980377, "quality_mode_fractions": [0.4375, 0.5], "mode_fractions": [0.4375, 0.5625], "distribution_tv": 0.0625}, "error": null}
START shared_c6 img_blobs4
{"event": "DONE", "candidate": "shared_c6", "task": "img_blobs4", "status": "PASS", "suffix": 7, "live": {"modes": 4, "hq": 0.96875, "mean_rmse": 0.010987188667058945, "quality_mode_fractions": [0.34375, 0.21875, 0.125, 0.28125], "mode_fractions": [0.34375, 0.21875, 0.15625, 0.28125], "distribution_tv": 0.125}, "error": null}
START shared_c6 img_intensity2
{"event": "DONE", "candidate": "shared_c6", "task": "img_intensity2", "status": "PASS", "suffix": 6, "live": {"modes": 2, "hq": 1.0, "mean_rmse": 0.010000981390476227, "quality_mode_fractions": [0.53125, 0.46875], "mode_fractions": [0.53125, 0.46875], "distribution_tv": 0.03125}, "error": null}
