START shared_k10 two_pole
{"event": "DONE", "candidate": "shared_k10", "task": "two_pole", "status": "PASS", "suffix": 13, "live": {"mean_abs": 0.7146876454353333, "grad_med": 0.34828123450279236}, "error": null}
START shared_k10 mode_hold
{"event": "DONE", "candidate": "shared_k10", "task": "mode_hold", "status": "FAIL", "suffix": 0, "live": {"modes": 7, "hq": 1.0}, "error": null}
START shared_k10 vector_unequal_mass
{"event": "DONE", "candidate": "shared_k10", "task": "vector_unequal_mass", "status": "FAIL", "suffix": 0, "live": {"sw1_normalized": 0.1183725626044961, "mean_error": 0.09974649548530579, "covariance_error": 0.310121089220047, "target_scale": 1.7593294382095337, "sample_count": 4096, "mass_tv": 0.05869138985872269, "min_mass_ratio": 0.6065955758094788, "hq": 0.962158203125, "component_covariance_error": 0.5314755141735077, "component_covariance_errors": [0.19241176545619965, 0.23113460838794708, 0.729150652885437, 0.973205029964447], "component_min_eigen_ratio": 0.0013598552905023098, "component_mass": [0.559814453125, 0.348876953125, 0.078857421875, 0.012451171875], "target_mass": [0.550000011920929, 0.30000001192092896, 0.12999999523162842, 0.019999999552965164], "component_counts": [2293, 1429, 323, 51]}, "error": null}
START shared_k10 vector_unequal_width
{"event": "DONE", "candidate": "shared_k10", "task": "vector_unequal_width", "status": "FAIL", "suffix": 0, "live": {"sw1_normalized": 0.09960763312997414, "mean_error": 0.10308610647916794, "covariance_error": 0.16664551198482513, "target_scale": 2.1343955993652344, "sample_count": 4096, "mass_tv": 0.0654296875, "min_mass_ratio": 0.8056640625, "hq": 0.98974609375, "component_covariance_error": 1.283747173845768, "component_covariance_errors": [0.8243867754936218, 3.27142333984375, 0.643973708152771, 0.3952048718929291], "component_min_eigen_ratio": 0.07914657890796661, "component_mass": [0.23388671875, 0.201416015625, 0.249267578125, 0.3154296875], "target_mass": [0.25, 0.25, 0.25, 0.25], "component_counts": [958, 825, 1021, 1292]}, "error": null}
START shared_k10 vector_overlap
{"event": "DONE", "candidate": "shared_k10", "task": "vector_overlap", "status": "FAIL", "suffix": 0, "live": {"sw1_normalized": 0.11953008631747288, "mean_error": 0.1523384153842926, "covariance_error": 0.35555750131607056, "target_scale": 0.8501437306404114, "sample_count": 4096}, "error": null}
START shared_k10 img_bars4
{"event": "DONE", "candidate": "shared_k10", "task": "img_bars4", "status": "PASS", "suffix": 12, "live": {"modes": 4, "hq": 1.0, "mean_rmse": 0.003132622456178069, "quality_mode_fractions": [0.25, 0.21875, 0.28125, 0.25], "mode_fractions": [0.25, 0.21875, 0.28125, 0.25], "distribution_tv": 0.03125}, "error": null}
START shared_k15 two_pole
{"event": "DONE", "candidate": "shared_k15", "task": "two_pole", "status": "PASS", "suffix": 12, "live": {"mean_abs": 0.7413169741630554, "grad_med": 0.702377438545227}, "error": null}
START shared_k15 mode_hold
{"event": "DONE", "candidate": "shared_k15", "task": "mode_hold", "status": "PASS", "suffix": 5, "live": {"modes": 8, "hq": 1.0}, "error": null}
START shared_k15 vector_unequal_mass
{"event": "DONE", "candidate": "shared_k15", "task": "vector_unequal_mass", "status": "FAIL", "suffix": 0, "live": {"sw1_normalized": 0.08231520175900721, "mean_error": 0.10001511126756668, "covariance_error": 0.12110503762960434, "target_scale": 1.7593294382095337, "sample_count": 4096, "mass_tv": 0.05839843302965164, "min_mass_ratio": 0.5615234375, "hq": 0.991455078125, "component_covariance_error": 0.6725934110581875, "component_covariance_errors": [0.6776426434516907, 0.8297767043113708, 0.21177397668361664, 0.9711803197860718], "component_min_eigen_ratio": 0.0003749066963791847, "component_mass": [0.6083984375, 0.27099609375, 0.109375, 0.01123046875], "target_mass": [0.550000011920929, 0.30000001192092896, 0.12999999523162842, 0.019999999552965164], "component_counts": [2492, 1110, 448, 46]}, "error": null}
START shared_k15 vector_unequal_width
{"event": "DONE", "candidate": "shared_k15", "task": "vector_unequal_width", "status": "FAIL", "suffix": 0, "live": {"sw1_normalized": 0.04966532917112734, "mean_error": 0.05151975527405739, "covariance_error": 0.05854274332523346, "target_scale": 2.1343955993652344, "sample_count": 4096, "mass_tv": 0.023193359375, "min_mass_ratio": 0.9072265625, "hq": 0.9775390625, "component_covariance_error": 7.245724901556969, "component_covariance_errors": [19.8444766998291, 7.7337799072265625, 1.0678693056106567, 0.33677369356155396], "component_min_eigen_ratio": 0.53758704662323, "component_mass": [0.255126953125, 0.260009765625, 0.226806640625, 0.258056640625], "target_mass": [0.25, 0.25, 0.25, 0.25], "component_counts": [1045, 1065, 929, 1057]}, "error": null}
START shared_k15 vector_overlap
{"event": "DONE", "candidate": "shared_k15", "task": "vector_overlap", "status": "FAIL", "suffix": 3, "live": {"sw1_normalized": 0.10028334587740556, "mean_error": 0.12656700611114502, "covariance_error": 0.28123125433921814, "target_scale": 0.8501437306404114, "sample_count": 4096}, "error": null}
START shared_k15 img_bars4
{"event": "DONE", "candidate": "shared_k15", "task": "img_bars4", "status": "FAIL", "suffix": 0, "live": {"modes": 4, "hq": 0.84375, "mean_rmse": 0.05391595512628555, "quality_mode_fractions": [0.21875, 0.125, 0.28125, 0.21875], "mode_fractions": [0.25, 0.21875, 0.28125, 0.25], "distribution_tv": 0.03125}, "error": null}
START shared_b05 two_pole
{"event": "DONE", "candidate": "shared_b05", "task": "two_pole", "status": "PASS", "suffix": 12, "live": {"mean_abs": 0.6931234002113342, "grad_med": 0.5372238755226135}, "error": null}
START shared_b05 mode_hold
{"event": "DONE", "candidate": "shared_b05", "task": "mode_hold", "status": "FAIL", "suffix": 4, "live": {"modes": 8, "hq": 1.0}, "error": null}
START shared_b05 vector_unequal_mass
{"event": "DONE", "candidate": "shared_b05", "task": "vector_unequal_mass", "status": "FAIL", "suffix": 0, "live": {"sw1_normalized": 0.2906565955147349, "mean_error": 0.152592271566391, "covariance_error": 0.5795691609382629, "target_scale": 1.7593294382095337, "sample_count": 4096, "mass_tv": 0.24003906548023224, "min_mass_ratio": 0.0, "hq": 1.0, "component_covariance_error": 0.9297803938388824, "component_covariance_errors": [0.7946317791938782, 0.9244897961616516, 1.0, 1.0], "component_min_eigen_ratio": 0.0, "component_mass": [0.7900390625, 0.2099609375, 0.0, 0.0], "target_mass": [0.550000011920929, 0.30000001192092896, 0.12999999523162842, 0.019999999552965164], "component_counts": [3236, 860, 0, 0]}, "error": null}
START shared_b05 vector_unequal_width
{"event": "DONE", "candidate": "shared_b05", "task": "vector_unequal_width", "status": "FAIL", "suffix": 0, "live": {"sw1_normalized": 0.12075952737976726, "mean_error": 0.1460966318845749, "covariance_error": 0.14558787643909454, "target_scale": 2.1343955993652344, "sample_count": 4096, "mass_tv": 0.061279296875, "min_mass_ratio": 0.8134765625, "hq": 0.970947265625, "component_covariance_error": 16.361729249358177, "component_covariance_errors": [60.108890533447266, 3.977137804031372, 0.6589070558547974, 0.7019816040992737], "component_min_eigen_ratio": 0.26666074991226196, "component_mass": [0.203369140625, 0.239013671875, 0.246337890625, 0.311279296875], "target_mass": [0.25, 0.25, 0.25, 0.25], "component_counts": [833, 979, 1009, 1275]}, "error": null}
START shared_b05 vector_overlap
{"event": "DONE", "candidate": "shared_b05", "task": "vector_overlap", "status": "FAIL", "suffix": 1, "live": {"sw1_normalized": 0.09595642094657908, "mean_error": 0.12677571177482605, "covariance_error": 0.15862667560577393, "target_scale": 0.8501437306404114, "sample_count": 4096}, "error": null}
START shared_b05 img_bars4
{"event": "DONE", "candidate": "shared_b05", "task": "img_bars4", "status": "FAIL", "suffix": 3, "live": {"modes": 4, "hq": 0.96875, "mean_rmse": 0.013337584212422371, "quality_mode_fractions": [0.28125, 0.3125, 0.125, 0.25], "mode_fractions": [0.28125, 0.34375, 0.125, 0.25], "distribution_tv": 0.125}, "error": null}
START shared_b05_999 two_pole
{"event": "DONE", "candidate": "shared_b05_999", "task": "two_pole", "status": "PASS", "suffix": 12, "live": {"mean_abs": 0.7243173122406006, "grad_med": 0.5093502998352051}, "error": null}
START shared_b05_999 mode_hold
{"event": "DONE", "candidate": "shared_b05_999", "task": "mode_hold", "status": "PASS", "suffix": 6, "live": {"modes": 8, "hq": 1.0}, "error": null}
START shared_b05_999 vector_unequal_mass
{"event": "DONE", "candidate": "shared_b05_999", "task": "vector_unequal_mass", "status": "FAIL", "suffix": 0, "live": {"sw1_normalized": 0.10627508541789125, "mean_error": 0.049083903431892395, "covariance_error": 0.23180656135082245, "target_scale": 1.7593294382095337, "sample_count": 4096, "mass_tv": 0.033515624701976776, "min_mass_ratio": 0.8638822436332703, "hq": 0.8876953125, "component_covariance_error": 2.5412267595529556, "component_covariance_errors": [0.7087039947509766, 0.7914702296257019, 7.748730182647705, 0.916002631187439], "component_min_eigen_ratio": 0.003830309957265854, "component_mass": [0.5341796875, 0.331787109375, 0.1123046875, 0.021728515625], "target_mass": [0.550000011920929, 0.30000001192092896, 0.12999999523162842, 0.019999999552965164], "component_counts": [2188, 1359, 460, 89]}, "error": null}
START shared_b05_999 vector_unequal_width
{"event": "DONE", "candidate": "shared_b05_999", "task": "vector_unequal_width", "status": "FAIL", "suffix": 0, "live": {"sw1_normalized": 0.15551665526550484, "mean_error": 0.19047334790229797, "covariance_error": 0.13784922659397125, "target_scale": 2.1343955993652344, "sample_count": 4096, "mass_tv": 0.0732421875, "min_mass_ratio": 0.734375, "hq": 0.96484375, "component_covariance_error": 6.386861689388752, "component_covariance_errors": [23.39504051208496, 0.9349150657653809, 0.7969109416007996, 0.4205802381038666], "component_min_eigen_ratio": 0.015912160277366638, "component_mass": [0.18359375, 0.24951171875, 0.24365234375, 0.3232421875], "target_mass": [0.25, 0.25, 0.25, 0.25], "component_counts": [752, 1022, 998, 1324]}, "error": null}
START shared_b05_999 vector_overlap
{"event": "DONE", "candidate": "shared_b05_999", "task": "vector_overlap", "status": "FAIL", "suffix": 4, "live": {"sw1_normalized": 0.0999469695987077, "mean_error": 0.11284742504358292, "covariance_error": 0.35085412859916687, "target_scale": 0.8501437306404114, "sample_count": 4096}, "error": null}
START shared_b05_999 img_bars4
{"event": "DONE", "candidate": "shared_b05_999", "task": "img_bars4", "status": "PASS", "suffix": 12, "live": {"modes": 4, "hq": 1.0, "mean_rmse": 0.000939427874982357, "quality_mode_fractions": [0.28125, 0.375, 0.15625, 0.1875], "mode_fractions": [0.28125, 0.375, 0.15625, 0.1875], "distribution_tv": 0.15625}, "error": null}
