START lr00425_prior2 two_pole
{"event": "DONE", "candidate": "lr00425_prior2", "task": "two_pole", "status": "PASS", "suffix": 12, "live": {"mean_abs": 0.7324657440185547, "grad_med": 0.5154433846473694}, "error": null}
START lr00425_prior2 trajectory
{"event": "DONE", "candidate": "lr00425_prior2", "task": "trajectory", "status": "PASS", "suffix": 20, "live": {"identity_mse": 2.1865838789381087e-05}, "error": null}
START lr00425_prior2 residual_student
{"event": "DONE", "candidate": "lr00425_prior2", "task": "residual_student", "status": "PASS", "suffix": 16, "live": {"identity_mse": 1.4359633496496826e-05, "success_rate": 1.0, "wrong_pad_rate": 0.0}, "error": null}
START lr00425_prior2 unipolar
unipolar_dir arm=locked_rpgan step=1/400 cover=0.0127 leak=0.3214 neu_hold=0.9915 cos_plus=+0.5669 hit=FAIL
unipolar_dir arm=locked_rpgan step=50/400 cover=0.6702 leak=0.0000 neu_hold=0.8229 cos_plus=+0.9998 hit=FAIL
unipolar_dir arm=locked_rpgan step=100/400 cover=0.9980 leak=0.0000 neu_hold=0.8406 cos_plus=+1.0000 hit=FAIL
unipolar_dir arm=locked_rpgan step=150/400 cover=0.9935 leak=0.0000 neu_hold=0.9856 cos_plus=+1.0000 hit=PASS
unipolar_dir arm=locked_rpgan step=200/400 cover=0.9403 leak=0.0002 neu_hold=0.9699 cos_plus=+0.9998 hit=PASS
unipolar_dir arm=locked_rpgan step=250/400 cover=0.9465 leak=0.0000 neu_hold=0.9483 cos_plus=+0.9997 hit=PASS
unipolar_dir arm=locked_rpgan step=300/400 cover=0.9925 leak=0.0002 neu_hold=0.9657 cos_plus=+0.9997 hit=PASS
unipolar_dir arm=locked_rpgan step=350/400 cover=0.9700 leak=0.0004 neu_hold=0.9619 cos_plus=+0.9998 hit=PASS
unipolar_dir arm=locked_rpgan step=400/400 cover=0.9826 leak=0.0007 neu_hold=0.9706 cos_plus=+0.9996 hit=PASS
unipolar_dir arm=locked_rpgan step=400 seed=0 cover=0.9826 leak=0.0007 neu_hold=0.9706 cos_plus=+0.9996 hit=PASS
{"event": "DONE", "candidate": "lr00425_prior2", "task": "unipolar", "status": "PASS", "suffix": 18, "live": {"cover": 0.982617710057589, "off_caption": 0.0006809285182022889, "neu_hold": 0.9705528393387794}, "error": null}
START lr00425_prior2 ae_gan_hold
ae-gan-hold arm=lr00425_prior2 step=0 recon=1.2815 hold=1.4373 phase=init
ae-gan-hold arm=lr00425_prior2 step=1 recon=1.2443 hold=1.3589 loss=4.2147
ae-gan-hold arm=lr00425_prior2 step=50 recon=0.0070 hold=0.0737 loss=0.9895
ae-gan-hold arm=lr00425_prior2 step=100 recon=0.0248 hold=0.0568 loss=0.8349
ae-gan-hold arm=lr00425_prior2 step=150 recon=0.0078 hold=0.0115 loss=0.8088
ae-gan-hold arm=lr00425_prior2 step=200 recon=0.0033 hold=0.0110 loss=0.8396
{"event": "DONE", "candidate": "lr00425_prior2", "task": "ae_gan_hold", "status": "PASS", "suffix": 16, "live": {"recon_mse": 0.0033271920401602983, "hold": 0.0009432869264855981}, "error": null}
START lr00425_prior2 cover_leftover
cover_leftover start arm=locked steps=800 seed=0 teacher=faithful_guard_e cover=1.5 penalty_coeff=3.0 kappa=1.2 fm=0.0 n_particles=12
cover_leftover arm=locked step=1/800 d=0.7237 g=1.7440 cap=0.0000 u_kept=0.008 content=0.000 leak=0.000 err=0.749 covered=0
cover_leftover arm=locked step=50/800 d=0.5625 g=1.4498 cap=0.0000 u_kept=0.221 content=0.388 leak=0.087 err=0.564 covered=0
cover_leftover arm=locked step=100/800 d=0.6681 g=1.0399 cap=0.0000 u_kept=0.386 content=0.595 leak=0.009 err=0.430 covered=0
cover_leftover arm=locked step=150/800 d=0.6826 g=0.9136 cap=0.0000 u_kept=0.482 content=0.758 leak=0.001 err=0.352 covered=0
cover_leftover arm=locked step=200/800 d=0.6899 g=0.8270 cap=0.0000 u_kept=0.602 content=0.889 leak=0.008 err=0.276 covered=0
cover_leftover arm=locked step=250/800 d=0.6962 g=0.7642 cap=0.0000 u_kept=0.706 content=0.948 leak=0.005 err=0.205 covered=0
cover_leftover arm=locked step=300/800 d=0.6918 g=0.7307 cap=0.0000 u_kept=0.802 content=0.989 leak=0.009 err=0.139 covered=1
cover_leftover arm=locked step=350/800 d=0.6977 g=0.7089 cap=0.0000 u_kept=0.866 content=0.999 leak=0.007 err=0.089 covered=1
cover_leftover arm=locked step=400/800 d=0.6955 g=0.6938 cap=0.0000 u_kept=0.934 content=0.997 leak=0.000 err=0.055 covered=1
cover_leftover arm=locked step=450/800 d=0.6918 g=0.6953 cap=0.0000 u_kept=0.963 content=0.998 leak=0.005 err=0.028 covered=1
cover_leftover arm=locked step=500/800 d=0.6935 g=0.6926 cap=0.0000 u_kept=0.983 content=1.000 leak=0.013 err=0.014 covered=1
cover_leftover arm=locked step=550/800 d=0.6930 g=0.6935 cap=0.0000 u_kept=0.993 content=0.999 leak=0.001 err=0.008 covered=1
cover_leftover arm=locked step=600/800 d=0.6922 g=0.6941 cap=0.0000 u_kept=0.995 content=1.000 leak=0.001 err=0.004 covered=1
cover_leftover arm=locked step=650/800 d=0.6943 g=0.6919 cap=0.0000 u_kept=0.999 content=0.991 leak=0.003 err=0.005 covered=1
cover_leftover arm=locked step=700/800 d=0.6934 g=0.6933 cap=0.0000 u_kept=1.004 content=1.004 leak=0.001 err=0.003 covered=1
cover_leftover arm=locked step=750/800 d=0.6926 g=0.6932 cap=0.0000 u_kept=0.996 content=0.988 leak=0.001 err=0.005 covered=1
cover_leftover arm=locked step=800/800 d=0.6931 g=0.6940 cap=0.0000 u_kept=0.997 content=0.999 leak=0.003 err=0.004 covered=1
cover_leftover DONE arm=locked pass=1 reasons=none u_kept=0.942 content=0.965 leak=0.000 err=0.040 same_dir=0.001 particle_rms=0.281
{"event": "DONE", "candidate": "lr00425_prior2", "task": "cover_leftover", "status": "PASS", "suffix": 14, "live": {"u_kept": 0.9971056480832954, "content_kept": 0.9986542390101194, "leak_ratio": 0.0032159195496361858, "pole_rel_err_plus": 0.0037311604246497154, "pole_rel_err_minus": 0.0038806714583188295, "same_dir": 0.0020498048286226892}, "error": null}
START lr00425_prior2 unused_token_hold
unused-token arm=lr00425_prior2 step=1 hold=0.9940 concept=0.0000 unused_dist=0.0060
unused-token arm=lr00425_prior2 step=50 hold=0.9866 concept=0.5466 unused_dist=0.0134
unused-token arm=lr00425_prior2 step=100 hold=0.9894 concept=0.9615 unused_dist=0.0106
unused-token arm=lr00425_prior2 step=150 hold=0.9966 concept=0.8692 unused_dist=0.0034
unused-token arm=lr00425_prior2 step=200 hold=0.9919 concept=0.9652 unused_dist=0.0081
{"event": "DONE", "candidate": "lr00425_prior2", "task": "unused_token_hold", "status": "PASS", "suffix": 14, "live": {"unused_hold": 0.9919152026996017, "concept_move": 0.9652063899110885}, "error": null}
START lr00425_prior2 mid_scale_identity
mid_scale arm=locked step=1 seed=0 concept+=+0.5774 concept-=+0.0000 id0=+0.0077 id_mid=+0.0232 scales=[-1.0, 0.0, 0.5, 1.0] gate=FAIL why=concept,identity_0,identity_mid
mid_scale arm=locked step=50 seed=0 concept+=+0.8945 concept-=+0.3563 id0=+0.4002 id_mid=+0.9569 scales=[-1.0, 0.0, 0.5, 1.0] gate=FAIL why=concept,identity_0
mid_scale arm=locked step=100 seed=0 concept+=+0.9434 concept-=+0.7625 id0=+0.5845 id_mid=+0.7469 scales=[-1.0, 0.0, 0.5, 1.0] gate=FAIL why=concept,identity_0,identity_mid
mid_scale arm=locked step=150 seed=0 concept+=+0.9738 concept-=+0.9350 id0=+0.6337 id_mid=+0.8426 scales=[-1.0, 0.0, 0.5, 1.0] gate=FAIL why=concept,identity_0,identity_mid
mid_scale arm=locked step=200 seed=0 concept+=+0.9904 concept-=+0.9808 id0=+0.7412 id_mid=+0.9896 scales=[-1.0, 0.0, 0.5, 1.0] gate=FAIL why=identity_0
mid_scale arm=locked step=250 seed=0 concept+=+0.9973 concept-=+0.9980 id0=+0.8790 id_mid=+0.9805 scales=[-1.0, 0.0, 0.5, 1.0] gate=PASS why=locked
mid_scale arm=locked step=300 seed=0 concept+=+0.9996 concept-=+0.9996 id0=+0.9984 id_mid=+0.9933 scales=[-1.0, 0.0, 0.5, 1.0] gate=PASS why=locked
mid_scale arm=locked step=350 seed=0 concept+=+0.9992 concept-=+0.9999 id0=+0.9717 id_mid=+0.8846 scales=[-1.0, 0.0, 0.5, 1.0] gate=PASS why=locked
mid_scale arm=locked step=400 seed=0 concept+=+0.9995 concept-=+0.9996 id0=+0.9531 id_mid=+0.9556 scales=[-1.0, 0.0, 0.5, 1.0] gate=PASS why=locked
mid_scale arm=locked step=450 seed=0 concept+=+0.9998 concept-=+0.9998 id0=+0.9869 id_mid=+0.9847 scales=[-1.0, 0.0, 0.5, 1.0] gate=PASS why=locked
mid_scale arm=locked step=500 seed=0 concept+=+0.9996 concept-=+0.9999 id0=+0.9873 id_mid=+0.9932 scales=[-1.0, 0.0, 0.5, 1.0] gate=PASS why=locked
mid_scale arm=locked step=550 seed=0 concept+=+0.9999 concept-=+0.9999 id0=+0.9977 id_mid=+0.9845 scales=[-1.0, 0.0, 0.5, 1.0] gate=PASS why=locked
mid_scale arm=locked step=600 seed=0 concept+=+1.0000 concept-=+0.9999 id0=+0.9961 id_mid=+0.9996 scales=[-1.0, 0.0, 0.5, 1.0] gate=PASS why=locked
mid_scale arm=locked step=650 seed=0 concept+=+1.0000 concept-=+1.0000 id0=+0.9983 id_mid=+0.9945 scales=[-1.0, 0.0, 0.5, 1.0] gate=PASS why=locked
mid_scale arm=locked step=700 seed=0 concept+=+1.0000 concept-=+1.0000 id0=+0.9951 id_mid=+0.9899 scales=[-1.0, 0.0, 0.5, 1.0] gate=PASS why=locked
mid_scale arm=locked step=750 seed=0 concept+=+1.0000 concept-=+1.0000 id0=+0.9989 id_mid=+0.9926 scales=[-1.0, 0.0, 0.5, 1.0] gate=PASS why=locked
mid_scale arm=locked step=800 seed=0 concept+=+1.0000 concept-=+1.0000 id0=+0.9988 id_mid=+0.9977 scales=[-1.0, 0.0, 0.5, 1.0] gate=PASS why=locked
mid_scale arm=locked step=800 seed=0 concept+=+1.0000 concept-=+1.0000 id0=+0.9988 id_mid=+0.9977 scales=[-1.0, 0.0, 0.5, 1.0] gate=PASS why=locked
{"event": "DONE", "candidate": "lr00425_prior2", "task": "mid_scale_identity", "status": "PASS", "suffix": 17, "live": {"concept_cos_plus": 0.9999809861183167, "concept_cos_minus": 0.999997615814209, "concept_mag_plus": 0.9993701577186584, "concept_mag_minus": 1.0006170272827148, "identity_at_0": 0.998754588090076, "identity_at_mid": 0.9977136742896218}, "error": null}
START lr00425_prior2 mode_hold
{"event": "DONE", "candidate": "lr00425_prior2", "task": "mode_hold", "status": "FAIL", "suffix": 0, "live": {"modes": 7, "hq": 1.0}, "error": null}
START lr00425_prior2 vector_two_broad
{"event": "DONE", "candidate": "lr00425_prior2", "task": "vector_two_broad", "status": "PASS", "suffix": 17, "live": {"sw1_normalized": 0.0773059068737424, "mean_error": 0.10562055557966232, "covariance_error": 0.08827167749404907, "target_scale": 1.0555585622787476, "sample_count": 4096, "mass_tv": 0.012939453125, "min_mass_ratio": 0.97412109375, "hq": 0.994384765625, "component_covariance_error": 0.32151442021131516, "component_covariance_errors": [0.4097922444343567, 0.23323659598827362], "component_min_eigen_ratio": 0.42667055130004883, "component_mass": [0.512939453125, 0.487060546875], "target_mass": [0.5, 0.5], "component_counts": [2101, 1995]}, "error": null}
START lr00425_prior2 vector_unequal_mass
{"event": "DONE", "candidate": "lr00425_prior2", "task": "vector_unequal_mass", "status": "FAIL", "suffix": 0, "live": {"sw1_normalized": 0.08800077244538253, "mean_error": 0.11754100024700165, "covariance_error": 0.09386519342660904, "target_scale": 1.7593294382095337, "sample_count": 4096, "mass_tv": 0.042167969048023224, "min_mass_ratio": 0.62255859375, "hq": 1.0, "component_covariance_error": 0.4760853685438633, "component_covariance_errors": [0.2082955539226532, 0.15850834548473358, 0.5482469201087952, 0.9892906546592712], "component_min_eigen_ratio": 5.055498331785202e-05, "component_mass": [0.586669921875, 0.265380859375, 0.135498046875, 0.012451171875], "target_mass": [0.550000011920929, 0.30000001192092896, 0.12999999523162842, 0.019999999552965164], "component_counts": [2403, 1087, 555, 51]}, "error": null}
START lr00425_prior2 vector_unequal_width
{"event": "DONE", "candidate": "lr00425_prior2", "task": "vector_unequal_width", "status": "FAIL", "suffix": 0, "live": {"sw1_normalized": 0.05675020223844052, "mean_error": 0.03781221807003021, "covariance_error": 0.10441811382770538, "target_scale": 2.1343955993652344, "sample_count": 4096, "mass_tv": 0.02001953125, "min_mass_ratio": 0.935546875, "hq": 0.979248046875, "component_covariance_error": 0.6221097335219383, "component_covariance_errors": [0.768743097782135, 0.7894655466079712, 0.5595128536224365, 0.37071743607521057], "component_min_eigen_ratio": 0.004863649606704712, "component_mass": [0.256103515625, 0.263916015625, 0.23388671875, 0.24609375], "target_mass": [0.25, 0.25, 0.25, 0.25], "component_counts": [1049, 1081, 958, 1008]}, "error": null}
START lr00425_prior2 vector_anisotropic
{"event": "DONE", "candidate": "lr00425_prior2", "task": "vector_anisotropic", "status": "PASS", "suffix": 7, "live": {"sw1_normalized": 0.12886358015885455, "mean_error": 0.18539069592952728, "covariance_error": 0.1968661993741989, "target_scale": 2.032285690307617, "sample_count": 4096, "mass_tv": 0.1184895783662796, "min_mass_ratio": 0.64453125, "hq": 0.9892578125, "component_covariance_error": 0.11112692455450694, "component_covariance_errors": [0.09387809038162231, 0.10028427839279175, 0.13921840488910675], "component_min_eigen_ratio": 0.22128984332084656, "component_mass": [0.336181640625, 0.21484375, 0.448974609375], "target_mass": [0.3333333432674408, 0.3333333432674408, 0.3333333432674408], "component_counts": [1377, 880, 1839]}, "error": null}
START lr00425_prior2 vector_overlap
{"event": "DONE", "candidate": "lr00425_prior2", "task": "vector_overlap", "status": "FAIL", "suffix": 3, "live": {"sw1_normalized": 0.07912815075602721, "mean_error": 0.06836435198783875, "covariance_error": 0.2521947920322418, "target_scale": 0.8501437306404114, "sample_count": 4096}, "error": null}
START lr00425_prior2 vector_spiral
{"event": "DONE", "candidate": "lr00425_prior2", "task": "vector_spiral", "status": "PASS", "suffix": 18, "live": {"sw1_normalized": 0.040020033176056485, "mean_error": 0.053429413586854935, "covariance_error": 0.033794134855270386, "target_scale": 1.224178433418274, "sample_count": 4096}, "error": null}
START lr00425_prior2 img_stripes2
{"event": "DONE", "candidate": "lr00425_prior2", "task": "img_stripes2", "status": "PASS", "suffix": 22, "live": {"modes": 2, "hq": 0.90625, "mean_rmse": 0.023395530879497528, "quality_mode_fractions": [0.34375, 0.5625], "mode_fractions": [0.34375, 0.65625], "distribution_tv": 0.15625}, "error": null}
START lr00425_prior2 img_bars4
{"event": "DONE", "candidate": "lr00425_prior2", "task": "img_bars4", "status": "PASS", "suffix": 7, "live": {"modes": 4, "hq": 1.0, "mean_rmse": 0.0070070489309728146, "quality_mode_fractions": [0.25, 0.25, 0.25, 0.25], "mode_fractions": [0.25, 0.25, 0.25, 0.25], "distribution_tv": 0.0}, "error": null}
START lr00425_prior2 img_blobs4
{"event": "DONE", "candidate": "lr00425_prior2", "task": "img_blobs4", "status": "PASS", "suffix": 9, "live": {"modes": 4, "hq": 1.0, "mean_rmse": 0.010332244448363781, "quality_mode_fractions": [0.25, 0.21875, 0.28125, 0.25], "mode_fractions": [0.25, 0.21875, 0.28125, 0.25], "distribution_tv": 0.03125}, "error": null}
START lr00425_prior2 img_intensity2
{"event": "DONE", "candidate": "lr00425_prior2", "task": "img_intensity2", "status": "PASS", "suffix": 12, "live": {"modes": 2, "hq": 1.0, "mean_rmse": 0.010304585099220276, "quality_mode_fractions": [0.5, 0.5], "mode_fractions": [0.5, 0.5], "distribution_tv": 0.0}, "error": null}
START lr0034_dprior125 two_pole
{"event": "DONE", "candidate": "lr0034_dprior125", "task": "two_pole", "status": "PASS", "suffix": 7, "live": {"mean_abs": 0.3517892360687256, "grad_med": 0.3972667455673218}, "error": null}
START lr0034_dprior125 trajectory
{"event": "DONE", "candidate": "lr0034_dprior125", "task": "trajectory", "status": "FAIL", "suffix": 0, "live": {"identity_mse": 0.239562526345253}, "error": null}
START lr0034_dprior125 residual_student
{"event": "DONE", "candidate": "lr0034_dprior125", "task": "residual_student", "status": "PASS", "suffix": 21, "live": {"identity_mse": 6.712136382702738e-06, "success_rate": 1.0, "wrong_pad_rate": 0.0}, "error": null}
START lr0034_dprior125 unipolar
unipolar_dir arm=locked_rpgan step=1/400 cover=0.0102 leak=0.3214 neu_hold=0.9932 cos_plus=+0.5669 hit=FAIL
unipolar_dir arm=locked_rpgan step=50/400 cover=0.5323 leak=0.0110 neu_hold=0.8501 cos_plus=+0.9935 hit=FAIL
unipolar_dir arm=locked_rpgan step=100/400 cover=0.8715 leak=0.0000 neu_hold=0.8274 cos_plus=+1.0000 hit=FAIL
unipolar_dir arm=locked_rpgan step=150/400 cover=0.9419 leak=0.0000 neu_hold=0.8857 cos_plus=+1.0000 hit=PASS
unipolar_dir arm=locked_rpgan step=200/400 cover=0.9876 leak=0.0000 neu_hold=0.9499 cos_plus=+0.9999 hit=PASS
unipolar_dir arm=locked_rpgan step=250/400 cover=0.9617 leak=0.0000 neu_hold=0.9218 cos_plus=+0.9999 hit=PASS
unipolar_dir arm=locked_rpgan step=300/400 cover=0.9625 leak=0.0005 neu_hold=0.9789 cos_plus=+0.9994 hit=PASS
unipolar_dir arm=locked_rpgan step=350/400 cover=0.9465 leak=0.0000 neu_hold=0.9395 cos_plus=+0.9995 hit=PASS
unipolar_dir arm=locked_rpgan step=400/400 cover=0.9410 leak=0.0002 neu_hold=0.9431 cos_plus=+0.9996 hit=PASS
unipolar_dir arm=locked_rpgan step=400 seed=0 cover=0.9410 leak=0.0002 neu_hold=0.9431 cos_plus=+0.9996 hit=PASS
{"event": "DONE", "candidate": "lr0034_dprior125", "task": "unipolar", "status": "PASS", "suffix": 17, "live": {"cover": 0.9409727912681873, "off_caption": 0.00017766048625606618, "neu_hold": 0.9431281797587872}, "error": null}
START lr0034_dprior125 ae_gan_hold
ae-gan-hold arm=lr0034_dprior125 step=0 recon=1.2815 hold=1.4373 phase=init
ae-gan-hold arm=lr0034_dprior125 step=1 recon=1.2501 hold=1.3753 loss=4.2147
ae-gan-hold arm=lr0034_dprior125 step=50 recon=0.0225 hold=0.0684 loss=1.0564
ae-gan-hold arm=lr0034_dprior125 step=100 recon=0.0140 hold=0.0497 loss=0.9845
ae-gan-hold arm=lr0034_dprior125 step=150 recon=0.0085 hold=0.0192 loss=0.8198
ae-gan-hold arm=lr0034_dprior125 step=200 recon=0.0052 hold=0.0180 loss=0.8125
{"event": "DONE", "candidate": "lr0034_dprior125", "task": "ae_gan_hold", "status": "PASS", "suffix": 21, "live": {"recon_mse": 0.0037804751191288233, "hold": 0.00048828125}, "error": null}
START lr0034_dprior125 cover_leftover
cover_leftover start arm=locked steps=800 seed=0 teacher=faithful_guard_e cover=1.5 penalty_coeff=3.0 kappa=1.2 fm=0.0 n_particles=12
cover_leftover arm=locked step=1/800 d=0.7237 g=1.7440 cap=0.0000 u_kept=0.007 content=0.000 leak=0.000 err=0.750 covered=0
cover_leftover arm=locked step=50/800 d=0.4684 g=1.7002 cap=0.0000 u_kept=0.177 content=0.283 leak=0.000 err=0.602 covered=0
cover_leftover arm=locked step=100/800 d=0.5452 g=1.2506 cap=0.0065 u_kept=0.348 content=0.542 leak=0.023 err=0.464 covered=0
cover_leftover arm=locked step=150/800 d=0.7141 g=0.9138 cap=0.0000 u_kept=0.500 content=0.658 leak=0.019 err=0.370 covered=0
cover_leftover arm=locked step=200/800 d=0.6866 g=0.8617 cap=0.0000 u_kept=0.553 content=0.782 leak=0.011 err=0.305 covered=0
cover_leftover arm=locked step=250/800 d=0.6934 g=0.8183 cap=0.0000 u_kept=0.609 content=0.865 leak=0.003 err=0.273 covered=0
cover_leftover arm=locked step=300/800 d=0.6899 g=0.7751 cap=0.0000 u_kept=0.681 content=0.930 leak=0.010 err=0.212 covered=0
cover_leftover arm=locked step=350/800 d=0.6943 g=0.7395 cap=0.0000 u_kept=0.741 content=0.966 leak=0.011 err=0.171 covered=1
cover_leftover arm=locked step=400/800 d=0.6944 g=0.7172 cap=0.0000 u_kept=0.812 content=0.990 leak=0.006 err=0.124 covered=1
cover_leftover arm=locked step=450/800 d=0.7007 g=0.7066 cap=0.0000 u_kept=0.875 content=0.979 leak=0.000 err=0.091 covered=1
cover_leftover arm=locked step=500/800 d=0.6931 g=0.6987 cap=0.0000 u_kept=0.924 content=1.020 leak=0.010 err=0.061 covered=1
cover_leftover arm=locked step=550/800 d=0.6949 g=0.6948 cap=0.0000 u_kept=0.950 content=0.987 leak=0.008 err=0.036 covered=1
cover_leftover arm=locked step=600/800 d=0.6931 g=0.6952 cap=0.0000 u_kept=0.977 content=0.993 leak=0.005 err=0.021 covered=1
cover_leftover arm=locked step=650/800 d=0.6920 g=0.6929 cap=0.0000 u_kept=0.979 content=0.987 leak=0.000 err=0.014 covered=1
cover_leftover arm=locked step=700/800 d=0.6934 g=0.6931 cap=0.0000 u_kept=0.998 content=1.013 leak=0.000 err=0.009 covered=1
cover_leftover arm=locked step=750/800 d=0.6938 g=0.6896 cap=0.0000 u_kept=0.992 content=0.989 leak=0.008 err=0.017 covered=1
cover_leftover arm=locked step=800/800 d=0.6934 g=0.6940 cap=0.0000 u_kept=0.982 content=0.988 leak=0.003 err=0.014 covered=1
cover_leftover DONE arm=locked pass=1 reasons=none u_kept=0.913 content=0.959 leak=0.001 err=0.061 same_dir=0.001 particle_rms=0.064
{"event": "DONE", "candidate": "lr0034_dprior125", "task": "cover_leftover", "status": "PASS", "suffix": 12, "live": {"u_kept": 0.9819929501562669, "content_kept": 0.9881193891678154, "leak_ratio": 0.0026114014339468695, "pole_rel_err_plus": 0.013517451472580433, "pole_rel_err_minus": 0.011847499758005142, "same_dir": 0.002766695784747805}, "error": null}
START lr0034_dprior125 unused_token_hold
unused-token arm=lr0034_dprior125 step=1 hold=0.9952 concept=0.0000 unused_dist=0.0048
unused-token arm=lr0034_dprior125 step=50 hold=0.9889 concept=0.4408 unused_dist=0.0111
unused-token arm=lr0034_dprior125 step=100 hold=0.9906 concept=0.7846 unused_dist=0.0094
unused-token arm=lr0034_dprior125 step=150 hold=0.9933 concept=0.9393 unused_dist=0.0067
unused-token arm=lr0034_dprior125 step=200 hold=0.9967 concept=0.8835 unused_dist=0.0033
{"event": "DONE", "candidate": "lr0034_dprior125", "task": "unused_token_hold", "status": "PASS", "suffix": 11, "live": {"unused_hold": 0.9966568269301206, "concept_move": 0.8835067549897246}, "error": null}
START lr0034_dprior125 mid_scale_identity
mid_scale arm=locked step=1 seed=0 concept+=+0.5774 concept-=+0.0000 id0=+0.0062 id_mid=+0.0185 scales=[-1.0, 0.0, 0.5, 1.0] gate=FAIL why=concept,identity_0,identity_mid
mid_scale arm=locked step=50 seed=0 concept+=+0.8668 concept-=+0.2817 id0=+0.3228 id_mid=+0.8189 scales=[-1.0, 0.0, 0.5, 1.0] gate=FAIL why=concept,identity_0,identity_mid
mid_scale arm=locked step=100 seed=0 concept+=+0.8990 concept-=+0.7178 id0=+0.5298 id_mid=+0.7900 scales=[-1.0, 0.0, 0.5, 1.0] gate=FAIL why=concept,identity_0,identity_mid
mid_scale arm=locked step=150 seed=0 concept+=+0.9638 concept-=+0.8426 id0=+0.6096 id_mid=+0.7451 scales=[-1.0, 0.0, 0.5, 1.0] gate=FAIL why=concept,identity_0,identity_mid
mid_scale arm=locked step=200 seed=0 concept+=+0.9901 concept-=+0.9386 id0=+0.6555 id_mid=+0.8760 scales=[-1.0, 0.0, 0.5, 1.0] gate=FAIL why=concept,identity_0
mid_scale arm=locked step=250 seed=0 concept+=+0.9932 concept-=+0.9781 id0=+0.7697 id_mid=+0.9262 scales=[-1.0, 0.0, 0.5, 1.0] gate=FAIL why=identity_0
mid_scale arm=locked step=300 seed=0 concept+=+0.9945 concept-=+0.9979 id0=+0.8893 id_mid=+0.9813 scales=[-1.0, 0.0, 0.5, 1.0] gate=PASS why=locked
mid_scale arm=locked step=350 seed=0 concept+=+0.9997 concept-=+1.0000 id0=+0.9976 id_mid=+0.9751 scales=[-1.0, 0.0, 0.5, 1.0] gate=PASS why=locked
mid_scale arm=locked step=400 seed=0 concept+=+0.9998 concept-=+0.9994 id0=+0.9627 id_mid=+0.9220 scales=[-1.0, 0.0, 0.5, 1.0] gate=PASS why=locked
mid_scale arm=locked step=450 seed=0 concept+=+0.9991 concept-=+0.9993 id0=+0.9623 id_mid=+0.8993 scales=[-1.0, 0.0, 0.5, 1.0] gate=PASS why=locked
mid_scale arm=locked step=500 seed=0 concept+=+1.0000 concept-=+0.9996 id0=+0.9918 id_mid=+0.9629 scales=[-1.0, 0.0, 0.5, 1.0] gate=PASS why=locked
mid_scale arm=locked step=550 seed=0 concept+=+0.9992 concept-=+0.9992 id0=+0.9569 id_mid=+0.9736 scales=[-1.0, 0.0, 0.5, 1.0] gate=PASS why=locked
mid_scale arm=locked step=600 seed=0 concept+=+0.9999 concept-=+0.9999 id0=+0.9960 id_mid=+0.9934 scales=[-1.0, 0.0, 0.5, 1.0] gate=PASS why=locked
mid_scale arm=locked step=650 seed=0 concept+=+0.9998 concept-=+0.9997 id0=+0.9608 id_mid=+0.9642 scales=[-1.0, 0.0, 0.5, 1.0] gate=PASS why=locked
mid_scale arm=locked step=700 seed=0 concept+=+0.9997 concept-=+0.9998 id0=+0.9706 id_mid=+0.9869 scales=[-1.0, 0.0, 0.5, 1.0] gate=PASS why=locked
mid_scale arm=locked step=750 seed=0 concept+=+0.9999 concept-=+0.9999 id0=+0.9854 id_mid=+0.9992 scales=[-1.0, 0.0, 0.5, 1.0] gate=PASS why=locked
mid_scale arm=locked step=800 seed=0 concept+=+1.0000 concept-=+1.0000 id0=+0.9953 id_mid=+0.9951 scales=[-1.0, 0.0, 0.5, 1.0] gate=PASS why=locked
mid_scale arm=locked step=800 seed=0 concept+=+1.0000 concept-=+1.0000 id0=+0.9953 id_mid=+0.9951 scales=[-1.0, 0.0, 0.5, 1.0] gate=PASS why=locked
{"event": "DONE", "candidate": "lr0034_dprior125", "task": "mid_scale_identity", "status": "PASS", "suffix": 16, "live": {"concept_cos_plus": 0.9999771118164062, "concept_cos_minus": 0.9999863505363464, "concept_mag_plus": 1.0051988363265991, "concept_mag_minus": 1.0038214921951294, "identity_at_0": 0.9952912332504179, "identity_at_mid": 0.9951359360639471}, "error": null}
START lr0034_dprior125 mode_hold
{"event": "DONE", "candidate": "lr0034_dprior125", "task": "mode_hold", "status": "FAIL", "suffix": 0, "live": {"modes": 6, "hq": 0.839111328125}, "error": null}
START lr0034_dprior125 vector_two_broad
{"event": "DONE", "candidate": "lr0034_dprior125", "task": "vector_two_broad", "status": "PASS", "suffix": 22, "live": {"sw1_normalized": 0.051687079254363825, "mean_error": 0.05998814478516579, "covariance_error": 0.03746815025806427, "target_scale": 1.0555585622787476, "sample_count": 4096, "mass_tv": 0.0205078125, "min_mass_ratio": 0.958984375, "hq": 0.9775390625, "component_covariance_error": 0.3472191244363785, "component_covariance_errors": [0.3468301594257355, 0.3476080894470215], "component_min_eigen_ratio": 0.6010416150093079, "component_mass": [0.4794921875, 0.5205078125], "target_mass": [0.5, 0.5], "component_counts": [1964, 2132]}, "error": null}
START lr0034_dprior125 vector_unequal_mass
{"event": "DONE", "candidate": "lr0034_dprior125", "task": "vector_unequal_mass", "status": "FAIL", "suffix": 0, "live": {"sw1_normalized": 0.08755809009491253, "mean_error": 0.07604672014713287, "covariance_error": 0.1373986452817917, "target_scale": 1.7593294382095337, "sample_count": 4096, "mass_tv": 0.05937499552965164, "min_mass_ratio": 0.0, "hq": 1.0, "component_covariance_error": 0.6849137470126152, "component_covariance_errors": [0.3836917579174042, 0.6908599138259888, 0.6651033163070679, 1.0], "component_min_eigen_ratio": 0.0, "component_mass": [0.609375, 0.28662109375, 0.10400390625, 0.0], "target_mass": [0.550000011920929, 0.30000001192092896, 0.12999999523162842, 0.019999999552965164], "component_counts": [2496, 1174, 426, 0]}, "error": null}
START lr0034_dprior125 vector_unequal_width
{"event": "DONE", "candidate": "lr0034_dprior125", "task": "vector_unequal_width", "status": "FAIL", "suffix": 0, "live": {"sw1_normalized": 0.11976446231048454, "mean_error": 0.15888026356697083, "covariance_error": 0.06732963770627975, "target_scale": 2.1343955993652344, "sample_count": 4096, "mass_tv": 0.08447265625, "min_mass_ratio": 0.81640625, "hq": 0.987060546875, "component_covariance_error": 7.54148524813354, "component_covariance_errors": [27.361543655395508, 0.10053997486829758, 2.4177513122558594, 0.28610605001449585], "component_min_eigen_ratio": 0.7335433959960938, "component_mass": [0.2041015625, 0.28173828125, 0.21142578125, 0.302734375], "target_mass": [0.25, 0.25, 0.25, 0.25], "component_counts": [836, 1154, 866, 1240]}, "error": null}
START lr0034_dprior125 vector_anisotropic
{"event": "DONE", "candidate": "lr0034_dprior125", "task": "vector_anisotropic", "status": "PASS", "suffix": 12, "live": {"sw1_normalized": 0.14036897362090955, "mean_error": 0.2018980234861374, "covariance_error": 0.18612553179264069, "target_scale": 2.032285690307617, "sample_count": 4096, "mass_tv": 0.1282552033662796, "min_mass_ratio": 0.615234375, "hq": 0.962646484375, "component_covariance_error": 0.3958137209216754, "component_covariance_errors": [0.6352295279502869, 0.47597935795783997, 0.07623227685689926], "component_min_eigen_ratio": 0.6281983256340027, "component_mass": [0.205078125, 0.4541015625, 0.3408203125], "target_mass": [0.3333333432674408, 0.3333333432674408, 0.3333333432674408], "component_counts": [840, 1860, 1396]}, "error": null}
START lr0034_dprior125 vector_overlap
{"event": "DONE", "candidate": "lr0034_dprior125", "task": "vector_overlap", "status": "FAIL", "suffix": 0, "live": {"sw1_normalized": 0.11552628663795143, "mean_error": 0.06798972189426422, "covariance_error": 0.6957424879074097, "target_scale": 0.8501437306404114, "sample_count": 4096}, "error": null}
START lr0034_dprior125 vector_spiral
{"event": "DONE", "candidate": "lr0034_dprior125", "task": "vector_spiral", "status": "PASS", "suffix": 23, "live": {"sw1_normalized": 0.04550476923461945, "mean_error": 0.02953028678894043, "covariance_error": 0.14425942301750183, "target_scale": 1.224178433418274, "sample_count": 4096}, "error": null}
START lr0034_dprior125 img_stripes2
{"event": "DONE", "candidate": "lr0034_dprior125", "task": "img_stripes2", "status": "FAIL", "suffix": 0, "live": {"modes": 2, "hq": 0.625, "mean_rmse": 0.11007221043109894, "quality_mode_fractions": [0.34375, 0.28125], "mode_fractions": [0.34375, 0.65625], "distribution_tv": 0.15625}, "error": null}
START lr0034_dprior125 img_bars4
{"event": "DONE", "candidate": "lr0034_dprior125", "task": "img_bars4", "status": "PASS", "suffix": 8, "live": {"modes": 4, "hq": 1.0, "mean_rmse": 0.0015592713607475162, "quality_mode_fractions": [0.21875, 0.28125, 0.21875, 0.28125], "mode_fractions": [0.21875, 0.28125, 0.21875, 0.28125], "distribution_tv": 0.0625}, "error": null}
START lr0034_dprior125 img_blobs4
{"event": "DONE", "candidate": "lr0034_dprior125", "task": "img_blobs4", "status": "PASS", "suffix": 16, "live": {"modes": 4, "hq": 1.0, "mean_rmse": 0.009330613538622856, "quality_mode_fractions": [0.25, 0.25, 0.25, 0.25], "mode_fractions": [0.25, 0.25, 0.25, 0.25], "distribution_tv": 0.0}, "error": null}
START lr0034_dprior125 img_intensity2
{"event": "DONE", "candidate": "lr0034_dprior125", "task": "img_intensity2", "status": "PASS", "suffix": 6, "live": {"modes": 2, "hq": 1.0, "mean_rmse": 0.013106445781886578, "quality_mode_fractions": [0.5625, 0.4375], "mode_fractions": [0.5625, 0.4375], "distribution_tv": 0.0625}, "error": null}
