# arm=full_r1 formulation=wgan + r1(1) + path-lower(10,t=1) + cap-all(10,c=1) device=cuda:0 steps=4600
# step phase modes hq pass | Dr mean/max |Dr|max Df | grad-norm real fake path(min) max | loss_d terms | loss_g | sec
   10 acq  m=0 hq=0.000 fail | Dr=+0.004/+0.264 |Dr|max=0.264 Df=-0.028 | g r=0.713 f=0.934 p=0.990(0.012) max=2.735 | Ld=+2.7700 base=-0.0158 r1=0.141 path=2.64 cap=0.00446 | Lg=+0.6836 | 1s
   20 acq  m=0 hq=0.000 fail | Dr=+0.045/+0.265 |Dr|max=0.265 Df=-0.018 | g r=0.685 f=0.859 p=0.944(0.013) max=2.372 | Ld=+3.2110 base=-0.0572 r1=0.126 path=3.14 cap=0.000807 | Lg=+0.7356 | 1s
   30 acq  m=0 hq=0.000 fail | Dr=+0.041/+0.424 |Dr|max=0.424 Df=-0.117 | g r=1.010 f=1.271 p=1.318(0.043) max=3.313 | Ld=+2.7913 base=-0.107 r1=0.11 path=2.79 cap=0.000687 | Lg=+0.7340 | 1s
   40 acq  m=0 hq=0.000 fail | Dr=+0.103/+0.246 |Dr|max=0.246 Df=+0.460 | g r=0.474 f=0.637 p=0.671(0.012) max=1.763 | Ld=+2.3116 base=0.396 r1=0.515 path=0.932 cap=0.469 | Lg=+0.6598 | 1s
   50 acq  m=1 hq=0.003 fail | Dr=-0.057/+0.135 |Dr|max=0.231 Df=-0.204 | g r=0.736 f=0.992 p=1.031(0.018) max=2.535 | Ld=+2.1012 base=-0.0795 r1=0.236 path=1.92 cap=0.0266 | Lg=+0.7724 | 2s
   60 acq  m=0 hq=0.000 fail | Dr=-0.028/+0.178 |Dr|max=0.253 Df=-0.096 | g r=0.654 f=0.928 p=0.984(0.020) max=2.414 | Ld=+1.5595 base=-0.0679 r1=0.318 path=1.25 cap=0.0565 | Lg=+0.7336 | 2s
   70 acq  m=0 hq=0.000 fail | Dr=+0.029/+0.354 |Dr|max=0.354 Df=-0.138 | g r=0.643 f=1.020 p=1.045(0.032) max=2.482 | Ld=+1.6523 base=-0.125 r1=0.215 path=1.53 cap=0.0281 | Lg=+0.7818 | 2s
   80 acq  m=4 hq=0.015 fail | Dr=+0.011/+0.298 |Dr|max=0.298 Df=-0.097 | g r=0.648 f=1.064 p=1.005(0.021) max=2.193 | Ld=+1.4805 base=-0.124 r1=0.257 path=1.3 cap=0.0492 | Lg=+0.7742 | 2s
   90 acq  m=1 hq=0.001 fail | Dr=-0.039/+0.352 |Dr|max=0.451 Df=-0.208 | g r=0.678 f=1.083 p=1.060(0.007) max=2.393 | Ld=+1.8387 base=-0.165 r1=0.182 path=1.81 cap=0.01 | Lg=+0.8183 | 2s
  100 acq  m=6 hq=0.020 fail | Dr=-0.049/+0.346 |Dr|max=0.429 Df=-0.206 | g r=0.672 f=1.013 p=1.049(0.043) max=2.525 | Ld=+1.4945 base=-0.192 r1=0.243 path=1.42 cap=0.0231 | Lg=+0.8859 | 2s
  110 acq  m=5 hq=0.008 fail | Dr=-0.200/+0.043 |Dr|max=0.462 Df=-0.306 | g r=0.626 f=1.012 p=1.006(0.003) max=2.202 | Ld=+1.5275 base=-0.0907 r1=0.276 path=1.29 cap=0.0482 | Lg=+0.7620 | 3s
  120 acq  m=6 hq=0.016 fail | Dr=-0.132/+0.101 |Dr|max=0.376 Df=-0.220 | g r=0.657 f=1.038 p=1.034(0.052) max=2.245 | Ld=+1.5269 base=-0.076 r1=0.215 path=1.37 cap=0.0172 | Lg=+0.7533 | 3s
  130 acq  m=8 hq=0.022 fail | Dr=-0.103/+0.093 |Dr|max=0.268 Df=-0.217 | g r=0.664 f=1.036 p=1.051(0.014) max=2.265 | Ld=+1.6210 base=-0.0881 r1=0.197 path=1.5 cap=0.0089 | Lg=+0.7585 | 3s
  140 acq  m=7 hq=0.015 fail | Dr=-0.087/+0.023 |Dr|max=0.272 Df=-0.211 | g r=0.590 f=0.985 p=0.993(0.016) max=2.059 | Ld=+1.3135 base=-0.0938 r1=0.235 path=1.14 cap=0.0353 | Lg=+0.7617 | 3s
  150 acq  m=8 hq=0.015 fail | Dr=-0.114/+0.096 |Dr|max=0.295 Df=-0.225 | g r=0.619 f=1.012 p=1.035(0.023) max=2.153 | Ld=+1.4821 base=-0.0812 r1=0.221 path=1.33 cap=0.0139 | Lg=+0.7566 | 3s
  160 acq  m=8 hq=0.010 fail | Dr=-0.104/+0.112 |Dr|max=0.308 Df=-0.268 | g r=0.621 f=0.994 p=1.028(0.016) max=2.041 | Ld=+1.4226 base=-0.11 r1=0.242 path=1.25 cap=0.0365 | Lg=+0.7764 | 3s
  170 acq  m=7 hq=0.015 fail | Dr=-0.067/+0.095 |Dr|max=0.291 Df=-0.217 | g r=0.588 f=1.011 p=1.027(0.030) max=2.091 | Ld=+1.3412 base=-0.124 r1=0.213 path=1.22 cap=0.0333 | Lg=+0.7763 | 3s
  180 acq  m=8 hq=0.024 fail | Dr=-0.091/+0.076 |Dr|max=0.354 Df=-0.185 | g r=0.602 f=1.044 p=1.043(0.047) max=2.155 | Ld=+1.7289 base=-0.0882 r1=0.162 path=1.64 cap=0.00971 | Lg=+0.7610 | 3s
  190 acq  m=6 hq=0.021 fail | Dr=-0.054/+0.084 |Dr|max=0.252 Df=-0.201 | g r=0.568 f=1.002 p=1.017(0.018) max=2.066 | Ld=+1.3827 base=-0.108 r1=0.203 path=1.26 cap=0.0228 | Lg=+0.7767 | 3s
  200 acq  m=8 hq=0.017 fail | Dr=-0.041/+0.130 |Dr|max=0.312 Df=-0.187 | g r=0.603 f=1.035 p=1.043(0.032) max=2.218 | Ld=+1.3346 base=-0.143 r1=0.211 path=1.24 cap=0.0282 | Lg=+0.7975 | 3s
  210 acq  m=7 hq=0.024 fail | Dr=-0.051/+0.055 |Dr|max=0.199 Df=-0.195 | g r=0.614 f=1.076 p=1.067(0.016) max=2.109 | Ld=+1.4176 base=-0.118 r1=0.197 path=1.32 cap=0.0232 | Lg=+0.7726 | 3s
  220 acq  m=8 hq=0.008 fail | Dr=+0.019/+0.149 |Dr|max=0.189 Df=-0.132 | g r=0.522 f=0.984 p=0.970(0.012) max=2.035 | Ld=+1.2253 base=-0.127 r1=0.224 path=1.08 cap=0.0525 | Lg=+0.7737 | 4s
  230 acq  m=2 hq=0.015 fail | Dr=+0.110/+0.386 |Dr|max=0.386 Df=-0.175 | g r=0.586 f=1.141 p=1.089(0.047) max=2.302 | Ld=+1.6117 base=-0.239 r1=0.161 path=1.68 cap=0.00705 | Lg=+0.8736 | 4s
  240 acq  m=6 hq=0.019 fail | Dr=+0.000/+0.140 |Dr|max=0.262 Df=-0.134 | g r=0.518 f=0.981 p=0.989(0.013) max=2.108 | Ld=+1.3054 base=-0.111 r1=0.21 path=1.13 cap=0.0744 | Lg=+0.7730 | 4s
  250 acq  m=8 hq=0.017 fail | Dr=+0.007/+0.133 |Dr|max=0.264 Df=-0.165 | g r=0.561 f=1.005 p=1.028(0.013) max=2.110 | Ld=+1.4399 base=-0.138 r1=0.185 path=1.36 cap=0.0322 | Lg=+0.7855 | 4s
  260 acq  m=5 hq=0.022 fail | Dr=+0.029/+0.133 |Dr|max=0.161 Df=-0.147 | g r=0.536 f=1.013 p=1.016(0.003) max=2.096 | Ld=+1.2615 base=-0.142 r1=0.225 path=1.13 cap=0.0479 | Lg=+0.7876 | 4s
  270 acq  m=7 hq=0.038 fail | Dr=+0.000/+0.145 |Dr|max=0.161 Df=-0.172 | g r=0.525 f=0.983 p=1.001(0.025) max=1.963 | Ld=+1.2445 base=-0.144 r1=0.242 path=1.1 cap=0.05 | Lg=+0.7911 | 4s
  280 acq  m=8 hq=0.033 fail | Dr=+0.062/+0.189 |Dr|max=0.189 Df=-0.119 | g r=0.574 f=1.020 p=1.048(0.044) max=2.167 | Ld=+1.2138 base=-0.166 r1=0.206 path=1.13 cap=0.0432 | Lg=+0.7981 | 4s
  290 acq  m=8 hq=0.010 fail | Dr=+0.075/+0.252 |Dr|max=0.252 Df=-0.116 | g r=0.516 f=0.902 p=0.982(0.033) max=2.106 | Ld=+1.1549 base=-0.16 r1=0.226 path=1.03 cap=0.0584 | Lg=+0.8087 | 4s
  300 acq  m=7 hq=0.015 fail | Dr=+0.077/+0.181 |Dr|max=0.181 Df=-0.176 | g r=0.523 f=1.032 p=1.050(0.022) max=2.280 | Ld=+1.3254 base=-0.191 r1=0.182 path=1.3 cap=0.0338 | Lg=+0.8228 | 4s
  310 acq  m=8 hq=0.032 fail | Dr=+0.060/+0.275 |Dr|max=0.275 Df=-0.142 | g r=0.476 f=0.957 p=0.998(0.014) max=2.165 | Ld=+1.3816 base=-0.16 r1=0.205 path=1.27 cap=0.0646 | Lg=+0.8155 | 4s
  320 acq  m=8 hq=0.031 fail | Dr=+0.034/+0.153 |Dr|max=0.153 Df=-0.158 | g r=0.529 f=1.013 p=1.022(0.033) max=1.990 | Ld=+1.2139 base=-0.188 r1=0.203 path=1.15 cap=0.0462 | Lg=+0.8211 | 4s
  330 acq  m=8 hq=0.032 fail | Dr=+0.111/+0.224 |Dr|max=0.224 Df=-0.117 | g r=0.515 f=1.006 p=1.022(0.016) max=2.123 | Ld=+1.3211 base=-0.17 r1=0.207 path=1.25 cap=0.0337 | Lg=+0.8191 | 5s
  340 acq  m=8 hq=0.028 fail | Dr=+0.110/+0.281 |Dr|max=0.281 Df=-0.136 | g r=0.551 f=1.027 p=1.047(0.035) max=2.088 | Ld=+1.5099 base=-0.163 r1=0.224 path=1.42 cap=0.0312 | Lg=+0.8455 | 5s
  350 acq  m=8 hq=0.024 fail | Dr=+0.049/+0.291 |Dr|max=0.291 Df=-0.200 | g r=0.513 f=0.971 p=1.007(0.010) max=2.135 | Ld=+1.1858 base=-0.236 r1=0.21 path=1.15 cap=0.058 | Lg=+0.8886 | 5s
  360 acq  m=8 hq=0.037 fail | Dr=+0.094/+0.304 |Dr|max=0.304 Df=-0.150 | g r=0.496 f=0.972 p=0.988(0.031) max=2.081 | Ld=+1.1991 base=-0.218 r1=0.236 path=1.09 cap=0.0944 | Lg=+0.8371 | 5s
  370 acq  m=6 hq=0.022 fail | Dr=+0.131/+0.244 |Dr|max=0.244 Df=-0.106 | g r=0.439 f=0.834 p=0.886(0.058) max=1.826 | Ld=+1.0938 base=-0.246 r1=0.323 path=0.771 cap=0.246 | Lg=+0.8356 | 5s
  380 acq  m=6 hq=0.041 fail | Dr=+0.112/+0.360 |Dr|max=0.360 Df=-0.068 | g r=0.449 f=0.730 p=0.730(0.016) max=1.656 | Ld=+1.3282 base=-0.317 r1=0.357 path=0.631 cap=0.658 | Lg=+0.8396 | 5s
  390 acq  m=5 hq=0.025 fail | Dr=+0.082/+0.264 |Dr|max=0.264 Df=-0.153 | g r=0.421 f=0.696 p=0.709(0.013) max=1.659 | Ld=+1.2667 base=-0.269 r1=0.366 path=0.566 cap=0.605 | Lg=+0.8566 | 5s
  400 acq  m=7 hq=0.045 fail | Dr=+0.131/+0.349 |Dr|max=0.349 Df=-0.105 | g r=0.454 f=0.795 p=0.820(0.009) max=1.709 | Ld=+1.1768 base=-0.241 r1=0.317 path=0.727 cap=0.374 | Lg=+0.8123 | 5s
  410 acq  m=6 hq=0.061 fail | Dr=+0.264/+0.469 |Dr|max=0.469 Df=-0.062 | g r=0.430 f=0.805 p=0.796(0.016) max=1.697 | Ld=+1.1287 base=-0.334 r1=0.373 path=0.66 cap=0.43 | Lg=+0.9142 | 5s
  420 acq  m=8 hq=0.087 fail | Dr=+0.103/+0.203 |Dr|max=0.203 Df=-0.078 | g r=0.412 f=0.688 p=0.730(0.007) max=1.675 | Ld=+1.1714 base=-0.339 r1=0.382 path=0.585 cap=0.543 | Lg=+0.8088 | 5s
  430 acq  m=7 hq=0.069 fail | Dr=+0.187/+0.401 |Dr|max=0.401 Df=-0.073 | g r=0.460 f=0.748 p=0.793(0.032) max=1.757 | Ld=+1.0639 base=-0.304 r1=0.301 path=0.672 cap=0.395 | Lg=+0.8495 | 5s
  440 acq  m=8 hq=0.047 fail | Dr=+0.235/+0.365 |Dr|max=0.365 Df=-0.051 | g r=0.475 f=0.726 p=0.791(0.006) max=1.521 | Ld=+1.0640 base=-0.337 r1=0.291 path=0.652 cap=0.457 | Lg=+0.8633 | 6s
  450 acq  m=6 hq=0.026 fail | Dr=+0.185/+0.383 |Dr|max=0.383 Df=-0.061 | g r=0.439 f=0.763 p=0.809(0.043) max=1.873 | Ld=+1.0750 base=-0.378 r1=0.353 path=0.628 cap=0.472 | Lg=+0.8419 | 6s
  460 acq  m=7 hq=0.087 fail | Dr=+0.357/+0.546 |Dr|max=0.546 Df=+0.072 | g r=0.499 f=0.834 p=0.843(0.011) max=1.771 | Ld=+0.8933 base=-0.364 r1=0.336 path=0.635 cap=0.286 | Lg=+0.9037 | 6s
  470 acq  m=5 hq=0.042 fail | Dr=+0.364/+0.599 |Dr|max=0.599 Df=+0.026 | g r=0.489 f=0.907 p=0.931(0.036) max=1.916 | Ld=+0.9544 base=-0.299 r1=0.319 path=0.795 cap=0.138 | Lg=+0.8654 | 6s
  480 acq  m=8 hq=0.042 fail | Dr=+0.354/+0.496 |Dr|max=0.496 Df=+0.050 | g r=0.463 f=0.884 p=0.945(0.024) max=2.205 | Ld=+1.0488 base=-0.326 r1=0.372 path=0.885 cap=0.119 | Lg=+0.8802 | 6s
  490 acq  m=5 hq=0.035 fail | Dr=+0.357/+0.481 |Dr|max=0.481 Df=-0.068 | g r=0.516 f=0.985 p=1.032(0.024) max=2.157 | Ld=+0.9457 base=-0.28 r1=0.301 path=0.85 cap=0.0758 | Lg=+0.8788 | 6s
  500 acq  m=5 hq=0.009 fail | Dr=+0.279/+0.537 |Dr|max=0.537 Df=-0.144 | g r=0.576 f=1.011 p=1.065(0.029) max=2.124 | Ld=+1.5024 base=-0.248 r1=0.195 path=1.53 cap=0.0307 | Lg=+0.9068 | 6s
  510 acq  m=8 hq=0.038 fail | Dr=+0.416/+0.563 |Dr|max=0.563 Df=+0.019 | g r=0.556 f=0.996 p=1.022(0.027) max=2.089 | Ld=+1.0586 base=-0.375 r1=0.234 path=1.13 cap=0.0703 | Lg=+0.9668 | 6s
  520 acq  m=6 hq=0.043 fail | Dr=+0.336/+0.482 |Dr|max=0.482 Df=-0.037 | g r=0.520 f=0.952 p=1.011(0.032) max=2.249 | Ld=+1.0172 base=-0.312 r1=0.355 path=0.894 cap=0.0798 | Lg=+0.8921 | 6s
  530 acq  m=8 hq=0.052 fail | Dr=+0.364/+0.476 |Dr|max=0.476 Df=-0.007 | g r=0.547 f=0.961 p=1.006(0.027) max=2.039 | Ld=+0.9402 base=-0.325 r1=0.254 path=0.942 cap=0.07 | Lg=+0.9257 | 6s
  540 acq  m=6 hq=0.010 fail | Dr=+0.322/+0.490 |Dr|max=0.490 Df=-0.091 | g r=0.567 f=1.099 p=1.099(0.043) max=2.378 | Ld=+1.4419 base=-0.23 r1=0.238 path=1.41 cap=0.0212 | Lg=+0.9145 | 6s
  550 acq  m=6 hq=0.062 fail | Dr=+0.330/+0.542 |Dr|max=0.542 Df=-0.020 | g r=0.547 f=0.976 p=0.995(0.013) max=2.194 | Ld=+0.8900 base=-0.388 r1=0.352 path=0.786 cap=0.139 | Lg=+0.9257 | 7s
  560 acq  m=6 hq=0.068 fail | Dr=+0.309/+0.488 |Dr|max=0.488 Df=-0.020 | g r=0.505 f=0.840 p=0.899(0.010) max=1.797 | Ld=+0.7317 base=-0.402 r1=0.332 path=0.63 cap=0.171 | Lg=+0.9479 | 7s
  570 acq  m=7 hq=0.116 fail | Dr=+0.258/+0.456 |Dr|max=0.456 Df=-0.030 | g r=0.483 f=0.792 p=0.864(0.027) max=1.734 | Ld=+0.8933 base=-0.425 r1=0.353 path=0.619 cap=0.346 | Lg=+0.9367 | 7s
  580 acq  m=6 hq=0.090 fail | Dr=+0.371/+0.506 |Dr|max=0.506 Df=+0.008 | g r=0.517 f=0.855 p=0.959(0.002) max=1.925 | Ld=+0.9080 base=-0.319 r1=0.295 path=0.799 cap=0.133 | Lg=+0.8818 | 7s
  590 acq  m=8 hq=0.087 fail | Dr=+0.334/+0.495 |Dr|max=0.495 Df=-0.038 | g r=0.585 f=0.964 p=1.010(0.025) max=1.883 | Ld=+1.1408 base=-0.276 r1=0.277 path=1.06 cap=0.0789 | Lg=+0.8871 | 8s
  600 acq  m=6 hq=0.030 fail | Dr=+0.311/+0.497 |Dr|max=0.497 Df=-0.129 | g r=0.552 f=0.993 p=1.019(0.020) max=1.996 | Ld=+1.0179 base=-0.338 r1=0.346 path=0.936 cap=0.0734 | Lg=+0.9167 | 8s
  610 acq  m=8 hq=0.108 fail | Dr=+0.400/+0.582 |Dr|max=0.582 Df=+0.042 | g r=0.557 f=0.989 p=1.028(0.014) max=2.087 | Ld=+0.9482 base=-0.332 r1=0.341 path=0.875 cap=0.0646 | Lg=+0.9118 | 8s
  620 acq  m=6 hq=0.025 fail | Dr=+0.361/+0.554 |Dr|max=0.554 Df=-0.028 | g r=0.600 f=0.913 p=1.017(0.004) max=2.095 | Ld=+0.9585 base=-0.296 r1=0.255 path=0.936 cap=0.0635 | Lg=+0.8946 | 8s
  630 acq  m=8 hq=0.043 fail | Dr=+0.322/+0.492 |Dr|max=0.492 Df=-0.035 | g r=0.554 f=0.812 p=0.852(0.018) max=1.664 | Ld=+0.8370 base=-0.341 r1=0.355 path=0.569 cap=0.254 | Lg=+0.8714 | 9s
  640 acq  m=8 hq=0.161 fail | Dr=+0.311/+0.465 |Dr|max=0.465 Df=-0.047 | g r=0.558 f=0.875 p=0.908(0.018) max=1.854 | Ld=+0.7093 base=-0.425 r1=0.326 path=0.579 cap=0.229 | Lg=+0.9429 | 9s
  650 acq  m=8 hq=0.090 fail | Dr=+0.405/+0.658 |Dr|max=0.658 Df=+0.047 | g r=0.578 f=0.878 p=0.962(0.035) max=1.897 | Ld=+0.9126 base=-0.317 r1=0.311 path=0.799 cap=0.12 | Lg=+0.9074 | 9s
  660 acq  m=5 hq=0.103 fail | Dr=+0.397/+0.548 |Dr|max=0.548 Df=+0.001 | g r=0.562 f=0.931 p=0.962(0.031) max=1.907 | Ld=+0.7999 base=-0.331 r1=0.31 path=0.68 cap=0.141 | Lg=+0.9010 | 9s
  670 acq  m=6 hq=0.076 fail | Dr=+0.302/+0.532 |Dr|max=0.532 Df=-0.149 | g r=0.561 f=0.993 p=1.036(0.024) max=2.074 | Ld=+0.9384 base=-0.407 r1=0.322 path=0.924 cap=0.099 | Lg=+0.9710 | 10s
  680 acq  m=8 hq=0.070 fail | Dr=+0.367/+0.563 |Dr|max=0.563 Df=-0.008 | g r=0.571 f=0.875 p=0.983(0.026) max=1.899 | Ld=+0.8192 base=-0.317 r1=0.288 path=0.768 cap=0.0808 | Lg=+0.9009 | 10s
  690 acq  m=7 hq=0.066 fail | Dr=+0.331/+0.531 |Dr|max=0.531 Df=-0.024 | g r=0.516 f=0.893 p=0.897(0.039) max=1.976 | Ld=+0.8356 base=-0.3 r1=0.369 path=0.586 cap=0.181 | Lg=+0.8553 | 10s
  700 acq  m=8 hq=0.062 fail | Dr=+0.392/+0.603 |Dr|max=0.603 Df=+0.067 | g r=0.493 f=0.766 p=0.801(0.020) max=1.744 | Ld=+0.8903 base=-0.428 r1=0.396 path=0.51 cap=0.413 | Lg=+0.9238 | 10s
  710 acq  m=7 hq=0.104 fail | Dr=+0.312/+0.619 |Dr|max=0.619 Df=+0.048 | g r=0.463 f=0.703 p=0.699(0.035) max=1.548 | Ld=+1.4277 base=-0.224 r1=0.443 path=0.493 cap=0.717 | Lg=+0.9126 | 10s
  720 acq  m=7 hq=0.046 fail | Dr=+0.250/+0.512 |Dr|max=0.512 Df=+0.126 | g r=0.365 f=0.416 p=0.481(0.019) max=1.544 | Ld=+4.2526 base=-0.266 r1=1.03 path=0.514 cap=2.98 | Lg=+0.7729 | 11s
  730 acq  m=0 hq=0.000 fail | Dr=-2.148/+1.599 |Dr|max=6.928 Df=+2.792 | g r=5.996 f=4.919 p=5.466(0.154) max=29.856 | Ld=+406.4397 base=5.02 r1=53.5 path=0.0534 cap=348 | Lg=+0.1249 | 11s
  740 acq  m=0 hq=0.000 fail | Dr=-1.772/+0.518 |Dr|max=5.430 Df=+0.981 | g r=4.329 f=2.486 p=2.859(0.117) max=23.404 | Ld=+145.5714 base=2.85 r1=29.7 path=0.0987 cap=113 | Lg=+0.2102 | 11s
  750 acq  m=0 hq=0.000 fail | Dr=-1.571/-0.047 |Dr|max=4.484 Df=+0.582 | g r=3.471 f=2.058 p=2.095(0.059) max=18.795 | Ld=+87.6972 base=2.18 r1=19.6 path=0.296 cap=65.6 | Lg=+0.2535 | 11s
  760 acq  m=0 hq=0.000 fail | Dr=-1.193/+0.189 |Dr|max=3.559 Df=-1.199 | g r=2.925 f=1.401 p=1.657(0.026) max=16.289 | Ld=+53.6882 base=0.247 r1=13.6 path=0.621 cap=39.2 | Lg=+0.7913 | 12s
  770 acq  m=0 hq=0.000 fail | Dr=-0.758/+0.416 |Dr|max=2.651 Df=-1.432 | g r=2.520 f=1.242 p=1.794(0.021) max=13.427 | Ld=+37.0165 base=-0.693 r1=9.45 path=0.615 cap=27.6 | Lg=+1.2338 | 12s
  780 acq  m=0 hq=0.000 fail | Dr=-0.518/+0.456 |Dr|max=2.012 Df=-0.714 | g r=2.219 f=1.686 p=2.123(0.008) max=10.709 | Ld=+33.7047 base=-0.258 r1=7.17 path=0.398 cap=26.4 | Lg=+0.9065 | 12s
  790 acq  m=1 hq=0.030 fail | Dr=-0.296/+0.496 |Dr|max=1.479 Df=-0.219 | g r=2.020 f=1.549 p=1.972(0.016) max=8.502 | Ld=+30.4827 base=0.121 r1=5.88 path=0.505 cap=24 | Lg=+0.6681 | 13s
  800 acq  m=1 hq=0.031 fail | Dr=-0.093/+0.645 |Dr|max=1.007 Df=+0.035 | g r=1.812 f=1.623 p=1.839(0.050) max=8.007 | Ld=+19.2453 base=0.0689 r1=4.42 path=0.537 cap=14.2 | Lg=+0.6834 | 13s
  810 acq  m=1 hq=0.003 fail | Dr=+0.165/+0.907 |Dr|max=0.907 Df=+0.185 | g r=1.729 f=1.264 p=1.614(0.022) max=7.549 | Ld=+18.4581 base=0.038 r1=3.98 path=0.549 cap=13.9 | Lg=+0.6927 | 13s
  820 acq  m=2 hq=0.021 fail | Dr=+0.325/+1.089 |Dr|max=1.089 Df=+0.305 | g r=1.582 f=1.158 p=1.426(0.027) max=8.468 | Ld=+14.1498 base=-0.122 r1=3.3 path=0.662 cap=10.3 | Lg=+0.7740 | 13s
  830 acq  m=1 hq=0.023 fail | Dr=+0.519/+1.291 |Dr|max=1.291 Df=+0.455 | g r=1.508 f=0.963 p=1.323(0.021) max=10.240 | Ld=+11.5853 base=-0.0452 r1=2.93 path=0.954 cap=7.74 | Lg=+0.7400 | 14s
  840 acq  m=1 hq=0.002 fail | Dr=+0.692/+1.476 |Dr|max=1.476 Df=+0.426 | g r=1.478 f=1.074 p=1.369(0.015) max=9.081 | Ld=+10.8662 base=-0.158 r1=2.91 path=1.05 cap=7.06 | Lg=+0.7906 | 14s
  850 acq  m=1 hq=0.056 fail | Dr=+0.842/+1.614 |Dr|max=1.614 Df=+0.585 | g r=1.474 f=1.007 p=1.321(0.010) max=8.787 | Ld=+10.3257 base=-0.34 r1=2.6 path=1.01 cap=7.06 | Lg=+0.9049 | 14s
  860 acq  m=1 hq=0.016 fail | Dr=+0.984/+1.708 |Dr|max=1.708 Df=+0.800 | g r=1.472 f=1.119 p=1.433(0.009) max=7.890 | Ld=+13.1383 base=-0.271 r1=2.8 path=0.946 cap=9.66 | Lg=+0.8699 | 14s
  870 acq  m=2 hq=0.007 fail | Dr=+1.059/+1.745 |Dr|max=1.745 Df=+0.854 | g r=1.441 f=1.437 p=1.500(0.025) max=8.798 | Ld=+12.6012 base=-0.241 r1=2.57 path=0.86 cap=9.41 | Lg=+0.8431 | 15s
  880 acq  m=5 hq=0.033 fail | Dr=+1.095/+1.691 |Dr|max=1.691 Df=+0.969 | g r=1.373 f=1.495 p=1.478(0.018) max=7.668 | Ld=+12.2567 base=-0.087 r1=2.29 path=0.882 cap=9.17 | Lg=+0.7544 | 15s
  890 acq  m=2 hq=0.031 fail | Dr=+1.103/+1.648 |Dr|max=1.648 Df=+0.998 | g r=1.304 f=1.334 p=1.411(0.020) max=7.543 | Ld=+11.4067 base=-0.119 r1=2.13 path=0.888 cap=8.51 | Lg=+0.7708 | 15s
  900 acq  m=2 hq=0.063 fail | Dr=+1.111/+1.637 |Dr|max=1.637 Df=+1.049 | g r=1.249 f=1.131 p=1.337(0.022) max=6.313 | Ld=+9.0912 base=-0.0613 r1=1.97 path=1.02 cap=6.16 | Lg=+0.7396 | 15s
  910 acq  m=1 hq=0.042 fail | Dr=+1.119/+1.633 |Dr|max=1.633 Df=+1.075 | g r=1.212 f=1.314 p=1.293(0.015) max=6.831 | Ld=+8.8091 base=-0.0624 r1=1.84 path=1.02 cap=6.01 | Lg=+0.7333 | 15s
  920 acq  m=2 hq=0.055 fail | Dr=+1.115/+1.605 |Dr|max=1.605 Df=+1.042 | g r=1.191 f=1.290 p=1.305(0.005) max=6.537 | Ld=+8.5536 base=-0.112 r1=1.79 path=0.981 cap=5.9 | Lg=+0.7631 | 15s
  930 acq  m=1 hq=0.103 fail | Dr=+1.099/+1.556 |Dr|max=1.556 Df=+1.029 | g r=1.164 f=1.142 p=1.268(0.007) max=6.526 | Ld=+7.6462 base=-0.101 r1=1.76 path=1.08 cap=4.91 | Lg=+0.7541 | 16s
  940 acq  m=2 hq=0.108 fail | Dr=+1.073/+1.498 |Dr|max=1.498 Df=+0.938 | g r=1.129 f=1.198 p=1.252(0.010) max=6.166 | Ld=+7.0572 base=-0.0606 r1=1.6 path=1.02 cap=4.49 | Lg=+0.7338 | 16s
  950 acq  m=2 hq=0.111 fail | Dr=+1.053/+1.446 |Dr|max=1.446 Df=+0.997 | g r=1.094 f=1.105 p=1.226(0.010) max=5.878 | Ld=+6.6131 base=-0.054 r1=1.49 path=1.07 cap=4.11 | Lg=+0.7316 | 16s
  960 acq  m=3 hq=0.021 fail | Dr=+1.040/+1.413 |Dr|max=1.413 Df=+0.910 | g r=1.068 f=1.049 p=1.204(0.025) max=6.516 | Ld=+6.1818 base=-0.109 r1=1.49 path=1.11 cap=3.69 | Lg=+0.7654 | 16s
  970 acq  m=3 hq=0.023 fail | Dr=+1.028/+1.384 |Dr|max=1.384 Df=+0.913 | g r=1.043 f=1.192 p=1.207(0.012) max=6.437 | Ld=+5.9759 base=-0.0417 r1=1.39 path=1.11 cap=3.52 | Lg=+0.7259 | 16s
  980 acq  m=3 hq=0.156 fail | Dr=+1.018/+1.359 |Dr|max=1.359 Df=+0.886 | g r=1.009 f=1.102 p=1.147(0.016) max=6.012 | Ld=+6.4445 base=-0.115 r1=1.28 path=1.06 cap=4.22 | Lg=+0.7636 | 16s
  990 acq  m=2 hq=0.114 fail | Dr=+1.005/+1.332 |Dr|max=1.332 Df=+0.927 | g r=0.988 f=1.198 p=1.194(0.005) max=6.678 | Ld=+5.3245 base=-0.0595 r1=1.27 path=1.05 cap=3.07 | Lg=+0.7328 | 16s
 1000 acq  m=3 hq=0.040 fail | Dr=+0.997/+1.318 |Dr|max=1.318 Df=+0.907 | g r=0.968 f=1.106 p=1.171(0.002) max=6.469 | Ld=+5.9456 base=-0.0588 r1=1.23 path=1.09 cap=3.68 | Lg=+0.7314 | 16s
 1010 acq  m=2 hq=0.025 fail | Dr=+0.985/+1.308 |Dr|max=1.308 Df=+0.898 | g r=0.946 f=1.150 p=1.165(0.003) max=5.491 | Ld=+5.1961 base=-0.119 r1=1.16 path=1.16 cap=3 | Lg=+0.7606 | 16s
 1020 acq  m=3 hq=0.016 fail | Dr=+0.973/+1.294 |Dr|max=1.294 Df=+0.903 | g r=0.919 f=1.157 p=1.157(0.035) max=6.127 | Ld=+4.9538 base=-0.0728 r1=1.09 path=1.15 cap=2.78 | Lg=+0.7374 | 16s
 1030 acq  m=2 hq=0.021 fail | Dr=+0.964/+1.283 |Dr|max=1.283 Df=+0.867 | g r=0.899 f=1.145 p=1.127(0.011) max=5.984 | Ld=+4.6751 base=-0.0713 r1=1.03 path=1.12 cap=2.6 | Lg=+0.7428 | 16s
 1040 acq  m=2 hq=0.037 fail | Dr=+0.949/+1.269 |Dr|max=1.269 Df=+0.882 | g r=0.885 f=1.066 p=1.074(0.008) max=5.800 | Ld=+4.7567 base=-0.09 r1=1.07 path=1.24 cap=2.53 | Lg=+0.7483 | 17s
 1050 acq  m=3 hq=0.015 fail | Dr=+0.940/+1.258 |Dr|max=1.258 Df=+0.737 | g r=0.875 f=1.318 p=1.112(0.011) max=6.241 | Ld=+4.7134 base=-0.0972 r1=1.05 path=1.29 cap=2.47 | Lg=+0.7522 | 17s
 1060 acq  m=2 hq=0.016 fail | Dr=+0.929/+1.252 |Dr|max=1.252 Df=+0.790 | g r=0.853 f=1.213 p=1.098(0.010) max=5.731 | Ld=+4.5476 base=-0.0973 r1=1.03 path=1.2 cap=2.42 | Lg=+0.7499 | 17s
 1070 acq  m=2 hq=0.027 fail | Dr=+0.920/+1.239 |Dr|max=1.239 Df=+0.760 | g r=0.842 f=1.033 p=1.054(0.026) max=5.939 | Ld=+4.7444 base=-0.15 r1=0.939 path=1.19 cap=2.77 | Lg=+0.7793 | 17s
 1080 acq  m=3 hq=0.036 fail | Dr=+0.906/+1.229 |Dr|max=1.229 Df=+0.789 | g r=0.829 f=1.091 p=1.062(0.012) max=5.013 | Ld=+4.3121 base=-0.137 r1=0.915 path=1.3 cap=2.24 | Lg=+0.7728 | 17s
 1090 acq  m=2 hq=0.041 fail | Dr=+0.896/+1.226 |Dr|max=1.226 Df=+0.789 | g r=0.820 f=1.064 p=1.040(0.018) max=5.475 | Ld=+4.0209 base=-0.124 r1=0.85 path=1.31 cap=1.99 | Lg=+0.7675 | 17s
 1100 acq  m=1 hq=0.016 fail | Dr=+0.882/+1.206 |Dr|max=1.206 Df=+0.774 | g r=0.820 f=1.064 p=1.050(0.008) max=6.772 | Ld=+4.5325 base=-0.113 r1=0.868 path=1.25 cap=2.53 | Lg=+0.7609 | 17s
 1110 acq  m=3 hq=0.037 fail | Dr=+0.859/+1.139 |Dr|max=1.139 Df=+0.741 | g r=0.822 f=0.992 p=1.014(0.019) max=6.313 | Ld=+4.4209 base=-0.0787 r1=0.877 path=1.36 cap=2.26 | Lg=+0.7481 | 17s
 1120 acq  m=3 hq=0.036 fail | Dr=+0.844/+1.097 |Dr|max=1.097 Df=+0.815 | g r=0.810 f=0.993 p=1.002(0.028) max=5.619 | Ld=+4.4301 base=-0.0358 r1=0.871 path=1.35 cap=2.24 | Lg=+0.7210 | 17s
 1130 acq  m=2 hq=0.067 fail | Dr=+0.828/+1.089 |Dr|max=1.089 Df=+0.723 | g r=0.799 f=1.027 p=0.994(0.019) max=5.782 | Ld=+4.2480 base=-0.0402 r1=0.865 path=1.41 cap=2.01 | Lg=+0.7182 | 17s
 1140 acq  m=2 hq=0.041 fail | Dr=+0.814/+1.083 |Dr|max=1.083 Df=+0.747 | g r=0.793 f=0.978 p=1.002(0.010) max=5.901 | Ld=+3.9929 base=-0.0581 r1=0.852 path=1.42 cap=1.78 | Lg=+0.7295 | 17s
 1150 acq  m=2 hq=0.077 fail | Dr=+0.796/+1.064 |Dr|max=1.064 Df=+0.683 | g r=0.786 f=0.947 p=0.945(0.023) max=5.859 | Ld=+4.3725 base=-0.0485 r1=0.881 path=1.54 cap=2 | Lg=+0.7244 | 17s
 1160 acq  m=2 hq=0.089 fail | Dr=+0.785/+1.067 |Dr|max=1.067 Df=+0.725 | g r=0.785 f=0.943 p=0.949(0.024) max=4.961 | Ld=+4.4167 base=-0.074 r1=0.835 path=1.52 cap=2.13 | Lg=+0.7350 | 18s
 1170 acq  m=3 hq=0.149 fail | Dr=+0.770/+1.067 |Dr|max=1.067 Df=+0.703 | g r=0.790 f=0.998 p=0.948(0.015) max=5.117 | Ld=+3.8296 base=-0.108 r1=0.79 path=1.51 cap=1.64 | Lg=+0.7515 | 18s
 1180 acq  m=3 hq=0.170 fail | Dr=+0.765/+1.059 |Dr|max=1.059 Df=+0.654 | g r=0.777 f=0.964 p=0.934(0.021) max=5.165 | Ld=+4.2157 base=-0.0944 r1=0.807 path=1.6 cap=1.9 | Lg=+0.7464 | 18s
 1190 acq  m=3 hq=0.138 fail | Dr=+0.743/+1.044 |Dr|max=1.044 Df=+0.658 | g r=0.778 f=0.922 p=0.942(0.004) max=5.033 | Ld=+3.9914 base=-0.0856 r1=0.829 path=1.48 cap=1.77 | Lg=+0.7392 | 18s
 1200 acq  m=2 hq=0.148 fail | Dr=+0.730/+1.036 |Dr|max=1.036 Df=+0.642 | g r=0.780 f=0.891 p=0.918(0.011) max=6.039 | Ld=+3.6986 base=-0.114 r1=0.798 path=1.46 cap=1.55 | Lg=+0.7545 | 18s
 1210 hold m=1 hq=0.062 fail | Dr=+0.719/+1.034 |Dr|max=1.034 Df=+0.587 | g r=0.782 f=0.907 p=0.908(0.013) max=4.880 | Ld=+3.8463 base=-0.108 r1=0.777 path=1.54 cap=1.64 | Lg=+0.7515 | 18s
 1220 hold m=3 hq=0.144 fail | Dr=+0.702/+1.020 |Dr|max=1.020 Df=+0.598 | g r=0.779 f=0.920 p=0.936(0.009) max=4.866 | Ld=+3.8217 base=-0.134 r1=0.79 path=1.53 cap=1.63 | Lg=+0.7684 | 18s
 1230 hold m=2 hq=0.067 fail | Dr=+0.686/+0.994 |Dr|max=0.994 Df=+0.523 | g r=0.772 f=0.915 p=0.919(0.004) max=4.940 | Ld=+3.3229 base=-0.136 r1=0.779 path=1.44 cap=1.24 | Lg=+0.7639 | 18s
 1240 hold m=2 hq=0.038 fail | Dr=+0.665/+0.975 |Dr|max=0.975 Df=+0.456 | g r=0.778 f=0.821 p=0.920(0.028) max=6.137 | Ld=+4.3881 base=-0.122 r1=0.763 path=1.49 cap=2.25 | Lg=+0.7597 | 18s
 1250 hold m=2 hq=0.077 fail | Dr=+0.647/+0.955 |Dr|max=0.955 Df=+0.492 | g r=0.777 f=0.992 p=0.936(0.010) max=4.761 | Ld=+3.3317 base=-0.139 r1=0.769 path=1.45 cap=1.25 | Lg=+0.7698 | 18s
 1260 hold m=3 hq=0.260 fail | Dr=+0.638/+0.938 |Dr|max=0.938 Df=+0.557 | g r=0.772 f=0.844 p=0.910(0.013) max=5.190 | Ld=+3.6504 base=-0.119 r1=0.807 path=1.36 cap=1.61 | Lg=+0.7562 | 18s
 1270 hold m=2 hq=0.149 fail | Dr=+0.623/+0.915 |Dr|max=0.915 Df=+0.498 | g r=0.769 f=0.961 p=0.943(0.024) max=4.898 | Ld=+3.7516 base=-0.139 r1=0.798 path=1.47 cap=1.62 | Lg=+0.7724 | 19s
 1280 hold m=2 hq=0.061 fail | Dr=+0.629/+0.898 |Dr|max=0.898 Df=+0.512 | g r=0.749 f=0.855 p=0.922(0.016) max=5.819 | Ld=+3.4606 base=-0.105 r1=0.733 path=1.43 cap=1.4 | Lg=+0.7520 | 19s
 1290 hold m=3 hq=0.167 fail | Dr=+0.630/+0.885 |Dr|max=0.885 Df=+0.522 | g r=0.726 f=0.913 p=0.940(0.012) max=5.619 | Ld=+3.3783 base=-0.107 r1=0.713 path=1.43 cap=1.34 | Lg=+0.7561 | 19s
 1300 hold m=2 hq=0.080 fail | Dr=+0.629/+0.873 |Dr|max=0.873 Df=+0.453 | g r=0.717 f=0.919 p=0.935(0.013) max=5.210 | Ld=+3.7283 base=-0.0915 r1=0.657 path=1.54 cap=1.62 | Lg=+0.7432 | 19s
 1310 hold m=2 hq=0.171 fail | Dr=+0.629/+0.864 |Dr|max=0.864 Df=+0.508 | g r=0.712 f=0.992 p=0.938(0.001) max=4.874 | Ld=+3.3614 base=-0.124 r1=0.622 path=1.57 cap=1.29 | Lg=+0.7605 | 19s
 1320 hold m=2 hq=0.123 fail | Dr=+0.626/+0.849 |Dr|max=0.849 Df=+0.512 | g r=0.710 f=0.869 p=0.941(0.011) max=4.803 | Ld=+3.3389 base=-0.115 r1=0.666 path=1.44 cap=1.35 | Lg=+0.7587 | 19s
 1330 hold m=2 hq=0.162 fail | Dr=+0.620/+0.835 |Dr|max=0.835 Df=+0.504 | g r=0.709 f=0.926 p=0.954(0.019) max=4.958 | Ld=+3.2766 base=-0.128 r1=0.648 path=1.54 cap=1.22 | Lg=+0.7646 | 19s
 1340 hold m=2 hq=0.129 fail | Dr=+0.613/+0.825 |Dr|max=0.825 Df=+0.483 | g r=0.708 f=0.822 p=0.911(0.020) max=4.814 | Ld=+3.3968 base=-0.137 r1=0.65 path=1.53 cap=1.36 | Lg=+0.7713 | 19s
 1350 hold m=3 hq=0.189 fail | Dr=+0.612/+0.852 |Dr|max=0.852 Df=+0.482 | g r=0.706 f=0.904 p=0.929(0.020) max=4.758 | Ld=+3.3425 base=-0.16 r1=0.647 path=1.51 cap=1.34 | Lg=+0.7812 | 19s
 1360 hold m=3 hq=0.060 fail | Dr=+0.605/+0.874 |Dr|max=0.874 Df=+0.405 | g r=0.708 f=0.832 p=0.910(0.015) max=4.646 | Ld=+3.3691 base=-0.17 r1=0.636 path=1.46 cap=1.44 | Lg=+0.7923 | 19s
 1370 hold m=1 hq=0.021 fail | Dr=+0.597/+0.886 |Dr|max=0.886 Df=+0.421 | g r=0.710 f=0.808 p=0.908(0.019) max=4.224 | Ld=+3.2454 base=-0.155 r1=0.66 path=1.48 cap=1.26 | Lg=+0.7810 | 20s
 1380 hold m=2 hq=0.081 fail | Dr=+0.589/+0.898 |Dr|max=0.898 Df=+0.435 | g r=0.711 f=0.761 p=0.895(0.012) max=4.577 | Ld=+3.1560 base=-0.168 r1=0.648 path=1.44 cap=1.23 | Lg=+0.7897 | 20s
 1390 hold m=3 hq=0.116 fail | Dr=+0.583/+0.908 |Dr|max=0.908 Df=+0.414 | g r=0.716 f=0.789 p=0.923(0.007) max=4.495 | Ld=+3.1993 base=-0.173 r1=0.694 path=1.35 cap=1.33 | Lg=+0.7947 | 20s
 1400 hold m=2 hq=0.171 fail | Dr=+0.577/+0.920 |Dr|max=0.920 Df=+0.409 | g r=0.718 f=0.893 p=0.915(0.010) max=4.315 | Ld=+3.0079 base=-0.195 r1=0.679 path=1.38 cap=1.15 | Lg=+0.8098 | 20s
 1410 hold m=1 hq=0.008 fail | Dr=+0.572/+0.930 |Dr|max=0.930 Df=+0.376 | g r=0.719 f=0.946 p=0.927(0.003) max=4.514 | Ld=+3.6406 base=-0.227 r1=0.645 path=1.48 cap=1.74 | Lg=+0.8239 | 21s
 1420 hold m=1 hq=0.135 fail | Dr=+0.570/+0.934 |Dr|max=0.934 Df=+0.399 | g r=0.714 f=0.907 p=0.916(0.008) max=4.368 | Ld=+3.2936 base=-0.178 r1=0.638 path=1.44 cap=1.4 | Lg=+0.7928 | 21s
 1430 hold m=4 hq=0.077 fail | Dr=+0.561/+0.922 |Dr|max=0.922 Df=+0.477 | g r=0.706 f=0.870 p=0.899(0.018) max=4.413 | Ld=+3.1709 base=-0.112 r1=0.63 path=1.48 cap=1.17 | Lg=+0.7618 | 21s
 1440 hold m=4 hq=0.066 fail | Dr=+0.543/+0.878 |Dr|max=0.878 Df=+0.466 | g r=0.695 f=0.846 p=0.895(0.012) max=4.633 | Ld=+3.0212 base=-0.0911 r1=0.622 path=1.52 cap=0.969 | Lg=+0.7499 | 21s
 1450 hold m=3 hq=0.094 fail | Dr=+0.512/+0.808 |Dr|max=0.808 Df=+0.423 | g r=0.683 f=0.878 p=0.884(0.002) max=5.334 | Ld=+3.5479 base=-0.0932 r1=0.617 path=1.51 cap=1.52 | Lg=+0.7535 | 22s
 1460 hold m=2 hq=0.007 fail | Dr=+0.474/+0.733 |Dr|max=0.733 Df=+0.367 | g r=0.683 f=0.882 p=0.901(0.004) max=4.490 | Ld=+3.1152 base=-0.0967 r1=0.603 path=1.49 cap=1.12 | Lg=+0.7533 | 22s
 1470 hold m=3 hq=0.070 fail | Dr=+0.439/+0.681 |Dr|max=0.681 Df=+0.312 | g r=0.696 f=0.775 p=0.906(0.007) max=5.148 | Ld=+3.0224 base=-0.111 r1=0.639 path=1.49 cap=1.01 | Lg=+0.7601 | 22s
 1480 hold m=3 hq=0.038 fail | Dr=+0.405/+0.624 |Dr|max=0.624 Df=+0.260 | g r=0.713 f=0.883 p=0.948(0.020) max=4.999 | Ld=+3.1552 base=-0.124 r1=0.636 path=1.41 cap=1.24 | Lg=+0.7650 | 22s
 1490 hold m=3 hq=0.159 fail | Dr=+0.377/+0.591 |Dr|max=0.591 Df=+0.234 | g r=0.735 f=1.040 p=0.965(0.017) max=4.626 | Ld=+2.9199 base=-0.147 r1=0.701 path=1.36 cap=1 | Lg=+0.7773 | 22s
 1500 hold m=3 hq=0.065 fail | Dr=+0.394/+0.610 |Dr|max=0.610 Df=+0.220 | g r=0.703 f=1.001 p=0.956(0.014) max=4.087 | Ld=+2.8522 base=-0.185 r1=0.642 path=1.31 cap=1.08 | Lg=+0.7930 | 23s
 1510 hold m=1 hq=0.095 fail | Dr=+0.432/+0.678 |Dr|max=0.678 Df=+0.214 | g r=0.681 f=0.968 p=0.926(0.004) max=4.392 | Ld=+2.7134 base=-0.224 r1=0.619 path=1.37 cap=0.946 | Lg=+0.8206 | 23s
 1520 hold m=2 hq=0.050 fail | Dr=+0.475/+0.750 |Dr|max=0.750 Df=+0.290 | g r=0.695 f=0.898 p=0.903(0.010) max=5.113 | Ld=+2.7395 base=-0.201 r1=0.622 path=1.36 cap=0.962 | Lg=+0.8090 | 23s
 1530 hold m=4 hq=0.020 fail | Dr=+0.500/+0.808 |Dr|max=0.808 Df=+0.363 | g r=0.696 f=0.949 p=0.897(0.002) max=4.560 | Ld=+2.9521 base=-0.171 r1=0.604 path=1.36 cap=1.16 | Lg=+0.7921 | 23s
 1540 hold m=3 hq=0.023 fail | Dr=+0.503/+0.816 |Dr|max=0.816 Df=+0.363 | g r=0.690 f=0.830 p=0.891(0.011) max=4.621 | Ld=+2.9290 base=-0.124 r1=0.597 path=1.5 cap=0.959 | Lg=+0.7694 | 24s
 1550 hold m=4 hq=0.051 fail | Dr=+0.513/+0.823 |Dr|max=0.823 Df=+0.358 | g r=0.679 f=0.871 p=0.892(0.024) max=4.924 | Ld=+3.0070 base=-0.152 r1=0.557 path=1.46 cap=1.15 | Lg=+0.7801 | 24s
 1560 hold m=1 hq=0.009 fail | Dr=+0.521/+0.824 |Dr|max=0.824 Df=+0.350 | g r=0.669 f=0.988 p=0.899(0.018) max=4.944 | Ld=+3.0003 base=-0.16 r1=0.556 path=1.51 cap=1.09 | Lg=+0.7906 | 24s
 1570 hold m=4 hq=0.026 fail | Dr=+0.533/+0.839 |Dr|max=0.839 Df=+0.386 | g r=0.659 f=0.920 p=0.888(0.016) max=4.598 | Ld=+2.9087 base=-0.159 r1=0.569 path=1.47 cap=1.03 | Lg=+0.7849 | 24s
 1580 hold m=4 hq=0.019 fail | Dr=+0.539/+0.857 |Dr|max=0.857 Df=+0.376 | g r=0.659 f=0.856 p=0.873(0.012) max=4.551 | Ld=+2.6926 base=-0.148 r1=0.547 path=1.44 cap=0.848 | Lg=+0.7851 | 24s
 1590 hold m=5 hq=0.079 fail | Dr=+0.545/+0.876 |Dr|max=0.876 Df=+0.390 | g r=0.664 f=0.863 p=0.880(0.005) max=4.401 | Ld=+2.7452 base=-0.152 r1=0.592 path=1.53 cap=0.775 | Lg=+0.7902 | 25s
 1600 hold m=4 hq=0.035 fail | Dr=+0.543/+0.887 |Dr|max=0.887 Df=+0.385 | g r=0.669 f=0.833 p=0.874(0.010) max=4.335 | Ld=+2.7757 base=-0.147 r1=0.574 path=1.53 cap=0.818 | Lg=+0.7790 | 25s
 1610 hold m=2 hq=0.155 fail | Dr=+0.557/+0.915 |Dr|max=0.915 Df=+0.378 | g r=0.670 f=0.905 p=0.901(0.010) max=4.698 | Ld=+2.7727 base=-0.161 r1=0.568 path=1.42 cap=0.944 | Lg=+0.7943 | 25s
 1620 hold m=3 hq=0.034 fail | Dr=+0.555/+0.928 |Dr|max=0.928 Df=+0.375 | g r=0.665 f=0.903 p=0.863(0.014) max=4.866 | Ld=+2.6301 base=-0.169 r1=0.566 path=1.44 cap=0.796 | Lg=+0.7885 | 25s
 1630 hold m=4 hq=0.020 fail | Dr=+0.556/+0.946 |Dr|max=0.946 Df=+0.375 | g r=0.666 f=0.818 p=0.860(0.014) max=4.810 | Ld=+2.9975 base=-0.175 r1=0.582 path=1.6 cap=0.988 | Lg=+0.8018 | 26s
 1640 hold m=2 hq=0.091 fail | Dr=+0.554/+0.949 |Dr|max=0.949 Df=+0.368 | g r=0.670 f=0.898 p=0.878(0.008) max=4.850 | Ld=+2.8631 base=-0.166 r1=0.55 path=1.43 cap=1.05 | Lg=+0.7975 | 26s
 1650 hold m=4 hq=0.198 fail | Dr=+0.554/+0.958 |Dr|max=0.958 Df=+0.385 | g r=0.676 f=0.819 p=0.869(0.016) max=5.509 | Ld=+2.7396 base=-0.155 r1=0.567 path=1.5 cap=0.832 | Lg=+0.7930 | 26s
 1660 hold m=4 hq=0.205 fail | Dr=+0.561/+0.978 |Dr|max=0.978 Df=+0.383 | g r=0.674 f=0.890 p=0.869(0.011) max=4.645 | Ld=+2.6412 base=-0.201 r1=0.559 path=1.53 cap=0.755 | Lg=+0.8184 | 26s
 1670 hold m=4 hq=0.092 fail | Dr=+0.557/+0.980 |Dr|max=0.980 Df=+0.384 | g r=0.678 f=0.715 p=0.863(0.022) max=5.073 | Ld=+2.5760 base=-0.164 r1=0.549 path=1.45 cap=0.738 | Lg=+0.7943 | 26s
 1680 hold m=2 hq=0.105 fail | Dr=+0.557/+0.982 |Dr|max=0.982 Df=+0.353 | g r=0.683 f=0.788 p=0.897(0.025) max=4.455 | Ld=+2.6361 base=-0.213 r1=0.589 path=1.54 cap=0.718 | Lg=+0.8198 | 27s
 1690 hold m=4 hq=0.123 fail | Dr=+0.564/+1.005 |Dr|max=1.005 Df=+0.351 | g r=0.684 f=0.946 p=0.886(0.033) max=4.909 | Ld=+2.5876 base=-0.189 r1=0.566 path=1.43 cap=0.784 | Lg=+0.8119 | 27s
 1700 hold m=4 hq=0.087 fail | Dr=+0.565/+1.021 |Dr|max=1.021 Df=+0.378 | g r=0.680 f=0.758 p=0.877(0.008) max=4.841 | Ld=+2.7572 base=-0.176 r1=0.594 path=1.5 cap=0.834 | Lg=+0.8041 | 27s
 1710 hold m=2 hq=0.220 fail | Dr=+0.562/+1.027 |Dr|max=1.027 Df=+0.350 | g r=0.684 f=0.876 p=0.888(0.014) max=4.943 | Ld=+2.7295 base=-0.184 r1=0.588 path=1.46 cap=0.865 | Lg=+0.8031 | 27s
 1720 hold m=4 hq=0.165 fail | Dr=+0.561/+1.033 |Dr|max=1.033 Df=+0.365 | g r=0.694 f=0.793 p=0.869(0.020) max=4.899 | Ld=+2.6167 base=-0.193 r1=0.604 path=1.48 cap=0.727 | Lg=+0.8111 | 27s
 1730 hold m=5 hq=0.139 fail | Dr=+0.542/+1.017 |Dr|max=1.017 Df=+0.359 | g r=0.698 f=0.765 p=0.887(0.011) max=5.080 | Ld=+2.6325 base=-0.175 r1=0.609 path=1.38 cap=0.816 | Lg=+0.8163 | 28s
 1740 hold m=4 hq=0.189 fail | Dr=+0.543/+1.031 |Dr|max=1.031 Df=+0.339 | g r=0.692 f=0.922 p=0.895(0.012) max=4.557 | Ld=+2.5006 base=-0.174 r1=0.61 path=1.3 cap=0.762 | Lg=+0.8157 | 28s
 1750 hold m=4 hq=0.153 fail | Dr=+0.540/+1.041 |Dr|max=1.041 Df=+0.323 | g r=0.692 f=0.857 p=0.883(0.004) max=5.194 | Ld=+2.6100 base=-0.207 r1=0.59 path=1.48 cap=0.75 | Lg=+0.8215 | 28s
 1760 hold m=5 hq=0.028 fail | Dr=+0.540/+1.052 |Dr|max=1.052 Df=+0.338 | g r=0.693 f=0.722 p=0.887(0.004) max=5.330 | Ld=+2.5988 base=-0.181 r1=0.599 path=1.4 cap=0.776 | Lg=+0.8204 | 28s
 1770 hold m=4 hq=0.191 fail | Dr=+0.538/+1.057 |Dr|max=1.057 Df=+0.376 | g r=0.696 f=0.836 p=0.876(0.028) max=4.691 | Ld=+2.5545 base=-0.192 r1=0.607 path=1.43 cap=0.705 | Lg=+0.8179 | 28s
 1780 hold m=3 hq=0.163 fail | Dr=+0.515/+1.022 |Dr|max=1.022 Df=+0.385 | g r=0.707 f=0.852 p=0.880(0.009) max=4.605 | Ld=+2.8467 base=-0.0999 r1=0.631 path=1.59 cap=0.726 | Lg=+0.7661 | 29s
 1790 hold m=3 hq=0.158 fail | Dr=+0.487/+0.985 |Dr|max=0.985 Df=+0.378 | g r=0.716 f=0.890 p=0.886(0.013) max=4.814 | Ld=+2.9815 base=-0.0993 r1=0.646 path=1.53 cap=0.904 | Lg=+0.7643 | 29s
 1800 hold m=3 hq=0.137 fail | Dr=+0.459/+0.956 |Dr|max=0.956 Df=+0.397 | g r=0.718 f=0.828 p=0.876(0.015) max=4.632 | Ld=+3.1125 base=-0.0682 r1=0.671 path=1.52 cap=0.987 | Lg=+0.7554 | 29s
 1810 hold m=2 hq=0.008 fail | Dr=+0.434/+0.924 |Dr|max=0.924 Df=+0.354 | g r=0.715 f=0.827 p=0.875(0.008) max=4.526 | Ld=+2.9687 base=-0.101 r1=0.65 path=1.56 cap=0.859 | Lg=+0.7633 | 29s
 1820 hold m=3 hq=0.050 fail | Dr=+0.411/+0.890 |Dr|max=0.890 Df=+0.289 | g r=0.728 f=0.881 p=0.896(0.010) max=4.842 | Ld=+2.9664 base=-0.109 r1=0.69 path=1.43 cap=0.959 | Lg=+0.7723 | 29s
 1830 hold m=3 hq=0.181 fail | Dr=+0.383/+0.847 |Dr|max=0.847 Df=+0.274 | g r=0.737 f=0.805 p=0.882(0.025) max=4.074 | Ld=+3.3648 base=-0.0834 r1=0.705 path=1.59 cap=1.15 | Lg=+0.7583 | 29s
 1840 hold m=3 hq=0.018 fail | Dr=+0.352/+0.796 |Dr|max=0.796 Df=+0.188 | g r=0.751 f=0.917 p=0.899(0.015) max=4.803 | Ld=+2.9999 base=-0.143 r1=0.669 path=1.48 cap=0.998 | Lg=+0.7809 | 29s
 1850 hold m=3 hq=0.093 fail | Dr=+0.313/+0.733 |Dr|max=0.733 Df=+0.154 | g r=0.764 f=0.841 p=0.910(0.033) max=4.272 | Ld=+3.5308 base=-0.154 r1=0.736 path=1.52 cap=1.43 | Lg=+0.7886 | 29s
 1860 hold m=2 hq=0.138 fail | Dr=+0.276/+0.686 |Dr|max=0.686 Df=+0.019 | g r=0.798 f=1.002 p=0.946(0.023) max=3.968 | Ld=+3.0310 base=-0.153 r1=0.814 path=1.29 cap=1.08 | Lg=+0.7873 | 30s
 1870 hold m=3 hq=0.166 fail | Dr=+0.202/+0.599 |Dr|max=0.599 Df=+0.050 | g r=0.817 f=0.955 p=0.961(0.008) max=4.197 | Ld=+3.3115 base=-0.166 r1=0.82 path=1.26 cap=1.39 | Lg=+0.7842 | 30s
 1880 hold m=3 hq=0.178 fail | Dr=+0.180/+0.556 |Dr|max=0.556 Df=+0.059 | g r=0.810 f=0.868 p=0.930(0.005) max=4.204 | Ld=+3.3115 base=-0.122 r1=0.834 path=1.3 cap=1.3 | Lg=+0.7681 | 30s
 1890 hold m=3 hq=0.107 fail | Dr=+0.151/+0.499 |Dr|max=0.499 Df=+0.011 | g r=0.795 f=0.869 p=0.924(0.018) max=4.539 | Ld=+3.5210 base=-0.134 r1=0.807 path=1.26 cap=1.58 | Lg=+0.7679 | 30s
 1900 hold m=1 hq=0.102 fail | Dr=+0.130/+0.451 |Dr|max=0.451 Df=-0.059 | g r=0.793 f=0.831 p=0.934(0.007) max=4.441 | Ld=+3.2648 base=-0.119 r1=0.798 path=1.35 cap=1.24 | Lg=+0.7584 | 30s
 1910 hold m=2 hq=0.087 fail | Dr=+0.109/+0.422 |Dr|max=0.422 Df=-0.061 | g r=0.791 f=0.988 p=0.933(0.022) max=4.155 | Ld=+2.8346 base=-0.157 r1=0.833 path=1.35 cap=0.806 | Lg=+0.7780 | 30s
 1920 hold m=2 hq=0.109 fail | Dr=+0.088/+0.403 |Dr|max=0.403 Df=-0.134 | g r=0.780 f=0.926 p=0.902(0.024) max=3.861 | Ld=+3.1539 base=-0.167 r1=0.809 path=1.36 cap=1.15 | Lg=+0.7846 | 30s
 1930 hold m=2 hq=0.098 fail | Dr=+0.069/+0.388 |Dr|max=0.388 Df=-0.118 | g r=0.770 f=0.834 p=0.916(0.002) max=4.501 | Ld=+2.8521 base=-0.181 r1=0.776 path=1.35 cap=0.911 | Lg=+0.7944 | 30s
 1940 hold m=3 hq=0.087 fail | Dr=+0.048/+0.376 |Dr|max=0.376 Df=-0.170 | g r=0.773 f=0.823 p=0.915(0.024) max=4.258 | Ld=+2.8777 base=-0.184 r1=0.745 path=1.36 cap=0.96 | Lg=+0.7926 | 30s
 1950 hold m=1 hq=0.153 fail | Dr=+0.039/+0.365 |Dr|max=0.365 Df=-0.133 | g r=0.763 f=0.874 p=0.887(0.030) max=4.126 | Ld=+2.8726 base=-0.183 r1=0.742 path=1.38 cap=0.931 | Lg=+0.7924 | 30s
 1960 hold m=4 hq=0.208 fail | Dr=+0.030/+0.345 |Dr|max=0.345 Df=-0.143 | g r=0.754 f=0.826 p=0.898(0.006) max=4.036 | Ld=+2.9547 base=-0.153 r1=0.773 path=1.35 cap=0.986 | Lg=+0.7795 | 30s
 1970 hold m=4 hq=0.211 fail | Dr=+0.013/+0.306 |Dr|max=0.307 Df=-0.139 | g r=0.743 f=0.847 p=0.890(0.011) max=4.120 | Ld=+3.0022 base=-0.157 r1=0.746 path=1.41 cap=1 | Lg=+0.7778 | 30s
 1980 hold m=4 hq=0.159 fail | Dr=-0.008/+0.256 |Dr|max=0.328 Df=-0.153 | g r=0.739 f=0.869 p=0.915(0.016) max=4.023 | Ld=+2.7095 base=-0.19 r1=0.679 path=1.35 cap=0.866 | Lg=+0.7978 | 31s
 1990 hold m=2 hq=0.194 fail | Dr=-0.029/+0.227 |Dr|max=0.340 Df=-0.202 | g r=0.735 f=0.838 p=0.903(0.008) max=3.768 | Ld=+2.6811 base=-0.143 r1=0.705 path=1.3 cap=0.819 | Lg=+0.7737 | 31s
 2000 hold m=4 hq=0.084 fail | Dr=-0.056/+0.217 |Dr|max=0.372 Df=-0.267 | g r=0.738 f=0.849 p=0.903(0.030) max=3.922 | Ld=+2.8485 base=-0.152 r1=0.721 path=1.27 cap=1.01 | Lg=+0.7756 | 31s
 2010 hold m=4 hq=0.072 fail | Dr=-0.084/+0.203 |Dr|max=0.392 Df=-0.246 | g r=0.740 f=0.936 p=0.923(0.008) max=4.253 | Ld=+2.6745 base=-0.126 r1=0.697 path=1.33 cap=0.776 | Lg=+0.7592 | 31s
 2020 hold m=3 hq=0.093 fail | Dr=-0.105/+0.190 |Dr|max=0.414 Df=-0.283 | g r=0.741 f=0.931 p=0.933(0.010) max=4.936 | Ld=+2.7811 base=-0.147 r1=0.701 path=1.3 cap=0.931 | Lg=+0.7748 | 31s
 2030 hold m=4 hq=0.257 fail | Dr=-0.107/+0.208 |Dr|max=0.433 Df=-0.263 | g r=0.740 f=0.864 p=0.916(0.004) max=3.669 | Ld=+2.8793 base=-0.156 r1=0.714 path=1.24 cap=1.08 | Lg=+0.7764 | 31s
 2040 hold m=2 hq=0.126 fail | Dr=-0.110/+0.223 |Dr|max=0.452 Df=-0.315 | g r=0.737 f=0.951 p=0.920(0.004) max=3.688 | Ld=+2.7645 base=-0.162 r1=0.715 path=1.25 cap=0.959 | Lg=+0.7835 | 31s
 2050 hold m=4 hq=0.150 fail | Dr=-0.134/+0.218 |Dr|max=0.480 Df=-0.335 | g r=0.740 f=0.962 p=0.920(0.027) max=4.935 | Ld=+2.8101 base=-0.222 r1=0.728 path=1.24 cap=1.06 | Lg=+0.8127 | 31s
 2060 hold m=2 hq=0.007 fail | Dr=-0.149/+0.200 |Dr|max=0.485 Df=-0.322 | g r=0.728 f=1.088 p=0.924(0.004) max=4.957 | Ld=+3.0304 base=-0.154 r1=0.672 path=1.32 cap=1.19 | Lg=+0.7809 | 31s
 2070 hold m=3 hq=0.070 fail | Dr=-0.157/+0.197 |Dr|max=0.489 Df=-0.292 | g r=0.718 f=0.923 p=0.915(0.005) max=4.380 | Ld=+2.8350 base=-0.111 r1=0.697 path=1.35 cap=0.902 | Lg=+0.7568 | 31s
 2080 hold m=2 hq=0.084 fail | Dr=-0.166/+0.192 |Dr|max=0.497 Df=-0.360 | g r=0.705 f=0.980 p=0.924(0.019) max=4.004 | Ld=+2.8628 base=-0.127 r1=0.66 path=1.29 cap=1.03 | Lg=+0.7672 | 32s
 2090 hold m=3 hq=0.168 fail | Dr=-0.179/+0.191 |Dr|max=0.524 Df=-0.310 | g r=0.710 f=0.853 p=0.909(0.020) max=3.947 | Ld=+2.7685 base=-0.186 r1=0.672 path=1.35 cap=0.929 | Lg=+0.7934 | 32s
 2100 hold m=3 hq=0.154 fail | Dr=-0.200/+0.179 |Dr|max=0.548 Df=-0.345 | g r=0.713 f=0.835 p=0.921(0.027) max=3.908 | Ld=+2.6078 base=-0.153 r1=0.659 path=1.26 cap=0.845 | Lg=+0.7788 | 32s
 2110 hold m=3 hq=0.062 fail | Dr=-0.213/+0.172 |Dr|max=0.554 Df=-0.367 | g r=0.709 f=0.920 p=0.923(0.009) max=3.369 | Ld=+2.6071 base=-0.182 r1=0.63 path=1.32 cap=0.834 | Lg=+0.7976 | 32s
 2120 hold m=3 hq=0.174 fail | Dr=-0.226/+0.170 |Dr|max=0.579 Df=-0.360 | g r=0.720 f=0.811 p=0.927(0.013) max=4.145 | Ld=+2.6768 base=-0.134 r1=0.676 path=1.26 cap=0.872 | Lg=+0.7732 | 32s
 2130 hold m=2 hq=0.069 fail | Dr=-0.248/+0.156 |Dr|max=0.605 Df=-0.419 | g r=0.717 f=1.073 p=0.935(0.016) max=4.788 | Ld=+2.8371 base=-0.166 r1=0.676 path=1.32 cap=1.01 | Lg=+0.7885 | 32s
 2140 hold m=4 hq=0.152 fail | Dr=-0.266/+0.131 |Dr|max=0.625 Df=-0.318 | g r=0.727 f=0.883 p=0.917(0.026) max=4.201 | Ld=+2.7468 base=-0.12 r1=0.706 path=1.23 cap=0.935 | Lg=+0.7638 | 32s
 2150 hold m=4 hq=0.188 fail | Dr=-0.274/+0.112 |Dr|max=0.625 Df=-0.334 | g r=0.726 f=0.908 p=0.924(0.007) max=4.051 | Ld=+2.6936 base=-0.108 r1=0.651 path=1.21 cap=0.939 | Lg=+0.7597 | 32s
 2160 hold m=4 hq=0.184 fail | Dr=-0.280/+0.091 |Dr|max=0.619 Df=-0.328 | g r=0.726 f=0.858 p=0.930(0.002) max=3.866 | Ld=+2.6332 base=-0.0648 r1=0.677 path=1.26 cap=0.762 | Lg=+0.7382 | 32s
 2170 hold m=4 hq=0.047 fail | Dr=-0.299/+0.059 |Dr|max=0.625 Df=-0.421 | g r=0.718 f=0.889 p=0.918(0.011) max=3.958 | Ld=+2.6326 base=-0.105 r1=0.672 path=1.26 cap=0.81 | Lg=+0.7488 | 32s
 2180 hold m=2 hq=0.139 fail | Dr=-0.296/+0.038 |Dr|max=0.597 Df=-0.348 | g r=0.707 f=0.929 p=0.915(0.013) max=4.264 | Ld=+2.5074 base=-0.0592 r1=0.619 path=1.23 cap=0.713 | Lg=+0.7292 | 32s
 2190 hold m=4 hq=0.256 fail | Dr=-0.303/+0.015 |Dr|max=0.590 Df=-0.331 | g r=0.701 f=0.784 p=0.907(0.016) max=4.493 | Ld=+2.5392 base=-0.0523 r1=0.629 path=1.28 cap=0.683 | Lg=+0.7255 | 33s
 2200 hold m=3 hq=0.192 fail | Dr=-0.307/-0.004 |Dr|max=0.584 Df=-0.368 | g r=0.703 f=0.760 p=0.916(0.008) max=3.436 | Ld=+2.3642 base=-0.058 r1=0.621 path=1.23 cap=0.573 | Lg=+0.7254 | 33s
 2210 hold m=3 hq=0.268 fail | Dr=-0.313/-0.024 |Dr|max=0.579 Df=-0.346 | g r=0.705 f=0.783 p=0.891(0.023) max=2.981 | Ld=+2.4252 base=-0.0751 r1=0.651 path=1.27 cap=0.581 | Lg=+0.7336 | 33s
 2220 hold m=3 hq=0.156 fail | Dr=-0.324/-0.048 |Dr|max=0.580 Df=-0.381 | g r=0.709 f=0.732 p=0.909(0.016) max=3.102 | Ld=+2.5027 base=-0.042 r1=0.646 path=1.28 cap=0.622 | Lg=+0.7141 | 33s
 2230 hold m=4 hq=0.153 fail | Dr=-0.338/-0.074 |Dr|max=0.588 Df=-0.403 | g r=0.719 f=0.778 p=0.916(0.029) max=3.192 | Ld=+2.3863 base=-0.0585 r1=0.654 path=1.24 cap=0.552 | Lg=+0.7254 | 33s
 2240 hold m=3 hq=0.305 fail | Dr=-0.340/-0.084 |Dr|max=0.593 Df=-0.386 | g r=0.710 f=0.811 p=0.886(0.019) max=3.231 | Ld=+2.3563 base=-0.0671 r1=0.631 path=1.22 cap=0.569 | Lg=+0.7353 | 33s
 2250 hold m=3 hq=0.304 fail | Dr=-0.344/-0.100 |Dr|max=0.595 Df=-0.404 | g r=0.710 f=0.764 p=0.901(0.024) max=3.647 | Ld=+2.5388 base=-0.0764 r1=0.642 path=1.31 cap=0.666 | Lg=+0.7366 | 33s
 2260 hold m=3 hq=0.150 fail | Dr=-0.360/-0.124 |Dr|max=0.605 Df=-0.446 | g r=0.705 f=0.837 p=0.897(0.019) max=3.193 | Ld=+2.5154 base=-0.0837 r1=0.649 path=1.28 cap=0.67 | Lg=+0.7391 | 34s
 2270 hold m=3 hq=0.167 fail | Dr=-0.379/-0.155 |Dr|max=0.614 Df=-0.465 | g r=0.708 f=0.842 p=0.890(0.034) max=3.458 | Ld=+2.4603 base=-0.09 r1=0.669 path=1.31 cap=0.576 | Lg=+0.7436 | 34s
 2280 hold m=4 hq=0.165 fail | Dr=-0.412/-0.197 |Dr|max=0.641 Df=-0.493 | g r=0.736 f=0.972 p=0.928(0.028) max=3.212 | Ld=+2.5963 base=-0.0885 r1=0.703 path=1.27 cap=0.715 | Lg=+0.7425 | 34s
 2290 hold m=4 hq=0.336 fail | Dr=-0.414/-0.208 |Dr|max=0.643 Df=-0.489 | g r=0.729 f=0.855 p=0.898(0.035) max=3.885 | Ld=+2.4822 base=-0.0839 r1=0.705 path=1.31 cap=0.55 | Lg=+0.7384 | 34s
 2300 hold m=2 hq=0.120 fail | Dr=-0.399/-0.202 |Dr|max=0.628 Df=-0.503 | g r=0.702 f=0.716 p=0.880(0.025) max=3.159 | Ld=+2.4115 base=-0.0583 r1=0.67 path=1.23 cap=0.567 | Lg=+0.7251 | 34s
 2310 hold m=3 hq=0.189 fail | Dr=-0.390/-0.193 |Dr|max=0.626 Df=-0.457 | g r=0.690 f=0.804 p=0.879(0.003) max=3.738 | Ld=+2.5082 base=-0.0614 r1=0.638 path=1.29 cap=0.639 | Lg=+0.7273 | 35s
 2320 hold m=2 hq=0.198 fail | Dr=-0.383/-0.190 |Dr|max=0.621 Df=-0.508 | g r=0.674 f=0.751 p=0.882(0.016) max=3.827 | Ld=+2.2843 base=-0.0894 r1=0.573 path=1.32 cap=0.476 | Lg=+0.7449 | 35s
 2330 hold m=3 hq=0.201 fail | Dr=-0.372/-0.182 |Dr|max=0.621 Df=-0.456 | g r=0.663 f=0.761 p=0.852(0.015) max=3.442 | Ld=+2.2911 base=-0.0638 r1=0.55 path=1.38 cap=0.428 | Lg=+0.7293 | 35s
 2340 hold m=3 hq=0.199 fail | Dr=-0.376/-0.185 |Dr|max=0.630 Df=-0.441 | g r=0.679 f=0.841 p=0.865(0.014) max=3.429 | Ld=+2.4091 base=-0.0559 r1=0.598 path=1.36 cap=0.504 | Lg=+0.7246 | 35s
 2350 hold m=3 hq=0.202 fail | Dr=-0.383/-0.195 |Dr|max=0.636 Df=-0.493 | g r=0.673 f=0.856 p=0.879(0.013) max=3.412 | Ld=+2.2187 base=-0.0915 r1=0.582 path=1.34 cap=0.389 | Lg=+0.7436 | 36s
 2360 hold m=3 hq=0.377 fail | Dr=-0.400/-0.213 |Dr|max=0.649 Df=-0.457 | g r=0.675 f=0.696 p=0.888(0.010) max=3.957 | Ld=+2.3598 base=-0.0425 r1=0.623 path=1.28 cap=0.504 | Lg=+0.7110 | 36s
 2370 hold m=2 hq=0.170 fail | Dr=-0.407/-0.225 |Dr|max=0.656 Df=-0.541 | g r=0.675 f=0.715 p=0.904(0.014) max=3.923 | Ld=+2.3786 base=-0.0789 r1=0.589 path=1.37 cap=0.5 | Lg=+0.7374 | 36s
 2380 hold m=3 hq=0.153 fail | Dr=-0.399/-0.215 |Dr|max=0.661 Df=-0.509 | g r=0.696 f=0.870 p=0.903(0.006) max=3.704 | Ld=+2.3136 base=-0.127 r1=0.588 path=1.27 cap=0.58 | Lg=+0.7615 | 36s
 2390 hold m=3 hq=0.181 fail | Dr=-0.430/-0.247 |Dr|max=0.685 Df=-0.536 | g r=0.726 f=0.908 p=0.907(0.011) max=3.892 | Ld=+2.4014 base=-0.117 r1=0.685 path=1.27 cap=0.562 | Lg=+0.7588 | 36s
 2400 hold m=3 hq=0.164 fail | Dr=-0.445/-0.277 |Dr|max=0.685 Df=-0.528 | g r=0.710 f=0.743 p=0.898(0.016) max=3.822 | Ld=+2.3697 base=-0.0529 r1=0.637 path=1.3 cap=0.487 | Lg=+0.7216 | 37s
# shift (1,0) after 2400; frozen copy on new target: m=0 hq=0.000
 2410 post m=0 hq=0.000 fail | Dr=-0.569/-0.396 |Dr|max=0.861 Df=-0.528 | g r=0.748 f=0.801 p=0.889(0.017) max=3.133 | Ld=+2.6671 base=0.0833 r1=0.717 path=1.31 cap=0.56 | Lg=+0.6573 | 37s
 2420 post m=1 hq=0.004 fail | Dr=-0.515/-0.334 |Dr|max=0.798 Df=-0.484 | g r=0.728 f=0.805 p=0.902(0.031) max=4.030 | Ld=+2.4856 base=0.0622 r1=0.673 path=1.29 cap=0.46 | Lg=+0.6681 | 37s
 2430 post m=0 hq=0.000 fail | Dr=-0.465/-0.270 |Dr|max=0.736 Df=-0.432 | g r=0.696 f=0.801 p=0.877(0.024) max=3.111 | Ld=+2.4194 base=0.0287 r1=0.625 path=1.34 cap=0.424 | Lg=+0.6832 | 37s
 2440 post m=0 hq=0.000 fail | Dr=-0.431/-0.206 |Dr|max=0.728 Df=-0.445 | g r=0.671 f=0.785 p=0.878(0.020) max=3.527 | Ld=+2.3873 base=-0.047 r1=0.581 path=1.28 cap=0.573 | Lg=+0.7225 | 38s
 2450 post m=0 hq=0.000 fail | Dr=-0.400/-0.150 |Dr|max=0.720 Df=-0.434 | g r=0.653 f=0.901 p=0.881(0.004) max=3.449 | Ld=+2.3292 base=0.00908 r1=0.573 path=1.38 cap=0.368 | Lg=+0.6929 | 38s
 2460 post m=0 hq=0.000 fail | Dr=-0.379/-0.104 |Dr|max=0.717 Df=-0.411 | g r=0.649 f=0.700 p=0.863(0.013) max=3.467 | Ld=+2.1691 base=-0.016 r1=0.55 path=1.2 cap=0.435 | Lg=+0.7072 | 38s
 2470 post m=0 hq=0.000 fail | Dr=-0.357/-0.065 |Dr|max=0.719 Df=-0.409 | g r=0.647 f=0.668 p=0.874(0.013) max=3.173 | Ld=+2.1177 base=-0.0478 r1=0.552 path=1.23 cap=0.385 | Lg=+0.7235 | 38s
 2480 post m=1 hq=0.000 fail | Dr=-0.344/-0.035 |Dr|max=0.725 Df=-0.414 | g r=0.654 f=0.806 p=0.902(0.006) max=3.218 | Ld=+2.1592 base=-0.054 r1=0.57 path=1.2 cap=0.438 | Lg=+0.7275 | 39s
 2490 post m=1 hq=0.003 fail | Dr=-0.337/-0.023 |Dr|max=0.741 Df=-0.446 | g r=0.649 f=0.854 p=0.928(0.021) max=3.745 | Ld=+2.3422 base=-0.14 r1=0.563 path=1.2 cap=0.723 | Lg=+0.7727 | 39s
 2500 post m=0 hq=0.000 fail | Dr=-0.334/-0.011 |Dr|max=0.754 Df=-0.459 | g r=0.660 f=0.760 p=0.907(0.012) max=3.666 | Ld=+2.1857 base=-0.0946 r1=0.571 path=1.2 cap=0.506 | Lg=+0.7490 | 39s
 2510 post m=2 hq=0.004 fail | Dr=-0.324/-0.002 |Dr|max=0.757 Df=-0.440 | g r=0.659 f=0.856 p=0.906(0.005) max=2.854 | Ld=+2.0968 base=-0.101 r1=0.569 path=1.23 cap=0.398 | Lg=+0.7507 | 39s
 2520 post m=3 hq=0.011 fail | Dr=-0.310/+0.013 |Dr|max=0.755 Df=-0.421 | g r=0.651 f=0.752 p=0.888(0.020) max=3.312 | Ld=+2.1386 base=-0.0906 r1=0.535 path=1.32 cap=0.379 | Lg=+0.7479 | 40s
 2530 post m=3 hq=0.005 fail | Dr=-0.308/+0.018 |Dr|max=0.765 Df=-0.417 | g r=0.646 f=0.801 p=0.883(0.014) max=3.092 | Ld=+2.1525 base=-0.131 r1=0.549 path=1.31 cap=0.426 | Lg=+0.7634 | 40s
 2540 post m=3 hq=0.014 fail | Dr=-0.304/+0.032 |Dr|max=0.766 Df=-0.410 | g r=0.656 f=0.784 p=0.889(0.008) max=3.697 | Ld=+2.0818 base=-0.109 r1=0.551 path=1.26 cap=0.374 | Lg=+0.7643 | 40s
 2550 post m=5 hq=0.051 fail | Dr=-0.297/+0.033 |Dr|max=0.762 Df=-0.387 | g r=0.655 f=0.791 p=0.883(0.007) max=3.146 | Ld=+2.0833 base=-0.114 r1=0.558 path=1.18 cap=0.464 | Lg=+0.7528 | 40s
 2560 post m=3 hq=0.017 fail | Dr=-0.279/+0.041 |Dr|max=0.734 Df=-0.316 | g r=0.637 f=0.849 p=0.879(0.019) max=3.784 | Ld=+2.3212 base=-0.0145 r1=0.526 path=1.29 cap=0.52 | Lg=+0.7183 | 40s
 2570 post m=4 hq=0.029 fail | Dr=-0.258/+0.049 |Dr|max=0.710 Df=-0.302 | g r=0.627 f=0.883 p=0.881(0.022) max=3.005 | Ld=+2.1971 base=-0.0297 r1=0.521 path=1.22 cap=0.485 | Lg=+0.7182 | 41s
 2580 post m=4 hq=0.084 fail | Dr=-0.246/+0.041 |Dr|max=0.698 Df=-0.291 | g r=0.623 f=0.729 p=0.853(0.006) max=2.948 | Ld=+2.1156 base=-0.0406 r1=0.506 path=1.28 cap=0.372 | Lg=+0.7301 | 41s
 2590 post m=4 hq=0.077 fail | Dr=-0.235/+0.043 |Dr|max=0.680 Df=-0.275 | g r=0.621 f=0.714 p=0.857(0.004) max=2.701 | Ld=+2.1187 base=-0.0316 r1=0.498 path=1.3 cap=0.356 | Lg=+0.7245 | 41s
 2600 post m=3 hq=0.060 fail | Dr=-0.229/+0.044 |Dr|max=0.668 Df=-0.293 | g r=0.617 f=0.695 p=0.845(0.006) max=2.930 | Ld=+2.1863 base=-0.0521 r1=0.493 path=1.16 cap=0.584 | Lg=+0.7280 | 41s
 2610 post m=4 hq=0.158 fail | Dr=-0.225/+0.040 |Dr|max=0.658 Df=-0.257 | g r=0.621 f=0.800 p=0.855(0.018) max=2.898 | Ld=+2.0119 base=-0.037 r1=0.488 path=1.25 cap=0.309 | Lg=+0.7168 | 42s
 2620 post m=4 hq=0.072 fail | Dr=-0.224/+0.034 |Dr|max=0.651 Df=-0.263 | g r=0.624 f=0.912 p=0.884(0.018) max=3.095 | Ld=+2.1092 base=-0.0189 r1=0.49 path=1.21 cap=0.425 | Lg=+0.7130 | 42s
 2630 post m=4 hq=0.022 fail | Dr=-0.215/+0.045 |Dr|max=0.628 Df=-0.248 | g r=0.625 f=0.935 p=0.898(0.022) max=3.483 | Ld=+2.2075 base=-0.024 r1=0.491 path=1.14 cap=0.602 | Lg=+0.7157 | 42s
 2640 post m=4 hq=0.117 fail | Dr=-0.207/+0.052 |Dr|max=0.604 Df=-0.245 | g r=0.631 f=0.857 p=0.893(0.030) max=2.983 | Ld=+2.2662 base=-0.0109 r1=0.497 path=1.14 cap=0.641 | Lg=+0.7075 | 42s
 2650 post m=3 hq=0.023 fail | Dr=-0.215/+0.037 |Dr|max=0.601 Df=-0.250 | g r=0.659 f=0.870 p=0.892(0.013) max=2.830 | Ld=+2.1866 base=-0.00881 r1=0.545 path=1.17 cap=0.478 | Lg=+0.7147 | 42s
 2660 post m=4 hq=0.036 fail | Dr=-0.226/+0.018 |Dr|max=0.597 Df=-0.207 | g r=0.662 f=0.772 p=0.867(0.024) max=2.896 | Ld=+2.1433 base=0.0168 r1=0.536 path=1.25 cap=0.34 | Lg=+0.6903 | 42s
 2670 post m=4 hq=0.039 fail | Dr=-0.232/+0.004 |Dr|max=0.586 Df=-0.240 | g r=0.650 f=0.848 p=0.897(0.010) max=2.871 | Ld=+2.3167 base=-0.000421 r1=0.526 path=1.22 cap=0.571 | Lg=+0.7002 | 43s
 2680 post m=5 hq=0.126 fail | Dr=-0.240/-0.005 |Dr|max=0.580 Df=-0.235 | g r=0.648 f=0.714 p=0.876(0.011) max=2.879 | Ld=+2.1469 base=-0.00105 r1=0.529 path=1.27 cap=0.351 | Lg=+0.6988 | 43s
 2690 post m=5 hq=0.156 fail | Dr=-0.260/-0.032 |Dr|max=0.587 Df=-0.273 | g r=0.654 f=0.763 p=0.886(0.029) max=2.711 | Ld=+2.0771 base=-0.0222 r1=0.523 path=1.23 cap=0.343 | Lg=+0.7101 | 43s
 2700 post m=5 hq=0.229 fail | Dr=-0.275/-0.062 |Dr|max=0.585 Df=-0.293 | g r=0.657 f=0.741 p=0.884(0.017) max=3.661 | Ld=+2.1551 base=-0.0373 r1=0.538 path=1.25 cap=0.406 | Lg=+0.7171 | 43s
 2710 post m=4 hq=0.187 fail | Dr=-0.281/-0.083 |Dr|max=0.577 Df=-0.365 | g r=0.654 f=0.830 p=0.897(0.022) max=3.045 | Ld=+2.1676 base=-0.0483 r1=0.524 path=1.11 cap=0.582 | Lg=+0.7231 | 43s
 2720 post m=5 hq=0.166 fail | Dr=-0.287/-0.090 |Dr|max=0.569 Df=-0.346 | g r=0.641 f=0.752 p=0.870(0.037) max=2.602 | Ld=+2.0744 base=-0.0449 r1=0.489 path=1.22 cap=0.408 | Lg=+0.7203 | 43s
 2730 post m=5 hq=0.175 fail | Dr=-0.294/-0.092 |Dr|max=0.564 Df=-0.345 | g r=0.635 f=0.759 p=0.867(0.012) max=2.633 | Ld=+2.0250 base=-0.0486 r1=0.502 path=1.26 cap=0.315 | Lg=+0.7204 | 43s
 2740 post m=4 hq=0.188 fail | Dr=-0.301/-0.087 |Dr|max=0.573 Df=-0.355 | g r=0.636 f=0.769 p=0.881(0.022) max=3.470 | Ld=+2.0088 base=-0.0429 r1=0.489 path=1.25 cap=0.317 | Lg=+0.7196 | 43s
 2750 post m=4 hq=0.041 fail | Dr=-0.310/-0.088 |Dr|max=0.579 Df=-0.372 | g r=0.630 f=0.769 p=0.870(0.032) max=3.289 | Ld=+1.9885 base=-0.0755 r1=0.48 path=1.25 cap=0.339 | Lg=+0.7352 | 43s
 2760 post m=4 hq=0.040 fail | Dr=-0.319/-0.086 |Dr|max=0.587 Df=-0.383 | g r=0.624 f=0.778 p=0.869(0.008) max=2.441 | Ld=+1.9399 base=-0.0552 r1=0.498 path=1.21 cap=0.291 | Lg=+0.7244 | 43s
 2770 post m=3 hq=0.148 fail | Dr=-0.331/-0.088 |Dr|max=0.597 Df=-0.383 | g r=0.623 f=0.708 p=0.868(0.008) max=3.650 | Ld=+1.9504 base=-0.0802 r1=0.489 path=1.24 cap=0.298 | Lg=+0.7358 | 43s
 2780 post m=3 hq=0.049 fail | Dr=-0.342/-0.088 |Dr|max=0.604 Df=-0.406 | g r=0.618 f=0.777 p=0.876(0.037) max=2.858 | Ld=+1.8213 base=-0.106 r1=0.469 path=1.11 cap=0.35 | Lg=+0.7505 | 44s
 2790 post m=4 hq=0.126 fail | Dr=-0.343/-0.082 |Dr|max=0.601 Df=-0.427 | g r=0.617 f=0.779 p=0.868(0.037) max=2.852 | Ld=+1.9233 base=-0.0755 r1=0.478 path=1.21 cap=0.307 | Lg=+0.7328 | 44s
 2800 post m=3 hq=0.031 fail | Dr=-0.343/-0.072 |Dr|max=0.602 Df=-0.426 | g r=0.613 f=0.770 p=0.873(0.003) max=3.117 | Ld=+1.8955 base=-0.078 r1=0.474 path=1.21 cap=0.285 | Lg=+0.7361 | 44s
 2810 post m=5 hq=0.125 fail | Dr=-0.351/-0.068 |Dr|max=0.598 Df=-0.435 | g r=0.613 f=0.835 p=0.882(0.037) max=3.024 | Ld=+1.9078 base=-0.0821 r1=0.471 path=1.22 cap=0.301 | Lg=+0.7415 | 44s
 2820 post m=4 hq=0.187 fail | Dr=-0.368/-0.076 |Dr|max=0.599 Df=-0.489 | g r=0.622 f=0.876 p=0.882(0.009) max=2.662 | Ld=+1.8955 base=-0.102 r1=0.479 path=1.15 cap=0.37 | Lg=+0.7511 | 44s
 2830 post m=3 hq=0.058 fail | Dr=-0.370/-0.066 |Dr|max=0.603 Df=-0.452 | g r=0.618 f=0.828 p=0.887(0.010) max=2.918 | Ld=+1.7622 base=-0.0747 r1=0.457 path=1.1 cap=0.281 | Lg=+0.7374 | 44s
 2840 post m=3 hq=0.048 fail | Dr=-0.373/-0.057 |Dr|max=0.621 Df=-0.476 | g r=0.619 f=0.834 p=0.893(0.029) max=2.844 | Ld=+1.8124 base=-0.114 r1=0.459 path=1.14 cap=0.324 | Lg=+0.7572 | 44s
 2850 post m=3 hq=0.061 fail | Dr=-0.373/-0.048 |Dr|max=0.623 Df=-0.491 | g r=0.604 f=0.835 p=0.889(0.018) max=2.898 | Ld=+1.8383 base=-0.114 r1=0.456 path=1.18 cap=0.316 | Lg=+0.7580 | 44s
 2860 post m=3 hq=0.056 fail | Dr=-0.379/-0.043 |Dr|max=0.647 Df=-0.482 | g r=0.623 f=0.771 p=0.884(0.005) max=2.985 | Ld=+1.7340 base=-0.09 r1=0.478 path=1.03 cap=0.314 | Lg=+0.7462 | 44s
 2870 post m=3 hq=0.030 fail | Dr=-0.376/-0.037 |Dr|max=0.643 Df=-0.533 | g r=0.632 f=0.803 p=0.904(0.010) max=3.253 | Ld=+1.8888 base=-0.0992 r1=0.477 path=1.18 cap=0.334 | Lg=+0.7484 | 44s
 2880 post m=3 hq=0.001 fail | Dr=-0.371/-0.027 |Dr|max=0.636 Df=-0.501 | g r=0.629 f=0.848 p=0.914(0.019) max=2.933 | Ld=+1.8129 base=-0.141 r1=0.46 path=1.1 cap=0.395 | Lg=+0.7693 | 44s
 2890 post m=2 hq=0.013 fail | Dr=-0.370/-0.027 |Dr|max=0.629 Df=-0.451 | g r=0.637 f=0.863 p=0.898(0.030) max=3.118 | Ld=+2.0402 base=-0.0711 r1=0.474 path=1.19 cap=0.444 | Lg=+0.7311 | 45s
 2900 post m=2 hq=0.048 fail | Dr=-0.371/-0.035 |Dr|max=0.623 Df=-0.470 | g r=0.644 f=0.932 p=0.927(0.024) max=2.835 | Ld=+2.0670 base=-0.108 r1=0.492 path=1.05 cap=0.631 | Lg=+0.7525 | 45s
 2910 post m=2 hq=0.009 fail | Dr=-0.354/-0.023 |Dr|max=0.611 Df=-0.419 | g r=0.653 f=0.953 p=0.914(0.013) max=3.110 | Ld=+1.9958 base=-0.0839 r1=0.528 path=1.04 cap=0.507 | Lg=+0.7400 | 45s
 2920 post m=4 hq=0.008 fail | Dr=-0.338/-0.023 |Dr|max=0.599 Df=-0.389 | g r=0.660 f=0.870 p=0.917(0.016) max=2.872 | Ld=+2.1243 base=-0.0681 r1=0.547 path=1.13 cap=0.518 | Lg=+0.7347 | 45s
 2930 post m=4 hq=0.038 fail | Dr=-0.338/-0.040 |Dr|max=0.592 Df=-0.420 | g r=0.667 f=0.935 p=0.901(0.028) max=2.590 | Ld=+2.1623 base=-0.0848 r1=0.582 path=1.14 cap=0.525 | Lg=+0.7403 | 45s
 2940 post m=4 hq=0.008 fail | Dr=-0.337/-0.056 |Dr|max=0.587 Df=-0.421 | g r=0.662 f=0.960 p=0.894(0.016) max=2.797 | Ld=+2.0631 base=-0.0726 r1=0.529 path=1.14 cap=0.463 | Lg=+0.7305 | 45s
 2950 post m=4 hq=0.010 fail | Dr=-0.335/-0.069 |Dr|max=0.588 Df=-0.415 | g r=0.669 f=0.905 p=0.888(0.022) max=2.577 | Ld=+2.0171 base=-0.0756 r1=0.553 path=1.16 cap=0.376 | Lg=+0.7363 | 45s
 2960 post m=5 hq=0.005 fail | Dr=-0.323/-0.072 |Dr|max=0.585 Df=-0.390 | g r=0.657 f=0.863 p=0.869(0.013) max=2.679 | Ld=+2.1571 base=-0.0844 r1=0.509 path=1.2 cap=0.529 | Lg=+0.7382 | 45s
 2970 post m=4 hq=0.009 fail | Dr=-0.308/-0.064 |Dr|max=0.579 Df=-0.371 | g r=0.643 f=0.851 p=0.875(0.016) max=2.484 | Ld=+2.0005 base=-0.0723 r1=0.518 path=1.19 cap=0.361 | Lg=+0.7364 | 45s
 2980 post m=6 hq=0.053 fail | Dr=-0.299/-0.066 |Dr|max=0.577 Df=-0.394 | g r=0.642 f=0.835 p=0.870(0.021) max=2.492 | Ld=+1.9975 base=-0.0775 r1=0.509 path=1.16 cap=0.407 | Lg=+0.7383 | 45s
 2990 post m=5 hq=0.012 fail | Dr=-0.288/-0.056 |Dr|max=0.576 Df=-0.356 | g r=0.634 f=0.761 p=0.859(0.004) max=2.552 | Ld=+1.8403 base=-0.11 r1=0.491 path=1.17 cap=0.294 | Lg=+0.7538 | 45s
 3000 post m=5 hq=0.043 fail | Dr=-0.277/-0.025 |Dr|max=0.579 Df=-0.378 | g r=0.625 f=0.830 p=0.864(0.005) max=2.363 | Ld=+1.8007 base=-0.111 r1=0.468 path=1.18 cap=0.265 | Lg=+0.7549 | 46s
 3010 post m=5 hq=0.049 fail | Dr=-0.273/-0.009 |Dr|max=0.579 Df=-0.371 | g r=0.645 f=0.826 p=0.882(0.023) max=2.720 | Ld=+1.9529 base=-0.102 r1=0.513 path=1.2 cap=0.344 | Lg=+0.7519 | 46s
 3020 post m=4 hq=0.015 fail | Dr=-0.270/+0.008 |Dr|max=0.591 Df=-0.359 | g r=0.635 f=0.816 p=0.860(0.018) max=2.989 | Ld=+1.8521 base=-0.108 r1=0.496 path=1.18 cap=0.288 | Lg=+0.7529 | 46s
 3030 post m=7 hq=0.021 fail | Dr=-0.273/+0.010 |Dr|max=0.597 Df=-0.370 | g r=0.637 f=0.850 p=0.882(0.007) max=2.733 | Ld=+1.8360 base=-0.103 r1=0.491 path=1.13 cap=0.317 | Lg=+0.7516 | 46s
 3040 post m=7 hq=0.033 fail | Dr=-0.277/+0.005 |Dr|max=0.604 Df=-0.388 | g r=0.641 f=0.849 p=0.881(0.018) max=2.466 | Ld=+1.8006 base=-0.105 r1=0.489 path=1.05 cap=0.367 | Lg=+0.7533 | 46s
 3050 post m=7 hq=0.069 fail | Dr=-0.271/+0.021 |Dr|max=0.608 Df=-0.368 | g r=0.629 f=0.883 p=0.872(0.011) max=2.518 | Ld=+1.9077 base=-0.0907 r1=0.471 path=1.14 cap=0.39 | Lg=+0.7502 | 46s
 3060 post m=7 hq=0.133 fail | Dr=-0.269/+0.035 |Dr|max=0.612 Df=-0.350 | g r=0.617 f=0.819 p=0.849(0.010) max=2.693 | Ld=+1.8092 base=-0.0945 r1=0.447 path=1.16 cap=0.299 | Lg=+0.7463 | 46s
 3070 post m=7 hq=0.116 fail | Dr=-0.258/+0.051 |Dr|max=0.614 Df=-0.336 | g r=0.605 f=0.863 p=0.870(0.024) max=2.606 | Ld=+1.9196 base=-0.0903 r1=0.43 path=1.19 cap=0.386 | Lg=+0.7458 | 46s
 3080 post m=7 hq=0.112 fail | Dr=-0.254/+0.059 |Dr|max=0.616 Df=-0.322 | g r=0.599 f=0.798 p=0.862(0.016) max=2.832 | Ld=+1.9243 base=-0.0813 r1=0.439 path=1.16 cap=0.408 | Lg=+0.7416 | 46s
 3090 post m=7 hq=0.050 fail | Dr=-0.248/+0.070 |Dr|max=0.617 Df=-0.320 | g r=0.591 f=0.846 p=0.867(0.014) max=2.746 | Ld=+1.8060 base=-0.0515 r1=0.423 path=1.12 cap=0.316 | Lg=+0.7313 | 46s
 3100 post m=4 hq=0.118 fail | Dr=-0.249/+0.070 |Dr|max=0.613 Df=-0.303 | g r=0.592 f=0.814 p=0.874(0.022) max=2.956 | Ld=+1.8600 base=-0.0485 r1=0.427 path=1.11 cap=0.376 | Lg=+0.7263 | 46s
 3110 post m=6 hq=0.094 fail | Dr=-0.252/+0.064 |Dr|max=0.614 Df=-0.309 | g r=0.599 f=0.832 p=0.890(0.002) max=2.553 | Ld=+2.0065 base=-0.0696 r1=0.438 path=1.27 cap=0.368 | Lg=+0.7438 | 47s
 3120 post m=5 hq=0.054 fail | Dr=-0.255/+0.056 |Dr|max=0.613 Df=-0.293 | g r=0.601 f=0.821 p=0.885(0.034) max=3.115 | Ld=+1.9699 base=-0.0504 r1=0.43 path=1.17 cap=0.421 | Lg=+0.7265 | 47s
 3130 post m=5 hq=0.034 fail | Dr=-0.257/+0.045 |Dr|max=0.607 Df=-0.293 | g r=0.594 f=0.871 p=0.894(0.029) max=3.057 | Ld=+1.8808 base=-0.0328 r1=0.421 path=1.03 cap=0.461 | Lg=+0.7200 | 47s
 3140 post m=6 hq=0.223 fail | Dr=-0.259/+0.035 |Dr|max=0.612 Df=-0.292 | g r=0.601 f=0.870 p=0.889(0.030) max=2.932 | Ld=+1.8948 base=-0.0451 r1=0.435 path=1.07 cap=0.432 | Lg=+0.7192 | 47s
 3150 post m=6 hq=0.026 fail | Dr=-0.277/+0.003 |Dr|max=0.629 Df=-0.304 | g r=0.620 f=0.880 p=0.901(0.026) max=3.031 | Ld=+1.9522 base=-0.0253 r1=0.469 path=1.07 cap=0.443 | Lg=+0.7108 | 47s
 3160 post m=4 hq=0.066 fail | Dr=-0.284/-0.010 |Dr|max=0.630 Df=-0.360 | g r=0.615 f=0.971 p=0.917(0.008) max=2.923 | Ld=+1.9015 base=-0.0421 r1=0.452 path=1.13 cap=0.363 | Lg=+0.7214 | 48s
 3170 post m=5 hq=0.159 fail | Dr=-0.288/-0.021 |Dr|max=0.629 Df=-0.329 | g r=0.617 f=0.807 p=0.901(0.014) max=2.541 | Ld=+1.9013 base=-0.0482 r1=0.465 path=1.03 cap=0.458 | Lg=+0.7217 | 48s
 3180 post m=5 hq=0.076 fail | Dr=-0.293/-0.030 |Dr|max=0.632 Df=-0.330 | g r=0.624 f=0.864 p=0.884(0.005) max=2.906 | Ld=+1.8091 base=-0.0384 r1=0.465 path=1.02 cap=0.361 | Lg=+0.7209 | 48s
 3190 post m=5 hq=0.073 fail | Dr=-0.302/-0.048 |Dr|max=0.639 Df=-0.337 | g r=0.636 f=0.891 p=0.896(0.011) max=2.800 | Ld=+1.8492 base=-0.037 r1=0.484 path=1.03 cap=0.375 | Lg=+0.7169 | 48s
 3200 post m=6 hq=0.031 fail | Dr=-0.304/-0.056 |Dr|max=0.632 Df=-0.333 | g r=0.631 f=0.869 p=0.896(0.011) max=2.728 | Ld=+1.7602 base=-0.0422 r1=0.472 path=1.06 cap=0.271 | Lg=+0.7178 | 49s
 3210 post m=6 hq=0.075 fail | Dr=-0.300/-0.048 |Dr|max=0.622 Df=-0.323 | g r=0.615 f=0.803 p=0.884(0.037) max=2.764 | Ld=+1.8237 base=-0.0324 r1=0.445 path=1.1 cap=0.313 | Lg=+0.7118 | 49s
 3220 post m=6 hq=0.210 fail | Dr=-0.299/-0.045 |Dr|max=0.617 Df=-0.332 | g r=0.612 f=0.869 p=0.887(0.013) max=3.052 | Ld=+1.8611 base=-0.0398 r1=0.451 path=1.09 cap=0.356 | Lg=+0.7204 | 49s
 3230 post m=6 hq=0.064 fail | Dr=-0.314/-0.073 |Dr|max=0.631 Df=-0.351 | g r=0.653 f=0.958 p=0.918(0.020) max=2.793 | Ld=+1.8046 base=-0.0478 r1=0.481 path=1.02 cap=0.356 | Lg=+0.7213 | 49s
 3240 post m=5 hq=0.029 fail | Dr=-0.319/-0.081 |Dr|max=0.630 Df=-0.362 | g r=0.643 f=0.883 p=0.892(0.010) max=2.299 | Ld=+1.8308 base=-0.0215 r1=0.484 path=1.06 cap=0.305 | Lg=+0.7094 | 50s
 3250 post m=5 hq=0.022 fail | Dr=-0.323/-0.085 |Dr|max=0.629 Df=-0.356 | g r=0.636 f=0.933 p=0.888(0.024) max=2.315 | Ld=+1.8273 base=-0.0232 r1=0.471 path=1.06 cap=0.325 | Lg=+0.7078 | 50s
 3260 post m=5 hq=0.156 fail | Dr=-0.322/-0.088 |Dr|max=0.621 Df=-0.373 | g r=0.643 f=0.895 p=0.897(0.029) max=2.746 | Ld=+1.7858 base=-0.0618 r1=0.463 path=1.06 cap=0.328 | Lg=+0.7282 | 50s
 3270 post m=5 hq=0.165 fail | Dr=-0.322/-0.083 |Dr|max=0.617 Df=-0.401 | g r=0.632 f=0.822 p=0.885(0.005) max=2.293 | Ld=+1.8470 base=-0.0565 r1=0.469 path=1.12 cap=0.313 | Lg=+0.7291 | 50s
 3280 post m=6 hq=0.228 fail | Dr=-0.322/-0.084 |Dr|max=0.612 Df=-0.351 | g r=0.630 f=0.831 p=0.890(0.006) max=2.851 | Ld=+1.7856 base=-0.0557 r1=0.447 path=1.03 cap=0.368 | Lg=+0.7281 | 50s
 3290 post m=5 hq=0.092 fail | Dr=-0.330/-0.095 |Dr|max=0.621 Df=-0.375 | g r=0.641 f=0.856 p=0.884(0.025) max=2.485 | Ld=+1.6804 base=-0.0425 r1=0.466 path=1.03 cap=0.227 | Lg=+0.7151 | 51s
 3300 post m=6 hq=0.069 fail | Dr=-0.336/-0.109 |Dr|max=0.617 Df=-0.409 | g r=0.642 f=0.929 p=0.903(0.025) max=2.366 | Ld=+1.8405 base=-0.0402 r1=0.467 path=0.962 cap=0.451 | Lg=+0.7176 | 51s
 3310 post m=6 hq=0.068 fail | Dr=-0.344/-0.124 |Dr|max=0.619 Df=-0.447 | g r=0.657 f=0.869 p=0.908(0.018) max=2.638 | Ld=+1.8704 base=-0.063 r1=0.513 path=0.952 cap=0.469 | Lg=+0.7269 | 51s
 3320 post m=6 hq=0.017 fail | Dr=-0.355/-0.153 |Dr|max=0.615 Df=-0.400 | g r=0.672 f=0.913 p=0.915(0.010) max=2.573 | Ld=+1.8228 base=-0.0643 r1=0.537 path=1.02 cap=0.329 | Lg=+0.7284 | 51s
 3330 post m=5 hq=0.168 fail | Dr=-0.363/-0.176 |Dr|max=0.609 Df=-0.429 | g r=0.664 f=0.906 p=0.896(0.012) max=2.683 | Ld=+1.8971 base=-0.0511 r1=0.531 path=1.06 cap=0.355 | Lg=+0.7227 | 52s
 3340 post m=5 hq=0.179 fail | Dr=-0.373/-0.204 |Dr|max=0.609 Df=-0.421 | g r=0.667 f=0.878 p=0.889(0.019) max=2.743 | Ld=+1.8079 base=-0.05 r1=0.534 path=0.988 cap=0.335 | Lg=+0.7210 | 52s
 3350 post m=5 hq=0.041 fail | Dr=-0.376/-0.204 |Dr|max=0.609 Df=-0.418 | g r=0.652 f=0.797 p=0.870(0.030) max=2.596 | Ld=+1.8390 base=-0.0482 r1=0.503 path=1.1 cap=0.282 | Lg=+0.7187 | 52s
 3360 post m=5 hq=0.073 fail | Dr=-0.379/-0.199 |Dr|max=0.610 Df=-0.423 | g r=0.651 f=0.821 p=0.876(0.019) max=2.501 | Ld=+1.7882 base=-0.0559 r1=0.51 path=1.05 cap=0.288 | Lg=+0.7235 | 52s
 3370 post m=5 hq=0.039 fail | Dr=-0.393/-0.206 |Dr|max=0.620 Df=-0.461 | g r=0.667 f=0.886 p=0.879(0.019) max=2.788 | Ld=+1.8416 base=-0.0625 r1=0.542 path=1.06 cap=0.306 | Lg=+0.7284 | 53s
 3380 post m=5 hq=0.021 fail | Dr=-0.405/-0.213 |Dr|max=0.633 Df=-0.479 | g r=0.660 f=0.950 p=0.890(0.017) max=2.609 | Ld=+1.8396 base=-0.0782 r1=0.511 path=1.12 cap=0.287 | Lg=+0.7354 | 53s
 3390 post m=5 hq=0.130 fail | Dr=-0.413/-0.218 |Dr|max=0.641 Df=-0.459 | g r=0.658 f=0.837 p=0.878(0.006) max=2.434 | Ld=+1.9553 base=-0.0431 r1=0.485 path=1.18 cap=0.337 | Lg=+0.7156 | 53s
 3400 post m=5 hq=0.037 fail | Dr=-0.422/-0.225 |Dr|max=0.652 Df=-0.467 | g r=0.640 f=0.799 p=0.864(0.024) max=2.680 | Ld=+1.8309 base=-0.0623 r1=0.49 path=1.06 cap=0.347 | Lg=+0.7265 | 53s
 3410 post m=5 hq=0.046 fail | Dr=-0.430/-0.229 |Dr|max=0.659 Df=-0.485 | g r=0.626 f=0.824 p=0.870(0.021) max=2.364 | Ld=+1.8189 base=-0.056 r1=0.452 path=1.15 cap=0.272 | Lg=+0.7219 | 53s
 3420 post m=5 hq=0.083 fail | Dr=-0.431/-0.226 |Dr|max=0.656 Df=-0.513 | g r=0.620 f=0.824 p=0.883(0.019) max=2.516 | Ld=+1.7115 base=-0.0767 r1=0.438 path=1.11 cap=0.244 | Lg=+0.7335 | 54s
 3430 post m=5 hq=0.047 fail | Dr=-0.441/-0.232 |Dr|max=0.661 Df=-0.505 | g r=0.622 f=0.841 p=0.880(0.022) max=2.610 | Ld=+1.8353 base=-0.034 r1=0.447 path=1.14 cap=0.285 | Lg=+0.7117 | 54s
 3440 post m=5 hq=0.022 fail | Dr=-0.451/-0.234 |Dr|max=0.665 Df=-0.508 | g r=0.605 f=0.919 p=0.882(0.014) max=2.504 | Ld=+1.7732 base=-0.0748 r1=0.437 path=1.11 cap=0.303 | Lg=+0.7335 | 54s
 3450 post m=5 hq=0.020 fail | Dr=-0.454/-0.231 |Dr|max=0.666 Df=-0.523 | g r=0.631 f=0.822 p=0.882(0.016) max=2.403 | Ld=+1.7995 base=-0.082 r1=0.478 path=1.08 cap=0.327 | Lg=+0.7371 | 54s
 3460 post m=5 hq=0.007 fail | Dr=-0.450/-0.221 |Dr|max=0.666 Df=-0.537 | g r=0.629 f=0.847 p=0.869(0.028) max=2.445 | Ld=+1.7382 base=-0.0461 r1=0.481 path=1.05 cap=0.252 | Lg=+0.7198 | 54s
 3470 post m=5 hq=0.031 fail | Dr=-0.453/-0.217 |Dr|max=0.666 Df=-0.512 | g r=0.619 f=0.852 p=0.880(0.028) max=2.382 | Ld=+1.7731 base=-0.0638 r1=0.443 path=1.13 cap=0.259 | Lg=+0.7269 | 55s
 3480 post m=5 hq=0.014 fail | Dr=-0.457/-0.216 |Dr|max=0.666 Df=-0.530 | g r=0.603 f=0.844 p=0.880(0.042) max=2.550 | Ld=+1.7478 base=-0.065 r1=0.411 path=1.11 cap=0.294 | Lg=+0.7278 | 55s
 3490 post m=5 hq=0.078 fail | Dr=-0.460/-0.219 |Dr|max=0.670 Df=-0.543 | g r=0.599 f=0.831 p=0.893(0.020) max=2.425 | Ld=+1.8534 base=-0.0489 r1=0.432 path=1.17 cap=0.302 | Lg=+0.7205 | 55s
 3500 post m=5 hq=0.195 fail | Dr=-0.460/-0.212 |Dr|max=0.669 Df=-0.524 | g r=0.606 f=0.833 p=0.883(0.026) max=2.495 | Ld=+1.7318 base=-0.0892 r1=0.452 path=1.14 cap=0.229 | Lg=+0.7427 | 55s
 3510 post m=5 hq=0.023 fail | Dr=-0.465/-0.211 |Dr|max=0.673 Df=-0.521 | g r=0.614 f=0.863 p=0.887(0.036) max=2.439 | Ld=+1.6864 base=-0.0962 r1=0.437 path=1.07 cap=0.279 | Lg=+0.7441 | 56s
 3520 post m=5 hq=0.052 fail | Dr=-0.460/-0.204 |Dr|max=0.667 Df=-0.525 | g r=0.605 f=0.771 p=0.873(0.014) max=2.472 | Ld=+1.7434 base=-0.0697 r1=0.438 path=1.09 cap=0.288 | Lg=+0.7332 | 56s
 3530 post m=5 hq=0.021 fail | Dr=-0.457/-0.196 |Dr|max=0.662 Df=-0.529 | g r=0.598 f=0.837 p=0.890(0.010) max=2.478 | Ld=+1.7047 base=-0.095 r1=0.418 path=1.12 cap=0.261 | Lg=+0.7432 | 56s
 3540 post m=6 hq=0.056 fail | Dr=-0.468/-0.197 |Dr|max=0.668 Df=-0.534 | g r=0.596 f=0.840 p=0.880(0.022) max=2.492 | Ld=+1.7708 base=-0.0716 r1=0.419 path=1.15 cap=0.278 | Lg=+0.7324 | 56s
 3550 post m=5 hq=0.169 fail | Dr=-0.479/-0.202 |Dr|max=0.680 Df=-0.573 | g r=0.595 f=0.899 p=0.881(0.021) max=2.532 | Ld=+1.7544 base=-0.0676 r1=0.412 path=1.11 cap=0.298 | Lg=+0.7315 | 56s
 3560 post m=4 hq=0.011 fail | Dr=-0.483/-0.201 |Dr|max=0.684 Df=-0.546 | g r=0.611 f=0.850 p=0.895(0.025) max=2.560 | Ld=+1.6950 base=-0.0769 r1=0.43 path=1.07 cap=0.277 | Lg=+0.7347 | 56s
 3570 post m=5 hq=0.025 fail | Dr=-0.494/-0.208 |Dr|max=0.700 Df=-0.578 | g r=0.608 f=0.890 p=0.886(0.027) max=2.586 | Ld=+1.7469 base=-0.0757 r1=0.46 path=1.08 cap=0.281 | Lg=+0.7334 | 56s
 3580 post m=3 hq=0.007 fail | Dr=-0.481/-0.204 |Dr|max=0.683 Df=-0.571 | g r=0.618 f=0.808 p=0.895(0.003) max=2.353 | Ld=+1.6951 base=-0.1 r1=0.449 path=1.11 cap=0.232 | Lg=+0.7495 | 56s
 3590 post m=2 hq=0.006 fail | Dr=-0.455/-0.200 |Dr|max=0.686 Df=-0.509 | g r=0.613 f=0.809 p=0.885(0.026) max=2.495 | Ld=+1.7204 base=-0.0615 r1=0.439 path=1.07 cap=0.271 | Lg=+0.7275 | 57s
 3600 post m=4 hq=0.004 fail | Dr=-0.419/-0.186 |Dr|max=0.665 Df=-0.508 | g r=0.602 f=0.867 p=0.896(0.032) max=2.527 | Ld=+1.7822 base=-0.0423 r1=0.434 path=1.07 cap=0.324 | Lg=+0.7186 | 57s
 3610 post m=4 hq=0.013 fail | Dr=-0.408/-0.194 |Dr|max=0.651 Df=-0.511 | g r=0.615 f=0.788 p=0.883(0.021) max=2.538 | Ld=+1.6697 base=-0.11 r1=0.434 path=1.11 cap=0.234 | Lg=+0.7540 | 57s
 3620 post m=4 hq=0.064 fail | Dr=-0.393/-0.199 |Dr|max=0.650 Df=-0.452 | g r=0.622 f=0.827 p=0.894(0.021) max=2.524 | Ld=+1.6775 base=-0.0643 r1=0.439 path=1.05 cap=0.255 | Lg=+0.7294 | 57s
 3630 post m=5 hq=0.082 fail | Dr=-0.369/-0.195 |Dr|max=0.653 Df=-0.450 | g r=0.612 f=0.863 p=0.887(0.035) max=2.248 | Ld=+1.7083 base=-0.075 r1=0.432 path=1.08 cap=0.275 | Lg=+0.7330 | 57s
 3640 post m=4 hq=0.064 fail | Dr=-0.359/-0.162 |Dr|max=0.657 Df=-0.429 | g r=0.615 f=0.837 p=0.886(0.015) max=2.343 | Ld=+1.6665 base=-0.0666 r1=0.437 path=1.08 cap=0.218 | Lg=+0.7291 | 57s
 3650 post m=4 hq=0.061 fail | Dr=-0.351/-0.125 |Dr|max=0.673 Df=-0.478 | g r=0.604 f=0.897 p=0.885(0.022) max=2.399 | Ld=+1.6558 base=-0.108 r1=0.415 path=1.15 cap=0.202 | Lg=+0.7508 | 57s
 3660 post m=4 hq=0.065 fail | Dr=-0.342/-0.094 |Dr|max=0.681 Df=-0.452 | g r=0.608 f=0.867 p=0.881(0.010) max=2.487 | Ld=+1.6919 base=-0.122 r1=0.437 path=1.09 cap=0.282 | Lg=+0.7619 | 57s
 3670 post m=4 hq=0.097 fail | Dr=-0.342/-0.065 |Dr|max=0.703 Df=-0.459 | g r=0.609 f=0.836 p=0.879(0.022) max=2.285 | Ld=+1.6341 base=-0.126 r1=0.422 path=1.07 cap=0.271 | Lg=+0.7641 | 57s
 3680 post m=3 hq=0.036 fail | Dr=-0.341/-0.034 |Dr|max=0.725 Df=-0.495 | g r=0.607 f=0.947 p=0.895(0.027) max=2.443 | Ld=+1.6525 base=-0.13 r1=0.429 path=1.09 cap=0.26 | Lg=+0.7682 | 57s
 3690 post m=5 hq=0.033 fail | Dr=-0.337/-0.020 |Dr|max=0.730 Df=-0.502 | g r=0.621 f=0.859 p=0.891(0.009) max=2.506 | Ld=+1.6430 base=-0.129 r1=0.448 path=1.05 cap=0.277 | Lg=+0.7662 | 57s
 3700 post m=7 hq=0.038 fail | Dr=-0.333/-0.010 |Dr|max=0.729 Df=-0.449 | g r=0.629 f=0.894 p=0.903(0.020) max=2.236 | Ld=+1.6239 base=-0.116 r1=0.461 path=1 cap=0.279 | Lg=+0.7628 | 58s
 3710 post m=6 hq=0.067 fail | Dr=-0.329/-0.007 |Dr|max=0.728 Df=-0.441 | g r=0.625 f=0.787 p=0.893(0.037) max=2.216 | Ld=+1.7205 base=-0.114 r1=0.453 path=1.13 cap=0.256 | Lg=+0.7626 | 58s
 3720 post m=6 hq=0.023 fail | Dr=-0.328/-0.006 |Dr|max=0.730 Df=-0.451 | g r=0.609 f=0.810 p=0.900(0.016) max=2.341 | Ld=+1.6222 base=-0.101 r1=0.442 path=1.05 cap=0.233 | Lg=+0.7594 | 58s
 3730 post m=5 hq=0.044 fail | Dr=-0.327/-0.003 |Dr|max=0.734 Df=-0.450 | g r=0.595 f=0.885 p=0.890(0.027) max=2.228 | Ld=+1.5523 base=-0.103 r1=0.407 path=1.01 cap=0.237 | Lg=+0.7577 | 58s
 3740 post m=7 hq=0.061 fail | Dr=-0.330/-0.006 |Dr|max=0.736 Df=-0.397 | g r=0.579 f=0.789 p=0.870(0.012) max=2.258 | Ld=+1.6914 base=-0.0814 r1=0.408 path=1.12 cap=0.244 | Lg=+0.7481 | 58s
 3750 post m=7 hq=0.106 fail | Dr=-0.334/-0.012 |Dr|max=0.739 Df=-0.418 | g r=0.579 f=0.796 p=0.879(0.029) max=2.229 | Ld=+1.6651 base=-0.0711 r1=0.399 path=1.03 cap=0.308 | Lg=+0.7348 | 58s
 3760 post m=6 hq=0.052 fail | Dr=-0.343/-0.021 |Dr|max=0.742 Df=-0.402 | g r=0.579 f=0.814 p=0.879(0.033) max=2.250 | Ld=+1.6378 base=-0.11 r1=0.401 path=1.08 cap=0.269 | Lg=+0.7600 | 58s
 3770 post m=6 hq=0.100 fail | Dr=-0.344/-0.022 |Dr|max=0.742 Df=-0.417 | g r=0.580 f=0.888 p=0.882(0.014) max=2.289 | Ld=+1.5955 base=-0.0668 r1=0.401 path=1.03 cap=0.235 | Lg=+0.7387 | 58s
 3780 post m=5 hq=0.073 fail | Dr=-0.352/-0.034 |Dr|max=0.741 Df=-0.427 | g r=0.576 f=0.823 p=0.891(0.013) max=2.279 | Ld=+1.6678 base=-0.0934 r1=0.401 path=1.1 cap=0.263 | Lg=+0.7511 | 58s
 3790 post m=7 hq=0.098 fail | Dr=-0.359/-0.044 |Dr|max=0.737 Df=-0.447 | g r=0.576 f=0.837 p=0.892(0.022) max=2.395 | Ld=+1.6747 base=-0.0832 r1=0.381 path=1.08 cap=0.302 | Lg=+0.7442 | 58s
 3800 post m=6 hq=0.041 fail | Dr=-0.356/-0.047 |Dr|max=0.730 Df=-0.473 | g r=0.597 f=0.882 p=0.913(0.017) max=2.286 | Ld=+1.6009 base=-0.0842 r1=0.423 path=0.956 cap=0.306 | Lg=+0.7412 | 58s
 3810 post m=5 hq=0.022 fail | Dr=-0.365/-0.062 |Dr|max=0.728 Df=-0.486 | g r=0.598 f=0.870 p=0.910(0.014) max=2.330 | Ld=+1.6260 base=-0.0987 r1=0.432 path=1.03 cap=0.259 | Lg=+0.7551 | 58s
 3820 post m=5 hq=0.012 fail | Dr=-0.370/-0.071 |Dr|max=0.719 Df=-0.494 | g r=0.596 f=0.912 p=0.900(0.014) max=2.378 | Ld=+1.6659 base=-0.106 r1=0.415 path=1.08 cap=0.278 | Lg=+0.7561 | 59s
 3830 post m=6 hq=0.011 fail | Dr=-0.374/-0.080 |Dr|max=0.712 Df=-0.498 | g r=0.594 f=0.863 p=0.893(0.025) max=2.407 | Ld=+1.6035 base=-0.12 r1=0.416 path=1.02 cap=0.284 | Lg=+0.7581 | 59s
 3840 post m=7 hq=0.112 fail | Dr=-0.367/-0.079 |Dr|max=0.701 Df=-0.465 | g r=0.599 f=0.781 p=0.890(0.021) max=2.458 | Ld=+1.6249 base=-0.0925 r1=0.427 path=1.03 cap=0.265 | Lg=+0.7469 | 59s
 3850 post m=7 hq=0.103 fail | Dr=-0.362/-0.073 |Dr|max=0.696 Df=-0.477 | g r=0.593 f=0.872 p=0.888(0.023) max=2.250 | Ld=+1.6595 base=-0.108 r1=0.413 path=1.08 cap=0.276 | Lg=+0.7551 | 59s
 3860 post m=7 hq=0.065 fail | Dr=-0.363/-0.071 |Dr|max=0.693 Df=-0.458 | g r=0.591 f=0.820 p=0.884(0.012) max=2.286 | Ld=+1.4991 base=-0.129 r1=0.413 path=0.957 cap=0.258 | Lg=+0.7624 | 59s
 3870 post m=6 hq=0.019 fail | Dr=-0.355/-0.065 |Dr|max=0.683 Df=-0.452 | g r=0.587 f=0.813 p=0.890(0.019) max=2.503 | Ld=+1.6488 base=-0.0988 r1=0.417 path=1.09 cap=0.239 | Lg=+0.7522 | 59s
 3880 post m=5 hq=0.048 fail | Dr=-0.352/-0.064 |Dr|max=0.676 Df=-0.432 | g r=0.586 f=0.923 p=0.906(0.019) max=2.207 | Ld=+1.6765 base=-0.098 r1=0.412 path=1.07 cap=0.297 | Lg=+0.7523 | 59s
 3890 post m=4 hq=0.047 fail | Dr=-0.358/-0.079 |Dr|max=0.677 Df=-0.423 | g r=0.581 f=0.842 p=0.896(0.023) max=2.213 | Ld=+1.5559 base=-0.0833 r1=0.393 path=1.01 cap=0.24 | Lg=+0.7422 | 59s
 3900 post m=5 hq=0.055 fail | Dr=-0.360/-0.101 |Dr|max=0.670 Df=-0.407 | g r=0.605 f=0.907 p=0.918(0.004) max=2.687 | Ld=+1.6842 base=-0.0462 r1=0.424 path=0.992 cap=0.314 | Lg=+0.7219 | 59s
 3910 post m=3 hq=0.012 fail | Dr=-0.338/-0.082 |Dr|max=0.665 Df=-0.394 | g r=0.611 f=0.861 p=0.900(0.025) max=2.311 | Ld=+1.7313 base=-0.0597 r1=0.445 path=0.991 cap=0.355 | Lg=+0.7322 | 59s
 3920 post m=3 hq=0.011 fail | Dr=-0.335/-0.081 |Dr|max=0.666 Df=-0.390 | g r=0.619 f=0.764 p=0.891(0.016) max=2.379 | Ld=+1.7350 base=-0.058 r1=0.43 path=1.08 cap=0.282 | Lg=+0.7270 | 59s
 3930 post m=3 hq=0.011 fail | Dr=-0.325/-0.076 |Dr|max=0.667 Df=-0.402 | g r=0.610 f=0.893 p=0.901(0.034) max=2.304 | Ld=+1.6027 base=-0.07 r1=0.431 path=0.972 cap=0.27 | Lg=+0.7353 | 60s
 3940 post m=5 hq=0.037 fail | Dr=-0.326/-0.083 |Dr|max=0.666 Df=-0.408 | g r=0.608 f=0.911 p=0.903(0.033) max=2.485 | Ld=+1.7152 base=-0.0643 r1=0.434 path=1.01 cap=0.34 | Lg=+0.7294 | 60s
 3950 post m=3 hq=0.012 fail | Dr=-0.320/-0.082 |Dr|max=0.662 Df=-0.415 | g r=0.611 f=0.916 p=0.892(0.041) max=2.305 | Ld=+1.6332 base=-0.0984 r1=0.426 path=1.05 cap=0.259 | Lg=+0.7515 | 60s
 3960 post m=4 hq=0.002 fail | Dr=-0.331/-0.094 |Dr|max=0.672 Df=-0.436 | g r=0.610 f=0.846 p=0.889(0.005) max=2.617 | Ld=+1.7780 base=-0.0962 r1=0.454 path=1.05 cap=0.371 | Lg=+0.7480 | 60s
 3970 post m=3 hq=0.022 fail | Dr=-0.338/-0.097 |Dr|max=0.681 Df=-0.447 | g r=0.608 f=0.856 p=0.889(0.020) max=2.354 | Ld=+1.6802 base=-0.0982 r1=0.429 path=1.07 cap=0.277 | Lg=+0.7504 | 60s
 3980 post m=4 hq=0.013 fail | Dr=-0.336/-0.110 |Dr|max=0.677 Df=-0.408 | g r=0.604 f=0.860 p=0.880(0.029) max=2.523 | Ld=+1.6167 base=-0.0768 r1=0.424 path=1.01 cap=0.261 | Lg=+0.7332 | 60s
 3990 post m=4 hq=0.006 fail | Dr=-0.339/-0.127 |Dr|max=0.661 Df=-0.409 | g r=0.621 f=0.917 p=0.903(0.023) max=2.274 | Ld=+1.6531 base=-0.0512 r1=0.455 path=0.966 cap=0.283 | Lg=+0.7271 | 60s
 4000 post m=3 hq=0.006 fail | Dr=-0.344/-0.155 |Dr|max=0.645 Df=-0.461 | g r=0.628 f=0.850 p=0.903(0.015) max=2.560 | Ld=+1.5345 base=-0.15 r1=0.442 path=0.966 cap=0.277 | Lg=+0.7752 | 60s
 4010 post m=4 hq=0.015 fail | Dr=-0.352/-0.184 |Dr|max=0.638 Df=-0.469 | g r=0.630 f=0.867 p=0.896(0.019) max=2.490 | Ld=+1.5479 base=-0.117 r1=0.439 path=0.978 cap=0.248 | Lg=+0.7575 | 60s
 4020 post m=5 hq=0.006 fail | Dr=-0.367/-0.188 |Dr|max=0.632 Df=-0.494 | g r=0.629 f=0.887 p=0.908(0.020) max=2.335 | Ld=+1.6789 base=-0.122 r1=0.449 path=1.05 cap=0.301 | Lg=+0.7539 | 60s
 4030 post m=2 hq=0.018 fail | Dr=-0.362/-0.178 |Dr|max=0.629 Df=-0.462 | g r=0.613 f=0.871 p=0.884(0.009) max=2.236 | Ld=+1.6797 base=-0.1 r1=0.451 path=1.07 cap=0.258 | Lg=+0.7476 | 60s
 4040 post m=4 hq=0.021 fail | Dr=-0.354/-0.167 |Dr|max=0.634 Df=-0.440 | g r=0.601 f=0.846 p=0.868(0.016) max=2.631 | Ld=+1.7267 base=-0.105 r1=0.435 path=1.11 cap=0.283 | Lg=+0.7503 | 61s
 4050 post m=4 hq=0.035 fail | Dr=-0.360/-0.167 |Dr|max=0.638 Df=-0.475 | g r=0.599 f=0.865 p=0.880(0.010) max=2.385 | Ld=+1.6578 base=-0.108 r1=0.425 path=1.06 cap=0.279 | Lg=+0.7494 | 61s
 4060 post m=5 hq=0.028 fail | Dr=-0.358/-0.157 |Dr|max=0.632 Df=-0.459 | g r=0.599 f=0.904 p=0.881(0.017) max=2.234 | Ld=+1.6767 base=-0.0788 r1=0.424 path=1.07 cap=0.266 | Lg=+0.7359 | 61s
 4070 post m=3 hq=0.032 fail | Dr=-0.354/-0.150 |Dr|max=0.625 Df=-0.434 | g r=0.594 f=0.911 p=0.878(0.005) max=2.488 | Ld=+1.7163 base=-0.0776 r1=0.422 path=1.12 cap=0.255 | Lg=+0.7386 | 61s
 4080 post m=5 hq=0.115 fail | Dr=-0.348/-0.147 |Dr|max=0.619 Df=-0.436 | g r=0.594 f=0.840 p=0.883(0.023) max=2.339 | Ld=+1.6299 base=-0.0612 r1=0.397 path=1.08 cap=0.217 | Lg=+0.7288 | 61s
 4090 post m=4 hq=0.011 fail | Dr=-0.341/-0.145 |Dr|max=0.624 Df=-0.445 | g r=0.601 f=0.899 p=0.877(0.047) max=2.300 | Ld=+1.6036 base=-0.0776 r1=0.411 path=1.07 cap=0.201 | Lg=+0.7378 | 61s
 4100 post m=5 hq=0.088 fail | Dr=-0.332/-0.149 |Dr|max=0.614 Df=-0.407 | g r=0.581 f=0.937 p=0.893(0.018) max=2.323 | Ld=+1.6834 base=-0.0532 r1=0.394 path=1.06 cap=0.283 | Lg=+0.7200 | 61s
 4110 post m=6 hq=0.008 fail | Dr=-0.331/-0.139 |Dr|max=0.603 Df=-0.443 | g r=0.596 f=0.931 p=0.907(0.020) max=2.278 | Ld=+1.5247 base=-0.117 r1=0.412 path=0.979 cap=0.251 | Lg=+0.7557 | 61s
 4120 post m=5 hq=0.017 fail | Dr=-0.331/-0.145 |Dr|max=0.591 Df=-0.415 | g r=0.598 f=0.898 p=0.886(0.029) max=2.340 | Ld=+1.6393 base=-0.0645 r1=0.411 path=1.08 cap=0.212 | Lg=+0.7266 | 61s
 4130 post m=5 hq=0.014 fail | Dr=-0.337/-0.168 |Dr|max=0.594 Df=-0.454 | g r=0.591 f=0.948 p=0.898(0.010) max=2.391 | Ld=+1.5426 base=-0.113 r1=0.409 path=1.02 cap=0.222 | Lg=+0.7533 | 61s
 4140 post m=5 hq=0.025 fail | Dr=-0.341/-0.176 |Dr|max=0.594 Df=-0.452 | g r=0.598 f=0.969 p=0.890(0.030) max=2.233 | Ld=+1.5751 base=-0.0944 r1=0.407 path=1.06 cap=0.203 | Lg=+0.7435 | 61s
 4150 post m=6 hq=0.020 fail | Dr=-0.344/-0.181 |Dr|max=0.587 Df=-0.407 | g r=0.603 f=0.823 p=0.884(0.027) max=2.351 | Ld=+1.6485 base=-0.0934 r1=0.431 path=1.03 cap=0.284 | Lg=+0.7466 | 62s
 4160 post m=4 hq=0.019 fail | Dr=-0.345/-0.190 |Dr|max=0.587 Df=-0.466 | g r=0.608 f=0.910 p=0.885(0.014) max=2.120 | Ld=+1.5737 base=-0.121 r1=0.435 path=0.996 cap=0.265 | Lg=+0.7604 | 62s
 4170 post m=5 hq=0.025 fail | Dr=-0.345/-0.176 |Dr|max=0.576 Df=-0.415 | g r=0.595 f=0.805 p=0.889(0.014) max=2.435 | Ld=+1.5950 base=-0.0983 r1=0.412 path=1.03 cap=0.249 | Lg=+0.7466 | 62s
 4180 post m=4 hq=0.019 fail | Dr=-0.335/-0.171 |Dr|max=0.568 Df=-0.415 | g r=0.585 f=0.881 p=0.895(0.035) max=2.144 | Ld=+1.6179 base=-0.0972 r1=0.401 path=1.06 cap=0.258 | Lg=+0.7461 | 62s
 4190 post m=5 hq=0.010 fail | Dr=-0.337/-0.175 |Dr|max=0.567 Df=-0.451 | g r=0.587 f=0.901 p=0.893(0.023) max=2.040 | Ld=+1.6097 base=-0.0649 r1=0.402 path=1.04 cap=0.229 | Lg=+0.7297 | 62s
 4200 post m=5 hq=0.029 fail | Dr=-0.342/-0.179 |Dr|max=0.568 Df=-0.431 | g r=0.591 f=0.887 p=0.875(0.019) max=2.242 | Ld=+1.6340 base=-0.0934 r1=0.41 path=1.06 cap=0.256 | Lg=+0.7432 | 62s
 4210 post m=5 hq=0.021 fail | Dr=-0.335/-0.165 |Dr|max=0.563 Df=-0.433 | g r=0.586 f=0.887 p=0.882(0.031) max=2.371 | Ld=+1.6365 base=-0.0842 r1=0.399 path=1.05 cap=0.269 | Lg=+0.7380 | 62s
 4220 post m=3 hq=0.005 fail | Dr=-0.333/-0.154 |Dr|max=0.562 Df=-0.428 | g r=0.586 f=0.881 p=0.892(0.010) max=2.318 | Ld=+1.5750 base=-0.0737 r1=0.401 path=1.02 cap=0.223 | Lg=+0.7324 | 62s
 4230 post m=4 hq=0.011 fail | Dr=-0.338/-0.146 |Dr|max=0.559 Df=-0.447 | g r=0.591 f=0.852 p=0.887(0.010) max=2.750 | Ld=+1.6495 base=-0.11 r1=0.407 path=1.05 cap=0.304 | Lg=+0.7480 | 62s
 4240 post m=5 hq=0.015 fail | Dr=-0.345/-0.147 |Dr|max=0.568 Df=-0.444 | g r=0.594 f=0.932 p=0.882(0.012) max=2.468 | Ld=+1.6145 base=-0.0808 r1=0.413 path=1.05 cap=0.234 | Lg=+0.7348 | 62s
 4250 post m=5 hq=0.031 fail | Dr=-0.322/-0.135 |Dr|max=0.562 Df=-0.398 | g r=0.584 f=0.910 p=0.891(0.001) max=2.484 | Ld=+1.6105 base=-0.0593 r1=0.397 path=1.03 cap=0.244 | Lg=+0.7253 | 62s
 4260 post m=3 hq=0.018 fail | Dr=-0.306/-0.136 |Dr|max=0.575 Df=-0.397 | g r=0.587 f=0.832 p=0.878(0.015) max=2.213 | Ld=+1.5653 base=-0.0883 r1=0.395 path=1.04 cap=0.214 | Lg=+0.7396 | 62s
 4270 post m=3 hq=0.022 fail | Dr=-0.291/-0.132 |Dr|max=0.581 Df=-0.343 | g r=0.586 f=0.857 p=0.883(0.027) max=2.275 | Ld=+1.5416 base=-0.0664 r1=0.385 path=1.01 cap=0.217 | Lg=+0.7310 | 63s
 4280 post m=4 hq=0.041 fail | Dr=-0.270/-0.106 |Dr|max=0.588 Df=-0.362 | g r=0.582 f=0.925 p=0.878(0.034) max=2.464 | Ld=+1.5649 base=-0.067 r1=0.386 path=1.04 cap=0.202 | Lg=+0.7332 | 63s
 4290 post m=4 hq=0.040 fail | Dr=-0.260/-0.089 |Dr|max=0.595 Df=-0.327 | g r=0.578 f=0.858 p=0.882(0.005) max=2.510 | Ld=+1.6090 base=-0.0548 r1=0.39 path=1.06 cap=0.216 | Lg=+0.7272 | 63s
 4300 post m=4 hq=0.040 fail | Dr=-0.256/-0.062 |Dr|max=0.608 Df=-0.347 | g r=0.572 f=0.912 p=0.881(0.014) max=2.442 | Ld=+1.5087 base=-0.0888 r1=0.385 path=0.958 cap=0.254 | Lg=+0.7451 | 63s
 4310 post m=4 hq=0.011 fail | Dr=-0.250/-0.039 |Dr|max=0.616 Df=-0.386 | g r=0.582 f=0.898 p=0.898(0.009) max=2.141 | Ld=+1.5290 base=-0.122 r1=0.394 path=1.02 cap=0.236 | Lg=+0.7646 | 63s
 4320 post m=4 hq=0.017 fail | Dr=-0.258/-0.036 |Dr|max=0.626 Df=-0.361 | g r=0.593 f=0.880 p=0.892(0.018) max=2.301 | Ld=+1.5240 base=-0.101 r1=0.403 path=0.999 cap=0.223 | Lg=+0.7529 | 63s
 4330 post m=6 hq=0.010 fail | Dr=-0.255/-0.027 |Dr|max=0.629 Df=-0.360 | g r=0.589 f=0.883 p=0.917(0.010) max=2.652 | Ld=+1.4733 base=-0.116 r1=0.394 path=0.993 cap=0.202 | Lg=+0.7626 | 63s
 4340 post m=5 hq=0.020 fail | Dr=-0.262/-0.032 |Dr|max=0.625 Df=-0.382 | g r=0.593 f=0.933 p=0.902(0.027) max=2.264 | Ld=+1.5231 base=-0.111 r1=0.414 path=1.02 cap=0.198 | Lg=+0.7543 | 63s
 4350 post m=5 hq=0.009 fail | Dr=-0.273/-0.043 |Dr|max=0.630 Df=-0.401 | g r=0.597 f=0.925 p=0.897(0.012) max=2.417 | Ld=+1.5239 base=-0.12 r1=0.41 path=1 cap=0.235 | Lg=+0.7586 | 63s
 4360 post m=6 hq=0.007 fail | Dr=-0.277/-0.052 |Dr|max=0.628 Df=-0.357 | g r=0.599 f=0.852 p=0.895(0.022) max=2.461 | Ld=+1.5615 base=-0.1 r1=0.428 path=0.998 cap=0.236 | Lg=+0.7460 | 63s
 4370 post m=4 hq=0.004 fail | Dr=-0.272/-0.056 |Dr|max=0.634 Df=-0.396 | g r=0.585 f=0.827 p=0.881(0.005) max=2.206 | Ld=+1.5941 base=-0.115 r1=0.418 path=1.07 cap=0.217 | Lg=+0.7670 | 63s
 4380 post m=5 hq=0.007 fail | Dr=-0.277/-0.062 |Dr|max=0.650 Df=-0.375 | g r=0.578 f=0.851 p=0.891(0.016) max=2.215 | Ld=+1.5992 base=-0.0975 r1=0.399 path=1.02 cap=0.282 | Lg=+0.7527 | 63s
 4390 post m=5 hq=0.037 fail | Dr=-0.297/-0.099 |Dr|max=0.652 Df=-0.367 | g r=0.587 f=0.837 p=0.893(0.025) max=2.568 | Ld=+1.6442 base=-0.0679 r1=0.407 path=1.06 cap=0.25 | Lg=+0.7342 | 64s
 4400 post m=6 hq=0.020 fail | Dr=-0.315/-0.124 |Dr|max=0.640 Df=-0.421 | g r=0.597 f=0.826 p=0.904(0.023) max=2.276 | Ld=+1.6298 base=-0.0825 r1=0.423 path=1.01 cap=0.277 | Lg=+0.7410 | 64s
 4410 post m=5 hq=0.047 fail | Dr=-0.328/-0.131 |Dr|max=0.632 Df=-0.457 | g r=0.588 f=0.856 p=0.910(0.024) max=2.366 | Ld=+1.6929 base=-0.095 r1=0.422 path=1 cap=0.365 | Lg=+0.7439 | 64s
 4420 post m=5 hq=0.030 fail | Dr=-0.334/-0.122 |Dr|max=0.629 Df=-0.441 | g r=0.580 f=0.859 p=0.896(0.024) max=2.369 | Ld=+1.6075 base=-0.0985 r1=0.411 path=1 cap=0.295 | Lg=+0.7491 | 64s
 4430 post m=6 hq=0.037 fail | Dr=-0.351/-0.125 |Dr|max=0.623 Df=-0.429 | g r=0.588 f=0.884 p=0.902(0.011) max=2.383 | Ld=+1.5944 base=-0.101 r1=0.4 path=1.03 cap=0.26 | Lg=+0.7503 | 64s
 4440 post m=4 hq=0.095 fail | Dr=-0.356/-0.129 |Dr|max=0.623 Df=-0.472 | g r=0.591 f=0.908 p=0.906(0.013) max=2.282 | Ld=+1.5782 base=-0.107 r1=0.41 path=1 cap=0.273 | Lg=+0.7502 | 64s
 4450 post m=4 hq=0.011 fail | Dr=-0.350/-0.121 |Dr|max=0.627 Df=-0.473 | g r=0.595 f=0.796 p=0.895(0.023) max=2.122 | Ld=+1.5024 base=-0.113 r1=0.418 path=0.969 cap=0.227 | Lg=+0.7570 | 64s
 4460 post m=5 hq=0.087 fail | Dr=-0.365/-0.126 |Dr|max=0.631 Df=-0.479 | g r=0.595 f=0.875 p=0.892(0.012) max=2.200 | Ld=+1.6107 base=-0.128 r1=0.421 path=0.978 cap=0.34 | Lg=+0.7655 | 64s
 4470 post m=5 hq=0.021 fail | Dr=-0.364/-0.111 |Dr|max=0.616 Df=-0.473 | g r=0.596 f=0.858 p=0.890(0.013) max=2.296 | Ld=+1.4947 base=-0.123 r1=0.424 path=0.932 cap=0.261 | Lg=+0.7589 | 64s
 4480 post m=5 hq=0.036 fail | Dr=-0.360/-0.096 |Dr|max=0.597 Df=-0.463 | g r=0.609 f=0.903 p=0.886(0.013) max=2.232 | Ld=+1.5685 base=-0.102 r1=0.451 path=0.957 cap=0.262 | Lg=+0.7512 | 64s
 4490 post m=6 hq=0.013 fail | Dr=-0.351/-0.089 |Dr|max=0.577 Df=-0.454 | g r=0.613 f=0.786 p=0.879(0.031) max=2.341 | Ld=+1.5590 base=-0.0992 r1=0.439 path=0.949 cap=0.27 | Lg=+0.7493 | 64s
 4500 post m=4 hq=0.123 fail | Dr=-0.349/-0.085 |Dr|max=0.562 Df=-0.448 | g r=0.609 f=0.856 p=0.886(0.019) max=2.201 | Ld=+1.6153 base=-0.104 r1=0.432 path=1.06 cap=0.223 | Lg=+0.7481 | 64s
 4510 post m=4 hq=0.048 fail | Dr=-0.360/-0.091 |Dr|max=0.584 Df=-0.454 | g r=0.608 f=0.835 p=0.893(0.018) max=2.192 | Ld=+1.5421 base=-0.112 r1=0.434 path=0.99 cap=0.231 | Lg=+0.7530 | 65s
 4520 post m=5 hq=0.087 fail | Dr=-0.353/-0.087 |Dr|max=0.577 Df=-0.470 | g r=0.604 f=0.883 p=0.886(0.013) max=2.081 | Ld=+1.5299 base=-0.105 r1=0.428 path=0.997 cap=0.211 | Lg=+0.7501 | 65s
 4530 post m=4 hq=0.157 fail | Dr=-0.357/-0.086 |Dr|max=0.592 Df=-0.466 | g r=0.612 f=0.852 p=0.891(0.015) max=2.250 | Ld=+1.4932 base=-0.111 r1=0.434 path=0.954 cap=0.216 | Lg=+0.7522 | 65s
 4540 post m=4 hq=0.145 fail | Dr=-0.367/-0.091 |Dr|max=0.604 Df=-0.471 | g r=0.608 f=0.803 p=0.894(0.023) max=2.206 | Ld=+1.5499 base=-0.101 r1=0.429 path=0.997 cap=0.225 | Lg=+0.7493 | 65s
 4550 post m=5 hq=0.110 fail | Dr=-0.360/-0.083 |Dr|max=0.604 Df=-0.497 | g r=0.611 f=0.876 p=0.883(0.017) max=2.097 | Ld=+1.5819 base=-0.114 r1=0.435 path=1.02 cap=0.241 | Lg=+0.7570 | 65s
 4560 post m=6 hq=0.122 fail | Dr=-0.365/-0.085 |Dr|max=0.620 Df=-0.480 | g r=0.623 f=0.862 p=0.890(0.023) max=2.138 | Ld=+1.5423 base=-0.0897 r1=0.447 path=0.979 cap=0.206 | Lg=+0.7441 | 65s
 4570 post m=6 hq=0.103 fail | Dr=-0.365/-0.083 |Dr|max=0.627 Df=-0.467 | g r=0.624 f=0.802 p=0.886(0.020) max=2.163 | Ld=+1.5993 base=-0.105 r1=0.453 path=1.03 cap=0.216 | Lg=+0.7532 | 65s
 4580 post m=6 hq=0.027 fail | Dr=-0.368/-0.084 |Dr|max=0.635 Df=-0.488 | g r=0.624 f=0.829 p=0.886(0.007) max=2.336 | Ld=+1.4878 base=-0.131 r1=0.447 path=0.953 cap=0.218 | Lg=+0.7667 | 65s
 4590 post m=5 hq=0.141 fail | Dr=-0.374/-0.088 |Dr|max=0.648 Df=-0.477 | g r=0.617 f=0.838 p=0.885(0.009) max=2.403 | Ld=+1.5114 base=-0.118 r1=0.442 path=0.973 cap=0.214 | Lg=+0.7574 | 65s
 4600 post m=5 hq=0.094 fail | Dr=-0.370/-0.089 |Dr|max=0.645 Df=-0.494 | g r=0.616 f=0.878 p=0.891(0.017) max=2.384 | Ld=+1.5805 base=-0.121 r1=0.441 path=1.01 cap=0.25 | Lg=+0.7569 | 65s
# COMPLETE 4600 updates in 65s; prehold 0/120; arrival=None
