# arm=int_r1 formulation=wgan + r1(1) + path-lower(10,t=0.3,u=0.1,0.9) + cap-all(10,c=1) device=cuda:0 steps=4600
# step phase modes hq pass | Dr mean/max |Dr|max Df | grad-norm real fake path(min) max | loss_d terms | loss_g | sec
   10 acq  m=0 hq=0.000 fail | Dr=+0.245/+0.445 |Dr|max=0.445 Df=+0.019 | g r=0.540 f=0.523 p=0.568(0.010) max=1.488 | Ld=+0.1577 base=-0.237 r1=0.29 path=0.0308 cap=0.0732 | Lg=+0.8353 | 1s
   20 acq  m=0 hq=0.000 fail | Dr=+0.269/+0.921 |Dr|max=0.921 Df=+0.025 | g r=0.246 f=0.603 p=0.612(0.006) max=1.941 | Ld=-0.1259 base=-0.255 r1=0.0474 path=0.0814 cap=0.000576 | Lg=+0.9200 | 1s
   30 acq  m=1 hq=0.001 fail | Dr=+0.206/+0.341 |Dr|max=0.341 Df=+0.098 | g r=0.216 f=0.416 p=0.419(0.006) max=1.079 | Ld=+0.0758 base=-0.118 r1=0.138 path=0.053 cap=0.00201 | Lg=+0.8080 | 1s
   40 acq  m=2 hq=0.016 fail | Dr=+0.146/+0.433 |Dr|max=0.433 Df=+0.087 | g r=0.382 f=0.599 p=0.556(0.007) max=1.626 | Ld=-0.0448 base=-0.213 r1=0.0743 path=0.0883 cap=0.00582 | Lg=+0.9433 | 1s
   50 acq  m=1 hq=0.013 fail | Dr=+0.180/+0.367 |Dr|max=0.367 Df=-0.037 | g r=0.145 f=0.310 p=0.318(0.006) max=1.015 | Ld=+0.0136 base=-0.18 r1=0.13 path=0.0636 cap=0.000101 | Lg=+0.8284 | 1s
   60 acq  m=8 hq=0.010 fail | Dr=+0.126/+0.608 |Dr|max=0.608 Df=-0.048 | g r=0.246 f=0.454 p=0.446(0.007) max=1.387 | Ld=+0.0522 base=-0.0911 r1=0.1 path=0.0214 cap=0.0215 | Lg=+0.8369 | 1s
   70 acq  m=7 hq=0.011 fail | Dr=-0.022/+0.139 |Dr|max=0.330 Df=-0.265 | g r=0.301 f=0.524 p=0.534(0.012) max=1.565 | Ld=-0.1195 base=-0.252 r1=0.0887 path=0.029 cap=0.0151 | Lg=+0.8277 | 1s
   80 acq  m=8 hq=0.018 fail | Dr=+0.121/+0.321 |Dr|max=0.321 Df=-0.023 | g r=0.154 f=0.413 p=0.403(0.006) max=1.179 | Ld=+0.0313 base=-0.0943 r1=0.0833 path=0.0391 cap=0.00313 | Lg=+0.7765 | 1s
   90 acq  m=8 hq=0.024 fail | Dr=+0.036/+0.208 |Dr|max=0.208 Df=-0.122 | g r=0.265 f=0.467 p=0.451(0.010) max=1.463 | Ld=-0.1036 base=-0.287 r1=0.131 path=0.015 cap=0.0368 | Lg=+0.7939 | 1s
  100 acq  m=8 hq=0.024 fail | Dr=+0.131/+0.360 |Dr|max=0.360 Df=-0.134 | g r=0.198 f=0.606 p=0.602(0.005) max=1.692 | Ld=-0.1829 base=-0.291 r1=0.0777 path=0.0194 cap=0.011 | Lg=+0.8954 | 1s
  110 acq  m=8 hq=0.021 fail | Dr=+0.057/+0.232 |Dr|max=0.281 Df=-0.198 | g r=0.257 f=0.550 p=0.548(0.010) max=1.342 | Ld=-0.1862 base=-0.3 r1=0.0621 path=0.025 cap=0.0266 | Lg=+0.8691 | 2s
  120 acq  m=8 hq=0.015 fail | Dr=+0.098/+0.321 |Dr|max=0.321 Df=-0.195 | g r=0.269 f=0.667 p=0.681(0.008) max=1.916 | Ld=-0.1236 base=-0.218 r1=0.0579 path=0.0333 cap=0.00352 | Lg=+0.9021 | 2s
  130 acq  m=8 hq=0.023 fail | Dr=+0.158/+0.289 |Dr|max=0.289 Df=-0.034 | g r=0.287 f=0.478 p=0.491(0.011) max=1.476 | Ld=-0.1353 base=-0.311 r1=0.106 path=0.0209 cap=0.048 | Lg=+0.8723 | 2s
  140 acq  m=8 hq=0.025 fail | Dr=+0.098/+0.214 |Dr|max=0.214 Df=-0.167 | g r=0.286 f=0.541 p=0.525(0.007) max=1.623 | Ld=-0.1274 base=-0.259 r1=0.0886 path=0.0285 cap=0.015 | Lg=+0.8525 | 2s
  150 acq  m=5 hq=0.022 fail | Dr=+0.073/+0.299 |Dr|max=0.299 Df=-0.253 | g r=0.198 f=0.569 p=0.553(0.001) max=1.526 | Ld=-0.1427 base=-0.237 r1=0.0473 path=0.0464 cap=0.000865 | Lg=+0.8773 | 2s
  160 acq  m=8 hq=0.024 fail | Dr=+0.273/+0.580 |Dr|max=0.580 Df=-0.052 | g r=0.197 f=0.620 p=0.561(0.008) max=1.978 | Ld=-0.2166 base=-0.36 r1=0.0735 path=0.0238 cap=0.0464 | Lg=+0.9283 | 2s
  170 acq  m=8 hq=0.021 fail | Dr=+0.181/+0.433 |Dr|max=0.433 Df=-0.154 | g r=0.342 f=0.640 p=0.622(0.005) max=1.693 | Ld=-0.1664 base=-0.34 r1=0.12 path=0.0291 cap=0.0241 | Lg=+0.9040 | 2s
  180 acq  m=8 hq=0.024 fail | Dr=+0.265/+0.428 |Dr|max=0.428 Df=-0.103 | g r=0.190 f=0.622 p=0.589(0.008) max=1.606 | Ld=-0.3086 base=-0.423 r1=0.066 path=0.018 cap=0.0304 | Lg=+0.9249 | 2s
  190 acq  m=8 hq=0.031 fail | Dr=+0.164/+0.378 |Dr|max=0.378 Df=-0.119 | g r=0.201 f=0.535 p=0.483(0.011) max=1.362 | Ld=-0.1921 base=-0.403 r1=0.0893 path=0.0144 cap=0.107 | Lg=+0.8895 | 2s
  200 acq  m=8 hq=0.037 fail | Dr=+0.207/+0.504 |Dr|max=0.504 Df=-0.052 | g r=0.234 f=0.536 p=0.503(0.013) max=1.626 | Ld=-0.3020 base=-0.45 r1=0.0601 path=0.0207 cap=0.067 | Lg=+0.8843 | 2s
  210 acq  m=7 hq=0.025 fail | Dr=+0.194/+0.370 |Dr|max=0.370 Df=-0.217 | g r=0.273 f=0.679 p=0.660(0.006) max=1.616 | Ld=-0.3095 base=-0.42 r1=0.0551 path=0.0253 cap=0.0303 | Lg=+0.9842 | 2s
  220 acq  m=8 hq=0.048 fail | Dr=+0.395/+0.682 |Dr|max=0.682 Df=+0.054 | g r=0.211 f=0.639 p=0.616(0.029) max=1.605 | Ld=-0.2983 base=-0.427 r1=0.0689 path=0.0233 cap=0.0364 | Lg=+0.9704 | 2s
  230 acq  m=8 hq=0.046 fail | Dr=+0.294/+0.510 |Dr|max=0.510 Df=-0.073 | g r=0.208 f=0.671 p=0.611(0.008) max=1.577 | Ld=-0.2867 base=-0.42 r1=0.0596 path=0.0201 cap=0.0537 | Lg=+0.9493 | 3s
  240 acq  m=8 hq=0.036 fail | Dr=+0.417/+0.569 |Dr|max=0.569 Df=+0.083 | g r=0.202 f=0.623 p=0.607(0.003) max=1.649 | Ld=-0.1829 base=-0.327 r1=0.0636 path=0.0323 cap=0.0485 | Lg=+0.9026 | 3s
  250 acq  m=8 hq=0.056 fail | Dr=+0.248/+0.407 |Dr|max=0.407 Df=-0.133 | g r=0.203 f=0.705 p=0.654(0.002) max=1.815 | Ld=-0.1688 base=-0.281 r1=0.0735 path=0.0319 cap=0.0067 | Lg=+0.9661 | 3s
  260 acq  m=5 hq=0.033 fail | Dr=+0.415/+0.549 |Dr|max=0.549 Df=-0.000 | g r=0.194 f=0.651 p=0.620(0.004) max=1.419 | Ld=-0.2647 base=-0.373 r1=0.0655 path=0.0288 cap=0.0139 | Lg=+0.9577 | 3s
  270 acq  m=7 hq=0.015 fail | Dr=+0.370/+0.653 |Dr|max=0.653 Df=-0.033 | g r=0.168 f=0.627 p=0.602(0.002) max=1.409 | Ld=-0.3037 base=-0.416 r1=0.0585 path=0.0206 cap=0.0336 | Lg=+0.9510 | 3s
  280 acq  m=6 hq=0.011 fail | Dr=+0.298/+0.521 |Dr|max=0.521 Df=-0.170 | g r=0.217 f=0.834 p=0.722(0.020) max=1.725 | Ld=-0.1992 base=-0.284 r1=0.0501 path=0.0308 cap=0.00356 | Lg=+0.9490 | 3s
  290 acq  m=8 hq=0.071 fail | Dr=+0.372/+0.614 |Dr|max=0.614 Df=-0.022 | g r=0.235 f=0.748 p=0.651(0.010) max=1.554 | Ld=-0.2706 base=-0.376 r1=0.0545 path=0.0254 cap=0.0261 | Lg=+0.9611 | 3s
  300 acq  m=6 hq=0.094 fail | Dr=+0.487/+0.866 |Dr|max=0.866 Df=+0.057 | g r=0.188 f=0.618 p=0.630(0.007) max=1.581 | Ld=-0.2324 base=-0.329 r1=0.0478 path=0.0279 cap=0.0208 | Lg=+0.9328 | 3s
  310 acq  m=8 hq=0.065 fail | Dr=+0.499/+0.775 |Dr|max=0.775 Df=+0.114 | g r=0.184 f=0.665 p=0.634(0.014) max=1.479 | Ld=-0.1603 base=-0.246 r1=0.0533 path=0.0294 cap=0.0029 | Lg=+0.8611 | 3s
  320 acq  m=8 hq=0.067 fail | Dr=+0.459/+0.758 |Dr|max=0.758 Df=+0.090 | g r=0.223 f=0.667 p=0.623(0.002) max=1.449 | Ld=-0.2756 base=-0.386 r1=0.0638 path=0.0185 cap=0.0278 | Lg=+0.9444 | 3s
  330 acq  m=8 hq=0.148 fail | Dr=+0.424/+1.014 |Dr|max=1.014 Df=+0.175 | g r=0.248 f=0.558 p=0.535(0.003) max=1.566 | Ld=-0.2227 base=-0.396 r1=0.0664 path=0.0215 cap=0.0857 | Lg=+0.9314 | 3s
  340 acq  m=8 hq=0.157 fail | Dr=+0.510/+0.884 |Dr|max=0.884 Df=+0.248 | g r=0.201 f=0.605 p=0.586(0.005) max=1.396 | Ld=-0.2185 base=-0.342 r1=0.0674 path=0.0233 cap=0.0327 | Lg=+0.9046 | 4s
  350 acq  m=8 hq=0.135 fail | Dr=+0.419/+1.128 |Dr|max=1.128 Df=+0.219 | g r=0.193 f=0.478 p=0.507(0.008) max=1.656 | Ld=-0.2367 base=-0.387 r1=0.063 path=0.0207 cap=0.0671 | Lg=+0.8723 | 4s
  360 acq  m=5 hq=0.053 fail | Dr=+0.493/+0.776 |Dr|max=0.776 Df=+0.153 | g r=0.239 f=0.698 p=0.607(0.008) max=1.535 | Ld=-0.2401 base=-0.38 r1=0.0929 path=0.0178 cap=0.0291 | Lg=+0.9628 | 4s
  370 acq  m=7 hq=0.149 fail | Dr=+0.578/+0.810 |Dr|max=0.810 Df=+0.341 | g r=0.208 f=0.680 p=0.587(0.011) max=1.513 | Ld=-0.1906 base=-0.331 r1=0.0769 path=0.0231 cap=0.0401 | Lg=+0.9441 | 4s
  380 acq  m=8 hq=0.159 fail | Dr=+0.407/+0.587 |Dr|max=0.587 Df=+0.218 | g r=0.180 f=0.635 p=0.586(0.006) max=1.573 | Ld=-0.0317 base=-0.25 r1=0.1 path=0.0233 cap=0.0949 | Lg=+0.8134 | 4s
  390 acq  m=8 hq=0.301 fail | Dr=+0.491/+0.999 |Dr|max=0.999 Df=+0.316 | g r=0.178 f=0.513 p=0.557(0.002) max=1.281 | Ld=-0.1463 base=-0.246 r1=0.0593 path=0.0184 cap=0.0217 | Lg=+0.8546 | 4s
  400 acq  m=5 hq=0.111 fail | Dr=+0.522/+0.925 |Dr|max=0.925 Df=+0.157 | g r=0.212 f=0.697 p=0.649(0.020) max=1.466 | Ld=-0.2074 base=-0.292 r1=0.0542 path=0.0208 cap=0.00917 | Lg=+0.9293 | 4s
  410 acq  m=7 hq=0.192 fail | Dr=+0.626/+1.045 |Dr|max=1.045 Df=+0.317 | g r=0.242 f=0.722 p=0.641(0.010) max=1.485 | Ld=-0.1802 base=-0.269 r1=0.0581 path=0.0239 cap=0.00685 | Lg=+0.8963 | 4s
  420 acq  m=7 hq=0.187 fail | Dr=+0.476/+0.847 |Dr|max=0.847 Df=+0.268 | g r=0.208 f=0.645 p=0.622(0.008) max=1.482 | Ld=-0.3088 base=-0.421 r1=0.0684 path=0.0156 cap=0.0284 | Lg=+0.9966 | 4s
  430 acq  m=8 hq=0.286 fail | Dr=+0.544/+0.840 |Dr|max=0.840 Df=+0.335 | g r=0.194 f=0.575 p=0.557(0.018) max=1.346 | Ld=-0.0653 base=-0.165 r1=0.0518 path=0.0409 cap=0.00741 | Lg=+0.8113 | 4s
  440 acq  m=5 hq=0.190 fail | Dr=+0.540/+1.197 |Dr|max=1.197 Df=+0.279 | g r=0.189 f=0.616 p=0.653(0.002) max=1.427 | Ld=-0.1492 base=-0.227 r1=0.0405 path=0.033 cap=0.00429 | Lg=+0.9281 | 4s
  450 acq  m=5 hq=0.149 fail | Dr=+0.701/+1.500 |Dr|max=1.500 Df=+0.479 | g r=0.203 f=0.617 p=0.625(0.010) max=1.709 | Ld=-0.1740 base=-0.261 r1=0.0496 path=0.0264 cap=0.0108 | Lg=+0.9417 | 4s
  460 acq  m=5 hq=0.036 fail | Dr=+0.678/+1.465 |Dr|max=1.465 Df=+0.428 | g r=0.174 f=0.667 p=0.600(0.008) max=1.552 | Ld=-0.1283 base=-0.234 r1=0.0669 path=0.025 cap=0.0136 | Lg=+0.8782 | 5s
  470 acq  m=5 hq=0.217 fail | Dr=+0.507/+0.792 |Dr|max=0.792 Df=+0.256 | g r=0.189 f=0.539 p=0.590(0.008) max=1.520 | Ld=-0.1610 base=-0.296 r1=0.0683 path=0.0182 cap=0.0488 | Lg=+0.8769 | 5s
  480 acq  m=5 hq=0.169 fail | Dr=+0.604/+1.130 |Dr|max=1.130 Df=+0.361 | g r=0.161 f=0.695 p=0.605(0.016) max=1.398 | Ld=-0.0373 base=-0.132 r1=0.0533 path=0.0393 cap=0.00165 | Lg=+0.8267 | 5s
  490 acq  m=8 hq=0.151 fail | Dr=+0.617/+1.175 |Dr|max=1.175 Df=+0.341 | g r=0.204 f=0.770 p=0.663(0.006) max=1.412 | Ld=-0.1809 base=-0.249 r1=0.0415 path=0.0239 cap=0.00247 | Lg=+0.9189 | 5s
  500 acq  m=8 hq=0.545 fail | Dr=+0.572/+1.391 |Dr|max=1.391 Df=+0.424 | g r=0.159 f=0.439 p=0.587(0.006) max=1.510 | Ld=-0.0914 base=-0.188 r1=0.0489 path=0.0371 cap=0.0105 | Lg=+0.8654 | 5s
  510 acq  m=8 hq=0.154 fail | Dr=+0.570/+1.121 |Dr|max=1.121 Df=+0.338 | g r=0.197 f=0.677 p=0.602(0.025) max=1.341 | Ld=-0.1149 base=-0.19 r1=0.0445 path=0.0255 cap=0.00492 | Lg=+0.8701 | 5s
  520 acq  m=7 hq=0.406 fail | Dr=+0.520/+1.043 |Dr|max=1.043 Df=+0.397 | g r=0.185 f=0.527 p=0.565(0.006) max=1.501 | Ld=-0.0268 base=-0.108 r1=0.0423 path=0.0361 cap=0.00259 | Lg=+0.8205 | 5s
  530 acq  m=2 hq=0.003 fail | Dr=+0.545/+1.206 |Dr|max=1.206 Df=+0.245 | g r=0.168 f=0.690 p=0.596(0.007) max=1.582 | Ld=-0.1617 base=-0.241 r1=0.0503 path=0.0186 cap=0.0101 | Lg=+0.9268 | 5s
  540 acq  m=7 hq=0.198 fail | Dr=+0.541/+1.416 |Dr|max=1.416 Df=+0.378 | g r=0.187 f=0.603 p=0.582(0.023) max=1.503 | Ld=-0.1407 base=-0.223 r1=0.057 path=0.0175 cap=0.00808 | Lg=+0.9044 | 5s
  550 acq  m=7 hq=0.293 fail | Dr=+0.611/+1.234 |Dr|max=1.234 Df=+0.484 | g r=0.161 f=0.576 p=0.599(0.007) max=1.341 | Ld=-0.1067 base=-0.191 r1=0.0375 path=0.0338 cap=0.0134 | Lg=+0.8598 | 5s
  560 acq  m=7 hq=0.294 fail | Dr=+0.661/+1.309 |Dr|max=1.309 Df=+0.486 | g r=0.182 f=0.567 p=0.564(0.013) max=1.247 | Ld=-0.0566 base=-0.131 r1=0.0463 path=0.0255 cap=0.00256 | Lg=+0.8276 | 5s
  570 acq  m=7 hq=0.230 fail | Dr=+0.637/+1.377 |Dr|max=1.377 Df=+0.484 | g r=0.185 f=0.597 p=0.588(0.011) max=1.409 | Ld=-0.0598 base=-0.139 r1=0.0451 path=0.0313 cap=0.00317 | Lg=+0.8303 | 5s
  580 acq  m=8 hq=0.318 fail | Dr=+0.682/+1.200 |Dr|max=1.200 Df=+0.554 | g r=0.201 f=0.582 p=0.574(0.004) max=1.296 | Ld=-0.0841 base=-0.169 r1=0.0454 path=0.0288 cap=0.0104 | Lg=+0.8349 | 6s
  590 acq  m=7 hq=0.292 fail | Dr=+0.689/+1.363 |Dr|max=1.363 Df=+0.527 | g r=0.194 f=0.632 p=0.611(0.016) max=1.338 | Ld=-0.0595 base=-0.137 r1=0.0435 path=0.0294 cap=0.00479 | Lg=+0.8292 | 6s
  600 acq  m=8 hq=0.472 fail | Dr=+0.550/+1.244 |Dr|max=1.244 Df=+0.480 | g r=0.200 f=0.461 p=0.564(0.005) max=1.247 | Ld=+0.0301 base=-0.0694 r1=0.0507 path=0.0479 cap=0.000961 | Lg=+0.7915 | 6s
  610 acq  m=8 hq=0.387 fail | Dr=+0.533/+0.976 |Dr|max=0.976 Df=+0.461 | g r=0.183 f=0.494 p=0.539(0.005) max=1.286 | Ld=+0.0396 base=-0.0482 r1=0.0352 path=0.0513 cap=0.00131 | Lg=+0.7788 | 6s
  620 acq  m=7 hq=0.447 fail | Dr=+0.638/+1.274 |Dr|max=1.274 Df=+0.532 | g r=0.187 f=0.507 p=0.554(0.013) max=1.281 | Ld=+0.0107 base=-0.0669 r1=0.0364 path=0.0394 cap=0.00189 | Lg=+0.7847 | 6s
  630 acq  m=3 hq=0.140 fail | Dr=+0.440/+1.130 |Dr|max=1.130 Df=+0.182 | g r=0.187 f=0.665 p=0.598(0.004) max=1.290 | Ld=-0.0911 base=-0.17 r1=0.0532 path=0.0246 cap=0.00128 | Lg=+0.8778 | 6s
  640 acq  m=7 hq=0.377 fail | Dr=+0.454/+1.017 |Dr|max=1.017 Df=+0.348 | g r=0.177 f=0.562 p=0.548(0.003) max=1.400 | Ld=-0.0395 base=-0.129 r1=0.0472 path=0.0312 cap=0.0108 | Lg=+0.8336 | 6s
  650 acq  m=7 hq=0.181 fail | Dr=+0.507/+1.254 |Dr|max=1.254 Df=+0.381 | g r=0.177 f=0.703 p=0.582(0.005) max=1.262 | Ld=-0.0219 base=-0.114 r1=0.0507 path=0.031 cap=0.0102 | Lg=+0.8201 | 6s
  660 acq  m=6 hq=0.172 fail | Dr=+0.541/+1.282 |Dr|max=1.282 Df=+0.384 | g r=0.178 f=0.746 p=0.595(0.003) max=1.302 | Ld=-0.0268 base=-0.101 r1=0.0432 path=0.029 cap=0.00223 | Lg=+0.8121 | 6s
  670 acq  m=3 hq=0.013 fail | Dr=+0.511/+1.352 |Dr|max=1.352 Df=+0.286 | g r=0.192 f=0.780 p=0.614(0.004) max=1.347 | Ld=-0.0920 base=-0.164 r1=0.0455 path=0.0212 cap=0.00482 | Lg=+0.8612 | 6s
  680 acq  m=8 hq=0.381 fail | Dr=+0.564/+1.523 |Dr|max=1.523 Df=+0.478 | g r=0.187 f=0.505 p=0.548(0.008) max=1.275 | Ld=-0.0067 base=-0.0799 r1=0.0361 path=0.0319 cap=0.00524 | Lg=+0.8137 | 6s
  690 acq  m=8 hq=0.465 fail | Dr=+0.604/+1.548 |Dr|max=1.548 Df=+0.526 | g r=0.181 f=0.479 p=0.540(0.006) max=1.234 | Ld=-0.0270 base=-0.104 r1=0.0381 path=0.034 cap=0.00543 | Lg=+0.8261 | 7s
  700 acq  m=7 hq=0.425 fail | Dr=+0.539/+1.455 |Dr|max=1.455 Df=+0.465 | g r=0.175 f=0.483 p=0.532(0.004) max=1.237 | Ld=-0.0166 base=-0.102 r1=0.0432 path=0.0366 cap=0.00512 | Lg=+0.8230 | 7s
  710 acq  m=7 hq=0.161 fail | Dr=+0.509/+1.451 |Dr|max=1.451 Df=+0.373 | g r=0.173 f=0.685 p=0.576(0.009) max=1.432 | Ld=-0.0323 base=-0.111 r1=0.0508 path=0.0257 cap=0.0024 | Lg=+0.8541 | 7s
  720 acq  m=8 hq=0.417 fail | Dr=+0.413/+1.342 |Dr|max=1.342 Df=+0.342 | g r=0.158 f=0.494 p=0.533(0.002) max=1.290 | Ld=-0.0163 base=-0.0968 r1=0.0419 path=0.0357 cap=0.00287 | Lg=+0.8110 | 7s
  730 acq  m=7 hq=0.615 fail | Dr=+0.499/+1.754 |Dr|max=1.754 Df=+0.461 | g r=0.176 f=0.340 p=0.521(0.010) max=1.307 | Ld=+0.0060 base=-0.0685 r1=0.0261 path=0.047 cap=0.00137 | Lg=+0.8475 | 7s
  740 acq  m=8 hq=0.552 fail | Dr=+0.381/+1.241 |Dr|max=1.241 Df=+0.330 | g r=0.177 f=0.451 p=0.530(0.001) max=1.455 | Ld=+0.0280 base=-0.0572 r1=0.036 path=0.0434 cap=0.00571 | Lg=+0.8034 | 7s
  750 acq  m=8 hq=0.759 fail | Dr=+0.407/+1.239 |Dr|max=1.239 Df=+0.383 | g r=0.172 f=0.275 p=0.499(0.008) max=1.173 | Ld=+0.0230 base=-0.0528 r1=0.0405 path=0.0289 cap=0.00641 | Lg=+0.7790 | 7s
  760 acq  m=8 hq=0.836 fail | Dr=+0.381/+1.433 |Dr|max=1.433 Df=+0.375 | g r=0.165 f=0.214 p=0.526(0.004) max=1.257 | Ld=+0.0360 base=-0.0382 r1=0.032 path=0.0396 cap=0.00252 | Lg=+0.8104 | 7s
  770 acq  m=8 hq=0.715 fail | Dr=+0.334/+1.368 |Dr|max=1.368 Df=+0.319 | g r=0.165 f=0.253 p=0.514(0.002) max=1.302 | Ld=+0.0593 base=-0.0251 r1=0.0457 path=0.037 cap=0.00175 | Lg=+0.8092 | 7s
  780 acq  m=8 hq=0.838 fail | Dr=+0.403/+1.458 |Dr|max=1.458 Df=+0.384 | g r=0.137 f=0.223 p=0.508(0.008) max=1.222 | Ld=+0.0518 base=-0.0202 r1=0.0314 path=0.0395 cap=0.0011 | Lg=+0.7953 | 7s
  790 acq  m=7 hq=0.544 fail | Dr=+0.388/+1.595 |Dr|max=1.595 Df=+0.364 | g r=0.159 f=0.347 p=0.543(0.007) max=1.344 | Ld=+0.0317 base=-0.0453 r1=0.0359 path=0.0389 cap=0.00225 | Lg=+0.8629 | 7s
  800 acq  m=8 hq=0.882 fail | Dr=+0.235/+1.386 |Dr|max=1.386 Df=+0.224 | g r=0.145 f=0.223 p=0.510(0.003) max=1.327 | Ld=+0.0385 base=-0.0418 r1=0.0472 path=0.0322 cap=0.000999 | Lg=+0.8205 | 7s
  810 acq  m=7 hq=0.668 fail | Dr=+0.270/+1.166 |Dr|max=1.166 Df=+0.252 | g r=0.138 f=0.268 p=0.470(0.004) max=1.209 | Ld=+0.1021 base=0.0116 r1=0.0614 path=0.0252 cap=0.0039 | Lg=+0.7880 | 8s
  820 acq  m=8 hq=0.619 fail | Dr=+0.334/+1.382 |Dr|max=1.382 Df=+0.317 | g r=0.165 f=0.251 p=0.510(0.000) max=1.347 | Ld=+0.0632 base=-0.015 r1=0.0375 path=0.0404 cap=0.0003 | Lg=+0.8203 | 8s
  830 acq  m=8 hq=0.742 fail | Dr=+0.349/+1.252 |Dr|max=1.252 Df=+0.330 | g r=0.160 f=0.310 p=0.486(0.006) max=1.281 | Ld=+0.0801 base=0.000825 r1=0.0339 path=0.0447 cap=0.000686 | Lg=+0.7691 | 8s
  840 acq  m=8 hq=0.819 fail | Dr=+0.483/+1.640 |Dr|max=1.640 Df=+0.486 | g r=0.163 f=0.160 p=0.486(0.011) max=1.343 | Ld=+0.0358 base=-0.0346 r1=0.0271 path=0.0419 cap=0.00137 | Lg=+0.7967 | 8s
  850 acq  m=8 hq=0.853 fail | Dr=+0.396/+1.616 |Dr|max=1.616 Df=+0.400 | g r=0.143 f=0.150 p=0.503(0.003) max=1.252 | Ld=+0.0483 base=-0.0348 r1=0.0369 path=0.0456 cap=0.000674 | Lg=+0.7949 | 8s
  860 acq  m=8 hq=0.840 fail | Dr=+0.494/+1.547 |Dr|max=1.547 Df=+0.492 | g r=0.176 f=0.215 p=0.491(0.006) max=1.281 | Ld=+0.0654 base=-0.0171 r1=0.0367 path=0.0443 cap=0.00142 | Lg=+0.7977 | 8s
  870 acq  m=8 hq=0.770 fail | Dr=+0.454/+1.727 |Dr|max=1.727 Df=+0.465 | g r=0.159 f=0.185 p=0.507(0.004) max=1.348 | Ld=+0.0459 base=-0.0271 r1=0.0191 path=0.0534 cap=0.000504 | Lg=+0.8443 | 8s
  880 acq  m=8 hq=0.800 fail | Dr=+0.398/+1.641 |Dr|max=1.641 Df=+0.400 | g r=0.158 f=0.198 p=0.522(0.005) max=1.347 | Ld=+0.0490 base=-0.0209 r1=0.0387 path=0.0306 cap=0.000679 | Lg=+0.8266 | 8s
  890 acq  m=8 hq=0.832 fail | Dr=+0.415/+1.487 |Dr|max=1.487 Df=+0.410 | g r=0.139 f=0.206 p=0.498(0.006) max=1.239 | Ld=+0.0785 base=0.0082 r1=0.0274 path=0.0418 cap=0.00103 | Lg=+0.7951 | 8s
  900 acq  m=8 hq=0.812 fail | Dr=+0.335/+1.436 |Dr|max=1.436 Df=+0.337 | g r=0.139 f=0.161 p=0.496(0.010) max=1.262 | Ld=+0.0712 base=0.00378 r1=0.03 path=0.0367 cap=0.000703 | Lg=+0.8116 | 8s
  910 acq  m=8 hq=0.818 fail | Dr=+0.398/+1.582 |Dr|max=1.582 Df=+0.392 | g r=0.155 f=0.222 p=0.498(0.008) max=1.240 | Ld=+0.0769 base=-7.71e-05 r1=0.0337 path=0.0417 cap=0.00158 | Lg=+0.8291 | 8s
  920 acq  m=8 hq=0.570 fail | Dr=+0.380/+1.450 |Dr|max=1.450 Df=+0.346 | g r=0.149 f=0.399 p=0.521(0.001) max=1.236 | Ld=+0.0398 base=-0.028 r1=0.0293 path=0.0381 cap=0.000467 | Lg=+0.8155 | 8s
  930 acq  m=8 hq=0.628 fail | Dr=+0.282/+0.929 |Dr|max=0.929 Df=+0.253 | g r=0.156 f=0.332 p=0.503(0.005) max=1.299 | Ld=+0.0699 base=0.00271 r1=0.0312 path=0.0334 cap=0.00264 | Lg=+0.7405 | 9s
  940 acq  m=7 hq=0.648 fail | Dr=+0.311/+1.343 |Dr|max=1.343 Df=+0.289 | g r=0.174 f=0.326 p=0.533(0.008) max=1.306 | Ld=+0.0758 base=-0.0124 r1=0.0383 path=0.0479 cap=0.00199 | Lg=+0.7930 | 9s
  950 acq  m=8 hq=0.547 fail | Dr=+0.385/+1.058 |Dr|max=1.058 Df=+0.309 | g r=0.156 f=0.415 p=0.521(0.006) max=1.231 | Ld=-0.0127 base=-0.087 r1=0.0428 path=0.0306 cap=0.000834 | Lg=+0.7908 | 9s
  960 acq  m=8 hq=0.438 fail | Dr=+0.405/+1.279 |Dr|max=1.279 Df=+0.331 | g r=0.150 f=0.523 p=0.543(0.011) max=1.228 | Ld=-0.0271 base=-0.1 r1=0.047 path=0.0235 cap=0.00236 | Lg=+0.8235 | 9s
  970 acq  m=8 hq=0.908 PASS | Dr=+0.345/+1.378 |Dr|max=1.378 Df=+0.353 | g r=0.170 f=0.191 p=0.504(0.015) max=1.284 | Ld=+0.0558 base=-0.0163 r1=0.0191 path=0.0523 cap=0.000745 | Lg=+0.7885 | 9s
  980 acq  m=7 hq=0.542 fail | Dr=+0.426/+1.537 |Dr|max=1.537 Df=+0.391 | g r=0.178 f=0.350 p=0.538(0.001) max=1.463 | Ld=+0.0275 base=-0.044 r1=0.0254 path=0.0453 cap=0.00075 | Lg=+0.8189 | 9s
  990 acq  m=8 hq=0.808 fail | Dr=+0.221/+1.316 |Dr|max=1.316 Df=+0.212 | g r=0.181 f=0.259 p=0.523(0.007) max=1.283 | Ld=+0.0271 base=-0.047 r1=0.0329 path=0.0378 cap=0.00351 | Lg=+0.8170 | 9s
 1000 acq  m=8 hq=0.961 PASS | Dr=+0.352/+1.567 |Dr|max=1.567 Df=+0.359 | g r=0.133 f=0.135 p=0.483(0.006) max=1.197 | Ld=+0.0501 base=-0.0306 r1=0.045 path=0.0346 cap=0.00103 | Lg=+0.8067 | 9s
 1010 acq  m=8 hq=0.918 PASS | Dr=+0.312/+1.339 |Dr|max=1.339 Df=+0.321 | g r=0.149 f=0.167 p=0.509(0.008) max=1.215 | Ld=+0.0571 base=-0.0167 r1=0.0271 path=0.0463 cap=0.000432 | Lg=+0.7862 | 9s
 1020 acq  m=7 hq=0.357 fail | Dr=+0.246/+1.245 |Dr|max=1.245 Df=+0.176 | g r=0.163 f=0.513 p=0.554(0.010) max=1.457 | Ld=+0.0257 base=-0.0504 r1=0.043 path=0.0316 cap=0.00149 | Lg=+0.8218 | 9s
 1030 acq  m=8 hq=0.677 fail | Dr=+0.324/+1.448 |Dr|max=1.448 Df=+0.297 | g r=0.199 f=0.389 p=0.541(0.016) max=1.243 | Ld=-0.0054 base=-0.0821 r1=0.0409 path=0.035 cap=0.000774 | Lg=+0.8097 | 9s
 1040 acq  m=8 hq=0.720 fail | Dr=+0.262/+1.123 |Dr|max=1.123 Df=+0.265 | g r=0.141 f=0.216 p=0.477(0.013) max=1.164 | Ld=+0.0826 base=0.00802 r1=0.032 path=0.0424 cap=0.000134 | Lg=+0.7587 | 10s
 1050 acq  m=8 hq=0.885 fail | Dr=+0.307/+1.323 |Dr|max=1.323 Df=+0.323 | g r=0.159 f=0.172 p=0.497(0.006) max=1.470 | Ld=+0.0473 base=-0.0182 r1=0.0243 path=0.041 cap=0.000241 | Lg=+0.7907 | 10s
 1060 acq  m=8 hq=0.892 fail | Dr=+0.307/+1.210 |Dr|max=1.210 Df=+0.312 | g r=0.140 f=0.179 p=0.496(0.003) max=1.388 | Ld=+0.0680 base=-0.00841 r1=0.0336 path=0.0403 cap=0.00243 | Lg=+0.7760 | 10s
 1070 acq  m=8 hq=0.876 fail | Dr=+0.456/+1.542 |Dr|max=1.542 Df=+0.474 | g r=0.140 f=0.167 p=0.506(0.001) max=1.376 | Ld=+0.0427 base=-0.0306 r1=0.0366 path=0.0354 cap=0.00131 | Lg=+0.7844 | 10s
 1080 acq  m=8 hq=0.830 fail | Dr=+0.278/+0.766 |Dr|max=0.766 Df=+0.266 | g r=0.154 f=0.231 p=0.476(0.002) max=1.485 | Ld=+0.0972 base=0.00593 r1=0.0455 path=0.0439 cap=0.00191 | Lg=+0.7220 | 10s
 1090 acq  m=5 hq=0.303 fail | Dr=+0.421/+1.233 |Dr|max=1.233 Df=+0.366 | g r=0.160 f=0.339 p=0.393(0.009) max=1.228 | Ld=-0.0471 base=-0.251 r1=0.0816 path=0.0223 cap=0.1 | Lg=+0.8027 | 10s
 1100 acq  m=6 hq=0.407 fail | Dr=+0.567/+2.025 |Dr|max=2.025 Df=+0.522 | g r=0.264 f=0.315 p=0.507(0.005) max=2.043 | Ld=+0.0100 base=-0.166 r1=0.0803 path=0.058 cap=0.0374 | Lg=+0.9249 | 10s
 1110 acq  m=7 hq=0.289 fail | Dr=+1.039/+1.709 |Dr|max=1.709 Df=+0.911 | g r=0.226 f=0.634 p=0.575(0.020) max=1.802 | Ld=-0.0046 base=-0.101 r1=0.055 path=0.0404 cap=0.00092 | Lg=+0.8392 | 10s
 1120 acq  m=8 hq=0.629 fail | Dr=+0.126/+0.531 |Dr|max=0.531 Df=+0.117 | g r=0.171 f=0.211 p=0.339(0.005) max=1.133 | Ld=+0.1280 base=-0.00825 r1=0.0926 path=0.0424 cap=0.00131 | Lg=+0.7304 | 10s
 1130 acq  m=8 hq=0.698 fail | Dr=+0.305/+0.710 |Dr|max=0.710 Df=+0.276 | g r=0.147 f=0.266 p=0.431(0.004) max=1.595 | Ld=+0.0222 base=-0.0791 r1=0.0381 path=0.0481 cap=0.0152 | Lg=+0.7572 | 10s
 1140 acq  m=8 hq=0.639 fail | Dr=+0.212/+0.805 |Dr|max=0.805 Df=+0.193 | g r=0.143 f=0.285 p=0.412(0.005) max=1.226 | Ld=-0.0166 base=-0.107 r1=0.0406 path=0.0378 cap=0.0125 | Lg=+0.7743 | 10s
 1150 acq  m=8 hq=0.456 fail | Dr=+0.365/+0.904 |Dr|max=0.904 Df=+0.336 | g r=0.199 f=0.401 p=0.487(0.007) max=1.301 | Ld=+0.0942 base=0.00527 r1=0.0311 path=0.0575 cap=0.000344 | Lg=+0.7180 | 11s
 1160 acq  m=7 hq=0.317 fail | Dr=+0.358/+0.903 |Dr|max=0.903 Df=+0.237 | g r=0.186 f=0.450 p=0.526(0.003) max=1.330 | Ld=+0.0170 base=-0.0662 r1=0.0305 path=0.0525 cap=0.000209 | Lg=+0.7899 | 11s
 1170 acq  m=8 hq=0.778 fail | Dr=+0.337/+0.704 |Dr|max=0.704 Df=+0.326 | g r=0.167 f=0.258 p=0.459(0.006) max=1.185 | Ld=+0.0610 base=-0.0114 r1=0.0341 path=0.0379 cap=0.000333 | Lg=+0.7171 | 11s
 1180 acq  m=8 hq=0.556 fail | Dr=+0.629/+1.327 |Dr|max=1.327 Df=+0.577 | g r=0.179 f=0.379 p=0.442(0.004) max=1.238 | Ld=+0.0565 base=-0.0319 r1=0.0483 path=0.0391 cap=0.00101 | Lg=+0.7634 | 11s
 1190 acq  m=8 hq=0.916 PASS | Dr=+0.458/+1.016 |Dr|max=1.016 Df=+0.450 | g r=0.162 f=0.201 p=0.440(0.004) max=1.129 | Ld=+0.0634 base=-0.0253 r1=0.0476 path=0.0369 cap=0.00421 | Lg=+0.7326 | 11s
 1200 acq  m=8 hq=0.936 PASS | Dr=+0.553/+0.955 |Dr|max=0.955 Df=+0.545 | g r=0.158 f=0.178 p=0.482(0.012) max=1.294 | Ld=+0.0725 base=-0.0121 r1=0.036 path=0.0464 cap=0.00217 | Lg=+0.7170 | 11s
 1210 hold m=6 hq=0.605 fail | Dr=+0.645/+1.443 |Dr|max=1.443 Df=+0.610 | g r=0.160 f=0.397 p=0.506(0.009) max=1.250 | Ld=+0.0258 base=-0.0508 r1=0.0419 path=0.0342 cap=0.000445 | Lg=+0.7608 | 11s
 1220 hold m=7 hq=0.584 fail | Dr=+0.356/+0.684 |Dr|max=0.684 Df=+0.305 | g r=0.141 f=0.222 p=0.415(0.006) max=1.368 | Ld=-0.0176 base=-0.127 r1=0.0386 path=0.0326 cap=0.0379 | Lg=+0.7524 | 11s
 1230 hold m=8 hq=0.809 fail | Dr=+0.557/+1.005 |Dr|max=1.005 Df=+0.537 | g r=0.169 f=0.290 p=0.484(0.009) max=1.140 | Ld=+0.0671 base=-0.0101 r1=0.0355 path=0.0409 cap=0.00086 | Lg=+0.7396 | 11s
 1240 hold m=7 hq=0.476 fail | Dr=+0.677/+1.484 |Dr|max=1.484 Df=+0.623 | g r=0.171 f=0.497 p=0.539(0.007) max=1.316 | Ld=-0.0194 base=-0.0963 r1=0.0508 path=0.0242 cap=0.00197 | Lg=+0.8138 | 11s
 1250 hold m=8 hq=0.487 fail | Dr=+0.598/+1.243 |Dr|max=1.243 Df=+0.515 | g r=0.187 f=0.538 p=0.582(0.006) max=1.494 | Ld=-0.0701 base=-0.144 r1=0.0409 path=0.0298 cap=0.00281 | Lg=+0.8269 | 11s
 1260 hold m=8 hq=0.932 PASS | Dr=+0.628/+1.381 |Dr|max=1.381 Df=+0.629 | g r=0.165 f=0.180 p=0.480(0.003) max=1.330 | Ld=+0.0638 base=-0.0101 r1=0.0256 path=0.0472 cap=0.00104 | Lg=+0.7295 | 11s
 1270 hold m=8 hq=0.936 PASS | Dr=+0.629/+1.465 |Dr|max=1.465 Df=+0.637 | g r=0.157 f=0.163 p=0.469(0.012) max=1.299 | Ld=+0.0828 base=0.00506 r1=0.0255 path=0.0517 cap=0.000546 | Lg=+0.7284 | 12s
 1280 hold m=8 hq=0.625 fail | Dr=+0.654/+1.510 |Dr|max=1.510 Df=+0.628 | g r=0.164 f=0.327 p=0.492(0.012) max=1.216 | Ld=+0.0354 base=-0.0264 r1=0.0255 path=0.0359 cap=0.000463 | Lg=+0.7537 | 12s
 1290 hold m=8 hq=0.852 fail | Dr=+0.552/+1.524 |Dr|max=1.524 Df=+0.557 | g r=0.117 f=0.127 p=0.464(0.005) max=1.279 | Ld=+0.0991 base=0.0252 r1=0.0378 path=0.0357 cap=0.00043 | Lg=+0.7348 | 12s
 1300 hold m=8 hq=0.908 PASS | Dr=+0.543/+1.377 |Dr|max=1.377 Df=+0.544 | g r=0.144 f=0.153 p=0.488(0.008) max=1.128 | Ld=+0.0817 base=0.0106 r1=0.0254 path=0.045 cap=0.000718 | Lg=+0.7354 | 12s
 1310 hold m=7 hq=0.385 fail | Dr=+0.469/+1.276 |Dr|max=1.276 Df=+0.431 | g r=0.161 f=0.393 p=0.506(0.009) max=1.259 | Ld=+0.0492 base=-0.0345 r1=0.0461 path=0.0326 cap=0.0049 | Lg=+0.7740 | 12s
 1320 hold m=7 hq=0.691 fail | Dr=+0.656/+1.385 |Dr|max=1.385 Df=+0.656 | g r=0.148 f=0.247 p=0.470(0.011) max=1.101 | Ld=+0.0775 base=0.014 r1=0.0294 path=0.034 cap=8.67e-05 | Lg=+0.7240 | 12s
 1330 hold m=8 hq=0.854 fail | Dr=+0.563/+1.293 |Dr|max=1.293 Df=+0.566 | g r=0.164 f=0.226 p=0.506(0.007) max=1.204 | Ld=+0.0564 base=-0.0251 r1=0.0227 path=0.0587 cap=0.000188 | Lg=+0.7641 | 12s
 1340 hold m=7 hq=0.627 fail | Dr=+0.440/+1.211 |Dr|max=1.211 Df=+0.431 | g r=0.131 f=0.255 p=0.508(0.006) max=1.286 | Ld=+0.0457 base=-0.0263 r1=0.0212 path=0.0491 cap=0.00168 | Lg=+0.7761 | 12s
 1350 hold m=5 hq=0.410 fail | Dr=+0.485/+1.249 |Dr|max=1.249 Df=+0.413 | g r=0.162 f=0.523 p=0.558(0.009) max=1.427 | Ld=+0.0014 base=-0.0623 r1=0.0403 path=0.0225 cap=0.000878 | Lg=+0.7862 | 12s
 1360 hold m=7 hq=0.780 fail | Dr=+0.563/+1.395 |Dr|max=1.395 Df=+0.565 | g r=0.174 f=0.223 p=0.511(0.009) max=1.391 | Ld=+0.0380 base=-0.0359 r1=0.0212 path=0.0515 cap=0.00109 | Lg=+0.7538 | 12s
 1370 hold m=8 hq=0.839 fail | Dr=+0.532/+1.425 |Dr|max=1.425 Df=+0.537 | g r=0.150 f=0.199 p=0.511(0.010) max=1.232 | Ld=+0.0642 base=-0.00499 r1=0.0194 path=0.0495 cap=0.000277 | Lg=+0.7501 | 12s
 1380 hold m=8 hq=0.834 fail | Dr=+0.562/+1.491 |Dr|max=1.491 Df=+0.564 | g r=0.146 f=0.189 p=0.514(0.004) max=1.240 | Ld=+0.0570 base=-0.00857 r1=0.0276 path=0.0373 cap=0.000673 | Lg=+0.7551 | 13s
 1390 hold m=8 hq=0.630 fail | Dr=+0.509/+1.411 |Dr|max=1.411 Df=+0.512 | g r=0.147 f=0.230 p=0.476(0.002) max=1.281 | Ld=+0.1011 base=0.0332 r1=0.0272 path=0.0384 cap=0.00221 | Lg=+0.7426 | 13s
 1400 hold m=8 hq=0.696 fail | Dr=+0.428/+1.163 |Dr|max=1.163 Df=+0.417 | g r=0.152 f=0.251 p=0.461(0.005) max=1.082 | Ld=+0.0949 base=0.033 r1=0.0284 path=0.0334 cap=0.000176 | Lg=+0.7418 | 13s
 1410 hold m=8 hq=0.504 fail | Dr=+0.485/+1.345 |Dr|max=1.345 Df=+0.430 | g r=0.167 f=0.361 p=0.527(0.008) max=1.388 | Ld=+0.0218 base=-0.0469 r1=0.0328 path=0.0358 cap=0.000106 | Lg=+0.7624 | 13s
 1420 hold m=8 hq=0.619 fail | Dr=+0.494/+1.374 |Dr|max=1.374 Df=+0.460 | g r=0.155 f=0.310 p=0.485(0.009) max=1.291 | Ld=+0.0527 base=-0.0151 r1=0.0347 path=0.0301 cap=0.0029 | Lg=+0.7601 | 13s
 1430 hold m=7 hq=0.569 fail | Dr=+0.553/+1.394 |Dr|max=1.394 Df=+0.527 | g r=0.154 f=0.326 p=0.488(0.011) max=1.157 | Ld=+0.0392 base=-0.0203 r1=0.0299 path=0.0294 cap=0.000185 | Lg=+0.7447 | 13s
 1440 hold m=7 hq=0.585 fail | Dr=+0.608/+1.394 |Dr|max=1.394 Df=+0.544 | g r=0.147 f=0.368 p=0.530(0.001) max=1.391 | Ld=+0.0100 base=-0.0492 r1=0.0318 path=0.0249 cap=0.00247 | Lg=+0.7983 | 13s
 1450 hold m=8 hq=0.374 fail | Dr=+0.572/+1.371 |Dr|max=1.371 Df=+0.519 | g r=0.174 f=0.511 p=0.534(0.005) max=1.370 | Ld=-0.0670 base=-0.131 r1=0.0352 path=0.0266 cap=0.0018 | Lg=+0.8346 | 13s
 1460 hold m=8 hq=0.863 fail | Dr=+0.602/+1.440 |Dr|max=1.440 Df=+0.612 | g r=0.163 f=0.170 p=0.463(0.007) max=1.243 | Ld=+0.0668 base=-0.00687 r1=0.0293 path=0.0443 cap=0.000104 | Lg=+0.7551 | 13s
 1470 hold m=7 hq=0.767 fail | Dr=+0.523/+1.373 |Dr|max=1.373 Df=+0.527 | g r=0.149 f=0.206 p=0.510(0.010) max=1.410 | Ld=+0.0570 base=-0.00826 r1=0.0226 path=0.041 cap=0.00168 | Lg=+0.7676 | 13s
 1480 hold m=8 hq=0.928 PASS | Dr=+0.635/+1.487 |Dr|max=1.487 Df=+0.646 | g r=0.128 f=0.131 p=0.464(0.008) max=1.180 | Ld=+0.0766 base=0.0119 r1=0.033 path=0.0312 cap=0.000483 | Lg=+0.7419 | 13s
 1490 hold m=5 hq=0.389 fail | Dr=+0.515/+1.282 |Dr|max=1.282 Df=+0.485 | g r=0.159 f=0.349 p=0.508(0.005) max=1.323 | Ld=+0.0688 base=0.00383 r1=0.0301 path=0.0343 cap=0.000616 | Lg=+0.7381 | 14s
 1500 hold m=7 hq=0.621 fail | Dr=+0.730/+1.488 |Dr|max=1.488 Df=+0.682 | g r=0.192 f=0.351 p=0.560(0.017) max=1.392 | Ld=-0.0158 base=-0.0802 r1=0.0305 path=0.0324 cap=0.00157 | Lg=+0.8035 | 14s
 1510 hold m=8 hq=0.513 fail | Dr=+0.651/+1.425 |Dr|max=1.425 Df=+0.654 | g r=0.155 f=0.306 p=0.484(0.008) max=1.440 | Ld=+0.0825 base=-0.011 r1=0.0495 path=0.0428 cap=0.00116 | Lg=+0.7384 | 14s
 1520 hold m=8 hq=0.917 PASS | Dr=+0.764/+1.590 |Dr|max=1.590 Df=+0.771 | g r=0.206 f=0.237 p=0.497(0.006) max=1.488 | Ld=+0.0698 base=-0.0136 r1=0.0207 path=0.0615 cap=0.00114 | Lg=+0.7690 | 14s
 1530 hold m=7 hq=0.343 fail | Dr=+0.909/+1.809 |Dr|max=1.809 Df=+0.830 | g r=0.167 f=0.529 p=0.599(0.002) max=1.775 | Ld=-0.0775 base=-0.151 r1=0.0364 path=0.0313 cap=0.00583 | Lg=+0.9020 | 14s
 1540 hold m=7 hq=0.552 fail | Dr=+0.729/+1.263 |Dr|max=1.263 Df=+0.677 | g r=0.172 f=0.400 p=0.529(0.010) max=1.346 | Ld=+0.0006 base=-0.0672 r1=0.0416 path=0.025 cap=0.00121 | Lg=+0.7527 | 14s
 1550 hold m=7 hq=0.352 fail | Dr=+0.560/+0.966 |Dr|max=0.966 Df=+0.512 | g r=0.192 f=0.432 p=0.508(0.004) max=1.463 | Ld=+0.0606 base=-0.0277 r1=0.0277 path=0.0606 cap=0.000121 | Lg=+0.7218 | 14s
 1560 hold m=8 hq=0.559 fail | Dr=+0.790/+1.518 |Dr|max=1.518 Df=+0.762 | g r=0.163 f=0.390 p=0.488(0.004) max=1.217 | Ld=+0.0457 base=-0.0254 r1=0.0303 path=0.0402 cap=0.000604 | Lg=+0.7587 | 14s
 1570 hold m=7 hq=0.553 fail | Dr=+0.677/+1.428 |Dr|max=1.428 Df=+0.679 | g r=0.186 f=0.259 p=0.487(0.002) max=1.216 | Ld=+0.0613 base=-0.0097 r1=0.0335 path=0.037 cap=0.000457 | Lg=+0.7422 | 14s
 1580 hold m=8 hq=0.759 fail | Dr=+0.554/+1.298 |Dr|max=1.298 Df=+0.545 | g r=0.161 f=0.267 p=0.504(0.011) max=1.336 | Ld=+0.0618 base=-0.0062 r1=0.0285 path=0.0392 cap=0.00034 | Lg=+0.7389 | 14s
 1590 hold m=8 hq=0.715 fail | Dr=+0.579/+1.436 |Dr|max=1.436 Df=+0.574 | g r=0.163 f=0.258 p=0.514(0.008) max=1.309 | Ld=+0.0127 base=-0.0613 r1=0.0403 path=0.0309 cap=0.00274 | Lg=+0.7735 | 14s
 1600 hold m=8 hq=0.477 fail | Dr=+0.484/+1.140 |Dr|max=1.140 Df=+0.449 | g r=0.151 f=0.342 p=0.485(0.003) max=1.352 | Ld=+0.0248 base=-0.0615 r1=0.0615 path=0.0235 cap=0.00136 | Lg=+0.7541 | 15s
 1610 hold m=8 hq=0.582 fail | Dr=+0.492/+1.085 |Dr|max=1.085 Df=+0.452 | g r=0.147 f=0.337 p=0.488(0.008) max=1.186 | Ld=+0.0466 base=-0.0242 r1=0.0359 path=0.0331 cap=0.0018 | Lg=+0.7399 | 15s
 1620 hold m=8 hq=0.496 fail | Dr=+0.481/+1.012 |Dr|max=1.012 Df=+0.417 | g r=0.165 f=0.446 p=0.549(0.003) max=1.309 | Ld=+0.0078 base=-0.0566 r1=0.0369 path=0.0271 cap=0.000437 | Lg=+0.7517 | 15s
 1630 hold m=7 hq=0.569 fail | Dr=+0.556/+1.083 |Dr|max=1.083 Df=+0.535 | g r=0.136 f=0.300 p=0.465(0.009) max=1.206 | Ld=+0.0349 base=-0.0339 r1=0.0453 path=0.0184 cap=0.00519 | Lg=+0.7277 | 15s
 1640 hold m=7 hq=0.548 fail | Dr=+0.759/+1.427 |Dr|max=1.427 Df=+0.702 | g r=0.157 f=0.412 p=0.548(0.001) max=1.412 | Ld=-0.0603 base=-0.124 r1=0.0391 path=0.0223 cap=0.00226 | Lg=+0.8108 | 15s
 1650 hold m=8 hq=0.670 fail | Dr=+0.622/+1.281 |Dr|max=1.281 Df=+0.609 | g r=0.185 f=0.309 p=0.483(0.011) max=1.205 | Ld=+0.0795 base=-0.00935 r1=0.0421 path=0.0464 cap=0.000419 | Lg=+0.7408 | 15s
 1660 hold m=7 hq=0.655 fail | Dr=+0.759/+1.535 |Dr|max=1.535 Df=+0.704 | g r=0.164 f=0.338 p=0.549(0.005) max=1.435 | Ld=-0.0796 base=-0.156 r1=0.041 path=0.0296 cap=0.00598 | Lg=+0.8249 | 15s
 1670 hold m=8 hq=0.774 fail | Dr=+0.657/+1.320 |Dr|max=1.320 Df=+0.640 | g r=0.144 f=0.273 p=0.487(0.001) max=1.299 | Ld=+0.0183 base=-0.0722 r1=0.044 path=0.0361 cap=0.0103 | Lg=+0.7571 | 15s
 1680 hold m=8 hq=0.601 fail | Dr=+0.558/+1.162 |Dr|max=1.162 Df=+0.541 | g r=0.195 f=0.379 p=0.498(0.023) max=1.286 | Ld=+0.0614 base=-0.013 r1=0.0226 path=0.0517 cap=1.84e-06 | Lg=+0.7380 | 15s
 1690 hold m=8 hq=0.495 fail | Dr=+0.570/+1.145 |Dr|max=1.145 Df=+0.546 | g r=0.154 f=0.360 p=0.484(0.006) max=1.143 | Ld=+0.0496 base=-0.0138 r1=0.0366 path=0.0266 cap=0.000177 | Lg=+0.7305 | 15s
 1700 hold m=7 hq=0.644 fail | Dr=+0.536/+1.109 |Dr|max=1.109 Df=+0.543 | g r=0.182 f=0.305 p=0.500(0.012) max=1.339 | Ld=+0.0617 base=-0.00197 r1=0.0249 path=0.0387 cap=0.000144 | Lg=+0.7114 | 15s
 1710 hold m=7 hq=0.682 fail | Dr=+0.788/+1.435 |Dr|max=1.435 Df=+0.748 | g r=0.156 f=0.356 p=0.568(0.005) max=1.389 | Ld=-0.0332 base=-0.102 r1=0.0372 path=0.0313 cap=0.000132 | Lg=+0.7910 | 16s
 1720 hold m=8 hq=0.920 PASS | Dr=+0.673/+1.324 |Dr|max=1.324 Df=+0.678 | g r=0.128 f=0.133 p=0.443(0.009) max=1.132 | Ld=+0.0775 base=0.000483 r1=0.0495 path=0.0262 cap=0.00134 | Lg=+0.7336 | 16s
 1730 hold m=8 hq=0.714 fail | Dr=+0.662/+1.580 |Dr|max=1.580 Df=+0.669 | g r=0.172 f=0.212 p=0.499(0.003) max=1.202 | Ld=+0.0633 base=-0.0219 r1=0.0221 path=0.0628 cap=0.0003 | Lg=+0.7538 | 16s
 1740 hold m=8 hq=0.912 PASS | Dr=+0.609/+1.482 |Dr|max=1.482 Df=+0.615 | g r=0.142 f=0.155 p=0.486(0.007) max=1.250 | Ld=+0.0543 base=-0.0166 r1=0.0403 path=0.0298 cap=0.000895 | Lg=+0.7457 | 16s
 1750 hold m=8 hq=0.964 PASS | Dr=+0.635/+1.409 |Dr|max=1.409 Df=+0.635 | g r=0.193 f=0.225 p=0.529(0.011) max=1.298 | Ld=+0.0585 base=-0.0132 r1=0.0175 path=0.0536 cap=0.000639 | Lg=+0.7563 | 16s
 1760 hold m=8 hq=0.919 PASS | Dr=+0.704/+1.315 |Dr|max=1.315 Df=+0.706 | g r=0.187 f=0.215 p=0.497(0.011) max=1.318 | Ld=+0.0813 base=0.00866 r1=0.0251 path=0.0471 cap=0.000361 | Lg=+0.7302 | 16s
 1770 hold m=8 hq=0.767 fail | Dr=+0.504/+1.247 |Dr|max=1.247 Df=+0.506 | g r=0.164 f=0.206 p=0.502(0.013) max=1.369 | Ld=+0.0562 base=-0.00781 r1=0.022 path=0.0414 cap=0.000621 | Lg=+0.7622 | 16s
 1780 hold m=5 hq=0.590 fail | Dr=+0.590/+1.422 |Dr|max=1.422 Df=+0.569 | g r=0.150 f=0.259 p=0.513(0.003) max=1.261 | Ld=+0.0434 base=-0.0205 r1=0.0315 path=0.0317 cap=0.00074 | Lg=+0.7650 | 16s
 1790 hold m=7 hq=0.615 fail | Dr=+0.688/+1.545 |Dr|max=1.545 Df=+0.651 | g r=0.159 f=0.327 p=0.491(0.009) max=1.156 | Ld=+0.0762 base=-0.00349 r1=0.0411 path=0.0364 cap=0.00221 | Lg=+0.7515 | 16s
 1800 hold m=8 hq=0.658 fail | Dr=+0.627/+1.434 |Dr|max=1.434 Df=+0.612 | g r=0.152 f=0.274 p=0.487(0.005) max=1.293 | Ld=+0.0540 base=-0.0124 r1=0.0281 path=0.0381 cap=0.000231 | Lg=+0.7558 | 16s
 1810 hold m=8 hq=0.482 fail | Dr=+0.549/+1.495 |Dr|max=1.495 Df=+0.488 | g r=0.169 f=0.412 p=0.511(0.000) max=1.127 | Ld=+0.0127 base=-0.066 r1=0.0297 path=0.047 cap=0.00196 | Lg=+0.7843 | 16s
 1820 hold m=7 hq=0.391 fail | Dr=+0.578/+1.257 |Dr|max=1.257 Df=+0.495 | g r=0.154 f=0.355 p=0.494(0.002) max=1.149 | Ld=+0.0466 base=-0.0273 r1=0.0357 path=0.0381 cap=0.000114 | Lg=+0.7493 | 17s
 1830 hold m=5 hq=0.191 fail | Dr=+0.605/+1.090 |Dr|max=1.090 Df=+0.491 | g r=0.183 f=0.575 p=0.525(0.008) max=1.220 | Ld=+0.0081 base=-0.0634 r1=0.0483 path=0.0221 cap=0.00115 | Lg=+0.7651 | 17s
 1840 hold m=5 hq=0.007 fail | Dr=+0.581/+1.105 |Dr|max=1.105 Df=+0.368 | g r=0.181 f=0.657 p=0.587(0.005) max=1.300 | Ld=-0.0710 base=-0.14 r1=0.0436 path=0.0226 cap=0.00288 | Lg=+0.7942 | 17s
 1850 hold m=0 hq=0.000 fail | Dr=-10.979/-1.831 |Dr|max=30.333 Df=-14.776 | g r=30.794 f=13.002 p=16.452(0.124) max=138.601 | Ld=+443975.4688 base=483 r1=7.17e+04 cap=3.72e+05 | Lg=+57.1524 | 17s
 1860 hold m=0 hq=0.000 fail | Dr=-0.641/+1.360 |Dr|max=3.663 Df=+1.206 | g r=7.361 f=4.479 p=5.516(0.077) max=42.479 | Ld=+520.6902 base=2.19 r1=87.3 path=0.000429 cap=431 | Lg=+0.2797 | 17s
 1870 hold m=0 hq=0.000 fail | Dr=+1.822/+4.003 |Dr|max=4.003 Df=+4.147 | g r=4.298 f=2.767 p=3.413(0.088) max=30.467 | Ld=+179.2354 base=2.4 r1=33 path=0.00088 cap=144 | Lg=+0.2365 | 17s
 1880 hold m=0 hq=0.000 fail | Dr=+2.175/+5.381 |Dr|max=5.381 Df=-3.326 | g r=4.032 f=2.190 p=3.122(0.014) max=21.362 | Ld=+115.9486 base=-6.37 r1=25.7 path=0.00195 cap=96.6 | Lg=+6.8922 | 17s
 1890 hold m=3 hq=0.016 fail | Dr=+1.822/+5.173 |Dr|max=5.173 Df=+1.852 | g r=3.482 f=4.129 p=4.289(0.047) max=21.685 | Ld=+162.2691 base=0.108 r1=18.5 path=0.00111 cap=144 | Lg=+1.0898 | 17s
 1900 hold m=0 hq=0.000 fail | Dr=+0.882/+4.420 |Dr|max=4.420 Df=-0.593 | g r=3.363 f=2.902 p=3.521(0.040) max=18.983 | Ld=+103.4774 base=-1.67 r1=16.9 path=0.0013 cap=88.2 | Lg=+2.1735 | 17s
 1910 hold m=1 hq=0.001 fail | Dr=+0.885/+3.595 |Dr|max=3.595 Df=+0.874 | g r=3.145 f=3.458 p=3.728(0.089) max=21.328 | Ld=+189.1466 base=0.671 r1=15.3 path=0.00103 cap=173 | Lg=+0.7416 | 17s
 1920 hold m=1 hq=0.005 fail | Dr=+1.098/+3.149 |Dr|max=3.149 Df=+1.846 | g r=2.947 f=3.699 p=4.034(0.039) max=24.893 | Ld=+196.5725 base=0.634 r1=12.7 path=0.000595 cap=183 | Lg=+0.6494 | 17s
 1930 hold m=1 hq=0.001 fail | Dr=+1.153/+2.763 |Dr|max=2.763 Df=+1.851 | g r=2.871 f=2.580 p=3.187(0.052) max=25.487 | Ld=+95.9736 base=0.637 r1=12 path=0.00139 cap=83.3 | Lg=+0.5577 | 17s
 1940 hold m=1 hq=0.032 fail | Dr=+0.894/+2.457 |Dr|max=2.457 Df=+2.026 | g r=2.654 f=2.755 p=2.992(0.043) max=21.344 | Ld=+76.1729 base=0.953 r1=10.3 path=0.00235 cap=64.9 | Lg=+0.4349 | 18s
 1950 hold m=1 hq=0.016 fail | Dr=+0.714/+2.032 |Dr|max=2.032 Df=+1.778 | g r=2.561 f=2.505 p=2.955(0.024) max=22.412 | Ld=+70.6722 base=1.16 r1=9.24 path=0.00149 cap=60.3 | Lg=+0.3941 | 18s
 1960 hold m=1 hq=0.000 fail | Dr=+0.314/+1.667 |Dr|max=1.667 Df=+1.589 | g r=2.594 f=2.245 p=2.667(0.025) max=17.601 | Ld=+61.8128 base=1.3 r1=9.62 path=0.00218 cap=50.9 | Lg=+0.3996 | 18s
 1970 hold m=1 hq=0.035 fail | Dr=-0.135/+1.342 |Dr|max=1.445 Df=+1.241 | g r=2.547 f=2.465 p=2.624(0.029) max=17.120 | Ld=+58.0554 base=1.27 r1=9.4 path=0.0018 cap=47.4 | Lg=+0.4456 | 18s
 1980 hold m=1 hq=0.037 fail | Dr=-0.379/+1.040 |Dr|max=1.628 Df=+0.828 | g r=2.392 f=2.140 p=2.442(0.001) max=19.380 | Ld=+55.6555 base=1.18 r1=8.34 path=0.00225 cap=46.1 | Lg=+0.4278 | 18s
 1990 hold m=1 hq=0.091 fail | Dr=-0.600/+0.840 |Dr|max=1.864 Df=+0.160 | g r=2.269 f=1.860 p=2.328(0.020) max=14.840 | Ld=+52.2324 base=0.827 r1=8.81 path=0.00369 cap=42.6 | Lg=+0.5125 | 18s
 2000 hold m=1 hq=0.052 fail | Dr=-1.054/+0.592 |Dr|max=2.407 Df=-1.123 | g r=2.281 f=1.822 p=2.206(0.006) max=15.346 | Ld=+45.1180 base=0.00548 r1=7.89 path=0.00302 cap=37.2 | Lg=+0.9839 | 18s
 2010 hold m=3 hq=0.026 fail | Dr=-1.336/+0.361 |Dr|max=2.825 Df=-2.184 | g r=2.229 f=2.089 p=2.388(0.022) max=13.784 | Ld=+45.7083 base=-0.735 r1=8.65 path=0.00315 cap=37.8 | Lg=+1.7313 | 18s
 2020 hold m=2 hq=0.009 fail | Dr=-1.640/+0.039 |Dr|max=3.053 Df=-2.229 | g r=2.218 f=2.168 p=2.425(0.049) max=20.223 | Ld=+47.0843 base=-0.761 r1=8.28 path=0.00244 cap=39.6 | Lg=+1.6185 | 18s
 2030 hold m=1 hq=0.002 fail | Dr=-1.555/-0.212 |Dr|max=2.571 Df=-1.063 | g r=2.153 f=2.046 p=2.328(0.034) max=19.513 | Ld=+53.1530 base=0.454 r1=9.38 path=0.00196 cap=43.3 | Lg=+0.5916 | 18s
 2040 hold m=1 hq=0.009 fail | Dr=-1.149/-0.352 |Dr|max=1.815 Df=-0.645 | g r=2.168 f=2.310 p=2.257(0.026) max=17.188 | Ld=+48.9762 base=0.509 r1=8.39 path=0.00391 cap=40.1 | Lg=+0.5108 | 18s
 2050 hold m=0 hq=0.000 fail | Dr=-0.898/-0.525 |Dr|max=1.520 Df=-0.584 | g r=2.280 f=2.068 p=2.150(0.024) max=18.124 | Ld=+48.2694 base=0.326 r1=9 path=0.00533 cap=38.9 | Lg=+0.5694 | 19s
 2060 hold m=0 hq=0.000 fail | Dr=-0.836/-0.343 |Dr|max=1.463 Df=-0.647 | g r=2.298 f=2.224 p=2.198(0.025) max=21.082 | Ld=+50.3537 base=0.134 r1=10.1 path=0.00431 cap=40.1 | Lg=+0.6460 | 19s
 2070 hold m=2 hq=0.040 fail | Dr=-0.944/-0.404 |Dr|max=1.581 Df=-1.029 | g r=2.297 f=2.012 p=2.059(0.013) max=19.696 | Ld=+48.7719 base=0.184 r1=10.4 path=0.00482 cap=38.2 | Lg=+0.6175 | 19s
 2080 hold m=2 hq=0.001 fail | Dr=-1.113/-0.588 |Dr|max=1.686 Df=-1.100 | g r=2.250 f=1.765 p=1.951(0.057) max=17.949 | Ld=+40.7714 base=-0.0388 r1=9.02 path=0.00541 cap=31.8 | Lg=+0.7301 | 19s
 2090 hold m=2 hq=0.006 fail | Dr=-1.266/-0.764 |Dr|max=1.844 Df=-1.269 | g r=2.210 f=1.683 p=1.910(0.006) max=17.792 | Ld=+43.4829 base=-0.012 r1=9.97 path=0.00474 cap=33.5 | Lg=+0.7160 | 19s
 2100 hold m=1 hq=0.002 fail | Dr=-1.508/-0.885 |Dr|max=2.038 Df=-1.496 | g r=2.210 f=1.346 p=1.905(0.030) max=18.260 | Ld=+45.0019 base=-0.00831 r1=9.94 path=0.00471 cap=35.1 | Lg=+0.7064 | 19s
 2110 hold m=1 hq=0.001 fail | Dr=-1.788/-1.028 |Dr|max=2.222 Df=-1.865 | g r=2.136 f=2.193 p=2.152(0.013) max=17.027 | Ld=+52.5418 base=-0.113 r1=9.66 path=0.00383 cap=43 | Lg=+0.7800 | 19s
 2120 hold m=1 hq=0.001 fail | Dr=-1.896/-1.212 |Dr|max=2.466 Df=-2.168 | g r=2.106 f=1.694 p=1.986(0.015) max=15.128 | Ld=+43.2119 base=-0.247 r1=8.25 path=0.00469 cap=35.2 | Lg=+0.8497 | 19s
 2130 hold m=1 hq=0.000 fail | Dr=-2.007/-1.287 |Dr|max=2.611 Df=-2.194 | g r=2.038 f=1.926 p=2.065(0.033) max=14.055 | Ld=+38.8973 base=-0.269 r1=7.44 path=0.00272 cap=31.7 | Lg=+0.8515 | 19s
 2140 hold m=2 hq=0.021 fail | Dr=-2.064/-1.390 |Dr|max=2.771 Df=-2.449 | g r=2.009 f=1.720 p=1.951(0.019) max=12.556 | Ld=+41.3392 base=-0.234 r1=6.7 path=0.00635 cap=34.9 | Lg=+0.8284 | 19s
 2150 hold m=2 hq=0.002 fail | Dr=-2.100/-1.479 |Dr|max=2.865 Df=-2.264 | g r=1.963 f=1.823 p=2.013(0.016) max=12.826 | Ld=+35.9070 base=-0.163 r1=6.36 path=0.00401 cap=29.7 | Lg=+0.8005 | 19s
 2160 hold m=5 hq=0.011 fail | Dr=-2.137/-1.500 |Dr|max=2.878 Df=-2.425 | g r=1.882 f=1.773 p=1.893(0.015) max=12.357 | Ld=+29.1875 base=-0.316 r1=5.84 path=0.0039 cap=23.7 | Lg=+0.8911 | 19s
 2170 hold m=2 hq=0.003 fail | Dr=-2.148/-1.535 |Dr|max=2.916 Df=-2.365 | g r=1.822 f=1.662 p=1.827(0.015) max=12.051 | Ld=+30.0360 base=-0.16 r1=5.7 path=0.00466 cap=24.5 | Lg=+0.8145 | 20s
 2180 hold m=2 hq=0.003 fail | Dr=-2.133/-1.552 |Dr|max=2.934 Df=-2.293 | g r=1.806 f=1.777 p=1.839(0.041) max=12.334 | Ld=+30.0560 base=-0.215 r1=5.58 path=0.00503 cap=24.7 | Lg=+0.8371 | 20s
 2190 hold m=1 hq=0.000 fail | Dr=-2.143/-1.526 |Dr|max=2.963 Df=-2.474 | g r=1.797 f=1.726 p=1.827(0.022) max=11.957 | Ld=+27.3118 base=-0.359 r1=4.91 path=0.00613 cap=22.8 | Lg=+0.9148 | 20s
 2200 hold m=1 hq=0.003 fail | Dr=-2.190/-1.531 |Dr|max=2.946 Df=-2.387 | g r=1.770 f=1.660 p=1.758(0.018) max=10.462 | Ld=+24.8186 base=-0.236 r1=4.75 path=0.00412 cap=20.3 | Lg=+0.8408 | 20s
 2210 hold m=1 hq=0.000 fail | Dr=-2.298/-1.569 |Dr|max=2.936 Df=-2.563 | g r=1.729 f=1.380 p=1.655(0.010) max=11.056 | Ld=+26.2754 base=-0.166 r1=4.62 path=0.00487 cap=21.8 | Lg=+0.8229 | 20s
 2220 hold m=1 hq=0.002 fail | Dr=-2.293/-1.551 |Dr|max=2.890 Df=-2.459 | g r=1.683 f=2.136 p=1.745(0.037) max=10.882 | Ld=+24.0504 base=-0.167 r1=4.42 path=0.00487 cap=19.8 | Lg=+0.8146 | 20s
 2230 hold m=2 hq=0.159 fail | Dr=-2.340/-1.517 |Dr|max=2.905 Df=-2.594 | g r=1.697 f=1.587 p=1.689(0.023) max=10.875 | Ld=+20.7197 base=-0.151 r1=4.35 path=0.00461 cap=16.5 | Lg=+0.8108 | 20s
 2240 hold m=4 hq=0.049 fail | Dr=-2.342/-1.485 |Dr|max=2.901 Df=-2.651 | g r=1.672 f=1.684 p=1.680(0.045) max=9.661 | Ld=+20.4483 base=-0.147 r1=4.08 path=0.00591 cap=16.5 | Lg=+0.7923 | 20s
 2250 hold m=1 hq=0.048 fail | Dr=-2.383/-1.460 |Dr|max=2.954 Df=-2.566 | g r=1.668 f=1.542 p=1.617(0.018) max=9.283 | Ld=+19.9895 base=-0.283 r1=4.26 path=0.00684 cap=16 | Lg=+0.8753 | 20s
 2260 hold m=2 hq=0.068 fail | Dr=-2.429/-1.450 |Dr|max=3.030 Df=-2.572 | g r=1.663 f=1.598 p=1.676(0.016) max=9.216 | Ld=+18.6251 base=-0.228 r1=4 path=0.00557 cap=14.8 | Lg=+0.8479 | 20s
 2270 hold m=1 hq=0.007 fail | Dr=-2.438/-1.428 |Dr|max=3.036 Df=-2.655 | g r=1.656 f=1.671 p=1.627(0.018) max=9.615 | Ld=+18.6152 base=-0.125 r1=4.05 path=0.00511 cap=14.7 | Lg=+0.7936 | 20s
 2280 hold m=2 hq=0.091 fail | Dr=-2.468/-1.413 |Dr|max=3.069 Df=-2.693 | g r=1.630 f=1.468 p=1.597(0.005) max=11.056 | Ld=+17.7807 base=-0.185 r1=3.85 path=0.00491 cap=14.1 | Lg=+0.8295 | 21s
 2290 hold m=2 hq=0.013 fail | Dr=-2.490/-1.404 |Dr|max=3.089 Df=-2.739 | g r=1.610 f=1.641 p=1.577(0.018) max=9.110 | Ld=+17.1874 base=-0.177 r1=3.8 path=0.00574 cap=13.6 | Lg=+0.8248 | 21s
 2300 hold m=2 hq=0.078 fail | Dr=-2.510/-1.403 |Dr|max=3.123 Df=-2.740 | g r=1.588 f=1.526 p=1.569(0.013) max=9.249 | Ld=+16.4763 base=-0.193 r1=3.65 path=0.0041 cap=13 | Lg=+0.8369 | 21s
 2310 hold m=2 hq=0.016 fail | Dr=-2.514/-1.385 |Dr|max=3.141 Df=-2.674 | g r=1.558 f=1.514 p=1.540(0.013) max=10.176 | Ld=+14.6216 base=-0.15 r1=3.42 path=0.00705 cap=11.3 | Lg=+0.8100 | 21s
 2320 hold m=3 hq=0.015 fail | Dr=-2.516/-1.354 |Dr|max=3.124 Df=-2.733 | g r=1.516 f=1.438 p=1.541(0.028) max=9.770 | Ld=+14.3028 base=-0.182 r1=3.26 path=0.00551 cap=11.2 | Lg=+0.8333 | 21s
 2330 hold m=2 hq=0.017 fail | Dr=-2.502/-1.328 |Dr|max=3.120 Df=-2.679 | g r=1.483 f=1.550 p=1.548(0.010) max=9.676 | Ld=+13.9270 base=-0.173 r1=3.36 path=0.0032 cap=10.7 | Lg=+0.8260 | 21s
 2340 hold m=1 hq=0.006 fail | Dr=-2.525/-1.328 |Dr|max=3.172 Df=-2.724 | g r=1.473 f=1.401 p=1.520(0.020) max=9.479 | Ld=+13.3875 base=-0.186 r1=3.08 path=0.00549 cap=10.5 | Lg=+0.8353 | 21s
 2350 hold m=2 hq=0.015 fail | Dr=-2.576/-1.333 |Dr|max=3.242 Df=-2.793 | g r=1.468 f=1.395 p=1.500(0.005) max=9.369 | Ld=+13.0386 base=-0.25 r1=3.13 path=0.00787 cap=10.1 | Lg=+0.8596 | 21s
 2360 hold m=2 hq=0.047 fail | Dr=-2.570/-1.312 |Dr|max=3.246 Df=-2.818 | g r=1.443 f=1.447 p=1.517(0.017) max=8.147 | Ld=+13.4473 base=-0.261 r1=3.28 path=0.00532 cap=10.4 | Lg=+0.8713 | 21s
 2370 hold m=4 hq=0.037 fail | Dr=-2.566/-1.317 |Dr|max=3.250 Df=-2.736 | g r=1.406 f=1.514 p=1.537(0.016) max=12.124 | Ld=+13.9250 base=-0.203 r1=2.95 path=0.00469 cap=11.2 | Lg=+0.8397 | 21s
 2380 hold m=4 hq=0.049 fail | Dr=-2.479/-1.297 |Dr|max=3.133 Df=-2.593 | g r=1.394 f=1.571 p=1.580(0.041) max=11.307 | Ld=+17.4692 base=-0.0986 r1=2.7 path=0.00632 cap=14.9 | Lg=+0.7984 | 21s
 2390 hold m=3 hq=0.033 fail | Dr=-2.375/-1.277 |Dr|max=3.053 Df=-2.440 | g r=1.355 f=1.631 p=1.566(0.020) max=11.262 | Ld=+17.0297 base=-0.0468 r1=2.6 path=0.00776 cap=14.5 | Lg=+0.7623 | 21s
 2400 hold m=3 hq=0.053 fail | Dr=-2.245/-1.252 |Dr|max=2.965 Df=-2.248 | g r=1.320 f=1.707 p=1.552(0.031) max=8.551 | Ld=+14.7833 base=0.0314 r1=2.5 path=0.00635 cap=12.2 | Lg=+0.7242 | 22s
# shift (1,0) after 2400; frozen copy on new target: m=2 hq=0.013
 2410 post m=2 hq=0.036 fail | Dr=-2.146/-1.047 |Dr|max=3.005 Df=-2.039 | g r=1.617 f=1.588 p=1.606(0.027) max=9.638 | Ld=+22.2454 base=0.133 r1=3.87 path=0.00521 cap=18.2 | Lg=+0.6735 | 22s
 2420 post m=3 hq=0.034 fail | Dr=-1.963/-1.019 |Dr|max=2.875 Df=-1.865 | g r=1.476 f=1.676 p=1.572(0.007) max=13.239 | Ld=+14.5931 base=0.101 r1=3.06 path=0.00571 cap=11.4 | Lg=+0.6775 | 22s
 2430 post m=2 hq=0.018 fail | Dr=-1.840/-1.020 |Dr|max=2.738 Df=-1.820 | g r=1.323 f=1.444 p=1.482(0.012) max=9.222 | Ld=+11.9882 base=0.00969 r1=2.62 path=0.0054 cap=9.35 | Lg=+0.7124 | 22s
 2440 post m=2 hq=0.011 fail | Dr=-1.750/-1.030 |Dr|max=2.627 Df=-1.715 | g r=1.239 f=1.457 p=1.466(0.023) max=8.181 | Ld=+13.9488 base=-0.0275 r1=2.4 path=0.00514 cap=11.6 | Lg=+0.7417 | 22s
 2450 post m=2 hq=0.040 fail | Dr=-1.715/-1.056 |Dr|max=2.546 Df=-1.641 | g r=1.227 f=1.642 p=1.503(0.022) max=10.115 | Ld=+16.4516 base=0.0882 r1=2.14 path=0.00568 cap=14.2 | Lg=+0.6885 | 22s
 2460 post m=4 hq=0.010 fail | Dr=-1.760/-1.134 |Dr|max=2.473 Df=-1.731 | g r=1.242 f=1.743 p=1.497(0.015) max=8.709 | Ld=+14.1681 base=0.00466 r1=2.48 path=0.00587 cap=11.7 | Lg=+0.7218 | 22s
 2470 post m=4 hq=0.025 fail | Dr=-1.812/-1.211 |Dr|max=2.369 Df=-1.807 | g r=1.280 f=2.018 p=1.641(0.021) max=10.260 | Ld=+19.7153 base=0.0162 r1=2.43 path=0.00546 cap=17.3 | Lg=+0.7218 | 22s
 2480 post m=2 hq=0.008 fail | Dr=-1.835/-1.257 |Dr|max=2.283 Df=-1.844 | g r=1.277 f=1.571 p=1.491(0.023) max=6.682 | Ld=+12.0583 base=-0.0275 r1=2.39 path=0.00561 cap=9.69 | Lg=+0.7236 | 22s
 2490 post m=3 hq=0.006 fail | Dr=-1.904/-1.316 |Dr|max=2.241 Df=-1.975 | g r=1.283 f=1.551 p=1.485(0.020) max=6.254 | Ld=+11.0652 base=-0.0875 r1=2.31 path=0.00601 cap=8.84 | Lg=+0.7628 | 22s
 2500 post m=3 hq=0.015 fail | Dr=-2.000/-1.414 |Dr|max=2.378 Df=-2.192 | g r=1.281 f=1.639 p=1.487(0.054) max=9.893 | Ld=+12.3259 base=-0.197 r1=2.41 path=0.00489 cap=10.1 | Lg=+0.8148 | 22s
 2510 post m=1 hq=0.007 fail | Dr=-2.017/-1.434 |Dr|max=2.403 Df=-2.169 | g r=1.345 f=1.556 p=1.457(0.017) max=8.647 | Ld=+13.5621 base=-0.135 r1=2.7 path=0.00714 cap=11 | Lg=+0.7742 | 22s
 2520 post m=1 hq=0.001 fail | Dr=-1.924/-1.392 |Dr|max=2.219 Df=-2.002 | g r=1.263 f=1.462 p=1.370(0.012) max=6.966 | Ld=+10.7129 base=-0.0934 r1=2.41 path=0.006 cap=8.39 | Lg=+0.7569 | 23s
 2530 post m=2 hq=0.011 fail | Dr=-1.886/-1.382 |Dr|max=2.193 Df=-1.967 | g r=1.187 f=1.438 p=1.333(0.026) max=6.142 | Ld=+9.4939 base=-0.1 r1=2.15 path=0.00588 cap=7.43 | Lg=+0.7586 | 23s
 2540 post m=2 hq=0.007 fail | Dr=-1.851/-1.382 |Dr|max=2.158 Df=-1.939 | g r=1.137 f=1.398 p=1.302(0.028) max=6.229 | Ld=+8.9983 base=-0.155 r1=1.81 path=0.00722 cap=7.34 | Lg=+0.7988 | 23s
 2550 post m=3 hq=0.051 fail | Dr=-1.878/-1.401 |Dr|max=2.300 Df=-2.009 | g r=1.177 f=1.326 p=1.324(0.025) max=6.610 | Ld=+8.9065 base=-0.158 r1=1.94 path=0.00735 cap=7.11 | Lg=+0.7829 | 23s
 2560 post m=2 hq=0.004 fail | Dr=-1.816/-1.397 |Dr|max=2.225 Df=-1.842 | g r=1.122 f=1.442 p=1.296(0.019) max=5.578 | Ld=+7.1809 base=-0.0707 r1=1.84 path=0.00541 cap=5.4 | Lg=+0.7481 | 23s
 2570 post m=2 hq=0.019 fail | Dr=-1.811/-1.409 |Dr|max=2.167 Df=-1.834 | g r=1.073 f=1.336 p=1.279(0.014) max=5.901 | Ld=+7.8528 base=-0.0493 r1=1.66 path=0.00731 cap=6.23 | Lg=+0.7273 | 23s
 2580 post m=2 hq=0.009 fail | Dr=-1.834/-1.424 |Dr|max=2.160 Df=-1.889 | g r=1.041 f=1.394 p=1.252(0.006) max=6.712 | Ld=+5.6354 base=-0.0853 r1=1.56 path=0.00887 cap=4.15 | Lg=+0.7420 | 23s
 2590 post m=3 hq=0.006 fail | Dr=-1.840/-1.411 |Dr|max=2.195 Df=-1.934 | g r=1.026 f=1.249 p=1.238(0.032) max=5.825 | Ld=+7.0328 base=-0.0726 r1=1.43 path=0.00632 cap=5.67 | Lg=+0.7484 | 23s
 2600 post m=3 hq=0.002 fail | Dr=-1.840/-1.430 |Dr|max=2.182 Df=-1.888 | g r=1.017 f=1.180 p=1.205(0.019) max=7.323 | Ld=+7.2451 base=-0.0684 r1=1.47 path=0.0112 cap=5.83 | Lg=+0.7392 | 23s
 2610 post m=3 hq=0.002 fail | Dr=-1.874/-1.454 |Dr|max=2.248 Df=-1.982 | g r=1.036 f=1.289 p=1.244(0.033) max=7.942 | Ld=+7.4867 base=-0.0987 r1=1.57 path=0.00762 cap=6.01 | Lg=+0.7522 | 23s
 2620 post m=3 hq=0.006 fail | Dr=-1.866/-1.466 |Dr|max=2.233 Df=-1.920 | g r=1.008 f=1.223 p=1.211(0.002) max=8.074 | Ld=+6.6462 base=-0.0996 r1=1.43 path=0.00818 cap=5.31 | Lg=+0.7566 | 23s
 2630 post m=4 hq=0.009 fail | Dr=-1.875/-1.460 |Dr|max=2.259 Df=-1.976 | g r=0.968 f=1.352 p=1.188(0.020) max=8.393 | Ld=+5.9965 base=-0.0712 r1=1.32 path=0.00847 cap=4.74 | Lg=+0.7392 | 23s
 2640 post m=4 hq=0.003 fail | Dr=-1.910/-1.478 |Dr|max=2.285 Df=-2.002 | g r=0.975 f=1.298 p=1.219(0.031) max=6.731 | Ld=+5.9553 base=-0.144 r1=1.39 path=0.00847 cap=4.7 | Lg=+0.7886 | 24s
 2650 post m=5 hq=0.002 fail | Dr=-1.909/-1.477 |Dr|max=2.306 Df=-1.966 | g r=0.940 f=1.187 p=1.176(0.010) max=6.244 | Ld=+6.4627 base=-0.0744 r1=1.36 path=0.00975 cap=5.16 | Lg=+0.7430 | 24s
 2660 post m=2 hq=0.003 fail | Dr=-1.912/-1.467 |Dr|max=2.337 Df=-1.989 | g r=0.917 f=1.284 p=1.208(0.024) max=6.243 | Ld=+5.2427 base=-0.137 r1=1.21 path=0.0093 cap=4.16 | Lg=+0.7683 | 24s
 2670 post m=3 hq=0.004 fail | Dr=-1.932/-1.476 |Dr|max=2.393 Df=-2.035 | g r=0.914 f=1.382 p=1.153(0.001) max=5.941 | Ld=+6.9807 base=-0.071 r1=1.31 path=0.0105 cap=5.73 | Lg=+0.7464 | 24s
 2680 post m=4 hq=0.014 fail | Dr=-1.925/-1.469 |Dr|max=2.418 Df=-1.974 | g r=0.892 f=1.187 p=1.189(0.010) max=6.704 | Ld=+5.1236 base=-0.0683 r1=1.18 path=0.0102 cap=4 | Lg=+0.7560 | 24s
 2690 post m=4 hq=0.018 fail | Dr=-1.942/-1.466 |Dr|max=2.467 Df=-1.993 | g r=0.882 f=1.207 p=1.187(0.018) max=7.916 | Ld=+5.1654 base=-0.048 r1=1.21 path=0.0119 cap=4 | Lg=+0.7315 | 24s
 2700 post m=4 hq=0.018 fail | Dr=-1.921/-1.454 |Dr|max=2.449 Df=-2.015 | g r=0.874 f=1.145 p=1.151(0.018) max=9.325 | Ld=+4.9392 base=-0.0878 r1=1.2 path=0.0127 cap=3.81 | Lg=+0.7545 | 24s
 2710 post m=5 hq=0.016 fail | Dr=-1.883/-1.443 |Dr|max=2.398 Df=-1.974 | g r=0.864 f=1.107 p=1.154(0.006) max=6.136 | Ld=+5.5481 base=-0.0524 r1=1.18 path=0.0106 cap=4.41 | Lg=+0.7416 | 24s
 2720 post m=5 hq=0.021 fail | Dr=-1.870/-1.442 |Dr|max=2.376 Df=-1.915 | g r=0.865 f=1.193 p=1.180(0.025) max=9.029 | Ld=+4.7257 base=-0.0615 r1=1.13 path=0.0119 cap=3.64 | Lg=+0.7500 | 24s
 2730 post m=3 hq=0.014 fail | Dr=-1.873/-1.447 |Dr|max=2.391 Df=-1.931 | g r=0.871 f=1.219 p=1.150(0.014) max=6.059 | Ld=+5.4395 base=-0.044 r1=1.11 path=0.0103 cap=4.36 | Lg=+0.7440 | 24s
 2740 post m=4 hq=0.036 fail | Dr=-1.885/-1.440 |Dr|max=2.425 Df=-1.931 | g r=0.881 f=1.153 p=1.156(0.005) max=5.304 | Ld=+5.1470 base=-0.0385 r1=1.15 path=0.0133 cap=4.02 | Lg=+0.7316 | 24s
 2750 post m=2 hq=0.012 fail | Dr=-1.902/-1.444 |Dr|max=2.484 Df=-1.971 | g r=0.895 f=1.148 p=1.160(0.014) max=5.452 | Ld=+5.9478 base=-0.0452 r1=1.09 path=0.0132 cap=4.88 | Lg=+0.7506 | 25s
 2760 post m=4 hq=0.021 fail | Dr=-1.921/-1.456 |Dr|max=2.526 Df=-2.043 | g r=0.904 f=1.356 p=1.162(0.018) max=9.546 | Ld=+5.3704 base=-0.0684 r1=1.16 path=0.0115 cap=4.27 | Lg=+0.7580 | 25s
 2770 post m=2 hq=0.012 fail | Dr=-1.920/-1.454 |Dr|max=2.553 Df=-2.007 | g r=0.894 f=1.494 p=1.178(0.022) max=9.405 | Ld=+5.4261 base=-0.065 r1=1.12 path=0.0114 cap=4.35 | Lg=+0.7645 | 25s
 2780 post m=2 hq=0.050 fail | Dr=-1.919/-1.461 |Dr|max=2.560 Df=-1.979 | g r=0.890 f=1.221 p=1.149(0.010) max=6.786 | Ld=+4.5749 base=-0.0639 r1=1.1 path=0.0128 cap=3.52 | Lg=+0.7505 | 25s
 2790 post m=4 hq=0.045 fail | Dr=-1.939/-1.471 |Dr|max=2.619 Df=-2.029 | g r=0.882 f=1.238 p=1.144(0.003) max=8.046 | Ld=+5.0370 base=-0.0957 r1=1.1 path=0.0148 cap=4.02 | Lg=+0.7809 | 25s
 2800 post m=2 hq=0.019 fail | Dr=-1.953/-1.476 |Dr|max=2.647 Df=-2.050 | g r=0.858 f=1.171 p=1.098(0.010) max=6.510 | Ld=+5.2130 base=-0.0795 r1=1.05 path=0.0104 cap=4.23 | Lg=+0.7779 | 25s
 2810 post m=4 hq=0.050 fail | Dr=-1.953/-1.481 |Dr|max=2.666 Df=-2.022 | g r=0.874 f=1.205 p=1.132(0.015) max=8.426 | Ld=+6.8502 base=-0.0735 r1=1.04 path=0.0127 cap=5.87 | Lg=+0.7803 | 25s
 2820 post m=5 hq=0.048 fail | Dr=-1.913/-1.454 |Dr|max=2.520 Df=-1.949 | g r=0.863 f=1.194 p=1.133(0.019) max=9.441 | Ld=+4.9883 base=-0.0286 r1=1.04 path=0.0117 cap=3.96 | Lg=+0.7312 | 25s
 2830 post m=3 hq=0.034 fail | Dr=-1.878/-1.509 |Dr|max=2.336 Df=-1.961 | g r=0.868 f=1.263 p=1.141(0.028) max=9.612 | Ld=+4.2684 base=-0.0602 r1=1.12 path=0.0135 cap=3.2 | Lg=+0.7450 | 25s
 2840 post m=5 hq=0.029 fail | Dr=-1.857/-1.535 |Dr|max=2.229 Df=-1.941 | g r=0.852 f=1.188 p=1.106(0.004) max=6.925 | Ld=+4.2770 base=-0.0948 r1=1.08 path=0.0112 cap=3.29 | Lg=+0.7573 | 25s
 2850 post m=4 hq=0.039 fail | Dr=-1.841/-1.574 |Dr|max=2.164 Df=-1.934 | g r=0.854 f=1.145 p=1.089(0.006) max=11.352 | Ld=+3.7232 base=-0.0899 r1=1.05 path=0.0149 cap=2.75 | Lg=+0.7483 | 25s
 2860 post m=4 hq=0.041 fail | Dr=-1.839/-1.578 |Dr|max=2.171 Df=-1.972 | g r=0.879 f=1.164 p=1.091(0.014) max=6.396 | Ld=+4.0218 base=-0.119 r1=1.05 path=0.0146 cap=3.08 | Lg=+0.7683 | 25s
 2870 post m=4 hq=0.012 fail | Dr=-1.831/-1.517 |Dr|max=2.203 Df=-1.993 | g r=0.893 f=1.196 p=1.099(0.029) max=8.682 | Ld=+4.3495 base=-0.144 r1=1.15 path=0.0168 cap=3.33 | Lg=+0.7719 | 26s
 2880 post m=4 hq=0.018 fail | Dr=-1.803/-1.425 |Dr|max=2.199 Df=-1.951 | g r=0.890 f=1.150 p=1.094(0.018) max=10.083 | Ld=+4.9017 base=-0.159 r1=1.12 path=0.0115 cap=3.93 | Lg=+0.7873 | 26s
 2890 post m=5 hq=0.029 fail | Dr=-1.785/-1.371 |Dr|max=2.196 Df=-1.981 | g r=0.908 f=1.084 p=1.081(0.005) max=6.303 | Ld=+4.9144 base=-0.184 r1=1.13 path=0.0134 cap=3.96 | Lg=+0.8000 | 26s
 2900 post m=4 hq=0.028 fail | Dr=-1.773/-1.359 |Dr|max=2.185 Df=-1.836 | g r=0.901 f=1.154 p=1.058(0.007) max=6.772 | Ld=+3.4944 base=-0.118 r1=1.14 path=0.0128 cap=2.46 | Lg=+0.7642 | 26s
 2910 post m=6 hq=0.020 fail | Dr=-1.786/-1.453 |Dr|max=2.179 Df=-1.844 | g r=0.897 f=1.144 p=1.054(0.004) max=6.679 | Ld=+3.8995 base=-0.0684 r1=1.15 path=0.0115 cap=2.81 | Lg=+0.7391 | 26s
 2920 post m=4 hq=0.035 fail | Dr=-1.767/-1.459 |Dr|max=2.154 Df=-1.822 | g r=0.883 f=1.191 p=1.064(0.017) max=5.059 | Ld=+3.9548 base=-0.0765 r1=1.1 path=0.0148 cap=2.91 | Lg=+0.7383 | 26s
 2930 post m=4 hq=0.017 fail | Dr=-1.788/-1.512 |Dr|max=2.190 Df=-1.869 | g r=0.872 f=1.202 p=1.037(0.014) max=5.975 | Ld=+4.0323 base=-0.0867 r1=1.08 path=0.0133 cap=3.03 | Lg=+0.7461 | 26s
 2940 post m=3 hq=0.001 fail | Dr=-1.822/-1.586 |Dr|max=2.238 Df=-2.024 | g r=0.861 f=1.229 p=1.064(0.027) max=4.965 | Ld=+3.8213 base=-0.125 r1=1.07 path=0.0155 cap=2.86 | Lg=+0.7592 | 26s
 2950 post m=4 hq=0.020 fail | Dr=-1.844/-1.626 |Dr|max=2.271 Df=-1.949 | g r=0.838 f=1.101 p=1.030(0.025) max=5.269 | Ld=+3.2158 base=-0.101 r1=0.964 path=0.0126 cap=2.34 | Lg=+0.7501 | 26s
 2960 post m=5 hq=0.016 fail | Dr=-1.866/-1.648 |Dr|max=2.287 Df=-1.977 | g r=0.831 f=1.103 p=1.036(0.002) max=5.061 | Ld=+3.5330 base=-0.113 r1=0.912 path=0.0126 cap=2.72 | Lg=+0.7674 | 26s
 2970 post m=5 hq=0.009 fail | Dr=-1.894/-1.658 |Dr|max=2.304 Df=-2.034 | g r=0.848 f=1.083 p=0.997(0.026) max=6.644 | Ld=+5.5260 base=-0.203 r1=1.02 path=0.0132 cap=4.7 | Lg=+0.8122 | 26s
 2980 post m=4 hq=0.005 fail | Dr=-1.962/-1.661 |Dr|max=2.407 Df=-2.182 | g r=0.840 f=1.118 p=1.014(0.018) max=6.817 | Ld=+3.4118 base=-0.249 r1=1.01 path=0.0133 cap=2.63 | Lg=+0.8353 | 26s
 2990 post m=2 hq=0.044 fail | Dr=-1.987/-1.666 |Dr|max=2.450 Df=-2.208 | g r=0.827 f=0.952 p=0.957(0.009) max=6.252 | Ld=+3.8880 base=-0.201 r1=0.92 path=0.0166 cap=3.15 | Lg=+0.8146 | 27s
 3000 post m=3 hq=0.027 fail | Dr=-1.976/-1.683 |Dr|max=2.415 Df=-2.113 | g r=0.835 f=1.053 p=0.989(0.022) max=9.391 | Ld=+3.7838 base=-0.151 r1=1.02 path=0.0132 cap=2.91 | Lg=+0.7833 | 27s
 3010 post m=3 hq=0.017 fail | Dr=-1.906/-1.683 |Dr|max=2.310 Df=-2.088 | g r=0.861 f=0.976 p=0.989(0.017) max=5.397 | Ld=+2.7319 base=-0.172 r1=0.999 path=0.0167 cap=1.89 | Lg=+0.7946 | 27s
 3020 post m=1 hq=0.000 fail | Dr=-1.910/-1.693 |Dr|max=2.308 Df=-2.055 | g r=0.876 f=0.906 p=0.943(0.013) max=4.721 | Ld=+2.8496 base=-0.142 r1=1.09 path=0.0183 cap=1.89 | Lg=+0.7782 | 27s
 3030 post m=1 hq=0.001 fail | Dr=-1.925/-1.701 |Dr|max=2.343 Df=-2.098 | g r=0.874 f=0.973 p=0.945(0.015) max=4.641 | Ld=+3.0046 base=-0.145 r1=1.06 path=0.0159 cap=2.08 | Lg=+0.7759 | 27s
 3040 post m=3 hq=0.001 fail | Dr=-1.913/-1.686 |Dr|max=2.331 Df=-2.043 | g r=0.862 f=0.833 p=0.925(0.006) max=4.513 | Ld=+2.5837 base=-0.116 r1=1.05 path=0.0195 cap=1.63 | Lg=+0.7633 | 27s
 3050 post m=3 hq=0.004 fail | Dr=-1.938/-1.685 |Dr|max=2.375 Df=-2.086 | g r=0.886 f=0.894 p=0.947(0.024) max=4.795 | Ld=+3.7211 base=-0.126 r1=1.11 path=0.0162 cap=2.72 | Lg=+0.7696 | 27s
 3060 post m=4 hq=0.115 fail | Dr=-1.940/-1.670 |Dr|max=2.374 Df=-2.049 | g r=0.878 f=0.910 p=0.929(0.007) max=6.579 | Ld=+2.7288 base=-0.124 r1=1.04 path=0.0186 cap=1.79 | Lg=+0.7667 | 27s
 3070 post m=3 hq=0.071 fail | Dr=-1.961/-1.671 |Dr|max=2.419 Df=-2.090 | g r=0.882 f=0.891 p=0.936(0.008) max=7.018 | Ld=+2.9892 base=-0.109 r1=1.05 path=0.0163 cap=2.03 | Lg=+0.7614 | 27s
 3080 post m=1 hq=0.009 fail | Dr=-1.974/-1.663 |Dr|max=2.432 Df=-2.087 | g r=0.873 f=0.937 p=0.930(0.013) max=5.596 | Ld=+2.8056 base=-0.0996 r1=1.12 path=0.0163 cap=1.77 | Lg=+0.7508 | 27s
 3090 post m=3 hq=0.025 fail | Dr=-1.980/-1.660 |Dr|max=2.446 Df=-2.093 | g r=0.856 f=0.840 p=0.912(0.003) max=5.802 | Ld=+2.7392 base=-0.135 r1=0.969 path=0.0162 cap=1.89 | Lg=+0.7741 | 27s
 3100 post m=4 hq=0.037 fail | Dr=-1.994/-1.662 |Dr|max=2.465 Df=-2.072 | g r=0.855 f=0.943 p=0.928(0.018) max=7.022 | Ld=+3.0121 base=-0.0839 r1=0.999 path=0.0162 cap=2.08 | Lg=+0.7479 | 28s
 3110 post m=4 hq=0.013 fail | Dr=-1.970/-1.676 |Dr|max=2.398 Df=-2.048 | g r=0.831 f=1.100 p=0.949(0.017) max=7.319 | Ld=+3.5538 base=-0.105 r1=0.975 path=0.0192 cap=2.66 | Lg=+0.7667 | 28s
 3120 post m=0 hq=0.000 fail | Dr=-1.869/-1.551 |Dr|max=2.233 Df=-2.057 | g r=0.762 f=0.807 p=0.900(0.008) max=5.471 | Ld=+2.2838 base=-0.111 r1=0.786 path=0.0185 cap=1.59 | Lg=+0.7592 | 28s
 3130 post m=0 hq=0.000 fail | Dr=-1.814/-1.408 |Dr|max=2.143 Df=-1.950 | g r=0.746 f=0.835 p=0.885(0.008) max=3.887 | Ld=+1.9167 base=-0.148 r1=0.747 path=0.0203 cap=1.3 | Lg=+0.7763 | 28s
 3140 post m=3 hq=0.020 fail | Dr=-1.853/-1.505 |Dr|max=2.221 Df=-1.919 | g r=0.767 f=0.994 p=0.894(0.019) max=4.935 | Ld=+2.2602 base=-0.0769 r1=0.856 path=0.0138 cap=1.47 | Lg=+0.7423 | 28s
 3150 post m=3 hq=0.049 fail | Dr=-1.859/-1.542 |Dr|max=2.230 Df=-1.966 | g r=0.772 f=1.140 p=0.904(0.009) max=7.362 | Ld=+2.2482 base=-0.0977 r1=0.87 path=0.0211 cap=1.45 | Lg=+0.7553 | 28s
 3160 post m=2 hq=0.079 fail | Dr=-1.859/-1.570 |Dr|max=2.236 Df=-1.964 | g r=0.771 f=0.903 p=0.890(0.012) max=6.056 | Ld=+2.2894 base=-0.121 r1=0.8 path=0.0194 cap=1.59 | Lg=+0.7644 | 28s
 3170 post m=3 hq=0.034 fail | Dr=-1.854/-1.575 |Dr|max=2.235 Df=-1.914 | g r=0.762 f=0.806 p=0.878(0.013) max=4.713 | Ld=+1.9639 base=-0.0893 r1=0.809 path=0.0192 cap=1.22 | Lg=+0.7392 | 28s
 3180 post m=5 hq=0.062 fail | Dr=-1.879/-1.624 |Dr|max=2.270 Df=-1.996 | g r=0.756 f=0.847 p=0.872(0.000) max=4.235 | Ld=+2.1908 base=-0.112 r1=0.83 path=0.022 cap=1.45 | Lg=+0.7595 | 28s
 3190 post m=3 hq=0.100 fail | Dr=-1.888/-1.648 |Dr|max=2.285 Df=-1.958 | g r=0.741 f=0.815 p=0.859(0.023) max=3.985 | Ld=+1.7063 base=-0.085 r1=0.773 path=0.0187 cap=0.999 | Lg=+0.7456 | 28s
 3200 post m=2 hq=0.030 fail | Dr=-1.884/-1.642 |Dr|max=2.274 Df=-1.980 | g r=0.725 f=0.862 p=0.860(0.020) max=4.290 | Ld=+1.6575 base=-0.0785 r1=0.738 path=0.0168 cap=0.982 | Lg=+0.7375 | 28s
 3210 post m=5 hq=0.066 fail | Dr=-1.911/-1.654 |Dr|max=2.306 Df=-2.012 | g r=0.733 f=0.894 p=0.848(0.006) max=4.337 | Ld=+1.9344 base=-0.0902 r1=0.772 path=0.0225 cap=1.23 | Lg=+0.7467 | 28s
 3220 post m=3 hq=0.118 fail | Dr=-1.915/-1.651 |Dr|max=2.313 Df=-1.987 | g r=0.727 f=0.739 p=0.863(0.014) max=4.158 | Ld=+1.6657 base=-0.0596 r1=0.731 path=0.0204 cap=0.974 | Lg=+0.7331 | 29s
 3230 post m=3 hq=0.043 fail | Dr=-1.919/-1.647 |Dr|max=2.317 Df=-1.995 | g r=0.734 f=0.753 p=0.852(0.006) max=3.909 | Ld=+1.7967 base=-0.0734 r1=0.765 path=0.0168 cap=1.09 | Lg=+0.7433 | 29s
 3240 post m=3 hq=0.029 fail | Dr=-1.922/-1.644 |Dr|max=2.305 Df=-2.011 | g r=0.723 f=0.948 p=0.863(0.006) max=4.998 | Ld=+1.7715 base=-0.0812 r1=0.731 path=0.0227 cap=1.1 | Lg=+0.7373 | 29s
 3250 post m=3 hq=0.018 fail | Dr=-1.931/-1.651 |Dr|max=2.309 Df=-2.112 | g r=0.742 f=0.734 p=0.813(0.008) max=4.108 | Ld=+4.1640 base=-0.156 r1=0.772 path=0.0172 cap=3.53 | Lg=+0.7826 | 29s
 3260 post m=4 hq=0.125 fail | Dr=-1.927/-1.631 |Dr|max=2.321 Df=-2.025 | g r=0.727 f=0.843 p=0.854(0.003) max=3.981 | Ld=+1.4855 base=-0.086 r1=0.734 path=0.0196 cap=0.818 | Lg=+0.7455 | 29s
 3270 post m=4 hq=0.095 fail | Dr=-1.941/-1.631 |Dr|max=2.343 Df=-2.040 | g r=0.720 f=0.881 p=0.850(0.016) max=5.541 | Ld=+1.6054 base=-0.0857 r1=0.765 path=0.0208 cap=0.906 | Lg=+0.7426 | 29s
 3280 post m=5 hq=0.020 fail | Dr=-1.942/-1.626 |Dr|max=2.330 Df=-2.025 | g r=0.710 f=0.936 p=0.832(0.001) max=4.764 | Ld=+1.4727 base=-0.104 r1=0.734 path=0.0223 cap=0.821 | Lg=+0.7531 | 29s
 3290 post m=4 hq=0.042 fail | Dr=-1.930/-1.616 |Dr|max=2.291 Df=-2.029 | g r=0.711 f=0.808 p=0.836(0.008) max=3.885 | Ld=+1.6111 base=-0.0843 r1=0.705 path=0.0205 cap=0.97 | Lg=+0.7512 | 29s
 3300 post m=4 hq=0.041 fail | Dr=-1.927/-1.617 |Dr|max=2.273 Df=-2.053 | g r=0.710 f=1.015 p=0.837(0.023) max=6.478 | Ld=+1.9556 base=-0.101 r1=0.712 path=0.0199 cap=1.32 | Lg=+0.7516 | 29s
 3310 post m=4 hq=0.114 fail | Dr=-1.927/-1.613 |Dr|max=2.266 Df=-2.021 | g r=0.705 f=0.794 p=0.830(0.007) max=3.957 | Ld=+1.4825 base=-0.0994 r1=0.731 path=0.0215 cap=0.829 | Lg=+0.7514 | 29s
 3320 post m=4 hq=0.038 fail | Dr=-1.913/-1.614 |Dr|max=2.258 Df=-2.013 | g r=0.698 f=0.878 p=0.835(0.007) max=5.871 | Ld=+1.7508 base=-0.0903 r1=0.698 path=0.0242 cap=1.12 | Lg=+0.7413 | 29s
 3330 post m=2 hq=0.040 fail | Dr=-1.916/-1.618 |Dr|max=2.261 Df=-2.043 | g r=0.678 f=0.856 p=0.792(0.009) max=3.864 | Ld=+1.4540 base=-0.148 r1=0.7 path=0.0256 cap=0.876 | Lg=+0.7773 | 30s
 3340 post m=5 hq=0.084 fail | Dr=-1.917/-1.620 |Dr|max=2.263 Df=-2.029 | g r=0.677 f=0.867 p=0.829(0.013) max=6.731 | Ld=+1.7091 base=-0.0836 r1=0.691 path=0.0206 cap=1.08 | Lg=+0.7430 | 30s
 3350 post m=5 hq=0.068 fail | Dr=-1.903/-1.619 |Dr|max=2.245 Df=-2.006 | g r=0.676 f=0.843 p=0.798(0.005) max=3.862 | Ld=+1.4875 base=-0.0974 r1=0.629 path=0.025 cap=0.931 | Lg=+0.7446 | 30s
 3360 post m=4 hq=0.048 fail | Dr=-1.895/-1.624 |Dr|max=2.247 Df=-2.015 | g r=0.677 f=0.877 p=0.796(0.015) max=4.354 | Ld=+1.6763 base=-0.0916 r1=0.622 path=0.0228 cap=1.12 | Lg=+0.7472 | 30s
 3370 post m=6 hq=0.080 fail | Dr=-1.896/-1.620 |Dr|max=2.239 Df=-2.025 | g r=0.657 f=0.807 p=0.767(0.010) max=4.981 | Ld=+1.2565 base=-0.091 r1=0.609 path=0.0254 cap=0.713 | Lg=+0.7481 | 30s
 3380 post m=5 hq=0.071 fail | Dr=-1.919/-1.643 |Dr|max=2.267 Df=-2.046 | g r=0.677 f=0.831 p=0.818(0.007) max=5.768 | Ld=+1.5490 base=-0.146 r1=0.643 path=0.0215 cap=1.03 | Lg=+0.7752 | 30s
 3390 post m=5 hq=0.056 fail | Dr=-1.919/-1.642 |Dr|max=2.265 Df=-2.075 | g r=0.662 f=0.904 p=0.831(0.006) max=6.171 | Ld=+1.3031 base=-0.177 r1=0.657 path=0.0264 cap=0.798 | Lg=+0.7915 | 30s
 3400 post m=6 hq=0.075 fail | Dr=-1.912/-1.649 |Dr|max=2.265 Df=-2.024 | g r=0.671 f=0.776 p=0.788(0.010) max=5.658 | Ld=+1.6088 base=-0.12 r1=0.648 path=0.0203 cap=1.06 | Lg=+0.7624 | 30s
 3410 post m=3 hq=0.056 fail | Dr=-1.913/-1.645 |Dr|max=2.255 Df=-2.034 | g r=0.644 f=0.700 p=0.744(0.006) max=4.065 | Ld=+1.0590 base=-0.15 r1=0.617 path=0.0234 cap=0.569 | Lg=+0.7780 | 30s
 3420 post m=4 hq=0.140 fail | Dr=-1.910/-1.650 |Dr|max=2.270 Df=-2.032 | g r=0.665 f=0.686 p=0.753(0.012) max=4.190 | Ld=+1.5130 base=-0.127 r1=0.622 path=0.0215 cap=0.997 | Lg=+0.7713 | 30s
 3430 post m=4 hq=0.074 fail | Dr=-1.916/-1.649 |Dr|max=2.267 Df=-2.093 | g r=0.650 f=0.801 p=0.729(0.014) max=4.063 | Ld=+1.0455 base=-0.212 r1=0.627 path=0.0245 cap=0.606 | Lg=+0.8130 | 30s
 3440 post m=6 hq=0.082 fail | Dr=-1.901/-1.656 |Dr|max=2.274 Df=-2.029 | g r=0.687 f=0.798 p=0.791(0.008) max=5.587 | Ld=+1.6772 base=-0.133 r1=0.673 path=0.0236 cap=1.11 | Lg=+0.7684 | 31s
 3450 post m=6 hq=0.108 fail | Dr=-1.890/-1.633 |Dr|max=2.275 Df=-2.034 | g r=0.670 f=0.777 p=0.757(0.009) max=4.769 | Ld=+1.1635 base=-0.145 r1=0.608 path=0.0291 cap=0.671 | Lg=+0.7751 | 31s
 3460 post m=5 hq=0.094 fail | Dr=-1.868/-1.629 |Dr|max=2.258 Df=-2.015 | g r=0.696 f=0.787 p=0.750(0.003) max=4.600 | Ld=+1.5026 base=-0.15 r1=0.676 path=0.0261 cap=0.951 | Lg=+0.7755 | 31s
 3470 post m=6 hq=0.081 fail | Dr=-1.857/-1.631 |Dr|max=2.244 Df=-2.002 | g r=0.705 f=0.859 p=0.775(0.000) max=5.768 | Ld=+1.4584 base=-0.125 r1=0.702 path=0.029 cap=0.852 | Lg=+0.7618 | 31s
 3480 post m=6 hq=0.121 fail | Dr=-1.865/-1.616 |Dr|max=2.273 Df=-2.011 | g r=0.690 f=0.701 p=0.718(0.006) max=4.772 | Ld=+1.1699 base=-0.181 r1=0.699 path=0.0285 cap=0.623 | Lg=+0.7967 | 31s
 3490 post m=5 hq=0.137 fail | Dr=-1.875/-1.615 |Dr|max=2.295 Df=-2.000 | g r=0.686 f=0.762 p=0.740(0.006) max=6.373 | Ld=+1.4363 base=-0.127 r1=0.692 path=0.0288 cap=0.842 | Lg=+0.7705 | 31s
 3500 post m=5 hq=0.092 fail | Dr=-1.862/-1.606 |Dr|max=2.281 Df=-2.001 | g r=0.676 f=0.691 p=0.726(0.023) max=5.278 | Ld=+1.4425 base=-0.13 r1=0.617 path=0.0265 cap=0.929 | Lg=+0.7699 | 31s
 3510 post m=3 hq=0.063 fail | Dr=-1.866/-1.605 |Dr|max=2.284 Df=-2.019 | g r=0.676 f=0.665 p=0.704(0.007) max=3.690 | Ld=+1.2748 base=-0.118 r1=0.622 path=0.0275 cap=0.743 | Lg=+0.7635 | 31s
 3520 post m=5 hq=0.121 fail | Dr=-1.868/-1.599 |Dr|max=2.280 Df=-2.001 | g r=0.662 f=0.725 p=0.727(0.018) max=6.002 | Ld=+1.3623 base=-0.142 r1=0.623 path=0.0277 cap=0.854 | Lg=+0.7752 | 31s
 3530 post m=3 hq=0.028 fail | Dr=-1.882/-1.589 |Dr|max=2.314 Df=-2.066 | g r=0.674 f=0.673 p=0.694(0.003) max=5.287 | Ld=+3.2350 base=-0.176 r1=0.566 path=0.024 cap=2.82 | Lg=+0.7984 | 31s
 3540 post m=1 hq=0.069 fail | Dr=-1.879/-1.572 |Dr|max=2.312 Df=-2.030 | g r=0.655 f=0.640 p=0.710(0.007) max=4.266 | Ld=+1.2932 base=-0.133 r1=0.582 path=0.0267 cap=0.817 | Lg=+0.7725 | 31s
 3550 post m=5 hq=0.050 fail | Dr=-1.878/-1.591 |Dr|max=2.281 Df=-2.021 | g r=0.624 f=0.806 p=0.737(0.017) max=3.674 | Ld=+0.9592 base=-0.143 r1=0.56 path=0.0283 cap=0.514 | Lg=+0.7756 | 31s
 3560 post m=5 hq=0.047 fail | Dr=-1.859/-1.602 |Dr|max=2.212 Df=-1.978 | g r=0.610 f=0.803 p=0.733(0.003) max=4.943 | Ld=+0.8430 base=-0.123 r1=0.527 path=0.0277 cap=0.411 | Lg=+0.7563 | 32s
 3570 post m=4 hq=0.031 fail | Dr=-1.841/-1.615 |Dr|max=2.142 Df=-1.962 | g r=0.602 f=0.871 p=0.736(0.002) max=8.163 | Ld=+1.1286 base=-0.118 r1=0.523 path=0.0286 cap=0.695 | Lg=+0.7595 | 32s
 3580 post m=5 hq=0.050 fail | Dr=-1.828/-1.634 |Dr|max=2.094 Df=-1.934 | g r=0.611 f=0.846 p=0.738(0.004) max=7.669 | Ld=+1.4074 base=-0.131 r1=0.574 path=0.0261 cap=0.938 | Lg=+0.7649 | 32s
 3590 post m=4 hq=0.051 fail | Dr=-1.832/-1.652 |Dr|max=2.072 Df=-1.942 | g r=0.617 f=0.848 p=0.748(0.022) max=7.364 | Ld=+1.2995 base=-0.116 r1=0.524 path=0.0247 cap=0.866 | Lg=+0.7531 | 32s
 3600 post m=3 hq=0.026 fail | Dr=-1.823/-1.675 |Dr|max=2.052 Df=-1.965 | g r=0.614 f=0.930 p=0.763(0.012) max=5.782 | Ld=+1.3806 base=-0.135 r1=0.529 path=0.0247 cap=0.962 | Lg=+0.7716 | 32s
 3610 post m=4 hq=0.006 fail | Dr=-1.835/-1.698 |Dr|max=2.061 Df=-2.002 | g r=0.622 f=0.670 p=0.702(0.007) max=4.278 | Ld=+1.1635 base=-0.114 r1=0.521 path=0.0249 cap=0.732 | Lg=+0.7571 | 32s
 3620 post m=5 hq=0.055 fail | Dr=-1.840/-1.690 |Dr|max=2.070 Df=-1.972 | g r=0.630 f=0.771 p=0.737(0.007) max=6.581 | Ld=+1.3225 base=-0.115 r1=0.528 path=0.0246 cap=0.885 | Lg=+0.7567 | 32s
 3630 post m=3 hq=0.002 fail | Dr=-1.844/-1.676 |Dr|max=2.081 Df=-1.993 | g r=0.644 f=0.746 p=0.720(0.005) max=6.000 | Ld=+1.3880 base=-0.123 r1=0.57 path=0.0208 cap=0.921 | Lg=+0.7616 | 32s
 3640 post m=2 hq=0.036 fail | Dr=-1.854/-1.677 |Dr|max=2.087 Df=-2.009 | g r=0.633 f=0.774 p=0.720(0.010) max=5.643 | Ld=+1.1576 base=-0.159 r1=0.584 path=0.0266 cap=0.706 | Lg=+0.7792 | 32s
 3650 post m=3 hq=0.031 fail | Dr=-1.869/-1.696 |Dr|max=2.087 Df=-2.015 | g r=0.655 f=0.788 p=0.750(0.013) max=3.845 | Ld=+1.9269 base=-0.143 r1=0.598 path=0.0229 cap=1.45 | Lg=+0.7728 | 32s
 3660 post m=4 hq=0.025 fail | Dr=-1.867/-1.695 |Dr|max=2.099 Df=-2.000 | g r=0.661 f=0.722 p=0.732(0.016) max=6.382 | Ld=+1.4282 base=-0.122 r1=0.577 path=0.0222 cap=0.951 | Lg=+0.7604 | 32s
 3670 post m=3 hq=0.011 fail | Dr=-1.868/-1.698 |Dr|max=2.107 Df=-2.025 | g r=0.665 f=0.786 p=0.734(0.020) max=6.632 | Ld=+1.5318 base=-0.106 r1=0.61 path=0.0207 cap=1.01 | Lg=+0.7530 | 32s
 3680 post m=5 hq=0.077 fail | Dr=-1.870/-1.702 |Dr|max=2.113 Df=-2.023 | g r=0.661 f=0.840 p=0.787(0.006) max=6.790 | Ld=+1.1350 base=-0.121 r1=0.641 path=0.0222 cap=0.593 | Lg=+0.7574 | 33s
 3690 post m=2 hq=0.015 fail | Dr=-1.878/-1.710 |Dr|max=2.120 Df=-2.028 | g r=0.672 f=0.723 p=0.734(0.009) max=5.011 | Ld=+1.5011 base=-0.144 r1=0.622 path=0.0216 cap=1 | Lg=+0.7707 | 33s
 3700 post m=4 hq=0.141 fail | Dr=-1.875/-1.712 |Dr|max=2.128 Df=-2.003 | g r=0.651 f=0.817 p=0.746(0.003) max=7.229 | Ld=+1.3808 base=-0.152 r1=0.683 path=0.0262 cap=0.823 | Lg=+0.7763 | 33s
 3710 post m=4 hq=0.053 fail | Dr=-1.871/-1.708 |Dr|max=2.122 Df=-2.024 | g r=0.668 f=0.752 p=0.728(0.010) max=6.451 | Ld=+1.1166 base=-0.147 r1=0.57 path=0.0228 cap=0.671 | Lg=+0.7696 | 33s
 3720 post m=5 hq=0.053 fail | Dr=-1.872/-1.711 |Dr|max=2.114 Df=-2.002 | g r=0.671 f=0.788 p=0.764(0.011) max=6.503 | Ld=+1.3741 base=-0.141 r1=0.623 path=0.0191 cap=0.873 | Lg=+0.7706 | 33s
 3730 post m=2 hq=0.015 fail | Dr=-1.875/-1.722 |Dr|max=2.102 Df=-2.044 | g r=0.664 f=0.819 p=0.750(0.015) max=6.198 | Ld=+2.0249 base=-0.132 r1=0.649 path=0.0246 cap=1.48 | Lg=+0.7635 | 33s
 3740 post m=5 hq=0.111 fail | Dr=-1.887/-1.725 |Dr|max=2.108 Df=-2.017 | g r=0.669 f=0.848 p=0.743(0.015) max=5.862 | Ld=+1.7550 base=-0.12 r1=0.601 path=0.018 cap=1.26 | Lg=+0.7554 | 33s
 3750 post m=3 hq=0.073 fail | Dr=-1.899/-1.728 |Dr|max=2.118 Df=-2.041 | g r=0.677 f=0.828 p=0.763(0.002) max=5.446 | Ld=+1.9000 base=-0.149 r1=0.632 path=0.0199 cap=1.4 | Lg=+0.7733 | 33s
 3760 post m=4 hq=0.042 fail | Dr=-1.913/-1.746 |Dr|max=2.119 Df=-2.063 | g r=0.680 f=0.836 p=0.757(0.008) max=4.310 | Ld=+1.5031 base=-0.136 r1=0.664 path=0.0211 cap=0.954 | Lg=+0.7684 | 33s
 3770 post m=5 hq=0.086 fail | Dr=-1.919/-1.755 |Dr|max=2.120 Df=-2.031 | g r=0.673 f=0.878 p=0.769(0.006) max=5.471 | Ld=+1.4910 base=-0.108 r1=0.609 path=0.0213 cap=0.969 | Lg=+0.7521 | 33s
 3780 post m=5 hq=0.067 fail | Dr=-1.932/-1.754 |Dr|max=2.137 Df=-2.090 | g r=0.685 f=0.869 p=0.798(0.014) max=6.770 | Ld=+1.4457 base=-0.13 r1=0.676 path=0.0186 cap=0.881 | Lg=+0.7612 | 33s
 3790 post m=4 hq=0.097 fail | Dr=-1.938/-1.766 |Dr|max=2.144 Df=-2.068 | g r=0.674 f=0.847 p=0.772(0.006) max=5.494 | Ld=+1.3374 base=-0.151 r1=0.644 path=0.0224 cap=0.821 | Lg=+0.7763 | 34s
 3800 post m=4 hq=0.011 fail | Dr=-1.962/-1.778 |Dr|max=2.193 Df=-2.122 | g r=0.686 f=0.805 p=0.776(0.010) max=5.093 | Ld=+1.7385 base=-0.137 r1=0.684 path=0.025 cap=1.17 | Lg=+0.7693 | 34s
 3810 post m=4 hq=0.049 fail | Dr=-1.972/-1.787 |Dr|max=2.215 Df=-2.106 | g r=0.692 f=0.782 p=0.776(0.011) max=5.863 | Ld=+1.7290 base=-0.16 r1=0.742 path=0.0262 cap=1.12 | Lg=+0.7795 | 34s
 3820 post m=4 hq=0.075 fail | Dr=-1.992/-1.806 |Dr|max=2.256 Df=-2.125 | g r=0.708 f=0.879 p=0.765(0.012) max=6.245 | Ld=+1.7014 base=-0.151 r1=0.758 path=0.0188 cap=1.08 | Lg=+0.7750 | 34s
 3830 post m=4 hq=0.021 fail | Dr=-2.004/-1.825 |Dr|max=2.267 Df=-2.193 | g r=0.709 f=0.861 p=0.803(0.014) max=6.861 | Ld=+1.5638 base=-0.149 r1=0.771 path=0.0172 cap=0.925 | Lg=+0.7716 | 34s
 3840 post m=4 hq=0.048 fail | Dr=-2.006/-1.852 |Dr|max=2.248 Df=-2.152 | g r=0.692 f=0.811 p=0.765(0.006) max=6.190 | Ld=+1.6878 base=-0.154 r1=0.666 path=0.0174 cap=1.16 | Lg=+0.7774 | 34s
 3850 post m=3 hq=0.003 fail | Dr=-2.022/-1.869 |Dr|max=2.295 Df=-2.220 | g r=0.710 f=0.720 p=0.734(0.021) max=4.669 | Ld=+1.8473 base=-0.181 r1=0.65 path=0.0226 cap=1.36 | Lg=+0.7936 | 34s
 3860 post m=5 hq=0.090 fail | Dr=-2.021/-1.868 |Dr|max=2.282 Df=-2.166 | g r=0.701 f=0.851 p=0.760(0.011) max=4.842 | Ld=+1.3573 base=-0.139 r1=0.701 path=0.0222 cap=0.773 | Lg=+0.7673 | 34s
 3870 post m=5 hq=0.050 fail | Dr=-2.045/-1.875 |Dr|max=2.308 Df=-2.200 | g r=0.708 f=0.769 p=0.745(0.007) max=4.863 | Ld=+1.3350 base=-0.166 r1=0.68 path=0.0226 cap=0.798 | Lg=+0.7805 | 34s
 3880 post m=4 hq=0.034 fail | Dr=-2.041/-1.869 |Dr|max=2.327 Df=-2.196 | g r=0.708 f=0.853 p=0.763(0.009) max=4.650 | Ld=+1.3597 base=-0.152 r1=0.752 path=0.0204 cap=0.739 | Lg=+0.7725 | 34s
 3890 post m=4 hq=0.036 fail | Dr=-2.040/-1.868 |Dr|max=2.352 Df=-2.204 | g r=0.717 f=0.808 p=0.756(0.032) max=5.010 | Ld=+1.6775 base=-0.136 r1=0.743 path=0.0242 cap=1.05 | Lg=+0.7669 | 34s
 3900 post m=4 hq=0.017 fail | Dr=-2.055/-1.873 |Dr|max=2.382 Df=-2.202 | g r=0.727 f=0.766 p=0.759(0.010) max=4.688 | Ld=+1.3890 base=-0.157 r1=0.633 path=0.0207 cap=0.892 | Lg=+0.7783 | 35s
 3910 post m=3 hq=0.033 fail | Dr=-2.037/-1.869 |Dr|max=2.325 Df=-2.182 | g r=0.675 f=0.729 p=0.734(0.008) max=6.220 | Ld=+1.1695 base=-0.174 r1=0.678 path=0.0206 cap=0.644 | Lg=+0.7853 | 35s
 3920 post m=3 hq=0.010 fail | Dr=-2.052/-1.880 |Dr|max=2.376 Df=-2.226 | g r=0.698 f=0.731 p=0.726(0.009) max=4.693 | Ld=+1.1482 base=-0.171 r1=0.618 path=0.021 cap=0.68 | Lg=+0.7870 | 35s
 3930 post m=3 hq=0.008 fail | Dr=-2.055/-1.874 |Dr|max=2.357 Df=-2.205 | g r=0.672 f=0.770 p=0.718(0.007) max=4.532 | Ld=+1.2990 base=-0.181 r1=0.717 path=0.0251 cap=0.739 | Lg=+0.7938 | 35s
 3940 post m=3 hq=0.013 fail | Dr=-2.064/-1.882 |Dr|max=2.366 Df=-2.210 | g r=0.663 f=0.717 p=0.719(0.008) max=5.043 | Ld=+0.8528 base=-0.19 r1=0.558 path=0.0204 cap=0.464 | Lg=+0.7936 | 35s
 3950 post m=2 hq=0.003 fail | Dr=-2.057/-1.876 |Dr|max=2.365 Df=-2.208 | g r=0.661 f=0.698 p=0.729(0.013) max=4.595 | Ld=+0.8900 base=-0.155 r1=0.556 path=0.0208 cap=0.468 | Lg=+0.7768 | 35s
 3960 post m=3 hq=0.015 fail | Dr=-2.071/-1.871 |Dr|max=2.417 Df=-2.232 | g r=0.691 f=0.777 p=0.724(0.009) max=4.735 | Ld=+1.4160 base=-0.156 r1=0.65 path=0.0173 cap=0.904 | Lg=+0.7779 | 35s
 3970 post m=5 hq=0.044 fail | Dr=-2.069/-1.870 |Dr|max=2.423 Df=-2.231 | g r=0.681 f=0.879 p=0.732(0.012) max=4.756 | Ld=+1.4435 base=-0.152 r1=0.707 path=0.0184 cap=0.871 | Lg=+0.7764 | 35s
 3980 post m=4 hq=0.051 fail | Dr=-2.060/-1.838 |Dr|max=2.385 Df=-2.220 | g r=0.669 f=0.835 p=0.747(0.012) max=5.908 | Ld=+1.0153 base=-0.152 r1=0.614 path=0.0203 cap=0.533 | Lg=+0.7763 | 35s
 3990 post m=4 hq=0.057 fail | Dr=-2.058/-1.819 |Dr|max=2.352 Df=-2.215 | g r=0.662 f=0.770 p=0.724(0.014) max=3.943 | Ld=+1.3645 base=-0.131 r1=0.64 path=0.0178 cap=0.838 | Lg=+0.7634 | 35s
 4000 post m=5 hq=0.036 fail | Dr=-2.060/-1.814 |Dr|max=2.330 Df=-2.201 | g r=0.667 f=0.787 p=0.730(0.012) max=4.883 | Ld=+0.8575 base=-0.187 r1=0.593 path=0.0196 cap=0.432 | Lg=+0.7962 | 35s
 4010 post m=5 hq=0.135 fail | Dr=-2.070/-1.801 |Dr|max=2.380 Df=-2.260 | g r=0.693 f=0.913 p=0.776(0.011) max=6.410 | Ld=+1.4477 base=-0.166 r1=0.621 path=0.0156 cap=0.978 | Lg=+0.7833 | 36s
 4020 post m=2 hq=0.101 fail | Dr=-2.073/-1.818 |Dr|max=2.373 Df=-2.265 | g r=0.676 f=0.708 p=0.702(0.005) max=3.516 | Ld=+0.8526 base=-0.152 r1=0.581 path=0.0201 cap=0.403 | Lg=+0.7770 | 36s
 4030 post m=4 hq=0.141 fail | Dr=-2.079/-1.822 |Dr|max=2.386 Df=-2.218 | g r=0.667 f=0.773 p=0.727(0.016) max=6.070 | Ld=+1.0524 base=-0.141 r1=0.617 path=0.0218 cap=0.555 | Lg=+0.7670 | 36s
 4040 post m=5 hq=0.166 fail | Dr=-2.081/-1.841 |Dr|max=2.352 Df=-2.221 | g r=0.617 f=0.676 p=0.691(0.016) max=5.851 | Ld=+0.8864 base=-0.156 r1=0.545 path=0.0215 cap=0.477 | Lg=+0.7798 | 36s
 4050 post m=5 hq=0.118 fail | Dr=-2.093/-1.836 |Dr|max=2.419 Df=-2.246 | g r=0.658 f=0.716 p=0.703(0.007) max=4.609 | Ld=+0.9814 base=-0.134 r1=0.544 path=0.021 cap=0.551 | Lg=+0.7652 | 36s
 4060 post m=4 hq=0.038 fail | Dr=-2.087/-1.828 |Dr|max=2.364 Df=-2.256 | g r=0.624 f=0.730 p=0.681(0.019) max=4.718 | Ld=+0.8968 base=-0.187 r1=0.643 path=0.0198 cap=0.421 | Lg=+0.7987 | 36s
 4070 post m=4 hq=0.044 fail | Dr=-2.092/-1.842 |Dr|max=2.430 Df=-2.267 | g r=0.637 f=0.651 p=0.675(0.004) max=3.441 | Ld=+1.3987 base=-0.151 r1=0.515 path=0.0197 cap=1.02 | Lg=+0.7760 | 36s
 4080 post m=3 hq=0.025 fail | Dr=-2.081/-1.840 |Dr|max=2.392 Df=-2.239 | g r=0.602 f=0.695 p=0.680(0.018) max=3.443 | Ld=+0.9512 base=-0.126 r1=0.519 path=0.0249 cap=0.533 | Lg=+0.7607 | 36s
 4090 post m=4 hq=0.026 fail | Dr=-2.085/-1.838 |Dr|max=2.454 Df=-2.264 | g r=0.639 f=0.712 p=0.678(0.002) max=3.442 | Ld=+1.8610 base=-0.153 r1=0.501 path=0.022 cap=1.49 | Lg=+0.7814 | 36s
 4100 post m=5 hq=0.151 fail | Dr=-2.080/-1.845 |Dr|max=2.391 Df=-2.285 | g r=0.610 f=0.785 p=0.698(0.021) max=5.333 | Ld=+0.8757 base=-0.149 r1=0.544 path=0.0197 cap=0.46 | Lg=+0.7767 | 36s
 4110 post m=5 hq=0.135 fail | Dr=-2.069/-1.840 |Dr|max=2.390 Df=-2.220 | g r=0.596 f=0.719 p=0.679(0.009) max=4.946 | Ld=+0.7675 base=-0.156 r1=0.544 path=0.0241 cap=0.355 | Lg=+0.7851 | 36s
 4120 post m=4 hq=0.034 fail | Dr=-2.063/-1.825 |Dr|max=2.406 Df=-2.225 | g r=0.607 f=0.760 p=0.680(0.011) max=5.969 | Ld=+0.9150 base=-0.132 r1=0.58 path=0.022 cap=0.445 | Lg=+0.7720 | 36s
 4130 post m=5 hq=0.068 fail | Dr=-2.048/-1.806 |Dr|max=2.431 Df=-2.214 | g r=0.604 f=0.662 p=0.669(0.005) max=3.887 | Ld=+0.6904 base=-0.166 r1=0.478 path=0.0229 cap=0.356 | Lg=+0.7879 | 37s
 4140 post m=4 hq=0.105 fail | Dr=-2.035/-1.793 |Dr|max=2.364 Df=-2.207 | g r=0.590 f=0.656 p=0.675(0.016) max=3.372 | Ld=+0.7284 base=-0.17 r1=0.535 path=0.0197 cap=0.343 | Lg=+0.7889 | 37s
 4150 post m=6 hq=0.035 fail | Dr=-2.044/-1.760 |Dr|max=2.398 Df=-2.234 | g r=0.620 f=0.728 p=0.673(0.001) max=3.466 | Ld=+1.4041 base=-0.182 r1=0.48 path=0.0229 cap=1.08 | Lg=+0.7954 | 37s
 4160 post m=5 hq=0.202 fail | Dr=-2.046/-1.738 |Dr|max=2.375 Df=-2.158 | g r=0.610 f=0.697 p=0.688(0.009) max=4.613 | Ld=+0.7921 base=-0.117 r1=0.502 path=0.0222 cap=0.384 | Lg=+0.7597 | 37s
 4170 post m=5 hq=0.137 fail | Dr=-2.046/-1.744 |Dr|max=2.357 Df=-2.200 | g r=0.582 f=0.742 p=0.668(0.012) max=4.494 | Ld=+0.5291 base=-0.166 r1=0.441 path=0.0215 cap=0.233 | Lg=+0.7798 | 37s
 4180 post m=3 hq=0.105 fail | Dr=-2.044/-1.729 |Dr|max=2.351 Df=-2.211 | g r=0.594 f=0.672 p=0.662(0.002) max=3.248 | Ld=+0.6974 base=-0.186 r1=0.507 path=0.0233 cap=0.353 | Lg=+0.7964 | 37s
 4190 post m=5 hq=0.118 fail | Dr=-2.048/-1.710 |Dr|max=2.356 Df=-2.199 | g r=0.594 f=0.789 p=0.692(0.004) max=5.783 | Ld=+0.7994 base=-0.158 r1=0.518 path=0.0261 cap=0.413 | Lg=+0.7775 | 37s
 4200 post m=4 hq=0.107 fail | Dr=-2.046/-1.710 |Dr|max=2.350 Df=-2.179 | g r=0.589 f=0.666 p=0.674(0.013) max=4.664 | Ld=+0.5918 base=-0.161 r1=0.427 path=0.0241 cap=0.301 | Lg=+0.7852 | 37s
 4210 post m=5 hq=0.109 fail | Dr=-2.051/-1.703 |Dr|max=2.358 Df=-2.234 | g r=0.580 f=0.710 p=0.678(0.007) max=3.763 | Ld=+0.8283 base=-0.158 r1=0.491 path=0.0267 cap=0.469 | Lg=+0.7808 | 37s
 4220 post m=4 hq=0.116 fail | Dr=-2.039/-1.676 |Dr|max=2.321 Df=-2.192 | g r=0.559 f=0.663 p=0.671(0.007) max=3.831 | Ld=+0.6511 base=-0.144 r1=0.445 path=0.0286 cap=0.322 | Lg=+0.7680 | 37s
 4230 post m=4 hq=0.105 fail | Dr=-2.048/-1.685 |Dr|max=2.314 Df=-2.247 | g r=0.547 f=0.767 p=0.669(0.004) max=5.360 | Ld=+0.7424 base=-0.174 r1=0.509 path=0.0215 cap=0.386 | Lg=+0.7930 | 37s
 4240 post m=4 hq=0.049 fail | Dr=-2.053/-1.683 |Dr|max=2.322 Df=-2.210 | g r=0.559 f=0.720 p=0.663(0.006) max=4.297 | Ld=+0.7456 base=-0.149 r1=0.469 path=0.0282 cap=0.397 | Lg=+0.7771 | 38s
 4250 post m=4 hq=0.059 fail | Dr=-2.064/-1.690 |Dr|max=2.339 Df=-2.228 | g r=0.575 f=0.670 p=0.668(0.005) max=3.819 | Ld=+0.6745 base=-0.13 r1=0.411 path=0.025 cap=0.369 | Lg=+0.7666 | 38s
 4260 post m=3 hq=0.007 fail | Dr=-2.063/-1.689 |Dr|max=2.346 Df=-2.256 | g r=0.538 f=0.643 p=0.659(0.010) max=3.906 | Ld=+0.5616 base=-0.187 r1=0.458 path=0.0291 cap=0.262 | Lg=+0.7945 | 38s
 4270 post m=4 hq=0.108 fail | Dr=-2.073/-1.699 |Dr|max=2.362 Df=-2.269 | g r=0.544 f=0.704 p=0.665(0.016) max=4.324 | Ld=+0.7873 base=-0.142 r1=0.439 path=0.026 cap=0.464 | Lg=+0.7722 | 38s
 4280 post m=4 hq=0.101 fail | Dr=-2.084/-1.702 |Dr|max=2.389 Df=-2.266 | g r=0.530 f=0.644 p=0.655(0.012) max=3.159 | Ld=+0.6382 base=-0.174 r1=0.439 path=0.029 cap=0.344 | Lg=+0.7941 | 38s
 4290 post m=4 hq=0.085 fail | Dr=-2.094/-1.696 |Dr|max=2.410 Df=-2.251 | g r=0.548 f=0.633 p=0.653(0.002) max=3.359 | Ld=+0.6796 base=-0.159 r1=0.441 path=0.0266 cap=0.371 | Lg=+0.7796 | 38s
 4300 post m=4 hq=0.139 fail | Dr=-2.109/-1.696 |Dr|max=2.425 Df=-2.291 | g r=0.560 f=0.721 p=0.663(0.002) max=3.964 | Ld=+0.6011 base=-0.162 r1=0.39 path=0.0309 cap=0.342 | Lg=+0.7830 | 38s
 4310 post m=5 hq=0.123 fail | Dr=-2.120/-1.702 |Dr|max=2.447 Df=-2.281 | g r=0.549 f=0.654 p=0.663(0.005) max=3.889 | Ld=+0.6797 base=-0.141 r1=0.404 path=0.0273 cap=0.389 | Lg=+0.7784 | 38s
 4320 post m=6 hq=0.145 fail | Dr=-2.115/-1.691 |Dr|max=2.428 Df=-2.281 | g r=0.564 f=0.736 p=0.671(0.026) max=3.970 | Ld=+0.7825 base=-0.176 r1=0.418 path=0.0263 cap=0.514 | Lg=+0.7890 | 38s
 4330 post m=5 hq=0.081 fail | Dr=-2.115/-1.693 |Dr|max=2.435 Df=-2.275 | g r=0.566 f=0.654 p=0.661(0.011) max=3.145 | Ld=+0.5978 base=-0.145 r1=0.43 path=0.0265 cap=0.287 | Lg=+0.7743 | 38s
 4340 post m=5 hq=0.133 fail | Dr=-2.136/-1.700 |Dr|max=2.470 Df=-2.297 | g r=0.554 f=0.695 p=0.666(0.010) max=3.884 | Ld=+0.6076 base=-0.182 r1=0.427 path=0.0263 cap=0.337 | Lg=+0.7956 | 38s
 4350 post m=4 hq=0.102 fail | Dr=-2.130/-1.698 |Dr|max=2.474 Df=-2.290 | g r=0.541 f=0.635 p=0.657(0.010) max=4.544 | Ld=+0.6128 base=-0.18 r1=0.447 path=0.0259 cap=0.319 | Lg=+0.7940 | 38s
 4360 post m=5 hq=0.125 fail | Dr=-2.138/-1.718 |Dr|max=2.484 Df=-2.316 | g r=0.509 f=0.605 p=0.642(0.017) max=3.226 | Ld=+0.4849 base=-0.163 r1=0.358 path=0.0259 cap=0.263 | Lg=+0.7813 | 39s
 4370 post m=5 hq=0.090 fail | Dr=-2.123/-1.708 |Dr|max=2.454 Df=-2.280 | g r=0.535 f=0.733 p=0.656(0.008) max=3.269 | Ld=+0.5408 base=-0.159 r1=0.384 path=0.0302 cap=0.286 | Lg=+0.7800 | 39s
 4380 post m=7 hq=0.159 fail | Dr=-2.115/-1.693 |Dr|max=2.450 Df=-2.294 | g r=0.555 f=0.705 p=0.660(0.006) max=4.554 | Ld=+0.6522 base=-0.13 r1=0.432 path=0.0277 cap=0.322 | Lg=+0.7686 | 39s
 4390 post m=6 hq=0.107 fail | Dr=-2.118/-1.703 |Dr|max=2.449 Df=-2.284 | g r=0.505 f=0.616 p=0.632(0.005) max=3.156 | Ld=+0.7326 base=-0.163 r1=0.352 path=0.0273 cap=0.517 | Lg=+0.7855 | 39s
 4400 post m=6 hq=0.211 fail | Dr=-2.129/-1.725 |Dr|max=2.445 Df=-2.285 | g r=0.520 f=0.659 p=0.639(0.008) max=3.178 | Ld=+0.5702 base=-0.17 r1=0.341 path=0.0301 cap=0.369 | Lg=+0.7855 | 39s
 4410 post m=5 hq=0.023 fail | Dr=-2.121/-1.740 |Dr|max=2.442 Df=-2.262 | g r=0.474 f=0.599 p=0.618(0.015) max=3.018 | Ld=+0.3436 base=-0.133 r1=0.298 path=0.0274 cap=0.151 | Lg=+0.7686 | 39s
 4420 post m=5 hq=0.163 fail | Dr=-2.098/-1.758 |Dr|max=2.411 Df=-2.209 | g r=0.465 f=0.627 p=0.608(0.007) max=3.074 | Ld=+0.3416 base=-0.0996 r1=0.291 path=0.0316 cap=0.119 | Lg=+0.7532 | 39s
 4430 post m=5 hq=0.121 fail | Dr=-2.087/-1.779 |Dr|max=2.401 Df=-2.203 | g r=0.474 f=0.678 p=0.610(0.011) max=2.813 | Ld=+0.2887 base=-0.107 r1=0.283 path=0.0285 cap=0.0837 | Lg=+0.7535 | 39s
 4440 post m=5 hq=0.120 fail | Dr=-2.072/-1.801 |Dr|max=2.379 Df=-2.187 | g r=0.467 f=0.629 p=0.599(0.007) max=2.532 | Ld=+0.3292 base=-0.103 r1=0.278 path=0.027 cap=0.126 | Lg=+0.7511 | 39s
 4450 post m=4 hq=0.178 fail | Dr=-2.066/-1.827 |Dr|max=2.372 Df=-2.189 | g r=0.456 f=0.566 p=0.590(0.014) max=3.969 | Ld=+0.3227 base=-0.116 r1=0.268 path=0.0284 cap=0.142 | Lg=+0.7640 | 39s
 4460 post m=4 hq=0.078 fail | Dr=-2.055/-1.849 |Dr|max=2.356 Df=-2.181 | g r=0.461 f=0.586 p=0.592(0.001) max=3.379 | Ld=+0.3474 base=-0.131 r1=0.292 path=0.0291 cap=0.158 | Lg=+0.7714 | 39s
 4470 post m=6 hq=0.148 fail | Dr=-2.033/-1.831 |Dr|max=2.323 Df=-2.154 | g r=0.466 f=0.525 p=0.589(0.008) max=2.944 | Ld=+0.3234 base=-0.104 r1=0.279 path=0.0281 cap=0.12 | Lg=+0.7522 | 39s
 4480 post m=6 hq=0.039 fail | Dr=-2.015/-1.810 |Dr|max=2.296 Df=-2.146 | g r=0.469 f=0.588 p=0.607(0.011) max=2.962 | Ld=+0.3643 base=-0.104 r1=0.301 path=0.0275 cap=0.139 | Lg=+0.7513 | 40s
 4490 post m=5 hq=0.178 fail | Dr=-1.998/-1.790 |Dr|max=2.269 Df=-2.123 | g r=0.472 f=0.593 p=0.595(0.002) max=3.703 | Ld=+0.3469 base=-0.102 r1=0.288 path=0.0269 cap=0.133 | Lg=+0.7530 | 40s
 4500 post m=7 hq=0.049 fail | Dr=-1.990/-1.780 |Dr|max=2.256 Df=-2.114 | g r=0.474 f=0.608 p=0.602(0.011) max=4.296 | Ld=+0.3721 base=-0.131 r1=0.309 path=0.0253 cap=0.169 | Lg=+0.7660 | 40s
 4510 post m=7 hq=0.179 fail | Dr=-1.986/-1.776 |Dr|max=2.266 Df=-2.116 | g r=0.483 f=0.618 p=0.599(0.005) max=3.271 | Ld=+0.3356 base=-0.111 r1=0.303 path=0.03 cap=0.114 | Lg=+0.7545 | 40s
 4520 post m=7 hq=0.058 fail | Dr=-1.975/-1.763 |Dr|max=2.253 Df=-2.108 | g r=0.489 f=0.600 p=0.597(0.009) max=3.404 | Ld=+0.4252 base=-0.105 r1=0.329 path=0.0279 cap=0.174 | Lg=+0.7509 | 40s
 4530 post m=7 hq=0.062 fail | Dr=-1.959/-1.748 |Dr|max=2.239 Df=-2.082 | g r=0.494 f=0.636 p=0.603(0.004) max=4.862 | Ld=+0.4354 base=-0.144 r1=0.331 path=0.0291 cap=0.219 | Lg=+0.7670 | 40s
 4540 post m=7 hq=0.081 fail | Dr=-1.950/-1.736 |Dr|max=2.226 Df=-2.073 | g r=0.495 f=0.638 p=0.612(0.013) max=3.815 | Ld=+0.4556 base=-0.111 r1=0.359 path=0.0274 cap=0.179 | Lg=+0.7530 | 40s
 4550 post m=7 hq=0.152 fail | Dr=-1.940/-1.732 |Dr|max=2.221 Df=-2.064 | g r=0.501 f=0.602 p=0.607(0.010) max=3.883 | Ld=+0.4482 base=-0.113 r1=0.355 path=0.0325 cap=0.174 | Lg=+0.7520 | 40s
 4560 post m=7 hq=0.085 fail | Dr=-1.927/-1.717 |Dr|max=2.214 Df=-2.071 | g r=0.507 f=0.643 p=0.605(0.012) max=3.092 | Ld=+0.4614 base=-0.132 r1=0.352 path=0.0313 cap=0.209 | Lg=+0.7640 | 40s
 4570 post m=6 hq=0.060 fail | Dr=-1.913/-1.711 |Dr|max=2.200 Df=-2.067 | g r=0.511 f=0.622 p=0.614(0.012) max=3.200 | Ld=+0.4488 base=-0.111 r1=0.347 path=0.028 cap=0.185 | Lg=+0.7535 | 40s
 4580 post m=7 hq=0.102 fail | Dr=-1.900/-1.696 |Dr|max=2.187 Df=-2.030 | g r=0.511 f=0.648 p=0.623(0.015) max=3.826 | Ld=+0.4736 base=-0.108 r1=0.346 path=0.0313 cap=0.204 | Lg=+0.7512 | 40s
 4590 post m=7 hq=0.156 fail | Dr=-1.897/-1.693 |Dr|max=2.185 Df=-2.002 | g r=0.510 f=0.602 p=0.615(0.003) max=2.927 | Ld=+0.4847 base=-0.129 r1=0.363 path=0.0255 cap=0.226 | Lg=+0.7632 | 40s
 4600 post m=7 hq=0.043 fail | Dr=-1.880/-1.687 |Dr|max=2.164 Df=-2.011 | g r=0.510 f=0.659 p=0.619(0.003) max=3.201 | Ld=+0.4499 base=-0.143 r1=0.347 path=0.0284 cap=0.217 | Lg=+0.7710 | 41s
# COMPLETE 4600 updates in 41s; prehold 9/120; arrival=None
