# arm=lr_c2_g0.5 formulation=wgan + r1(1) + path-secant(10,t=0.5) + cap-all(10,c=1) [Dβ2=0.9, A2=0] {lr c×2 g×0.5} device=cuda:1 steps=4600
# step phase modes hq pass | Dr mean/max |Dr|max Df | grad-norm real fake path(min) max | loss_d terms | loss_g | sec
   10 acq  m=2 hq=0.029 fail | Dr=+0.830/+1.278 |Dr|max=1.278 Df=+0.879 | g r=0.401 f=0.551 p=0.531(0.013) max=1.404 | Ld=+1.4427 base=-0.127 r1=0.398 path=0.902 cap=0.27 | Lg=+0.8224 | 1s
   20 acq  m=1 hq=0.005 fail | Dr=+0.072/+0.244 |Dr|max=0.244 Df=-0.029 | g r=0.401 f=0.479 p=0.489(0.003) max=1.548 | Ld=+1.8800 base=-0.0853 r1=0.443 path=1.09 cap=0.429 | Lg=+0.7491 | 1s
   30 acq  m=2 hq=0.064 fail | Dr=+0.225/+0.474 |Dr|max=0.474 Df=-0.012 | g r=0.280 f=0.529 p=0.427(0.006) max=1.345 | Ld=+0.9075 base=-0.216 r1=0.152 path=0.614 cap=0.358 | Lg=+0.8596 | 1s
   40 acq  m=2 hq=0.102 fail | Dr=+0.592/+1.080 |Dr|max=1.080 Df=+0.214 | g r=0.817 f=0.986 p=0.914(0.015) max=2.232 | Ld=+0.7268 base=-0.357 r1=0.379 path=0.335 cap=0.37 | Lg=+1.0088 | 1s
   50 acq  m=2 hq=0.073 fail | Dr=+1.080/+2.646 |Dr|max=2.646 Df=+0.001 | g r=0.309 f=0.462 p=0.606(0.002) max=2.313 | Ld=-0.3541 base=-0.803 r1=0.119 path=0.299 cap=0.0309 | Lg=+1.5076 | 1s
   60 acq  m=3 hq=0.042 fail | Dr=+0.684/+1.135 |Dr|max=1.135 Df=+0.201 | g r=0.288 f=0.678 p=0.557(0.005) max=1.445 | Ld=+2.2564 base=-0.978 r1=0.299 path=2.89 cap=0.0493 | Lg=+1.0033 | 1s
   70 acq  m=5 hq=0.057 fail | Dr=+0.124/+0.631 |Dr|max=0.631 Df=-0.131 | g r=0.266 f=0.577 p=0.490(0.003) max=1.955 | Ld=+3.4098 base=-0.571 r1=0.112 path=3.63 cap=0.235 | Lg=+0.8788 | 1s
   80 acq  m=6 hq=0.083 fail | Dr=+0.806/+1.320 |Dr|max=1.320 Df=+0.224 | g r=0.316 f=0.650 p=0.618(0.007) max=1.843 | Ld=+0.4329 base=-0.51 r1=0.115 path=0.717 cap=0.111 | Lg=+1.1041 | 1s
   90 acq  m=7 hq=0.106 fail | Dr=+0.154/+0.512 |Dr|max=0.551 Df=-0.235 | g r=0.329 f=0.673 p=0.631(0.004) max=1.960 | Ld=+1.1071 base=-0.557 r1=0.22 path=1.34 cap=0.108 | Lg=+0.9496 | 1s
  100 acq  m=8 hq=0.063 fail | Dr=-0.053/+0.756 |Dr|max=1.180 Df=-0.798 | g r=0.454 f=0.854 p=0.825(0.011) max=3.097 | Ld=+0.6420 base=-0.426 r1=0.164 path=0.791 cap=0.112 | Lg=+1.4288 | 1s
  110 acq  m=7 hq=0.067 fail | Dr=+0.280/+0.630 |Dr|max=0.630 Df=-0.166 | g r=0.398 f=0.598 p=0.589(0.014) max=1.780 | Ld=+0.6167 base=-0.512 r1=0.269 path=0.586 cap=0.274 | Lg=+0.9854 | 2s
  120 acq  m=7 hq=0.134 fail | Dr=+0.093/+0.391 |Dr|max=0.391 Df=-0.232 | g r=0.396 f=0.650 p=0.632(0.004) max=2.122 | Ld=+0.3391 base=-0.652 r1=0.135 path=0.749 cap=0.108 | Lg=+0.9852 | 2s
  130 acq  m=8 hq=0.074 fail | Dr=+0.128/+0.611 |Dr|max=0.722 Df=-0.490 | g r=0.320 f=0.649 p=0.652(0.011) max=1.862 | Ld=-0.1171 base=-0.606 r1=0.126 path=0.249 cap=0.114 | Lg=+1.1179 | 2s
  140 acq  m=7 hq=0.014 fail | Dr=+0.147/+0.774 |Dr|max=1.069 Df=-0.539 | g r=0.295 f=0.645 p=0.670(0.014) max=2.015 | Ld=-0.3835 base=-0.706 r1=0.0874 path=0.145 cap=0.0902 | Lg=+1.2895 | 2s
  150 acq  m=5 hq=0.026 fail | Dr=-0.329/+0.271 |Dr|max=1.481 Df=-0.974 | g r=0.403 f=0.650 p=0.722(0.005) max=2.101 | Ld=-0.0771 base=-0.444 r1=0.0767 path=0.237 cap=0.0533 | Lg=+1.2476 | 2s
  160 acq  m=8 hq=0.024 fail | Dr=+0.592/+1.121 |Dr|max=1.121 Df=+0.350 | g r=0.603 f=0.550 p=0.552(0.007) max=2.659 | Ld=+1.3478 base=-0.557 r1=0.664 path=0.711 cap=0.53 | Lg=+0.9071 | 2s
  170 acq  m=7 hq=0.038 fail | Dr=+0.407/+0.830 |Dr|max=0.830 Df=-0.157 | g r=0.269 f=0.813 p=0.672(0.010) max=1.694 | Ld=-0.3960 base=-0.629 r1=0.0891 path=0.0829 cap=0.0615 | Lg=+1.1479 | 2s
  180 acq  m=8 hq=0.238 fail | Dr=+0.506/+1.040 |Dr|max=1.040 Df=+0.265 | g r=0.253 f=0.494 p=0.498(0.002) max=1.738 | Ld=+0.4462 base=-0.25 r1=0.16 path=0.442 cap=0.0947 | Lg=+0.8748 | 2s
  190 acq  m=8 hq=0.247 fail | Dr=+0.546/+1.135 |Dr|max=1.135 Df=+0.091 | g r=0.187 f=0.474 p=0.533(0.007) max=1.420 | Ld=-0.0567 base=-0.449 r1=0.153 path=0.146 cap=0.0932 | Lg=+0.9829 | 2s
  200 acq  m=8 hq=0.073 fail | Dr=+0.784/+1.257 |Dr|max=1.257 Df=+0.462 | g r=0.299 f=0.546 p=0.511(0.005) max=1.882 | Ld=+0.0591 base=-0.436 r1=0.137 path=0.191 cap=0.167 | Lg=+0.9253 | 2s
  210 acq  m=5 hq=0.031 fail | Dr=+0.547/+1.078 |Dr|max=1.078 Df=-0.010 | g r=0.235 f=0.558 p=0.597(0.011) max=1.679 | Ld=-0.3019 base=-0.559 r1=0.084 path=0.0211 cap=0.152 | Lg=+1.0501 | 2s
  220 acq  m=8 hq=0.189 fail | Dr=+0.744/+1.458 |Dr|max=1.458 Df=+0.222 | g r=0.234 f=0.614 p=0.642(0.005) max=1.599 | Ld=-0.3340 base=-0.48 r1=0.0632 path=0.0339 cap=0.049 | Lg=+1.0737 | 2s
  230 acq  m=8 hq=0.276 fail | Dr=+0.933/+1.256 |Dr|max=1.256 Df=+0.649 | g r=0.216 f=0.419 p=0.450(0.002) max=1.341 | Ld=+0.0275 base=-0.228 r1=0.0764 path=0.177 cap=0.0017 | Lg=+0.8618 | 2s
  240 acq  m=6 hq=0.018 fail | Dr=+0.769/+1.418 |Dr|max=1.418 Df=+0.258 | g r=0.179 f=0.585 p=0.574(0.007) max=1.840 | Ld=-0.0808 base=-0.442 r1=0.104 path=0.243 cap=0.0136 | Lg=+1.0481 | 3s
  250 acq  m=8 hq=0.042 fail | Dr=+0.719/+1.014 |Dr|max=1.014 Df=+0.300 | g r=0.200 f=0.697 p=0.631(0.003) max=1.609 | Ld=-0.2384 base=-0.328 r1=0.0507 path=0.0226 cap=0.0164 | Lg=+0.9269 | 3s
  260 acq  m=8 hq=0.065 fail | Dr=+0.502/+1.188 |Dr|max=1.188 Df=+0.151 | g r=0.294 f=0.825 p=0.695(0.010) max=2.390 | Ld=-0.0329 base=-0.368 r1=0.0783 path=0.188 cap=0.0683 | Lg=+1.1126 | 3s
  270 acq  m=8 hq=0.134 fail | Dr=+0.932/+1.213 |Dr|max=1.213 Df=+0.733 | g r=0.183 f=0.539 p=0.503(0.001) max=1.429 | Ld=-0.0887 base=-0.2 r1=0.0603 path=0.0327 cap=0.0186 | Lg=+0.8288 | 3s
  280 acq  m=6 hq=0.073 fail | Dr=+0.871/+1.083 |Dr|max=1.083 Df=+0.519 | g r=0.188 f=0.647 p=0.565(0.008) max=1.431 | Ld=-0.1515 base=-0.218 r1=0.0362 path=0.0235 cap=0.00636 | Lg=+0.8665 | 3s
  290 acq  m=8 hq=0.187 fail | Dr=+0.524/+0.963 |Dr|max=0.963 Df=+0.374 | g r=0.234 f=0.516 p=0.499(0.015) max=1.545 | Ld=-0.0067 base=-0.268 r1=0.0879 path=0.0399 cap=0.133 | Lg=+0.8308 | 3s
  300 acq  m=8 hq=0.359 fail | Dr=+0.517/+0.973 |Dr|max=0.973 Df=+0.364 | g r=0.176 f=0.469 p=0.471(0.002) max=1.372 | Ld=+0.0420 base=-0.0793 r1=0.0369 path=0.0843 cap=4.63e-05 | Lg=+0.7843 | 3s
  310 acq  m=7 hq=0.145 fail | Dr=+0.854/+1.436 |Dr|max=1.436 Df=+0.563 | g r=0.199 f=0.560 p=0.551(0.003) max=1.644 | Ld=-0.1576 base=-0.222 r1=0.0535 path=0.00621 cap=0.00439 | Lg=+0.8893 | 3s
  320 acq  m=8 hq=0.302 fail | Dr=+0.523/+0.779 |Dr|max=0.779 Df=+0.385 | g r=0.151 f=0.499 p=0.415(0.008) max=1.320 | Ld=+0.0133 base=-0.109 r1=0.0502 path=0.0674 cap=0.00492 | Lg=+0.7773 | 3s
  330 acq  m=6 hq=0.062 fail | Dr=+0.622/+1.069 |Dr|max=1.069 Df=+0.317 | g r=0.219 f=0.805 p=0.596(0.007) max=2.118 | Ld=-0.1417 base=-0.276 r1=0.0619 path=0.0465 cap=0.0255 | Lg=+0.9729 | 3s
  340 acq  m=8 hq=0.474 fail | Dr=+0.775/+1.364 |Dr|max=1.364 Df=+0.674 | g r=0.132 f=0.366 p=0.413(0.005) max=1.351 | Ld=-0.0576 base=-0.0969 r1=0.0272 path=0.0102 cap=0.00188 | Lg=+0.7713 | 3s
  350 acq  m=6 hq=0.190 fail | Dr=+0.641/+1.102 |Dr|max=1.102 Df=+0.499 | g r=0.180 f=0.517 p=0.434(0.014) max=1.239 | Ld=+0.0036 base=-0.0681 r1=0.0278 path=0.0431 cap=0.000879 | Lg=+0.7908 | 3s
  360 acq  m=6 hq=0.235 fail | Dr=+0.466/+1.318 |Dr|max=1.318 Df=+0.343 | g r=0.201 f=0.522 p=0.518(0.008) max=1.861 | Ld=-0.1356 base=-0.221 r1=0.0541 path=0.022 cap=0.00961 | Lg=+0.9416 | 4s
  370 acq  m=8 hq=0.238 fail | Dr=+0.645/+0.950 |Dr|max=0.950 Df=+0.495 | g r=0.165 f=0.536 p=0.448(0.004) max=1.415 | Ld=-0.0715 base=-0.125 r1=0.0363 path=0.0122 cap=0.00478 | Lg=+0.7949 | 4s
  380 acq  m=8 hq=0.300 fail | Dr=+0.469/+0.796 |Dr|max=0.796 Df=+0.393 | g r=0.278 f=0.457 p=0.506(0.001) max=1.458 | Ld=+0.1481 base=-0.0492 r1=0.0812 path=0.0777 cap=0.0384 | Lg=+0.7517 | 4s
  390 acq  m=6 hq=0.106 fail | Dr=+0.746/+1.315 |Dr|max=1.315 Df=+0.510 | g r=0.201 f=0.526 p=0.595(0.010) max=1.986 | Ld=-0.1250 base=-0.191 r1=0.0419 path=0.0193 cap=0.0044 | Lg=+0.9304 | 4s
  400 acq  m=8 hq=0.369 fail | Dr=+0.675/+1.068 |Dr|max=1.068 Df=+0.542 | g r=0.171 f=0.542 p=0.464(0.008) max=1.556 | Ld=-0.0969 base=-0.15 r1=0.0358 path=0.00834 cap=0.0085 | Lg=+0.8152 | 4s
  410 acq  m=7 hq=0.172 fail | Dr=+0.661/+1.614 |Dr|max=1.614 Df=+0.475 | g r=0.181 f=0.476 p=0.484(0.004) max=1.797 | Ld=-0.1008 base=-0.162 r1=0.0413 path=0.00738 cap=0.0125 | Lg=+0.9243 | 4s
  420 acq  m=8 hq=0.742 fail | Dr=+0.837/+1.359 |Dr|max=1.359 Df=+0.789 | g r=0.093 f=0.200 p=0.318(0.003) max=1.210 | Ld=-0.0206 base=-0.0566 r1=0.0167 path=0.0191 cap=6.97e-05 | Lg=+0.7351 | 4s
  430 acq  m=6 hq=0.118 fail | Dr=+0.937/+1.437 |Dr|max=1.437 Df=+0.691 | g r=0.138 f=0.525 p=0.496(0.010) max=1.578 | Ld=-0.1190 base=-0.162 r1=0.0259 path=0.0168 cap=0.000228 | Lg=+0.8499 | 4s
  440 acq  m=8 hq=0.647 fail | Dr=+0.816/+1.184 |Dr|max=1.184 Df=+0.756 | g r=0.106 f=0.224 p=0.350(0.002) max=1.159 | Ld=-0.0079 base=-0.0493 r1=0.0274 path=0.014 cap=5.34e-08 | Lg=+0.7500 | 4s
  450 acq  m=8 hq=0.711 fail | Dr=+0.796/+1.585 |Dr|max=1.585 Df=+0.734 | g r=0.155 f=0.263 p=0.388(0.006) max=1.198 | Ld=-0.0201 base=-0.0793 r1=0.0476 path=0.00782 cap=0.00371 | Lg=+0.7720 | 4s
  460 acq  m=7 hq=0.416 fail | Dr=+0.541/+0.977 |Dr|max=0.977 Df=+0.446 | g r=0.125 f=0.379 p=0.360(0.004) max=1.202 | Ld=+0.0657 base=-0.0491 r1=0.0726 path=0.0421 | Lg=+0.7434 | 4s
  470 acq  m=8 hq=0.725 fail | Dr=+0.569/+1.350 |Dr|max=1.350 Df=+0.491 | g r=0.169 f=0.295 p=0.480(0.004) max=1.525 | Ld=-0.0349 base=-0.0597 r1=0.015 path=0.0095 cap=0.000336 | Lg=+0.8029 | 4s
  480 acq  m=8 hq=0.782 fail | Dr=+0.936/+2.000 |Dr|max=2.000 Df=+0.866 | g r=0.109 f=0.183 p=0.399(0.004) max=1.408 | Ld=-0.0217 base=-0.0507 r1=0.0141 path=0.0149 cap=1.92e-05 | Lg=+0.8172 | 5s
  490 acq  m=6 hq=0.395 fail | Dr=+0.057/+0.972 |Dr|max=0.972 Df=-0.217 | g r=0.249 f=0.386 p=0.489(0.007) max=1.671 | Ld=+1.6399 base=-0.121 r1=0.144 path=1.27 cap=0.344 | Lg=+0.9111 | 5s
  500 acq  m=8 hq=0.700 fail | Dr=+0.522/+1.124 |Dr|max=1.124 Df=+0.449 | g r=0.109 f=0.249 p=0.394(0.001) max=1.197 | Ld=-0.0182 base=-0.0583 r1=0.0259 path=0.0137 cap=0.000558 | Lg=+0.7624 | 5s
  510 acq  m=6 hq=0.512 fail | Dr=+1.003/+1.834 |Dr|max=1.834 Df=+0.887 | g r=0.142 f=0.407 p=0.508(0.001) max=1.756 | Ld=-0.1241 base=-0.155 r1=0.0229 path=0.00574 cap=0.00261 | Lg=+0.8762 | 5s
  520 acq  m=8 hq=0.851 fail | Dr=+0.949/+2.016 |Dr|max=2.016 Df=+0.874 | g r=0.108 f=0.159 p=0.412(0.002) max=1.278 | Ld=-0.0505 base=-0.0737 r1=0.0143 path=0.00736 cap=0.00158 | Lg=+0.8035 | 5s
  530 acq  m=8 hq=0.854 fail | Dr=+0.917/+1.298 |Dr|max=1.298 Df=+0.874 | g r=0.090 f=0.151 p=0.340(0.000) max=1.174 | Ld=-0.0147 base=-0.0471 r1=0.0208 path=0.0115 cap=8.85e-05 | Lg=+0.7484 | 5s
  540 acq  m=8 hq=0.585 fail | Dr=+0.810/+1.556 |Dr|max=1.556 Df=+0.729 | g r=0.178 f=0.414 p=0.550(0.005) max=1.824 | Ld=-0.0956 base=-0.163 r1=0.0474 path=0.0179 cap=0.00166 | Lg=+0.8674 | 5s
  550 acq  m=8 hq=0.676 fail | Dr=+0.047/+0.958 |Dr|max=0.958 Df=-0.018 | g r=0.180 f=0.253 p=0.391(0.006) max=1.302 | Ld=-0.0142 base=-0.0657 r1=0.0414 path=0.0101 cap=1.11e-06 | Lg=+0.8037 | 5s
  560 acq  m=8 hq=0.648 fail | Dr=+0.881/+1.454 |Dr|max=1.454 Df=+0.820 | g r=0.123 f=0.244 p=0.363(0.002) max=1.213 | Ld=+0.0007 base=-0.0356 r1=0.021 path=0.0147 cap=0.0005 | Lg=+0.7489 | 5s
  570 acq  m=8 hq=0.511 fail | Dr=+0.597/+1.323 |Dr|max=1.323 Df=+0.534 | g r=0.148 f=0.289 p=0.393(0.005) max=1.270 | Ld=+0.0192 base=-0.0563 r1=0.0339 path=0.0412 cap=0.000362 | Lg=+0.7860 | 5s
  580 acq  m=8 hq=0.854 fail | Dr=+0.693/+1.380 |Dr|max=1.380 Df=+0.633 | g r=0.084 f=0.147 p=0.386(0.003) max=1.313 | Ld=+0.0128 base=-0.0275 r1=0.0148 path=0.0223 cap=0.00326 | Lg=+0.7653 | 5s
  590 acq  m=8 hq=0.908 PASS | Dr=+0.659/+1.393 |Dr|max=1.393 Df=+0.589 | g r=0.071 f=0.102 p=0.387(0.002) max=1.405 | Ld=-0.0340 base=-0.0506 r1=0.0101 path=0.00451 cap=0.00201 | Lg=+0.7798 | 5s
  600 acq  m=8 hq=0.913 PASS | Dr=+0.573/+1.510 |Dr|max=1.510 Df=+0.500 | g r=0.098 f=0.123 p=0.392(0.000) max=1.505 | Ld=-0.0292 base=-0.0532 r1=0.0146 path=0.00916 cap=0.000283 | Lg=+0.8146 | 5s
  610 acq  m=8 hq=0.879 fail | Dr=+0.618/+1.373 |Dr|max=1.373 Df=+0.552 | g r=0.170 f=0.181 p=0.370(0.004) max=1.350 | Ld=-0.0278 base=-0.074 r1=0.0269 path=0.00852 cap=0.0109 | Lg=+0.7955 | 6s
  620 acq  m=8 hq=0.925 PASS | Dr=+0.622/+1.461 |Dr|max=1.461 Df=+0.541 | g r=0.090 f=0.108 p=0.422(0.001) max=1.415 | Ld=-0.0282 base=-0.052 r1=0.0142 path=0.00927 cap=0.000366 | Lg=+0.8102 | 6s
  630 acq  m=8 hq=0.802 fail | Dr=+0.556/+1.584 |Dr|max=1.584 Df=+0.518 | g r=0.122 f=0.105 p=0.284(0.003) max=0.881 | Ld=+0.0189 base=-0.0278 r1=0.0179 path=0.0114 cap=0.0175 | Lg=+0.8010 | 6s
  640 acq  m=8 hq=0.708 fail | Dr=+0.296/+0.948 |Dr|max=0.948 Df=+0.243 | g r=0.191 f=0.214 p=0.350(0.004) max=1.091 | Ld=+0.0299 base=-0.0111 r1=0.0213 path=0.0196 cap=9.42e-05 | Lg=+0.7664 | 6s
  650 acq  m=8 hq=0.909 PASS | Dr=+0.669/+1.078 |Dr|max=1.078 Df=+0.618 | g r=0.109 f=0.129 p=0.312(0.002) max=1.037 | Ld=-0.0058 base=-0.027 r1=0.0116 path=0.00963 cap=9.6e-10 | Lg=+0.7544 | 6s
  660 acq  m=8 hq=0.902 PASS | Dr=+0.472/+1.189 |Dr|max=1.189 Df=+0.417 | g r=0.125 f=0.120 p=0.295(0.002) max=1.339 | Ld=-0.0040 base=-0.0378 r1=0.0234 path=0.00586 cap=0.00459 | Lg=+0.7651 | 6s
  670 acq  m=8 hq=0.887 fail | Dr=+0.426/+1.541 |Dr|max=1.541 Df=+0.325 | g r=0.100 f=0.112 p=0.412(0.003) max=1.479 | Ld=-0.0451 base=-0.0702 r1=0.00998 path=0.0151 cap=8.07e-08 | Lg=+0.8875 | 6s
  680 acq  m=7 hq=0.348 fail | Dr=+0.936/+1.390 |Dr|max=1.390 Df=+0.887 | g r=0.203 f=0.232 p=0.283(0.007) max=0.979 | Ld=+0.1499 base=-0.0673 r1=0.157 path=0.0595 cap=0.000595 | Lg=+0.7392 | 6s
  690 acq  m=8 hq=0.884 fail | Dr=+0.428/+1.010 |Dr|max=1.010 Df=+0.367 | g r=0.088 f=0.093 p=0.312(0.002) max=1.586 | Ld=-0.0013 base=-0.033 r1=0.0164 path=0.015 cap=0.000298 | Lg=+0.7627 | 6s
  700 acq  m=8 hq=0.868 fail | Dr=+0.268/+1.328 |Dr|max=1.459 Df=+0.161 | g r=0.098 f=0.115 p=0.442(0.006) max=1.592 | Ld=-0.0771 base=-0.0909 r1=0.00515 path=0.00666 cap=0.00195 | Lg=+0.9081 | 6s
  710 acq  m=8 hq=0.908 PASS | Dr=+0.688/+2.092 |Dr|max=2.092 Df=+0.604 | g r=0.094 f=0.121 p=0.430(0.003) max=1.417 | Ld=-0.0422 base=-0.0655 r1=0.0094 path=0.0125 cap=0.0013 | Lg=+0.8671 | 6s
  720 acq  m=8 hq=0.805 fail | Dr=+0.973/+1.682 |Dr|max=1.682 Df=+0.923 | g r=0.106 f=0.154 p=0.358(0.002) max=1.126 | Ld=-0.0049 base=-0.0531 r1=0.0317 path=0.0165 cap=2.37e-05 | Lg=+0.7570 | 6s
  730 acq  m=8 hq=0.614 fail | Dr=+0.240/+2.411 |Dr|max=2.411 Df=+0.156 | g r=0.133 f=0.149 p=0.516(0.002) max=1.619 | Ld=-0.0647 base=-0.0912 r1=0.00959 path=0.0154 cap=0.00148 | Lg=+1.0553 | 7s
  740 acq  m=8 hq=0.896 fail | Dr=+0.685/+1.609 |Dr|max=1.609 Df=+0.615 | g r=0.107 f=0.126 p=0.410(0.004) max=1.337 | Ld=-0.0410 base=-0.0572 r1=0.0119 path=0.00397 cap=0.000225 | Lg=+0.8289 | 7s
  750 acq  m=8 hq=0.930 PASS | Dr=+0.617/+1.586 |Dr|max=1.586 Df=+0.528 | g r=0.078 f=0.086 p=0.388(0.001) max=1.630 | Ld=-0.0203 base=-0.0332 r1=0.00465 path=0.00819 cap=7.84e-05 | Lg=+0.8460 | 7s
  760 acq  m=8 hq=0.950 PASS | Dr=+0.611/+1.968 |Dr|max=1.968 Df=+0.529 | g r=0.074 f=0.085 p=0.366(0.001) max=1.141 | Ld=-0.0252 base=-0.0388 r1=0.0108 path=0.00265 cap=0.00021 | Lg=+0.8699 | 7s
  770 acq  m=8 hq=0.938 PASS | Dr=+0.418/+1.335 |Dr|max=1.335 Df=+0.356 | g r=0.100 f=0.108 p=0.291(0.002) max=1.015 | Ld=+0.0195 base=-0.0333 r1=0.0305 path=0.0168 cap=0.00552 | Lg=+0.7929 | 7s
  780 acq  m=8 hq=0.938 PASS | Dr=+0.362/+1.226 |Dr|max=1.226 Df=+0.291 | g r=0.083 f=0.090 p=0.331(0.003) max=1.136 | Ld=-0.0173 base=-0.0505 r1=0.0217 path=0.00988 cap=0.00164 | Lg=+0.8090 | 7s
  790 acq  m=8 hq=0.935 PASS | Dr=+0.492/+1.262 |Dr|max=1.262 Df=+0.436 | g r=0.052 f=0.059 p=0.251(0.001) max=0.942 | Ld=-0.0109 base=-0.0266 r1=0.00494 path=0.0108 | Lg=+0.7604 | 7s
  800 acq  m=6 hq=0.351 fail | Dr=+0.251/+0.752 |Dr|max=0.752 Df=+0.173 | g r=0.182 f=0.258 p=0.319(0.011) max=1.029 | Ld=-0.0193 base=-0.0979 r1=0.063 path=0.014 cap=0.00153 | Lg=+0.7911 | 7s
  810 acq  m=8 hq=0.417 fail | Dr=+0.788/+1.631 |Dr|max=1.631 Df=+0.727 | g r=0.144 f=0.274 p=0.474(0.005) max=2.052 | Ld=-0.0383 base=-0.115 r1=0.0372 path=0.0272 cap=0.0119 | Lg=+0.8087 | 7s
  820 acq  m=8 hq=0.928 PASS | Dr=+0.791/+1.582 |Dr|max=1.582 Df=+0.737 | g r=0.073 f=0.084 p=0.397(0.001) max=1.242 | Ld=+0.0158 base=-0.00691 r1=0.0112 path=0.00882 cap=0.00269 | Lg=+0.7825 | 7s
  830 acq  m=8 hq=0.935 PASS | Dr=+0.677/+1.491 |Dr|max=1.491 Df=+0.621 | g r=0.086 f=0.082 p=0.372(0.004) max=1.102 | Ld=-0.0114 base=-0.053 r1=0.0319 path=0.00946 cap=0.000186 | Lg=+0.7889 | 7s
  840 acq  m=8 hq=0.949 PASS | Dr=+0.803/+1.842 |Dr|max=1.842 Df=+0.739 | g r=0.097 f=0.107 p=0.396(0.003) max=1.228 | Ld=-0.0116 base=-0.0237 r1=0.00926 path=0.00181 cap=0.00102 | Lg=+0.8083 | 7s
  850 acq  m=8 hq=0.884 fail | Dr=+0.872/+2.041 |Dr|max=2.041 Df=+0.793 | g r=0.142 f=0.154 p=0.467(0.001) max=1.434 | Ld=-0.0353 base=-0.0557 r1=0.0128 path=0.0071 cap=0.000447 | Lg=+0.8665 | 8s
  860 acq  m=7 hq=0.592 fail | Dr=+0.707/+1.277 |Dr|max=1.277 Df=+0.608 | g r=0.094 f=0.266 p=0.364(0.004) max=1.265 | Ld=-0.0008 base=-0.0504 r1=0.0227 path=0.0267 cap=0.000145 | Lg=+0.7834 | 8s
  870 acq  m=3 hq=0.073 fail | Dr=+1.273/+1.659 |Dr|max=1.659 Df=+1.070 | g r=0.221 f=0.667 p=0.673(0.010) max=2.283 | Ld=+1.1229 base=-0.2 r1=0.0753 path=0.791 cap=0.457 | Lg=+0.9190 | 8s
  880 acq  m=8 hq=0.920 PASS | Dr=+0.775/+1.500 |Dr|max=1.500 Df=+0.727 | g r=0.083 f=0.114 p=0.389(0.003) max=1.277 | Ld=-0.0403 base=-0.0522 r1=0.0101 path=0.00172 cap=0.000171 | Lg=+0.7560 | 8s
  890 acq  m=7 hq=0.439 fail | Dr=+0.780/+1.754 |Dr|max=1.754 Df=+0.699 | g r=0.192 f=0.293 p=0.427(0.005) max=1.223 | Ld=-0.0134 base=-0.0397 r1=0.0133 path=0.00403 cap=0.00901 | Lg=+0.8346 | 8s
  900 acq  m=8 hq=0.442 fail | Dr=+0.383/+1.037 |Dr|max=1.037 Df=+0.270 | g r=0.110 f=0.396 p=0.389(0.004) max=1.427 | Ld=-0.0396 base=-0.0697 r1=0.0223 path=0.00745 cap=0.000351 | Lg=+0.7821 | 8s
  910 acq  m=8 hq=0.836 fail | Dr=+0.758/+1.365 |Dr|max=1.365 Df=+0.704 | g r=0.086 f=0.138 p=0.348(0.005) max=1.077 | Ld=-0.0112 base=-0.0332 r1=0.013 path=0.00896 cap=9.21e-05 | Lg=+0.7585 | 8s
  920 acq  m=8 hq=0.571 fail | Dr=+0.788/+1.568 |Dr|max=1.568 Df=+0.708 | g r=0.134 f=0.307 p=0.423(0.003) max=1.512 | Ld=-0.0887 base=-0.131 r1=0.0311 path=0.00586 cap=0.00562 | Lg=+0.8392 | 8s
  930 acq  m=8 hq=0.638 fail | Dr=+0.434/+0.990 |Dr|max=0.990 Df=+0.342 | g r=0.111 f=0.235 p=0.348(0.002) max=1.239 | Ld=-0.0095 base=-0.0687 r1=0.0131 path=0.0456 cap=0.000594 | Lg=+0.7669 | 8s
  940 acq  m=8 hq=0.907 PASS | Dr=+0.505/+1.502 |Dr|max=1.502 Df=+0.442 | g r=0.087 f=0.120 p=0.345(0.001) max=1.281 | Ld=-0.0224 base=-0.0432 r1=0.0142 path=0.00662 cap=1.94e-05 | Lg=+0.7913 | 8s
  950 acq  m=8 hq=0.866 fail | Dr=+0.425/+1.033 |Dr|max=1.033 Df=+0.367 | g r=0.080 f=0.147 p=0.321(0.001) max=1.188 | Ld=+0.0075 base=-0.0152 r1=0.0122 path=0.0105 cap=5.46e-05 | Lg=+0.7549 | 8s
  960 acq  m=8 hq=0.927 PASS | Dr=+0.205/+0.593 |Dr|max=0.593 Df=+0.168 | g r=0.087 f=0.100 p=0.255(0.004) max=0.886 | Ld=+0.0154 base=-0.0102 r1=0.0184 path=0.00718 cap=1.17e-06 | Lg=+0.7319 | 8s
  970 acq  m=8 hq=0.922 PASS | Dr=+0.465/+1.430 |Dr|max=1.430 Df=+0.411 | g r=0.113 f=0.118 p=0.350(0.006) max=1.125 | Ld=+0.0012 base=-0.0372 r1=0.0264 path=0.0119 cap=7.67e-05 | Lg=+0.7929 | 8s
  980 acq  m=8 hq=0.907 PASS | Dr=+0.301/+0.730 |Dr|max=0.730 Df=+0.268 | g r=0.078 f=0.081 p=0.196(0.008) max=0.602 | Ld=+0.0242 base=-0.0206 r1=0.0354 path=0.00946 | Lg=+0.7247 | 9s
  990 acq  m=8 hq=0.778 fail | Dr=+0.227/+1.146 |Dr|max=1.146 Df=+0.158 | g r=0.145 f=0.140 p=0.378(0.006) max=1.275 | Ld=-0.0468 base=-0.0764 r1=0.0167 path=0.00901 cap=0.00385 | Lg=+0.8369 | 9s
 1000 acq  m=8 hq=0.925 PASS | Dr=+0.031/+1.119 |Dr|max=1.128 Df=-0.048 | g r=0.111 f=0.108 p=0.414(0.004) max=1.225 | Ld=-0.0438 base=-0.065 r1=0.0179 path=0.00297 cap=0.000278 | Lg=+0.8738 | 9s
 1010 acq  m=8 hq=0.936 PASS | Dr=+0.324/+0.819 |Dr|max=0.819 Df=+0.286 | g r=0.091 f=0.080 p=0.223(0.003) max=0.656 | Ld=+0.0060 base=-0.0143 r1=0.00692 path=0.0133 | Lg=+0.7425 | 9s
 1020 acq  m=8 hq=0.927 PASS | Dr=+0.194/+1.534 |Dr|max=1.534 Df=+0.096 | g r=0.097 f=0.105 p=0.467(0.003) max=1.421 | Ld=-0.0405 base=-0.0577 r1=0.00728 path=0.00967 cap=0.000192 | Lg=+0.9441 | 9s
 1030 acq  m=8 hq=0.911 PASS | Dr=+0.411/+1.405 |Dr|max=1.405 Df=+0.356 | g r=0.070 f=0.065 p=0.325(0.001) max=1.004 | Ld=-0.0220 base=-0.0406 r1=0.00658 path=0.012 | Lg=+0.8306 | 9s
 1040 acq  m=6 hq=0.392 fail | Dr=+0.315/+1.188 |Dr|max=1.188 Df=+0.205 | g r=0.341 f=0.362 p=0.458(0.013) max=1.339 | Ld=+0.4190 base=0.0352 r1=0.0581 path=0.326 | Lg=+0.8667 | 9s
 1050 acq  m=8 hq=0.933 PASS | Dr=+0.435/+1.473 |Dr|max=1.473 Df=+0.361 | g r=0.083 f=0.090 p=0.387(0.001) max=1.191 | Ld=-0.0274 base=-0.0494 r1=0.00735 path=0.0113 cap=0.00341 | Lg=+0.8396 | 9s
 1060 acq  m=8 hq=0.835 fail | Dr=+0.482/+1.240 |Dr|max=1.240 Df=+0.414 | g r=0.145 f=0.177 p=0.395(0.003) max=1.464 | Ld=-0.0666 base=-0.106 r1=0.0141 path=0.00317 cap=0.0226 | Lg=+0.8369 | 9s
 1070 acq  m=6 hq=0.442 fail | Dr=+0.596/+1.166 |Dr|max=1.166 Df=+0.547 | g r=0.113 f=0.272 p=0.354(0.001) max=1.217 | Ld=-0.0167 base=-0.0689 r1=0.0234 path=0.0289 cap=2.57e-05 | Lg=+0.7733 | 9s
 1080 acq  m=7 hq=0.625 fail | Dr=+0.506/+1.260 |Dr|max=1.260 Df=+0.457 | g r=0.102 f=0.191 p=0.378(0.001) max=1.381 | Ld=-0.0282 base=-0.0459 r1=0.0133 path=0.00394 cap=0.000506 | Lg=+0.7792 | 9s
 1090 acq  m=8 hq=0.927 PASS | Dr=+0.256/+1.303 |Dr|max=1.303 Df=+0.207 | g r=0.082 f=0.098 p=0.381(0.002) max=1.253 | Ld=-0.0192 base=-0.043 r1=0.0123 path=0.0113 cap=0.000247 | Lg=+0.8069 | 9s
 1100 acq  m=3 hq=0.112 fail | Dr=+0.676/+1.629 |Dr|max=1.629 Df=+0.450 | g r=0.184 f=0.637 p=0.680(0.008) max=2.126 | Ld=-0.0926 base=-0.146 r1=0.0244 path=0.0254 cap=0.00319 | Lg=+0.9758 | 9s
 1110 acq  m=8 hq=0.728 fail | Dr=+0.508/+1.636 |Dr|max=1.636 Df=+0.442 | g r=0.104 f=0.200 p=0.405(0.001) max=1.314 | Ld=-0.0688 base=-0.0995 r1=0.0138 path=0.0169 cap=5.44e-07 | Lg=+0.8738 | 10s
 1120 acq  m=6 hq=0.179 fail | Dr=+1.364/+2.581 |Dr|max=2.581 Df=+1.204 | g r=0.214 f=0.413 p=0.547(0.002) max=1.891 | Ld=+0.4868 base=-0.0908 r1=0.0466 path=0.528 cap=0.00341 | Lg=+0.9595 | 10s
 1130 acq  m=8 hq=0.905 PASS | Dr=+0.884/+1.617 |Dr|max=1.617 Df=+0.835 | g r=0.110 f=0.138 p=0.325(0.001) max=1.140 | Ld=+0.0103 base=-0.0312 r1=0.0273 path=0.0142 cap=2.88e-07 | Lg=+0.7712 | 10s
 1140 acq  m=8 hq=0.936 PASS | Dr=+0.434/+1.662 |Dr|max=1.662 Df=+0.367 | g r=0.143 f=0.178 p=0.435(0.008) max=1.353 | Ld=-0.0379 base=-0.0748 r1=0.0286 path=0.00753 cap=0.000712 | Lg=+0.8640 | 10s
 1150 acq  m=8 hq=0.929 PASS | Dr=+0.454/+1.019 |Dr|max=1.019 Df=+0.405 | g r=0.112 f=0.118 p=0.311(0.006) max=1.069 | Ld=+0.0035 base=-0.0175 r1=0.00868 path=0.0122 cap=4.73e-05 | Lg=+0.7803 | 10s
 1160 acq  m=8 hq=0.829 fail | Dr=+0.247/+0.797 |Dr|max=0.797 Df=+0.187 | g r=0.102 f=0.131 p=0.298(0.004) max=1.231 | Ld=+0.0207 base=-0.0352 r1=0.0476 path=0.00677 cap=0.00155 | Lg=+0.7714 | 10s
 1170 acq  m=8 hq=0.932 PASS | Dr=+0.565/+1.856 |Dr|max=1.856 Df=+0.492 | g r=0.098 f=0.093 p=0.423(0.004) max=1.422 | Ld=-0.0308 base=-0.0474 r1=0.00994 path=0.00311 cap=0.00361 | Lg=+0.9087 | 10s
 1180 acq  m=7 hq=0.469 fail | Dr=+0.709/+1.258 |Dr|max=1.258 Df=+0.682 | g r=0.085 f=0.153 p=0.223(0.006) max=0.660 | Ld=+0.0651 base=-0.121 r1=0.0367 path=0.0227 cap=0.126 | Lg=+0.7394 | 10s
 1190 acq  m=8 hq=0.841 fail | Dr=+1.099/+2.064 |Dr|max=2.064 Df=+1.063 | g r=0.194 f=0.200 p=0.349(0.002) max=1.196 | Ld=-0.0000 base=-0.0605 r1=0.0544 path=0.00595 cap=0.000131 | Lg=+0.8284 | 10s
 1200 acq  m=8 hq=0.938 PASS | Dr=+0.421/+1.473 |Dr|max=1.473 Df=+0.341 | g r=0.141 f=0.149 p=0.431(0.003) max=1.227 | Ld=-0.0399 base=-0.0727 r1=0.0213 path=0.00653 cap=0.00499 | Lg=+0.8924 | 10s
 1210 hold m=8 hq=0.742 fail | Dr=+0.575/+1.405 |Dr|max=1.405 Df=+0.511 | g r=0.176 f=0.213 p=0.383(0.009) max=1.236 | Ld=+0.2994 base=0.00121 r1=0.0417 path=0.257 | Lg=+0.8336 | 10s
 1220 hold m=8 hq=0.961 PASS | Dr=+0.630/+1.523 |Dr|max=1.523 Df=+0.546 | g r=0.049 f=0.050 p=0.402(0.000) max=1.268 | Ld=-0.0312 base=-0.0394 r1=0.00447 path=0.0035 cap=0.000207 | Lg=+0.8834 | 10s
 1230 hold m=8 hq=0.861 fail | Dr=+0.596/+1.368 |Dr|max=1.368 Df=+0.543 | g r=0.121 f=0.138 p=0.328(0.002) max=0.987 | Ld=+0.0334 base=-0.0454 r1=0.044 path=0.0209 cap=0.0138 | Lg=+0.7938 | 11s
 1240 hold m=8 hq=0.715 fail | Dr=+0.626/+1.548 |Dr|max=1.548 Df=+0.584 | g r=0.136 f=0.151 p=0.296(0.001) max=0.910 | Ld=-0.0032 base=-0.0681 r1=0.0261 path=0.0102 cap=0.0287 | Lg=+0.8060 | 11s
 1250 hold m=8 hq=0.927 PASS | Dr=+0.990/+2.282 |Dr|max=2.282 Df=+0.915 | g r=0.159 f=0.171 p=0.438(0.003) max=1.279 | Ld=-0.0318 base=-0.0661 r1=0.0201 path=0.0124 cap=0.00174 | Lg=+0.8809 | 11s
 1260 hold m=5 hq=0.243 fail | Dr=+0.945/+1.776 |Dr|max=1.776 Df=+0.927 | g r=0.112 f=0.203 p=0.282(0.000) max=1.207 | Ld=+0.3101 base=-0.246 r1=0.0703 path=0.178 cap=0.308 | Lg=+0.7823 | 11s
 1270 hold m=8 hq=0.712 fail | Dr=+0.672/+1.422 |Dr|max=1.422 Df=+0.617 | g r=0.079 f=0.171 p=0.338(0.002) max=1.129 | Ld=-0.0198 base=-0.0364 r1=0.0128 path=0.00345 cap=0.000423 | Lg=+0.7627 | 11s
 1280 hold m=8 hq=0.671 fail | Dr=+0.382/+1.120 |Dr|max=1.120 Df=+0.337 | g r=0.136 f=0.178 p=0.294(0.003) max=1.014 | Ld=+0.0135 base=-0.0556 r1=0.0295 path=0.0396 | Lg=+0.7985 | 11s
 1290 hold m=8 hq=0.922 PASS | Dr=+0.345/+1.736 |Dr|max=1.736 Df=+0.261 | g r=0.087 f=0.099 p=0.478(0.001) max=1.383 | Ld=-0.0721 base=-0.0884 r1=0.0102 path=0.00429 cap=0.00179 | Lg=+0.9126 | 11s
 1300 hold m=8 hq=0.933 PASS | Dr=+0.420/+1.701 |Dr|max=1.701 Df=+0.345 | g r=0.087 f=0.098 p=0.410(0.003) max=1.214 | Ld=-0.0566 base=-0.0966 r1=0.0231 path=0.0112 cap=0.00572 | Lg=+0.9024 | 11s
 1310 hold m=6 hq=0.533 fail | Dr=+0.340/+1.184 |Dr|max=1.184 Df=+0.260 | g r=0.127 f=0.187 p=0.406(0.002) max=1.485 | Ld=-0.0109 base=-0.0434 r1=0.0219 path=0.00823 cap=0.00249 | Lg=+0.8308 | 11s
 1320 hold m=3 hq=0.051 fail | Dr=+0.893/+1.704 |Dr|max=1.704 Df=+0.559 | g r=0.212 f=0.488 p=0.490(0.006) max=1.604 | Ld=+0.4324 base=-0.229 r1=0.055 path=0.6 cap=0.00663 | Lg=+0.9259 | 11s
 1330 hold m=7 hq=0.135 fail | Dr=+0.694/+1.817 |Dr|max=1.817 Df=+0.497 | g r=0.190 f=0.437 p=0.450(0.007) max=1.709 | Ld=+0.2730 base=-0.343 r1=0.074 path=0.405 cap=0.137 | Lg=+0.9560 | 11s
 1340 hold m=7 hq=0.125 fail | Dr=+0.571/+0.934 |Dr|max=0.934 Df=+0.269 | g r=0.198 f=0.589 p=0.585(0.007) max=1.414 | Ld=-0.1931 base=-0.308 r1=0.0581 path=0.0517 cap=0.00533 | Lg=+0.9152 | 12s
 1350 hold m=8 hq=0.264 fail | Dr=+0.055/+0.218 |Dr|max=0.218 Df=-0.023 | g r=0.146 f=0.298 p=0.318(0.009) max=0.964 | Ld=+0.2223 base=-0.29 r1=0.0958 path=0.0221 cap=0.394 | Lg=+0.7736 | 12s
 1360 hold m=7 hq=0.153 fail | Dr=+0.330/+0.889 |Dr|max=0.889 Df=+0.118 | g r=0.180 f=0.559 p=0.540(0.010) max=1.556 | Ld=-0.1506 base=-0.249 r1=0.049 path=0.0373 cap=0.0124 | Lg=+0.9269 | 12s
 1370 hold m=8 hq=0.542 fail | Dr=+0.538/+0.905 |Dr|max=0.905 Df=+0.461 | g r=0.123 f=0.303 p=0.332(0.003) max=1.130 | Ld=+0.0066 base=-0.0665 r1=0.0252 path=0.0479 cap=2.78e-07 | Lg=+0.7357 | 12s
 1380 hold m=8 hq=0.295 fail | Dr=+0.848/+1.373 |Dr|max=1.373 Df=+0.764 | g r=0.158 f=0.353 p=0.390(0.006) max=1.269 | Ld=-0.0418 base=-0.137 r1=0.0365 path=0.0229 cap=0.036 | Lg=+0.8093 | 12s
 1390 hold m=7 hq=0.205 fail | Dr=+0.587/+0.806 |Dr|max=0.806 Df=+0.515 | g r=0.118 f=0.326 p=0.332(0.004) max=0.985 | Ld=+0.0226 base=-0.113 r1=0.0455 path=0.0198 cap=0.0703 | Lg=+0.7559 | 12s
 1400 hold m=8 hq=0.432 fail | Dr=+0.321/+0.601 |Dr|max=0.601 Df=+0.243 | g r=0.142 f=0.306 p=0.354(0.005) max=1.383 | Ld=-0.0141 base=-0.0596 r1=0.0261 path=0.0175 cap=0.00189 | Lg=+0.7495 | 12s
 1410 hold m=8 hq=0.347 fail | Dr=+0.212/+0.417 |Dr|max=0.417 Df=+0.145 | g r=0.139 f=0.398 p=0.342(0.002) max=1.307 | Ld=+0.0293 base=-0.0618 r1=0.0302 path=0.0608 cap=5.17e-05 | Lg=+0.7333 | 12s
 1420 hold m=7 hq=0.148 fail | Dr=+0.557/+0.766 |Dr|max=0.766 Df=+0.371 | g r=0.190 f=0.592 p=0.462(0.008) max=1.254 | Ld=+0.0322 base=-0.101 r1=0.0931 path=0.0376 cap=0.00304 | Lg=+0.7846 | 12s
 1430 hold m=2 hq=0.007 fail | Dr=+0.478/+1.041 |Dr|max=1.041 Df=+0.182 | g r=0.209 f=0.644 p=0.493(0.004) max=1.555 | Ld=-0.0829 base=-0.174 r1=0.0294 path=0.056 cap=0.00601 | Lg=+0.8436 | 12s
 1440 hold m=8 hq=0.632 fail | Dr=+0.790/+1.119 |Dr|max=1.119 Df=+0.744 | g r=0.213 f=0.297 p=0.290(0.005) max=0.943 | Ld=+0.1552 base=-0.00371 r1=0.0668 path=0.092 cap=5.41e-05 | Lg=+0.7442 | 12s
 1450 hold m=8 hq=0.812 fail | Dr=+0.821/+1.703 |Dr|max=1.703 Df=+0.758 | g r=0.127 f=0.171 p=0.382(0.001) max=1.520 | Ld=-0.0251 base=-0.0576 r1=0.0179 path=0.0142 cap=0.000334 | Lg=+0.7645 | 12s
 1460 hold m=7 hq=0.363 fail | Dr=+0.452/+1.315 |Dr|max=1.315 Df=+0.330 | g r=0.316 f=0.414 p=0.452(0.011) max=1.693 | Ld=+0.0520 base=-0.0552 r1=0.0311 path=0.0762 | Lg=+0.8720 | 12s
 1470 hold m=8 hq=0.461 fail | Dr=+0.394/+1.019 |Dr|max=1.019 Df=+0.348 | g r=0.117 f=0.254 p=0.300(0.002) max=1.078 | Ld=+0.1515 base=-0.11 r1=0.065 path=0.0757 cap=0.121 | Lg=+0.7809 | 12s
 1480 hold m=8 hq=0.587 fail | Dr=+0.420/+1.063 |Dr|max=1.063 Df=+0.366 | g r=0.164 f=0.298 p=0.331(0.001) max=1.237 | Ld=+0.0017 base=-0.0616 r1=0.0277 path=0.024 cap=0.0115 | Lg=+0.7435 | 13s
 1490 hold m=8 hq=0.487 fail | Dr=+0.664/+1.068 |Dr|max=1.068 Df=+0.651 | g r=0.105 f=0.188 p=0.270(0.005) max=0.944 | Ld=+0.1182 base=-0.0858 r1=0.0286 path=0.0164 cap=0.159 | Lg=+0.7317 | 13s
 1500 hold m=8 hq=0.868 fail | Dr=+0.441/+1.014 |Dr|max=1.014 Df=+0.389 | g r=0.107 f=0.133 p=0.323(0.002) max=1.401 | Ld=-0.0197 base=-0.0464 r1=0.00914 path=0.0131 cap=0.00443 | Lg=+0.7406 | 13s
 1510 hold m=8 hq=0.825 fail | Dr=+0.837/+1.675 |Dr|max=1.675 Df=+0.776 | g r=0.144 f=0.201 p=0.364(0.002) max=1.365 | Ld=-0.0164 base=-0.0406 r1=0.0158 path=0.00815 cap=0.000236 | Lg=+0.7489 | 13s
 1520 hold m=8 hq=0.870 fail | Dr=+0.391/+1.200 |Dr|max=1.200 Df=+0.330 | g r=0.143 f=0.148 p=0.346(0.003) max=1.303 | Ld=-0.0273 base=-0.0649 r1=0.0253 path=0.00592 cap=0.0063 | Lg=+0.7886 | 13s
 1530 hold m=8 hq=0.853 fail | Dr=+0.131/+1.031 |Dr|max=1.031 Df=+0.098 | g r=0.104 f=0.112 p=0.223(0.003) max=0.960 | Ld=-0.0151 base=-0.0832 r1=0.0497 path=0.016 cap=0.00231 | Lg=+0.7653 | 13s
 1540 hold m=8 hq=0.909 PASS | Dr=+0.257/+1.610 |Dr|max=1.610 Df=+0.192 | g r=0.096 f=0.113 p=0.310(0.005) max=1.353 | Ld=-0.0256 base=-0.0636 r1=0.0238 path=0.00769 cap=0.00655 | Lg=+0.7929 | 13s
 1550 hold m=8 hq=0.876 fail | Dr=+0.580/+0.946 |Dr|max=0.946 Df=+0.549 | g r=0.121 f=0.134 p=0.240(0.003) max=1.099 | Ld=+0.0162 base=-0.025 r1=0.0239 path=0.0173 cap=7.56e-05 | Lg=+0.7338 | 13s
 1560 hold m=8 hq=0.355 fail | Dr=+0.322/+1.451 |Dr|max=1.451 Df=+0.225 | g r=0.307 f=0.689 p=0.747(0.009) max=2.934 | Ld=+0.4825 base=-0.013 r1=0.0704 path=0.379 cap=0.0461 | Lg=+0.9831 | 13s
 1570 hold m=8 hq=0.912 PASS | Dr=+0.348/+0.564 |Dr|max=0.564 Df=+0.330 | g r=0.059 f=0.078 p=0.223(0.002) max=1.110 | Ld=+0.0090 base=-0.0144 r1=0.0069 path=0.0165 cap=1.72e-05 | Lg=+0.7191 | 13s
 1580 hold m=8 hq=0.905 PASS | Dr=+0.416/+1.143 |Dr|max=1.143 Df=+0.384 | g r=0.066 f=0.084 p=0.274(0.002) max=1.364 | Ld=-0.0262 base=-0.0424 r1=0.00717 path=0.00874 cap=0.000282 | Lg=+0.7361 | 13s
 1590 hold m=8 hq=0.894 fail | Dr=+0.384/+1.709 |Dr|max=1.709 Df=+0.341 | g r=0.071 f=0.087 p=0.316(0.003) max=1.297 | Ld=-0.0544 base=-0.0714 r1=0.00825 path=0.00654 cap=0.0022 | Lg=+0.7918 | 13s
 1600 hold m=8 hq=0.664 fail | Dr=+0.286/+1.328 |Dr|max=1.328 Df=+0.248 | g r=0.178 f=0.221 p=0.379(0.001) max=1.342 | Ld=-0.0307 base=-0.0534 r1=0.0155 path=0.0061 cap=0.00107 | Lg=+0.8399 | 14s
 1610 hold m=8 hq=0.865 fail | Dr=+0.652/+1.123 |Dr|max=1.123 Df=+0.620 | g r=0.101 f=0.131 p=0.256(0.002) max=0.913 | Ld=+0.0386 base=-0.0187 r1=0.0489 path=0.00839 | Lg=+0.7265 | 14s
 1620 hold m=8 hq=0.933 PASS | Dr=+0.699/+1.578 |Dr|max=1.578 Df=+0.653 | g r=0.063 f=0.084 p=0.297(0.001) max=1.228 | Ld=+0.0082 base=-0.0324 r1=0.019 path=0.0215 cap=2.08e-05 | Lg=+0.7509 | 14s
 1630 hold m=8 hq=0.901 PASS | Dr=+0.465/+1.728 |Dr|max=1.728 Df=+0.423 | g r=0.101 f=0.105 p=0.296(0.003) max=1.526 | Ld=-0.0340 base=-0.0651 r1=0.0106 path=0.0113 cap=0.00926 | Lg=+0.7833 | 14s
 1640 hold m=8 hq=0.893 fail | Dr=+0.301/+0.931 |Dr|max=0.931 Df=+0.272 | g r=0.124 f=0.138 p=0.234(0.003) max=0.829 | Ld=+0.0099 base=-0.0544 r1=0.0316 path=0.025 cap=0.0077 | Lg=+0.7284 | 14s
 1650 hold m=8 hq=0.895 fail | Dr=+0.649/+1.940 |Dr|max=1.940 Df=+0.575 | g r=0.123 f=0.123 p=0.372(0.002) max=1.454 | Ld=-0.0345 base=-0.0607 r1=0.0131 path=0.0129 cap=0.000103 | Lg=+0.8252 | 14s
 1660 hold m=8 hq=0.715 fail | Dr=+0.978/+2.470 |Dr|max=2.470 Df=+0.914 | g r=0.183 f=0.189 p=0.362(0.004) max=1.831 | Ld=-0.0020 base=-0.046 r1=0.0342 path=0.00977 cap=6.17e-05 | Lg=+0.8335 | 14s
 1670 hold m=8 hq=0.894 fail | Dr=+0.512/+0.919 |Dr|max=0.919 Df=+0.488 | g r=0.093 f=0.093 p=0.209(0.001) max=0.855 | Ld=+0.0300 base=-0.0704 r1=0.012 path=0.0208 cap=0.0675 | Lg=+0.7380 | 14s
 1680 hold m=8 hq=0.843 fail | Dr=+0.683/+1.985 |Dr|max=1.985 Df=+0.612 | g r=0.100 f=0.128 p=0.389(0.003) max=1.452 | Ld=-0.0348 base=-0.0482 r1=0.005 path=0.00832 cap=0.00011 | Lg=+0.8459 | 14s
 1690 hold m=8 hq=0.798 fail | Dr=+0.585/+1.565 |Dr|max=1.565 Df=+0.542 | g r=0.135 f=0.152 p=0.317(0.000) max=1.044 | Ld=-0.0267 base=-0.0632 r1=0.016 path=0.0177 cap=0.00265 | Lg=+0.8103 | 14s
 1700 hold m=8 hq=0.915 PASS | Dr=+0.649/+1.943 |Dr|max=1.943 Df=+0.588 | g r=0.078 f=0.081 p=0.310(0.002) max=1.459 | Ld=-0.0276 base=-0.0475 r1=0.00912 path=0.0102 cap=0.000605 | Lg=+0.8026 | 14s
 1710 hold m=8 hq=0.941 PASS | Dr=+0.409/+0.863 |Dr|max=0.863 Df=+0.369 | g r=0.062 f=0.062 p=0.226(0.003) max=0.869 | Ld=-0.0189 base=-0.0341 r1=0.00738 path=0.00781 | Lg=+0.7476 | 14s
 1720 hold m=8 hq=0.939 PASS | Dr=+0.571/+1.972 |Dr|max=1.972 Df=+0.500 | g r=0.061 f=0.071 p=0.343(0.007) max=1.644 | Ld=-0.0404 base=-0.0599 r1=0.0104 path=0.00855 cap=0.00059 | Lg=+0.8268 | 14s
 1730 hold m=8 hq=0.929 PASS | Dr=+0.469/+1.640 |Dr|max=1.640 Df=+0.408 | g r=0.071 f=0.070 p=0.310(0.004) max=1.153 | Ld=-0.0313 base=-0.0685 r1=0.0119 path=0.0122 cap=0.0131 | Lg=+0.8113 | 15s
 1740 hold m=8 hq=0.473 fail | Dr=-0.092/+2.026 |Dr|max=2.026 Df=-0.143 | g r=0.247 f=0.207 p=0.545(0.006) max=1.902 | Ld=-0.0437 base=-0.074 r1=0.0145 path=0.0149 cap=0.000949 | Lg=+1.0222 | 15s
 1750 hold m=8 hq=0.699 fail | Dr=+0.628/+1.462 |Dr|max=1.462 Df=+0.566 | g r=0.080 f=0.133 p=0.316(0.001) max=1.332 | Ld=-0.0279 base=-0.0505 r1=0.0173 path=0.00522 cap=0.000111 | Lg=+0.7887 | 15s
 1760 hold m=8 hq=0.607 fail | Dr=+0.375/+1.343 |Dr|max=1.343 Df=+0.327 | g r=0.106 f=0.199 p=0.321(0.002) max=1.205 | Ld=+0.0074 base=-0.0355 r1=0.0161 path=0.0262 cap=0.000601 | Lg=+0.7565 | 15s
 1770 hold m=8 hq=0.921 PASS | Dr=+0.601/+1.439 |Dr|max=1.439 Df=+0.551 | g r=0.077 f=0.079 p=0.283(0.001) max=1.324 | Ld=-0.0486 base=-0.0679 r1=0.0108 path=0.00563 cap=0.00283 | Lg=+0.7620 | 15s
 1780 hold m=8 hq=0.938 PASS | Dr=+0.676/+1.703 |Dr|max=1.703 Df=+0.617 | g r=0.053 f=0.058 p=0.301(0.002) max=1.387 | Ld=-0.0252 base=-0.0535 r1=0.00608 path=0.0195 cap=0.00273 | Lg=+0.7702 | 15s
 1790 hold m=8 hq=0.929 PASS | Dr=+0.622/+1.749 |Dr|max=1.749 Df=+0.553 | g r=0.121 f=0.124 p=0.366(0.003) max=1.267 | Ld=-0.0055 base=-0.0582 r1=0.027 path=0.0208 cap=0.00487 | Lg=+0.7991 | 15s
 1800 hold m=8 hq=0.942 PASS | Dr=+0.445/+1.821 |Dr|max=1.821 Df=+0.368 | g r=0.084 f=0.091 p=0.419(0.003) max=1.534 | Ld=-0.0604 base=-0.0733 r1=0.00805 path=0.00416 cap=0.000721 | Lg=+0.8849 | 15s
 1810 hold m=8 hq=0.915 PASS | Dr=+0.398/+2.133 |Dr|max=2.133 Df=+0.337 | g r=0.114 f=0.118 p=0.337(0.001) max=1.518 | Ld=-0.0387 base=-0.0753 r1=0.0174 path=0.014 cap=0.00522 | Lg=+0.8357 | 15s
 1820 hold m=8 hq=0.586 fail | Dr=+0.294/+2.362 |Dr|max=2.362 Df=+0.204 | g r=0.193 f=0.324 p=0.443(0.004) max=1.800 | Ld=+0.5554 base=-0.0233 r1=0.0516 path=0.518 cap=0.00933 | Lg=+0.9324 | 15s
 1830 hold m=8 hq=0.949 PASS | Dr=+0.360/+1.602 |Dr|max=1.602 Df=+0.299 | g r=0.064 f=0.059 p=0.280(0.003) max=1.239 | Ld=-0.0082 base=-0.0283 r1=0.00724 path=0.0124 cap=0.000481 | Lg=+0.7671 | 15s
 1840 hold m=8 hq=0.956 PASS | Dr=+0.356/+1.147 |Dr|max=1.147 Df=+0.308 | g r=0.062 f=0.055 p=0.266(0.003) max=0.926 | Ld=-0.0099 base=-0.0277 r1=0.00919 path=0.00858 | Lg=+0.7649 | 15s
 1850 hold m=8 hq=0.603 fail | Dr=+0.275/+2.454 |Dr|max=2.454 Df=+0.213 | g r=0.191 f=0.195 p=0.513(0.004) max=1.462 | Ld=-0.0959 base=-0.118 r1=0.00981 path=0.00733 cap=0.00481 | Lg=+1.0199 | 15s
 1860 hold m=8 hq=0.937 PASS | Dr=+0.322/+1.308 |Dr|max=1.308 Df=+0.268 | g r=0.069 f=0.067 p=0.289(0.002) max=1.089 | Ld=-0.0552 base=-0.0886 r1=0.0123 path=0.00764 cap=0.0135 | Lg=+0.7809 | 16s
 1870 hold m=8 hq=0.895 fail | Dr=+0.654/+2.137 |Dr|max=2.137 Df=+0.598 | g r=0.154 f=0.156 p=0.379(0.004) max=1.432 | Ld=-0.0533 base=-0.0827 r1=0.0101 path=0.0134 cap=0.00587 | Lg=+0.8488 | 16s
 1880 hold m=8 hq=0.915 PASS | Dr=+0.447/+2.489 |Dr|max=2.489 Df=+0.391 | g r=0.108 f=0.113 p=0.410(0.005) max=1.564 | Ld=-0.0305 base=-0.0575 r1=0.00932 path=0.0152 cap=0.00254 | Lg=+0.9208 | 16s
 1890 hold m=8 hq=0.901 PASS | Dr=+0.404/+1.584 |Dr|max=1.584 Df=+0.345 | g r=0.104 f=0.109 p=0.307(0.001) max=1.465 | Ld=-0.0429 base=-0.0642 r1=0.00842 path=0.0101 cap=0.00269 | Lg=+0.7909 | 16s
 1900 hold m=8 hq=0.927 PASS | Dr=+0.357/+1.354 |Dr|max=1.354 Df=+0.308 | g r=0.074 f=0.076 p=0.283(0.004) max=1.058 | Ld=-0.0550 base=-0.107 r1=0.0102 path=0.022 cap=0.0195 | Lg=+0.7772 | 16s
 1910 hold m=8 hq=0.947 PASS | Dr=+0.347/+1.354 |Dr|max=1.354 Df=+0.305 | g r=0.107 f=0.114 p=0.220(0.000) max=0.957 | Ld=+0.0071 base=-0.024 r1=0.0161 path=0.015 | Lg=+0.7479 | 16s
 1920 hold m=8 hq=0.940 PASS | Dr=+0.384/+1.807 |Dr|max=1.807 Df=+0.317 | g r=0.075 f=0.073 p=0.333(0.004) max=1.247 | Ld=-0.0364 base=-0.0568 r1=0.00742 path=0.012 cap=0.00101 | Lg=+0.8278 | 16s
 1930 hold m=8 hq=0.932 PASS | Dr=+0.075/+0.697 |Dr|max=0.697 Df=+0.034 | g r=0.072 f=0.074 p=0.256(0.003) max=0.783 | Ld=+0.0026 base=-0.0464 r1=0.0102 path=0.0176 cap=0.0213 | Lg=+0.7495 | 16s
 1940 hold m=8 hq=0.948 PASS | Dr=+0.394/+1.999 |Dr|max=1.999 Df=+0.335 | g r=0.055 f=0.054 p=0.313(0.001) max=1.328 | Ld=-0.0502 base=-0.0607 r1=0.00404 path=0.00615 cap=0.000293 | Lg=+0.8132 | 16s
 1950 hold m=8 hq=0.896 fail | Dr=+0.353/+1.691 |Dr|max=1.691 Df=+0.285 | g r=0.124 f=0.137 p=0.418(0.002) max=1.515 | Ld=-0.0307 base=-0.0534 r1=0.013 path=0.00913 cap=0.000564 | Lg=+0.8325 | 16s
 1960 hold m=8 hq=0.785 fail | Dr=+0.684/+1.566 |Dr|max=1.566 Df=+0.633 | g r=0.122 f=0.127 p=0.385(0.007) max=1.262 | Ld=-0.0236 base=-0.0383 r1=0.00612 path=0.00861 | Lg=+0.8004 | 16s
 1970 hold m=8 hq=0.610 fail | Dr=+0.568/+1.602 |Dr|max=1.602 Df=+0.504 | g r=0.248 f=0.302 p=0.446(0.009) max=1.450 | Ld=+0.2005 base=-0.0672 r1=0.0344 path=0.232 cap=0.00102 | Lg=+0.8294 | 16s
 1980 hold m=8 hq=0.830 fail | Dr=+0.392/+1.317 |Dr|max=1.317 Df=+0.359 | g r=0.075 f=0.111 p=0.285(0.001) max=1.157 | Ld=-0.0038 base=-0.0485 r1=0.0325 path=0.0122 cap=9.35e-06 | Lg=+0.7737 | 17s
 1990 hold m=8 hq=0.961 PASS | Dr=+0.459/+1.775 |Dr|max=1.775 Df=+0.401 | g r=0.052 f=0.054 p=0.378(0.003) max=1.365 | Ld=-0.0470 base=-0.0628 r1=0.00623 path=0.00933 cap=0.000163 | Lg=+0.8135 | 17s
 2000 hold m=8 hq=0.940 PASS | Dr=+0.198/+0.877 |Dr|max=0.877 Df=+0.152 | g r=0.111 f=0.107 p=0.331(0.001) max=1.047 | Ld=+0.0257 base=-0.0161 r1=0.0246 path=0.00921 cap=0.008 | Lg=+0.7696 | 17s
 2010 hold m=8 hq=0.962 PASS | Dr=+0.365/+1.459 |Dr|max=1.459 Df=+0.298 | g r=0.059 f=0.059 p=0.383(0.001) max=1.331 | Ld=-0.0353 base=-0.0508 r1=0.00385 path=0.00997 cap=0.00164 | Lg=+0.8210 | 17s
 2020 hold m=8 hq=0.926 PASS | Dr=+0.382/+1.083 |Dr|max=1.083 Df=+0.332 | g r=0.086 f=0.091 p=0.351(0.004) max=1.215 | Ld=-0.0229 base=-0.0568 r1=0.0122 path=0.0213 cap=0.000308 | Lg=+0.7926 | 17s
 2030 hold m=8 hq=0.835 fail | Dr=-0.007/+0.892 |Dr|max=0.892 Df=-0.048 | g r=0.160 f=0.152 p=0.350(0.004) max=1.145 | Ld=-0.0022 base=-0.0362 r1=0.0184 path=0.0153 cap=0.000295 | Lg=+0.7851 | 17s
 2040 hold m=8 hq=0.952 PASS | Dr=+0.501/+1.305 |Dr|max=1.305 Df=+0.457 | g r=0.065 f=0.060 p=0.289(0.001) max=1.086 | Ld=+0.0094 base=-0.0209 r1=0.0166 path=0.0116 cap=0.00223 | Lg=+0.7479 | 17s
 2050 hold m=7 hq=0.265 fail | Dr=+0.069/+1.677 |Dr|max=1.677 Df=+0.054 | g r=0.164 f=0.304 p=0.435(0.004) max=1.764 | Ld=+0.2086 base=-0.0382 r1=0.0124 path=0.234 | Lg=+0.9047 | 17s
 2060 hold m=8 hq=0.955 PASS | Dr=+0.505/+1.445 |Dr|max=1.445 Df=+0.458 | g r=0.052 f=0.054 p=0.296(0.002) max=1.269 | Ld=-0.0344 base=-0.0433 r1=0.00375 path=0.00459 cap=0.000605 | Lg=+0.7700 | 17s
 2070 hold m=8 hq=0.863 fail | Dr=+0.567/+1.305 |Dr|max=1.305 Df=+0.512 | g r=0.066 f=0.097 p=0.360(0.002) max=1.418 | Ld=-0.0466 base=-0.069 r1=0.0137 path=0.00772 cap=0.000964 | Lg=+0.8106 | 17s
 2080 hold m=8 hq=0.406 fail | Dr=+0.642/+1.320 |Dr|max=1.320 Df=+0.583 | g r=0.124 f=0.220 p=0.356(0.001) max=1.181 | Ld=-0.0173 base=-0.056 r1=0.0274 path=0.0113 cap=6.9e-05 | Lg=+0.7685 | 17s
 2090 hold m=8 hq=0.876 fail | Dr=+0.658/+1.354 |Dr|max=1.354 Df=+0.632 | g r=0.081 f=0.110 p=0.273(0.003) max=1.168 | Ld=+0.0118 base=-0.0224 r1=0.0122 path=0.0219 cap=1.92e-05 | Lg=+0.7497 | 17s
 2100 hold m=8 hq=0.945 PASS | Dr=+0.728/+1.580 |Dr|max=1.580 Df=+0.690 | g r=0.087 f=0.090 p=0.290(0.004) max=1.115 | Ld=-0.0014 base=-0.0233 r1=0.0147 path=0.00604 cap=0.00115 | Lg=+0.7687 | 17s
 2110 hold m=8 hq=0.854 fail | Dr=+0.821/+2.370 |Dr|max=2.370 Df=+0.764 | g r=0.125 f=0.182 p=0.404(0.002) max=1.608 | Ld=-0.0649 base=-0.084 r1=0.0108 path=0.00437 cap=0.004 | Lg=+0.8436 | 18s
 2120 hold m=7 hq=0.403 fail | Dr=+0.521/+1.776 |Dr|max=1.776 Df=+0.466 | g r=0.149 f=0.328 p=0.525(0.006) max=2.001 | Ld=-0.0266 base=-0.115 r1=0.0247 path=0.0605 cap=0.00349 | Lg=+0.9667 | 18s
 2130 hold m=8 hq=0.613 fail | Dr=+0.561/+1.182 |Dr|max=1.182 Df=+0.508 | g r=0.114 f=0.218 p=0.380(0.002) max=1.294 | Ld=+0.0748 base=-0.0604 r1=0.0306 path=0.104 cap=0.000437 | Lg=+0.8334 | 18s
 2140 hold m=8 hq=0.334 fail | Dr=+0.531/+1.165 |Dr|max=1.165 Df=+0.420 | g r=0.157 f=0.505 p=0.512(0.012) max=1.546 | Ld=-0.0802 base=-0.135 r1=0.0433 path=0.0118 cap=0.000227 | Lg=+0.8135 | 18s
 2150 hold m=8 hq=0.833 fail | Dr=+0.472/+0.833 |Dr|max=0.833 Df=+0.443 | g r=0.079 f=0.118 p=0.255(0.001) max=0.949 | Ld=-0.0074 base=-0.0252 r1=0.0102 path=0.00764 | Lg=+0.7171 | 18s
 2160 hold m=8 hq=0.944 PASS | Dr=+0.524/+1.119 |Dr|max=1.119 Df=+0.482 | g r=0.063 f=0.069 p=0.320(0.001) max=1.165 | Ld=-0.0229 base=-0.0326 r1=0.00625 path=0.00316 cap=0.000348 | Lg=+0.7339 | 18s
 2170 hold m=8 hq=0.415 fail | Dr=+0.266/+1.739 |Dr|max=1.739 Df=+0.184 | g r=0.171 f=0.459 p=0.553(0.003) max=1.815 | Ld=-0.0208 base=-0.114 r1=0.0177 path=0.0737 cap=0.00223 | Lg=+0.9144 | 18s
 2180 hold m=8 hq=0.944 PASS | Dr=+0.517/+1.278 |Dr|max=1.278 Df=+0.480 | g r=0.079 f=0.088 p=0.275(0.003) max=0.949 | Ld=+0.0245 base=-0.00436 r1=0.0108 path=0.00537 cap=0.0128 | Lg=+0.7490 | 18s
 2190 hold m=8 hq=0.944 PASS | Dr=+0.302/+1.354 |Dr|max=1.354 Df=+0.266 | g r=0.098 f=0.098 p=0.262(0.001) max=0.960 | Ld=-0.0219 base=-0.0518 r1=0.0102 path=0.00191 cap=0.0179 | Lg=+0.7600 | 18s
 2200 hold m=8 hq=0.783 fail | Dr=+0.237/+1.839 |Dr|max=1.839 Df=+0.186 | g r=0.132 f=0.148 p=0.365(0.008) max=1.445 | Ld=-0.0556 base=-0.0914 r1=0.0135 path=0.0164 cap=0.00592 | Lg=+0.8393 | 18s
 2210 hold m=6 hq=0.559 fail | Dr=+0.259/+1.346 |Dr|max=1.346 Df=+0.223 | g r=0.172 f=0.177 p=0.313(0.005) max=1.327 | Ld=+0.0001 base=-0.0368 r1=0.0258 path=0.00842 cap=0.00255 | Lg=+0.7997 | 18s
 2220 hold m=8 hq=0.965 PASS | Dr=+0.452/+1.416 |Dr|max=1.416 Df=+0.401 | g r=0.055 f=0.056 p=0.344(0.001) max=1.333 | Ld=-0.0204 base=-0.029 r1=0.00502 path=0.00359 cap=1.26e-05 | Lg=+0.7901 | 18s
 2230 hold m=8 hq=0.964 PASS | Dr=+0.411/+1.627 |Dr|max=1.627 Df=+0.367 | g r=0.042 f=0.045 p=0.275(0.001) max=1.323 | Ld=-0.0327 base=-0.0464 r1=0.00997 path=0.00371 cap=1.08e-05 | Lg=+0.7876 | 19s
 2240 hold m=8 hq=0.596 fail | Dr=+0.219/+1.015 |Dr|max=1.015 Df=+0.173 | g r=0.215 f=0.278 p=0.392(0.007) max=1.299 | Ld=+0.2207 base=-0.0443 r1=0.092 path=0.154 cap=0.0192 | Lg=+0.7748 | 19s
 2250 hold m=8 hq=0.836 fail | Dr=+0.311/+1.146 |Dr|max=1.146 Df=+0.270 | g r=0.112 f=0.112 p=0.311(0.004) max=1.008 | Ld=+0.0037 base=-0.0319 r1=0.022 path=0.00884 cap=0.00473 | Lg=+0.7787 | 19s
 2260 hold m=8 hq=0.968 PASS | Dr=+0.411/+1.804 |Dr|max=1.804 Df=+0.361 | g r=0.051 f=0.055 p=0.337(0.001) max=1.377 | Ld=-0.0269 base=-0.0421 r1=0.00595 path=0.00505 cap=0.00425 | Lg=+0.8031 | 19s
 2270 hold m=8 hq=0.694 fail | Dr=+0.790/+1.694 |Dr|max=1.694 Df=+0.735 | g r=0.134 f=0.281 p=0.466(0.005) max=1.772 | Ld=+0.0872 base=-0.0853 r1=0.0197 path=0.153 cap=0.000126 | Lg=+0.8247 | 19s
 2280 hold m=8 hq=0.970 PASS | Dr=+0.330/+1.391 |Dr|max=1.391 Df=+0.282 | g r=0.078 f=0.082 p=0.341(0.004) max=1.219 | Ld=+0.0031 base=-0.037 r1=0.0136 path=0.0255 cap=0.00103 | Lg=+0.7800 | 19s
 2290 hold m=8 hq=0.970 PASS | Dr=+0.244/+1.466 |Dr|max=1.466 Df=+0.192 | g r=0.065 f=0.070 p=0.358(0.000) max=1.233 | Ld=-0.0339 base=-0.0469 r1=0.0068 path=0.00248 cap=0.0038 | Lg=+0.7998 | 19s
 2300 hold m=8 hq=0.936 PASS | Dr=+0.472/+1.324 |Dr|max=1.324 Df=+0.434 | g r=0.100 f=0.097 p=0.287(0.004) max=0.940 | Ld=-0.0095 base=-0.0613 r1=0.0156 path=0.0268 cap=0.00939 | Lg=+0.7611 | 19s
 2310 hold m=8 hq=0.927 PASS | Dr=+0.357/+1.305 |Dr|max=1.305 Df=+0.318 | g r=0.061 f=0.072 p=0.253(0.002) max=1.000 | Ld=-0.0151 base=-0.0333 r1=0.0118 path=0.00647 | Lg=+0.7625 | 19s
 2320 hold m=8 hq=0.911 PASS | Dr=+0.226/+1.260 |Dr|max=1.260 Df=+0.191 | g r=0.130 f=0.129 p=0.319(0.002) max=1.246 | Ld=-0.0166 base=-0.0357 r1=0.0116 path=0.00743 cap=1.84e-08 | Lg=+0.7694 | 19s
 2330 hold m=8 hq=0.908 PASS | Dr=+0.105/+1.242 |Dr|max=1.242 Df=+0.060 | g r=0.093 f=0.105 p=0.378(0.004) max=1.152 | Ld=-0.0397 base=-0.0648 r1=0.0104 path=0.0146 cap=8.49e-05 | Lg=+0.8118 | 19s
 2340 hold m=8 hq=0.962 PASS | Dr=+0.449/+1.346 |Dr|max=1.346 Df=+0.400 | g r=0.055 f=0.063 p=0.343(0.002) max=1.212 | Ld=-0.0147 base=-0.0415 r1=0.00633 path=0.0182 cap=0.00234 | Lg=+0.7785 | 19s
 2350 hold m=8 hq=0.924 PASS | Dr=+0.444/+1.724 |Dr|max=1.724 Df=+0.387 | g r=0.097 f=0.115 p=0.404(0.002) max=1.449 | Ld=-0.0473 base=-0.0683 r1=0.00566 path=0.0119 cap=0.00345 | Lg=+0.8624 | 19s
 2360 hold m=8 hq=0.846 fail | Dr=+0.461/+1.411 |Dr|max=1.411 Df=+0.416 | g r=0.077 f=0.087 p=0.337(0.003) max=1.452 | Ld=-0.0091 base=-0.0276 r1=0.00837 path=0.00964 cap=0.000502 | Lg=+0.7878 | 20s
 2370 hold m=7 hq=0.416 fail | Dr=+0.910/+1.659 |Dr|max=1.659 Df=+0.754 | g r=0.184 f=0.594 p=0.665(0.008) max=2.407 | Ld=+0.3293 base=-0.103 r1=0.041 path=0.39 cap=0.000922 | Lg=+0.9316 | 20s
 2380 hold m=6 hq=0.351 fail | Dr=+0.725/+1.401 |Dr|max=1.401 Df=+0.582 | g r=0.131 f=0.478 p=0.492(0.005) max=1.503 | Ld=-0.0153 base=-0.0851 r1=0.0266 path=0.0373 cap=0.00598 | Lg=+0.7810 | 20s
 2390 hold m=6 hq=0.448 fail | Dr=+1.011/+1.664 |Dr|max=1.664 Df=+0.865 | g r=0.175 f=0.540 p=0.599(0.008) max=2.154 | Ld=-0.1734 base=-0.226 r1=0.0324 path=0.0153 cap=0.00509 | Lg=+0.9405 | 20s
 2400 hold m=8 hq=0.490 fail | Dr=+0.752/+2.592 |Dr|max=2.592 Df=+0.653 | g r=0.169 f=0.406 p=0.485(0.001) max=1.818 | Ld=-0.0695 base=-0.173 r1=0.0237 path=0.0691 cap=0.0108 | Lg=+0.9361 | 20s
# shift (1,0) after 2400; frozen copy on new target: m=2 hq=0.000
 2410 post m=7 hq=0.060 fail | Dr=+0.165/+0.578 |Dr|max=0.578 Df=+0.020 | g r=0.205 f=0.494 p=0.452(0.002) max=1.480 | Ld=+0.0206 base=-0.167 r1=0.0467 path=0.141 cap=9.48e-05 | Lg=+0.8482 | 20s
 2420 post m=7 hq=0.261 fail | Dr=+0.463/+0.752 |Dr|max=0.752 Df=+0.364 | g r=0.171 f=0.503 p=0.502(0.007) max=1.803 | Ld=-0.0065 base=-0.126 r1=0.0401 path=0.0786 cap=0.0011 | Lg=+0.8425 | 20s
 2430 post m=4 hq=0.194 fail | Dr=+1.162/+2.531 |Dr|max=2.531 Df=+0.953 | g r=0.287 f=0.463 p=0.467(0.006) max=1.836 | Ld=+0.3126 base=-0.178 r1=0.0951 path=0.296 cap=0.0993 | Lg=+0.9844 | 20s
 2440 post m=8 hq=0.700 fail | Dr=+0.371/+0.793 |Dr|max=0.793 Df=+0.350 | g r=0.083 f=0.204 p=0.249(0.003) max=0.945 | Ld=+0.0057 base=-0.0152 r1=0.0115 path=0.00941 | Lg=+0.7177 | 20s
 2450 post m=6 hq=0.346 fail | Dr=+0.450/+0.865 |Dr|max=0.865 Df=+0.371 | g r=0.123 f=0.377 p=0.397(0.005) max=1.457 | Ld=-0.0138 base=-0.0566 r1=0.0263 path=0.0162 cap=0.000277 | Lg=+0.7409 | 20s
 2460 post m=6 hq=0.097 fail | Dr=+0.569/+0.857 |Dr|max=0.857 Df=+0.379 | g r=0.185 f=0.650 p=0.499(0.002) max=1.587 | Ld=-0.0791 base=-0.151 r1=0.0475 path=0.0242 cap=5.54e-05 | Lg=+0.8203 | 20s
 2470 post m=4 hq=0.147 fail | Dr=+0.598/+0.943 |Dr|max=0.943 Df=+0.478 | g r=0.205 f=0.485 p=0.471(0.006) max=1.484 | Ld=-0.0919 base=-0.139 r1=0.0352 path=0.00918 cap=0.00303 | Lg=+0.8239 | 20s
 2480 post m=1 hq=0.020 fail | Dr=+0.836/+1.793 |Dr|max=1.793 Df=+0.501 | g r=0.400 f=0.893 p=0.910(0.004) max=2.904 | Ld=-0.0098 base=-0.113 r1=0.0492 path=0.0494 cap=0.00435 | Lg=+0.9100 | 20s
 2490 post m=8 hq=0.737 fail | Dr=+0.745/+1.011 |Dr|max=1.011 Df=+0.708 | g r=0.101 f=0.220 p=0.339(0.003) max=1.301 | Ld=-0.0069 base=-0.0327 r1=0.0205 path=0.00501 cap=0.000203 | Lg=+0.7211 | 21s
 2500 post m=8 hq=0.578 fail | Dr=+0.618/+1.125 |Dr|max=1.125 Df=+0.564 | g r=0.087 f=0.236 p=0.299(0.003) max=1.256 | Ld=-0.0255 base=-0.048 r1=0.015 path=0.00721 cap=0.000211 | Lg=+0.7310 | 21s
 2510 post m=8 hq=0.845 fail | Dr=+0.528/+0.749 |Dr|max=0.749 Df=+0.514 | g r=0.082 f=0.105 p=0.199(0.003) max=0.715 | Ld=+0.0599 base=0.00624 r1=0.0113 path=0.0423 | Lg=+0.7071 | 21s
 2520 post m=8 hq=0.639 fail | Dr=+0.656/+1.261 |Dr|max=1.261 Df=+0.635 | g r=0.163 f=0.183 p=0.286(0.004) max=0.952 | Ld=+0.0105 base=-0.0145 r1=0.0167 path=0.00823 cap=1.03e-05 | Lg=+0.7277 | 21s
 2530 post m=5 hq=0.246 fail | Dr=-1.116/-0.393 |Dr|max=1.844 Df=-1.041 | g r=0.504 f=0.608 p=0.647(0.006) max=2.302 | Ld=+0.8049 base=0.00789 r1=0.0976 path=0.0253 cap=0.674 | Lg=+0.7297 | 21s
 2540 post m=8 hq=0.927 PASS | Dr=+0.634/+1.280 |Dr|max=1.280 Df=+0.615 | g r=0.068 f=0.081 p=0.269(0.002) max=1.158 | Ld=-0.0259 base=-0.0443 r1=0.007 path=0.0113 cap=0.00017 | Lg=+0.7310 | 21s
 2550 post m=8 hq=0.931 PASS | Dr=+0.611/+1.438 |Dr|max=1.438 Df=+0.591 | g r=0.074 f=0.077 p=0.258(0.003) max=1.155 | Ld=-0.0139 base=-0.0318 r1=0.00784 path=0.01 cap=6.73e-06 | Lg=+0.7505 | 21s
 2560 post m=8 hq=0.938 PASS | Dr=+0.619/+1.536 |Dr|max=1.536 Df=+0.596 | g r=0.066 f=0.069 p=0.253(0.002) max=1.134 | Ld=+0.0066 base=-0.0105 r1=0.00603 path=0.0108 cap=0.000307 | Lg=+0.7346 | 21s
 2570 post m=8 hq=0.938 PASS | Dr=+0.587/+1.279 |Dr|max=1.279 Df=+0.559 | g r=0.058 f=0.066 p=0.264(0.003) max=1.181 | Ld=-0.0103 base=-0.0228 r1=0.00466 path=0.00773 cap=8.91e-05 | Lg=+0.7349 | 21s
 2580 post m=8 hq=0.873 fail | Dr=+0.618/+1.401 |Dr|max=1.401 Df=+0.587 | g r=0.088 f=0.089 p=0.284(0.003) max=1.305 | Ld=-0.0018 base=-0.0189 r1=0.00916 path=0.0076 cap=0.000317 | Lg=+0.7501 | 21s
 2590 post m=8 hq=0.918 PASS | Dr=+0.466/+1.718 |Dr|max=1.718 Df=+0.430 | g r=0.094 f=0.093 p=0.335(0.002) max=1.467 | Ld=-0.0313 base=-0.0631 r1=0.00686 path=0.0238 cap=0.00119 | Lg=+0.7908 | 21s
 2600 post m=8 hq=0.929 PASS | Dr=+0.423/+0.914 |Dr|max=0.914 Df=+0.400 | g r=0.081 f=0.080 p=0.213(0.003) max=1.019 | Ld=+0.0145 base=-0.00857 r1=0.00827 path=0.0148 | Lg=+0.7233 | 21s
 2610 post m=8 hq=0.943 PASS | Dr=+0.188/+0.742 |Dr|max=0.742 Df=+0.159 | g r=0.067 f=0.067 p=0.238(0.005) max=1.263 | Ld=+0.0105 base=-0.013 r1=0.0135 path=0.0094 cap=0.000557 | Lg=+0.7398 | 21s
 2620 post m=8 hq=0.579 fail | Dr=-0.412/+0.208 |Dr|max=1.106 Df=-0.430 | g r=0.300 f=0.317 p=0.337(0.002) max=1.288 | Ld=+0.0426 base=-0.0215 r1=0.0538 path=0.0102 cap=2.3e-05 | Lg=+0.7462 | 22s
 2630 post m=5 hq=0.338 fail | Dr=+0.518/+1.120 |Dr|max=1.120 Df=+0.355 | g r=0.187 f=0.342 p=0.476(0.008) max=1.542 | Ld=+0.0145 base=-0.118 r1=0.0423 path=0.0904 cap=8.42e-05 | Lg=+0.8262 | 22s
 2640 post m=8 hq=0.536 fail | Dr=+0.834/+1.488 |Dr|max=1.488 Df=+0.779 | g r=0.089 f=0.269 p=0.353(0.003) max=1.303 | Ld=-0.0055 base=-0.0313 r1=0.0162 path=0.00926 cap=0.000334 | Lg=+0.7337 | 22s
 2650 post m=7 hq=0.386 fail | Dr=+0.476/+1.383 |Dr|max=1.383 Df=+0.358 | g r=0.122 f=0.246 p=0.359(0.006) max=1.464 | Ld=+0.0313 base=-0.0655 r1=0.0174 path=0.0793 cap=4.68e-06 | Lg=+0.8052 | 22s
 2660 post m=8 hq=0.937 PASS | Dr=+0.399/+1.245 |Dr|max=1.245 Df=+0.370 | g r=0.058 f=0.070 p=0.289(0.002) max=1.144 | Ld=-0.0129 base=-0.0283 r1=0.00887 path=0.00648 cap=3.83e-05 | Lg=+0.7636 | 22s
 2670 post m=8 hq=0.881 fail | Dr=+0.144/+1.004 |Dr|max=1.004 Df=+0.120 | g r=0.122 f=0.097 p=0.302(0.005) max=1.115 | Ld=-0.0269 base=-0.0579 r1=0.0134 path=0.00563 cap=0.0119 | Lg=+0.7633 | 22s
 2680 post m=8 hq=0.961 PASS | Dr=+0.605/+1.279 |Dr|max=1.279 Df=+0.581 | g r=0.062 f=0.056 p=0.255(0.001) max=1.172 | Ld=-0.0172 base=-0.0249 r1=0.00579 path=0.0019 | Lg=+0.7284 | 22s
 2690 post m=8 hq=0.965 PASS | Dr=+0.325/+1.175 |Dr|max=1.175 Df=+0.301 | g r=0.052 f=0.047 p=0.262(0.002) max=1.254 | Ld=-0.0211 base=-0.032 r1=0.00752 path=0.00338 cap=1.42e-06 | Lg=+0.7515 | 22s
 2700 post m=8 hq=0.904 PASS | Dr=+0.219/+0.917 |Dr|max=0.917 Df=+0.194 | g r=0.130 f=0.128 p=0.301(0.003) max=1.091 | Ld=+0.0161 base=-0.0256 r1=0.0166 path=0.0251 cap=1.39e-06 | Lg=+0.7722 | 22s
 2710 post m=8 hq=0.663 fail | Dr=+0.734/+1.960 |Dr|max=1.960 Df=+0.677 | g r=0.094 f=0.229 p=0.354(0.002) max=1.333 | Ld=-0.0219 base=-0.0391 r1=0.00921 path=0.00796 cap=5.47e-05 | Lg=+0.7861 | 22s
 2720 post m=8 hq=0.944 PASS | Dr=+0.300/+1.124 |Dr|max=1.124 Df=+0.276 | g r=0.048 f=0.052 p=0.242(0.001) max=1.189 | Ld=-0.0242 base=-0.0346 r1=0.00522 path=0.00519 cap=3.84e-05 | Lg=+0.7572 | 22s
 2730 post m=8 hq=0.948 PASS | Dr=+0.450/+1.770 |Dr|max=1.770 Df=+0.415 | g r=0.065 f=0.070 p=0.322(0.003) max=1.379 | Ld=-0.0530 base=-0.0663 r1=0.00597 path=0.005 cap=0.00239 | Lg=+0.8344 | 22s
 2740 post m=8 hq=0.954 PASS | Dr=+0.441/+1.728 |Dr|max=1.728 Df=+0.406 | g r=0.052 f=0.054 p=0.329(0.001) max=1.312 | Ld=-0.0254 base=-0.0441 r1=0.00544 path=0.0109 cap=0.00228 | Lg=+0.7986 | 23s
 2750 post m=8 hq=0.955 PASS | Dr=+0.421/+1.770 |Dr|max=1.770 Df=+0.384 | g r=0.056 f=0.062 p=0.332(0.001) max=1.225 | Ld=-0.0239 base=-0.0422 r1=0.00709 path=0.00797 cap=0.0032 | Lg=+0.7868 | 23s
 2760 post m=8 hq=0.941 PASS | Dr=+0.459/+1.821 |Dr|max=1.821 Df=+0.422 | g r=0.078 f=0.089 p=0.339(0.001) max=1.474 | Ld=-0.0424 base=-0.053 r1=0.00502 path=0.00458 cap=0.000969 | Lg=+0.7954 | 23s
 2770 post m=8 hq=0.938 PASS | Dr=+0.402/+1.772 |Dr|max=1.772 Df=+0.365 | g r=0.057 f=0.060 p=0.318(0.002) max=1.402 | Ld=-0.0361 base=-0.0474 r1=0.00355 path=0.00768 cap=5.35e-05 | Lg=+0.8174 | 23s
 2780 post m=8 hq=0.940 PASS | Dr=+0.405/+2.028 |Dr|max=2.028 Df=+0.362 | g r=0.076 f=0.080 p=0.390(0.004) max=1.624 | Ld=-0.0339 base=-0.0502 r1=0.00962 path=0.00623 cap=0.000508 | Lg=+0.8498 | 23s
 2790 post m=8 hq=0.953 PASS | Dr=+0.437/+1.820 |Dr|max=1.820 Df=+0.402 | g r=0.097 f=0.101 p=0.366(0.003) max=1.291 | Ld=-0.0141 base=-0.0375 r1=0.0104 path=0.0128 cap=0.000132 | Lg=+0.8104 | 23s
 2800 post m=8 hq=0.901 PASS | Dr=+0.299/+0.839 |Dr|max=0.839 Df=+0.277 | g r=0.075 f=0.109 p=0.254(0.001) max=1.078 | Ld=+0.0087 base=-0.00653 r1=0.00672 path=0.00856 cap=1.44e-07 | Lg=+0.7255 | 23s
 2810 post m=8 hq=0.963 PASS | Dr=+0.349/+1.218 |Dr|max=1.218 Df=+0.316 | g r=0.046 f=0.051 p=0.259(0.002) max=1.046 | Ld=-0.0002 base=-0.012 r1=0.00495 path=0.00661 cap=0.000248 | Lg=+0.7486 | 23s
 2820 post m=4 hq=0.187 fail | Dr=-0.085/+0.991 |Dr|max=0.991 Df=-0.127 | g r=0.194 f=0.526 p=0.468(0.004) max=2.694 | Ld=-0.0425 base=-0.0949 r1=0.0387 path=0.0136 cap=5.8e-05 | Lg=+0.8549 | 23s
 2830 post m=8 hq=0.775 fail | Dr=+0.514/+1.081 |Dr|max=1.081 Df=+0.507 | g r=0.062 f=0.107 p=0.231(0.002) max=0.894 | Ld=+0.0202 base=-0.0022 r1=0.0078 path=0.0146 | Lg=+0.7316 | 23s
 2840 post m=8 hq=0.941 PASS | Dr=+0.611/+1.990 |Dr|max=1.990 Df=+0.590 | g r=0.069 f=0.074 p=0.310(0.002) max=1.467 | Ld=-0.0321 base=-0.0454 r1=0.00369 path=0.00926 cap=0.000326 | Lg=+0.8117 | 23s
 2850 post m=8 hq=0.933 PASS | Dr=+0.474/+1.918 |Dr|max=1.918 Df=+0.453 | g r=0.092 f=0.090 p=0.350(0.004) max=1.390 | Ld=-0.0259 base=-0.0446 r1=0.00878 path=0.00961 cap=0.000282 | Lg=+0.8441 | 23s
 2860 post m=8 hq=0.960 PASS | Dr=+0.545/+1.577 |Dr|max=1.577 Df=+0.520 | g r=0.082 f=0.084 p=0.283(0.002) max=1.000 | Ld=-0.0100 base=-0.0249 r1=0.00986 path=0.00475 cap=0.000283 | Lg=+0.7634 | 23s
 2870 post m=8 hq=0.963 PASS | Dr=+0.479/+2.302 |Dr|max=2.302 Df=+0.439 | g r=0.056 f=0.066 p=0.381(0.001) max=1.509 | Ld=-0.0460 base=-0.0615 r1=0.00286 path=0.0113 cap=0.00131 | Lg=+0.8347 | 24s
 2880 post m=8 hq=0.939 PASS | Dr=+0.661/+2.580 |Dr|max=2.580 Df=+0.615 | g r=0.071 f=0.079 p=0.413(0.002) max=1.724 | Ld=-0.0493 base=-0.0638 r1=0.00663 path=0.00747 cap=0.000439 | Lg=+0.9044 | 24s
 2890 post m=8 hq=0.957 PASS | Dr=+0.520/+2.105 |Dr|max=2.105 Df=+0.486 | g r=0.065 f=0.067 p=0.332(0.003) max=1.468 | Ld=-0.0424 base=-0.052 r1=0.00413 path=0.00538 cap=4.92e-06 | Lg=+0.8075 | 24s
 2900 post m=8 hq=0.954 PASS | Dr=+0.596/+1.820 |Dr|max=1.820 Df=+0.563 | g r=0.055 f=0.063 p=0.301(0.001) max=1.212 | Ld=-0.0252 base=-0.0344 r1=0.00707 path=0.00214 cap=3.71e-06 | Lg=+0.7799 | 24s
 2910 post m=8 hq=0.958 PASS | Dr=+0.184/+0.627 |Dr|max=0.627 Df=+0.164 | g r=0.082 f=0.083 p=0.256(0.001) max=1.129 | Ld=-0.0097 base=-0.0173 r1=0.00255 path=0.00486 cap=0.000277 | Lg=+0.7314 | 24s
 2920 post m=8 hq=0.923 PASS | Dr=+0.056/+0.636 |Dr|max=0.636 Df=+0.036 | g r=0.067 f=0.070 p=0.249(0.001) max=1.018 | Ld=+0.0083 base=-0.0204 r1=0.0197 path=0.00861 cap=0.000328 | Lg=+0.7304 | 24s
 2930 post m=8 hq=0.827 fail | Dr=+0.194/+0.985 |Dr|max=0.985 Df=+0.179 | g r=0.153 f=0.120 p=0.297(0.005) max=1.064 | Ld=-0.0444 base=-0.0769 r1=0.0199 path=0.00831 cap=0.00428 | Lg=+0.7768 | 24s
 2940 post m=8 hq=0.961 PASS | Dr=+0.403/+1.062 |Dr|max=1.062 Df=+0.376 | g r=0.064 f=0.064 p=0.289(0.002) max=1.089 | Ld=+0.0009 base=-0.015 r1=0.00531 path=0.0101 cap=0.000557 | Lg=+0.7467 | 24s
 2950 post m=8 hq=0.940 PASS | Dr=+0.247/+1.363 |Dr|max=1.363 Df=+0.224 | g r=0.176 f=0.188 p=0.409(0.006) max=1.766 | Ld=-0.0287 base=-0.0683 r1=0.0299 path=0.00786 cap=0.0019 | Lg=+0.8310 | 24s
 2960 post m=8 hq=0.922 PASS | Dr=+0.215/+0.752 |Dr|max=0.752 Df=+0.197 | g r=0.134 f=0.123 p=0.242(0.001) max=1.142 | Ld=+0.0053 base=-0.0233 r1=0.0114 path=0.0171 cap=0.000183 | Lg=+0.7309 | 24s
 2970 post m=8 hq=0.913 PASS | Dr=+0.203/+1.591 |Dr|max=1.591 Df=+0.175 | g r=0.071 f=0.074 p=0.302(0.001) max=1.219 | Ld=-0.0166 base=-0.0285 r1=0.00475 path=0.00682 cap=0.00028 | Lg=+0.8149 | 24s
 2980 post m=8 hq=0.556 fail | Dr=+0.152/+0.834 |Dr|max=0.834 Df=+0.122 | g r=0.132 f=0.168 p=0.281(0.004) max=1.209 | Ld=-0.0031 base=-0.0206 r1=0.0122 path=0.00484 cap=0.000402 | Lg=+0.7544 | 24s
 2990 post m=8 hq=0.894 fail | Dr=+0.200/+0.780 |Dr|max=0.780 Df=+0.181 | g r=0.092 f=0.087 p=0.189(0.004) max=1.014 | Ld=+0.0170 base=-0.00898 r1=0.0215 path=0.00451 cap=6.88e-06 | Lg=+0.7270 | 24s
 3000 post m=8 hq=0.967 PASS | Dr=+0.328/+1.624 |Dr|max=1.624 Df=+0.293 | g r=0.052 f=0.053 p=0.301(0.002) max=1.322 | Ld=-0.0360 base=-0.0451 r1=0.00162 path=0.0069 cap=0.00048 | Lg=+0.8081 | 25s
 3010 post m=8 hq=0.914 PASS | Dr=+0.492/+1.408 |Dr|max=1.408 Df=+0.462 | g r=0.081 f=0.083 p=0.296(0.000) max=1.226 | Ld=-0.0161 base=-0.0265 r1=0.00552 path=0.00473 cap=8.01e-05 | Lg=+0.7725 | 25s
 3020 post m=5 hq=0.260 fail | Dr=+0.450/+1.326 |Dr|max=1.326 Df=+0.378 | g r=0.139 f=0.359 p=0.341(0.004) max=1.932 | Ld=-0.0111 base=-0.0589 r1=0.0302 path=0.0168 cap=0.000845 | Lg=+0.7881 | 25s
 3030 post m=8 hq=0.794 fail | Dr=+0.490/+0.849 |Dr|max=0.849 Df=+0.464 | g r=0.107 f=0.189 p=0.352(0.003) max=1.150 | Ld=+0.0390 base=-0.0136 r1=0.021 path=0.0314 cap=0.000195 | Lg=+0.7203 | 25s
 3040 post m=8 hq=0.903 PASS | Dr=+0.582/+1.320 |Dr|max=1.320 Df=+0.566 | g r=0.128 f=0.133 p=0.309(0.001) max=1.188 | Ld=-0.0131 base=-0.0305 r1=0.00991 path=0.00726 cap=0.000232 | Lg=+0.7405 | 25s
 3050 post m=8 hq=0.962 PASS | Dr=+0.673/+1.940 |Dr|max=1.940 Df=+0.638 | g r=0.063 f=0.062 p=0.307(0.002) max=1.300 | Ld=-0.0481 base=-0.056 r1=0.00545 path=0.00239 cap=0.00013 | Lg=+0.7755 | 25s
 3060 post m=8 hq=0.920 PASS | Dr=+0.435/+1.270 |Dr|max=1.270 Df=+0.410 | g r=0.107 f=0.107 p=0.286(0.001) max=1.199 | Ld=+0.0014 base=-0.039 r1=0.0161 path=0.0152 cap=0.00917 | Lg=+0.7632 | 25s
 3070 post m=8 hq=0.944 PASS | Dr=+0.268/+1.532 |Dr|max=1.532 Df=+0.236 | g r=0.054 f=0.055 p=0.299(0.002) max=1.262 | Ld=-0.0006 base=-0.0104 r1=0.0054 path=0.0044 cap=7.32e-07 | Lg=+0.7689 | 25s
 3080 post m=8 hq=0.934 PASS | Dr=+0.302/+1.088 |Dr|max=1.088 Df=+0.273 | g r=0.097 f=0.093 p=0.268(0.001) max=1.032 | Ld=-0.0011 base=-0.024 r1=0.00936 path=0.0122 cap=0.00128 | Lg=+0.7545 | 25s
 3090 post m=8 hq=0.890 fail | Dr=+0.169/+1.237 |Dr|max=1.237 Df=+0.137 | g r=0.119 f=0.117 p=0.397(0.003) max=1.352 | Ld=-0.0139 base=-0.041 r1=0.0139 path=0.0116 cap=0.00165 | Lg=+0.7987 | 25s
 3100 post m=8 hq=0.939 PASS | Dr=+0.433/+1.543 |Dr|max=1.543 Df=+0.425 | g r=0.137 f=0.142 p=0.316(0.003) max=1.249 | Ld=-0.0164 base=-0.0342 r1=0.0137 path=0.00395 cap=1.11e-05 | Lg=+0.7852 | 25s
 3110 post m=6 hq=0.536 fail | Dr=-0.791/+0.731 |Dr|max=2.389 Df=-0.798 | g r=0.144 f=0.297 p=0.484(0.004) max=2.220 | Ld=+0.1490 base=-0.125 r1=0.0335 path=0.176 cap=0.0651 | Lg=+1.0821 | 25s
 3120 post m=5 hq=0.241 fail | Dr=+0.434/+0.912 |Dr|max=0.912 Df=+0.466 | g r=0.148 f=0.224 p=0.296(0.001) max=1.276 | Ld=+0.2714 base=-0.0227 r1=0.0659 path=0.00963 cap=0.218 | Lg=+0.7113 | 26s
 3130 post m=8 hq=0.944 PASS | Dr=+0.039/+0.846 |Dr|max=0.846 Df=+0.016 | g r=0.047 f=0.049 p=0.271(0.001) max=1.195 | Ld=-0.0076 base=-0.0181 r1=0.00288 path=0.00747 cap=6.92e-05 | Lg=+0.7489 | 26s
 3140 post m=8 hq=0.963 PASS | Dr=+0.291/+1.248 |Dr|max=1.248 Df=+0.261 | g r=0.040 f=0.042 p=0.278(0.000) max=1.308 | Ld=-0.0225 base=-0.0293 r1=0.00444 path=0.00129 cap=0.0011 | Lg=+0.7674 | 26s
 3150 post m=8 hq=0.954 PASS | Dr=+0.291/+1.533 |Dr|max=1.533 Df=+0.266 | g r=0.071 f=0.071 p=0.296(0.001) max=1.201 | Ld=-0.0192 base=-0.0334 r1=0.0113 path=0.00277 cap=7.57e-05 | Lg=+0.7748 | 26s
 3160 post m=8 hq=0.941 PASS | Dr=+0.228/+1.040 |Dr|max=1.040 Df=+0.203 | g r=0.103 f=0.099 p=0.260(0.001) max=1.158 | Ld=-0.0114 base=-0.0384 r1=0.0192 path=0.00698 cap=0.000758 | Lg=+0.7598 | 26s
 3170 post m=8 hq=0.935 PASS | Dr=+0.328/+1.241 |Dr|max=1.241 Df=+0.297 | g r=0.075 f=0.091 p=0.297(0.001) max=1.166 | Ld=-0.0084 base=-0.0339 r1=0.00746 path=0.018 | Lg=+0.7664 | 26s
 3180 post m=6 hq=0.388 fail | Dr=-0.219/+0.288 |Dr|max=0.843 Df=-0.247 | g r=0.112 f=0.252 p=0.260(0.003) max=0.860 | Ld=+0.0608 base=-0.0627 r1=0.0394 path=0.084 | Lg=+0.7575 | 26s
 3190 post m=8 hq=0.841 fail | Dr=-0.242/+0.133 |Dr|max=0.436 Df=-0.254 | g r=0.062 f=0.073 p=0.183(0.001) max=0.840 | Ld=-0.0012 base=-0.0131 r1=0.00679 path=0.00511 | Lg=+0.7094 | 26s
 3200 post m=8 hq=0.943 PASS | Dr=-0.194/+0.447 |Dr|max=0.556 Df=-0.214 | g r=0.043 f=0.047 p=0.212(0.001) max=1.096 | Ld=+0.0025 base=-0.00791 r1=0.00482 path=0.0056 cap=2.01e-05 | Lg=+0.7206 | 26s
 3210 post m=8 hq=0.948 PASS | Dr=+0.005/+0.820 |Dr|max=0.820 Df=-0.023 | g r=0.042 f=0.043 p=0.246(0.001) max=1.142 | Ld=-0.0079 base=-0.0153 r1=0.00419 path=0.00318 cap=1.17e-05 | Lg=+0.7446 | 26s
 3220 post m=8 hq=0.864 fail | Dr=-0.192/+0.821 |Dr|max=0.934 Df=-0.221 | g r=0.139 f=0.132 p=0.411(0.006) max=1.498 | Ld=-0.0260 base=-0.0533 r1=0.0198 path=0.00626 cap=0.00115 | Lg=+0.8154 | 26s
 3230 post m=8 hq=0.930 PASS | Dr=-0.017/+0.955 |Dr|max=0.955 Df=-0.046 | g r=0.049 f=0.051 p=0.283(0.001) max=1.050 | Ld=-0.0084 base=-0.0192 r1=0.00372 path=0.00712 | Lg=+0.7640 | 26s
 3240 post m=8 hq=0.933 PASS | Dr=+0.065/+1.347 |Dr|max=1.347 Df=+0.036 | g r=0.094 f=0.090 p=0.351(0.004) max=1.587 | Ld=-0.0190 base=-0.0419 r1=0.0105 path=0.0121 cap=0.000334 | Lg=+0.8077 | 27s
 3250 post m=8 hq=0.693 fail | Dr=+0.100/+1.515 |Dr|max=1.515 Df=+0.076 | g r=0.193 f=0.276 p=0.464(0.005) max=1.404 | Ld=+0.1615 base=-0.0437 r1=0.0145 path=0.187 cap=0.00418 | Lg=+0.8552 | 27s
 3260 post m=6 hq=0.572 fail | Dr=+0.101/+0.743 |Dr|max=0.743 Df=+0.036 | g r=0.089 f=0.218 p=0.253(0.001) max=1.028 | Ld=+0.0033 base=-0.0309 r1=0.0171 path=0.0139 cap=0.00317 | Lg=+0.7496 | 27s
 3270 post m=8 hq=0.701 fail | Dr=+0.687/+1.644 |Dr|max=1.644 Df=+0.659 | g r=0.099 f=0.175 p=0.334(0.002) max=1.421 | Ld=+0.0053 base=-0.02 r1=0.00964 path=0.0156 cap=7.02e-05 | Lg=+0.7562 | 27s
 3280 post m=8 hq=0.540 fail | Dr=+0.785/+1.701 |Dr|max=1.701 Df=+0.734 | g r=0.142 f=0.236 p=0.371(0.001) max=1.304 | Ld=+0.0002 base=-0.0435 r1=0.0265 path=0.0145 cap=0.00269 | Lg=+0.7601 | 27s
 3290 post m=8 hq=0.854 fail | Dr=+0.061/+0.805 |Dr|max=0.813 Df=+0.041 | g r=0.081 f=0.103 p=0.295(0.004) max=1.303 | Ld=-0.0092 base=-0.023 r1=0.00813 path=0.0057 | Lg=+0.7759 | 27s
 3300 post m=8 hq=0.859 fail | Dr=+0.295/+1.171 |Dr|max=1.171 Df=+0.276 | g r=0.099 f=0.106 p=0.321(0.001) max=1.264 | Ld=+0.0303 base=-0.00409 r1=0.0143 path=0.0187 cap=0.00135 | Lg=+0.7824 | 27s
 3310 post m=8 hq=0.946 PASS | Dr=+0.351/+1.446 |Dr|max=1.446 Df=+0.330 | g r=0.058 f=0.061 p=0.294(0.003) max=1.297 | Ld=-0.0182 base=-0.0282 r1=0.00444 path=0.00537 cap=0.000264 | Lg=+0.7750 | 27s
 3320 post m=8 hq=0.847 fail | Dr=+1.116/+1.697 |Dr|max=1.697 Df=+1.100 | g r=0.115 f=0.137 p=0.323(0.001) max=1.112 | Ld=+0.0508 base=-0.00762 r1=0.0309 path=0.0256 cap=0.00198 | Lg=+0.7425 | 27s
 3330 post m=8 hq=0.967 PASS | Dr=+0.191/+1.179 |Dr|max=1.179 Df=+0.173 | g r=0.053 f=0.053 p=0.250(0.001) max=1.035 | Ld=-0.0063 base=-0.0156 r1=0.00684 path=0.00246 | Lg=+0.7462 | 27s
 3340 post m=7 hq=0.668 fail | Dr=+0.042/+0.394 |Dr|max=0.555 Df=+0.028 | g r=0.096 f=0.124 p=0.238(0.001) max=0.982 | Ld=+0.0141 base=-0.0333 r1=0.0373 path=0.00664 cap=0.0034 | Lg=+0.7237 | 27s
 3350 post m=8 hq=0.753 fail | Dr=+0.325/+1.052 |Dr|max=1.052 Df=+0.301 | g r=0.091 f=0.176 p=0.323(0.003) max=1.100 | Ld=+0.0110 base=-0.0337 r1=0.0168 path=0.0279 cap=4.44e-06 | Lg=+0.7593 | 27s
 3360 post m=8 hq=0.969 PASS | Dr=+0.241/+1.103 |Dr|max=1.103 Df=+0.228 | g r=0.042 f=0.037 p=0.293(0.002) max=1.259 | Ld=-0.0175 base=-0.0286 r1=0.00438 path=0.00646 cap=0.000257 | Lg=+0.7611 | 27s
 3370 post m=8 hq=0.962 PASS | Dr=+0.308/+1.617 |Dr|max=1.617 Df=+0.290 | g r=0.053 f=0.050 p=0.327(0.003) max=1.374 | Ld=-0.0475 base=-0.0548 r1=0.00444 path=0.00229 cap=0.000556 | Lg=+0.7952 | 28s
 3380 post m=8 hq=0.969 PASS | Dr=+0.166/+1.408 |Dr|max=1.408 Df=+0.148 | g r=0.044 f=0.042 p=0.297(0.001) max=1.330 | Ld=-0.0182 base=-0.0307 r1=0.00382 path=0.00271 cap=0.00596 | Lg=+0.7859 | 28s
 3390 post m=8 hq=0.963 PASS | Dr=+0.183/+1.063 |Dr|max=1.063 Df=+0.156 | g r=0.061 f=0.063 p=0.329(0.004) max=1.094 | Ld=-0.0186 base=-0.0294 r1=0.00768 path=0.0017 cap=0.00143 | Lg=+0.7539 | 28s
 3400 post m=8 hq=0.954 PASS | Dr=+0.421/+1.278 |Dr|max=1.278 Df=+0.393 | g r=0.070 f=0.069 p=0.336(0.002) max=1.087 | Ld=-0.0235 base=-0.0313 r1=0.00508 path=0.00268 | Lg=+0.7806 | 28s
 3410 post m=8 hq=0.844 fail | Dr=+0.561/+1.550 |Dr|max=1.550 Df=+0.543 | g r=0.112 f=0.114 p=0.285(0.004) max=1.340 | Ld=+0.0060 base=-0.0114 r1=0.0101 path=0.00724 cap=0.000137 | Lg=+0.7712 | 28s
 3420 post m=8 hq=0.905 PASS | Dr=+0.452/+1.590 |Dr|max=1.590 Df=+0.436 | g r=0.068 f=0.067 p=0.262(0.004) max=1.295 | Ld=-0.0220 base=-0.0406 r1=0.00958 path=0.00894 | Lg=+0.7697 | 28s
 3430 post m=5 hq=0.400 fail | Dr=+0.693/+2.458 |Dr|max=2.458 Df=+0.695 | g r=0.519 f=0.605 p=0.706(0.007) max=2.951 | Ld=+0.0493 base=-0.0389 r1=0.0483 path=0.0319 cap=0.00808 | Lg=+0.9124 | 28s
 3440 post m=8 hq=0.806 fail | Dr=+0.729/+1.480 |Dr|max=1.480 Df=+0.711 | g r=0.089 f=0.127 p=0.326(0.001) max=1.139 | Ld=+0.0005 base=-0.0377 r1=0.0248 path=0.0132 cap=0.000327 | Lg=+0.7609 | 28s
 3450 post m=8 hq=0.724 fail | Dr=+0.714/+1.297 |Dr|max=1.297 Df=+0.691 | g r=0.143 f=0.230 p=0.352(0.006) max=1.178 | Ld=+0.0353 base=-0.0132 r1=0.0349 path=0.0129 cap=0.00063 | Lg=+0.7481 | 28s
 3460 post m=8 hq=0.796 fail | Dr=+0.730/+1.768 |Dr|max=1.768 Df=+0.698 | g r=0.118 f=0.231 p=0.395(0.002) max=1.478 | Ld=-0.0265 base=-0.0886 r1=0.0259 path=0.0338 cap=0.00235 | Lg=+0.8213 | 28s
 3470 post m=8 hq=0.928 PASS | Dr=+0.627/+1.979 |Dr|max=1.979 Df=+0.603 | g r=0.080 f=0.089 p=0.416(0.003) max=1.416 | Ld=-0.0486 base=-0.0614 r1=0.00722 path=0.00445 cap=0.00113 | Lg=+0.8345 | 28s
 3480 post m=8 hq=0.961 PASS | Dr=+0.388/+1.463 |Dr|max=1.463 Df=+0.368 | g r=0.043 f=0.042 p=0.307(0.001) max=1.070 | Ld=-0.0062 base=-0.0212 r1=0.00766 path=0.00728 cap=1.54e-05 | Lg=+0.7948 | 28s
 3490 post m=8 hq=0.937 PASS | Dr=+0.480/+1.520 |Dr|max=1.520 Df=+0.461 | g r=0.082 f=0.093 p=0.257(0.002) max=1.162 | Ld=-0.0172 base=-0.0361 r1=0.0148 path=0.00412 | Lg=+0.7585 | 28s
 3500 post m=8 hq=0.958 PASS | Dr=-0.089/+0.278 |Dr|max=0.507 Df=-0.098 | g r=0.055 f=0.060 p=0.187(0.004) max=0.633 | Ld=+0.0025 base=-0.0054 r1=0.00436 path=0.00349 | Lg=+0.7130 | 29s
 3510 post m=8 hq=0.811 fail | Dr=-0.245/+0.536 |Dr|max=0.612 Df=-0.251 | g r=0.136 f=0.132 p=0.253(0.005) max=1.082 | Ld=+0.0066 base=-0.0124 r1=0.0122 path=0.00653 cap=0.000257 | Lg=+0.7375 | 29s
 3520 post m=8 hq=0.949 PASS | Dr=+0.486/+1.873 |Dr|max=1.873 Df=+0.459 | g r=0.083 f=0.084 p=0.381(0.003) max=1.370 | Ld=-0.0510 base=-0.0633 r1=0.00732 path=0.00189 cap=0.0031 | Lg=+0.8369 | 29s
 3530 post m=8 hq=0.918 PASS | Dr=+0.690/+1.510 |Dr|max=1.510 Df=+0.674 | g r=0.088 f=0.090 p=0.257(0.003) max=1.110 | Ld=-0.0126 base=-0.0498 r1=0.026 path=0.0016 cap=0.00951 | Lg=+0.7551 | 29s
 3540 post m=7 hq=0.530 fail | Dr=+0.417/+0.833 |Dr|max=0.833 Df=+0.390 | g r=0.129 f=0.226 p=0.312(0.003) max=1.138 | Ld=+0.0390 base=-0.0277 r1=0.0254 path=0.0413 cap=6.04e-05 | Lg=+0.7308 | 29s
 3550 post m=8 hq=0.962 PASS | Dr=+0.507/+1.080 |Dr|max=1.080 Df=+0.498 | g r=0.053 f=0.052 p=0.251(0.001) max=1.044 | Ld=+0.0040 base=-0.00627 r1=0.0053 path=0.00472 cap=0.000235 | Lg=+0.7161 | 29s
 3560 post m=8 hq=0.973 PASS | Dr=+0.516/+1.581 |Dr|max=1.581 Df=+0.502 | g r=0.048 f=0.041 p=0.259(0.001) max=1.304 | Ld=-0.0167 base=-0.0296 r1=0.00389 path=0.00776 cap=0.00131 | Lg=+0.7558 | 29s
 3570 post m=8 hq=0.980 PASS | Dr=+0.418/+1.366 |Dr|max=1.366 Df=+0.405 | g r=0.051 f=0.049 p=0.239(0.002) max=1.101 | Ld=-0.0141 base=-0.0208 r1=0.00329 path=0.00346 cap=2.65e-07 | Lg=+0.7481 | 29s
 3580 post m=8 hq=0.975 PASS | Dr=+0.469/+1.056 |Dr|max=1.056 Df=+0.450 | g r=0.068 f=0.062 p=0.288(0.001) max=1.227 | Ld=+0.0049 base=-0.00824 r1=0.00352 path=0.009 cap=0.000587 | Lg=+0.7605 | 29s
 3590 post m=8 hq=0.970 PASS | Dr=+0.300/+1.554 |Dr|max=1.554 Df=+0.275 | g r=0.048 f=0.048 p=0.303(0.001) max=1.138 | Ld=-0.0087 base=-0.0178 r1=0.00565 path=0.00284 cap=0.000629 | Lg=+0.7773 | 29s
 3600 post m=8 hq=0.971 PASS | Dr=+0.370/+1.909 |Dr|max=1.909 Df=+0.337 | g r=0.060 f=0.060 p=0.394(0.002) max=1.403 | Ld=-0.0640 base=-0.0729 r1=0.0021 path=0.00384 cap=0.00299 | Lg=+0.8441 | 29s
 3610 post m=8 hq=0.937 PASS | Dr=+0.365/+1.070 |Dr|max=1.070 Df=+0.342 | g r=0.088 f=0.109 p=0.319(0.002) max=1.200 | Ld=-0.0055 base=-0.0195 r1=0.00468 path=0.0083 cap=0.001 | Lg=+0.7579 | 29s
 3620 post m=8 hq=0.959 PASS | Dr=+0.596/+1.325 |Dr|max=1.325 Df=+0.576 | g r=0.111 f=0.116 p=0.299(0.008) max=1.398 | Ld=+0.0017 base=-0.0114 r1=0.00608 path=0.00674 cap=0.000368 | Lg=+0.7434 | 29s
 3630 post m=8 hq=0.918 PASS | Dr=+0.162/+1.480 |Dr|max=1.480 Df=+0.142 | g r=0.069 f=0.061 p=0.261(0.001) max=1.275 | Ld=-0.0111 base=-0.0322 r1=0.00628 path=0.0111 cap=0.00371 | Lg=+0.7840 | 30s
 3640 post m=5 hq=0.230 fail | Dr=+0.811/+1.946 |Dr|max=1.946 Df=+0.826 | g r=0.398 f=0.573 p=0.697(0.009) max=3.147 | Ld=+0.0683 base=-0.0287 r1=0.0428 path=0.0538 cap=0.000321 | Lg=+0.8128 | 30s
 3650 post m=8 hq=0.967 PASS | Dr=+0.107/+1.298 |Dr|max=1.298 Df=+0.088 | g r=0.057 f=0.055 p=0.261(0.002) max=1.366 | Ld=-0.0107 base=-0.0275 r1=0.00699 path=0.00758 cap=0.00215 | Lg=+0.7642 | 30s
 3660 post m=8 hq=0.976 PASS | Dr=+0.154/+1.254 |Dr|max=1.254 Df=+0.131 | g r=0.046 f=0.045 p=0.281(0.003) max=1.309 | Ld=-0.0216 base=-0.0274 r1=0.00334 path=0.00237 cap=2.17e-05 | Lg=+0.7851 | 30s
 3670 post m=8 hq=0.959 PASS | Dr=+0.237/+1.467 |Dr|max=1.467 Df=+0.214 | g r=0.063 f=0.068 p=0.289(0.001) max=1.209 | Ld=+0.0026 base=-0.0197 r1=0.00541 path=0.015 cap=0.00191 | Lg=+0.7711 | 30s
 3680 post m=8 hq=0.968 PASS | Dr=+0.248/+1.206 |Dr|max=1.206 Df=+0.220 | g r=0.066 f=0.078 p=0.361(0.002) max=1.273 | Ld=-0.0231 base=-0.03 r1=0.00352 path=0.00268 cap=0.000733 | Lg=+0.7972 | 30s
 3690 post m=8 hq=0.948 PASS | Dr=+0.377/+1.384 |Dr|max=1.384 Df=+0.351 | g r=0.089 f=0.093 p=0.426(0.004) max=1.731 | Ld=-0.0363 base=-0.0448 r1=0.00559 path=0.0029 cap=7.95e-05 | Lg=+0.8162 | 30s
 3700 post m=8 hq=0.963 PASS | Dr=-0.171/+0.651 |Dr|max=0.673 Df=-0.187 | g r=0.053 f=0.054 p=0.237(0.003) max=0.857 | Ld=-0.0062 base=-0.0194 r1=0.00769 path=0.00545 | Lg=+0.7438 | 30s
 3710 post m=8 hq=0.970 PASS | Dr=+0.220/+1.382 |Dr|max=1.382 Df=+0.201 | g r=0.089 f=0.088 p=0.280(0.003) max=1.204 | Ld=-0.0464 base=-0.0808 r1=0.00781 path=0.00823 cap=0.0184 | Lg=+0.7823 | 30s
 3720 post m=8 hq=0.968 PASS | Dr=+0.434/+1.734 |Dr|max=1.734 Df=+0.409 | g r=0.074 f=0.073 p=0.349(0.002) max=1.334 | Ld=-0.0011 base=-0.0386 r1=0.0151 path=0.021 cap=0.00134 | Lg=+0.8028 | 30s
 3730 post m=8 hq=0.922 PASS | Dr=+0.019/+0.623 |Dr|max=0.623 Df=+0.009 | g r=0.108 f=0.114 p=0.259(0.002) max=0.991 | Ld=+0.0054 base=-0.0283 r1=0.0254 path=0.00796 cap=0.000307 | Lg=+0.7416 | 30s
 3740 post m=8 hq=0.979 PASS | Dr=+0.306/+1.084 |Dr|max=1.084 Df=+0.292 | g r=0.053 f=0.053 p=0.228(0.002) max=0.852 | Ld=+0.0175 base=0.0016 r1=0.00361 path=0.0103 cap=0.00201 | Lg=+0.7252 | 30s
 3750 post m=8 hq=0.952 PASS | Dr=+0.354/+0.972 |Dr|max=0.972 Df=+0.339 | g r=0.094 f=0.098 p=0.265(0.004) max=1.025 | Ld=+0.0109 base=-0.0235 r1=0.0168 path=0.0161 cap=0.0016 | Lg=+0.7468 | 31s
 3760 post m=8 hq=0.752 fail | Dr=+0.016/+0.785 |Dr|max=0.785 Df=-0.008 | g r=0.072 f=0.109 p=0.271(0.001) max=0.972 | Ld=-0.0109 base=-0.0418 r1=0.00889 path=0.022 | Lg=+0.7396 | 31s
 3770 post m=8 hq=0.949 PASS | Dr=+0.096/+1.514 |Dr|max=1.514 Df=+0.079 | g r=0.073 f=0.077 p=0.308(0.002) max=1.515 | Ld=-0.0284 base=-0.0448 r1=0.0068 path=0.00721 cap=0.00238 | Lg=+0.8036 | 31s
 3780 post m=8 hq=0.963 PASS | Dr=+0.132/+1.115 |Dr|max=1.115 Df=+0.106 | g r=0.053 f=0.053 p=0.327(0.002) max=1.213 | Ld=-0.0235 base=-0.034 r1=0.00328 path=0.00709 cap=8.82e-05 | Lg=+0.7558 | 31s
 3790 post m=8 hq=0.972 PASS | Dr=+0.194/+1.375 |Dr|max=1.375 Df=+0.162 | g r=0.098 f=0.104 p=0.382(0.002) max=1.477 | Ld=-0.0196 base=-0.0314 r1=0.00787 path=0.00342 cap=0.000543 | Lg=+0.8068 | 31s
 3800 post m=8 hq=0.941 PASS | Dr=+0.467/+1.365 |Dr|max=1.365 Df=+0.450 | g r=0.070 f=0.064 p=0.279(0.002) max=1.151 | Ld=-0.0233 base=-0.0469 r1=0.00581 path=0.0101 cap=0.00771 | Lg=+0.7583 | 31s
 3810 post m=8 hq=0.946 PASS | Dr=+0.343/+1.423 |Dr|max=1.423 Df=+0.316 | g r=0.061 f=0.056 p=0.329(0.001) max=1.195 | Ld=-0.0129 base=-0.0343 r1=0.00377 path=0.0167 cap=0.000898 | Lg=+0.7804 | 31s
 3820 post m=8 hq=0.950 PASS | Dr=+0.049/+1.220 |Dr|max=1.220 Df=+0.024 | g r=0.089 f=0.098 p=0.373(0.002) max=1.201 | Ld=-0.0106 base=-0.0198 r1=0.00525 path=0.00328 cap=0.000668 | Lg=+0.8002 | 31s
 3830 post m=8 hq=0.956 PASS | Dr=+0.294/+1.041 |Dr|max=1.041 Df=+0.269 | g r=0.053 f=0.062 p=0.325(0.001) max=1.080 | Ld=+0.0090 base=-0.011 r1=0.00535 path=0.0146 cap=6.8e-05 | Lg=+0.7615 | 31s
 3840 post m=8 hq=0.898 fail | Dr=-0.306/+0.479 |Dr|max=0.968 Df=-0.322 | g r=0.111 f=0.106 p=0.289(0.002) max=1.121 | Ld=+0.0272 base=0.000727 r1=0.0165 path=0.00963 cap=0.000391 | Lg=+0.7661 | 31s
 3850 post m=8 hq=0.958 PASS | Dr=+0.227/+1.264 |Dr|max=1.264 Df=+0.210 | g r=0.051 f=0.055 p=0.256(0.000) max=1.136 | Ld=+0.0058 base=-0.00785 r1=0.00596 path=0.00771 cap=1.64e-05 | Lg=+0.7592 | 31s
 3860 post m=8 hq=0.944 PASS | Dr=+0.203/+0.882 |Dr|max=0.882 Df=+0.193 | g r=0.064 f=0.061 p=0.225(0.001) max=0.881 | Ld=+0.0002 base=-0.0262 r1=0.0103 path=0.0129 cap=0.00316 | Lg=+0.7386 | 31s
 3870 post m=8 hq=0.955 PASS | Dr=+0.298/+1.600 |Dr|max=1.600 Df=+0.269 | g r=0.090 f=0.104 p=0.408(0.004) max=1.383 | Ld=-0.0339 base=-0.0492 r1=0.00499 path=0.00826 cap=0.00205 | Lg=+0.8377 | 31s
 3880 post m=8 hq=0.953 PASS | Dr=+0.432/+1.524 |Dr|max=1.524 Df=+0.419 | g r=0.098 f=0.096 p=0.275(0.000) max=1.247 | Ld=-0.0026 base=-0.0179 r1=0.0102 path=0.00382 cap=0.00124 | Lg=+0.7648 | 32s
 3890 post m=8 hq=0.949 PASS | Dr=+0.255/+0.760 |Dr|max=0.760 Df=+0.236 | g r=0.049 f=0.052 p=0.257(0.003) max=1.337 | Ld=-0.0056 base=-0.0121 r1=0.00252 path=0.00371 cap=0.000232 | Lg=+0.7435 | 32s
 3900 post m=8 hq=0.855 fail | Dr=+0.034/+0.703 |Dr|max=0.713 Df=+0.018 | g r=0.073 f=0.069 p=0.263(0.003) max=0.961 | Ld=+0.0094 base=-0.00504 r1=0.00521 path=0.00891 cap=0.000314 | Lg=+0.7678 | 32s
 3910 post m=8 hq=0.964 PASS | Dr=+0.261/+1.714 |Dr|max=1.714 Df=+0.243 | g r=0.064 f=0.063 p=0.295(0.000) max=1.471 | Ld=-0.0344 base=-0.0448 r1=0.00422 path=0.00526 cap=0.000943 | Lg=+0.7980 | 32s
 3920 post m=8 hq=0.950 PASS | Dr=+0.152/+1.185 |Dr|max=1.185 Df=+0.131 | g r=0.083 f=0.086 p=0.349(0.003) max=1.341 | Ld=+0.0063 base=-0.00665 r1=0.00349 path=0.0092 cap=0.000275 | Lg=+0.7741 | 32s
 3930 post m=8 hq=0.894 fail | Dr=+0.185/+1.820 |Dr|max=1.820 Df=+0.170 | g r=0.059 f=0.076 p=0.306(0.002) max=1.430 | Ld=-0.0126 base=-0.0331 r1=0.0094 path=0.0109 cap=0.000246 | Lg=+0.8033 | 32s
 3940 post m=8 hq=0.944 PASS | Dr=+0.116/+0.822 |Dr|max=0.822 Df=+0.100 | g r=0.052 f=0.049 p=0.195(0.001) max=0.986 | Ld=-0.0032 base=-0.0127 r1=0.00539 path=0.00418 | Lg=+0.7215 | 32s
 3950 post m=8 hq=0.954 PASS | Dr=+0.050/+0.788 |Dr|max=0.788 Df=+0.043 | g r=0.048 f=0.053 p=0.143(0.001) max=0.682 | Ld=+0.0068 base=-0.00262 r1=0.00427 path=0.00519 | Lg=+0.7221 | 32s
 3960 post m=8 hq=0.899 fail | Dr=-0.181/+0.730 |Dr|max=0.730 Df=-0.199 | g r=0.080 f=0.104 p=0.273(0.002) max=1.065 | Ld=-0.0079 base=-0.0309 r1=0.0207 path=0.00222 cap=3.09e-05 | Lg=+0.7500 | 32s
 3970 post m=8 hq=0.963 PASS | Dr=+0.349/+1.089 |Dr|max=1.089 Df=+0.331 | g r=0.041 f=0.039 p=0.190(0.001) max=0.830 | Ld=-0.0005 base=-0.00998 r1=0.00496 path=0.00448 | Lg=+0.7280 | 32s
 3980 post m=8 hq=0.956 PASS | Dr=+0.288/+1.050 |Dr|max=1.050 Df=+0.271 | g r=0.077 f=0.068 p=0.259(0.000) max=1.054 | Ld=+0.0058 base=-0.0106 r1=0.0134 path=0.00124 cap=0.00176 | Lg=+0.7390 | 32s
 3990 post m=3 hq=0.224 fail | Dr=+0.164/+0.955 |Dr|max=0.955 Df=+0.082 | g r=0.142 f=0.400 p=0.377(0.003) max=1.217 | Ld=+0.0002 base=-0.0431 r1=0.0309 path=0.0124 | Lg=+0.7883 | 32s
 4000 post m=7 hq=0.582 fail | Dr=+0.308/+0.898 |Dr|max=0.898 Df=+0.289 | g r=0.110 f=0.200 p=0.220(0.002) max=1.330 | Ld=+0.4125 base=-0.0452 r1=0.0312 path=0.41 cap=0.0167 | Lg=+0.7660 | 33s
 4010 post m=8 hq=0.948 PASS | Dr=+0.367/+1.048 |Dr|max=1.048 Df=+0.353 | g r=0.048 f=0.047 p=0.237(0.001) max=1.311 | Ld=-0.0160 base=-0.0251 r1=0.00399 path=0.00445 cap=0.000672 | Lg=+0.7352 | 33s
 4020 post m=8 hq=0.959 PASS | Dr=+0.340/+1.096 |Dr|max=1.096 Df=+0.322 | g r=0.049 f=0.049 p=0.225(0.001) max=1.155 | Ld=+0.0010 base=-0.00914 r1=0.00405 path=0.00577 cap=0.000366 | Lg=+0.7329 | 33s
 4030 post m=8 hq=0.966 PASS | Dr=+0.237/+1.294 |Dr|max=1.294 Df=+0.219 | g r=0.041 f=0.041 p=0.223(0.001) max=1.202 | Ld=-0.0184 base=-0.025 r1=0.00348 path=0.00305 cap=2.21e-06 | Lg=+0.7537 | 33s
 4040 post m=8 hq=0.935 PASS | Dr=+0.269/+1.403 |Dr|max=1.403 Df=+0.251 | g r=0.090 f=0.092 p=0.305(0.002) max=1.040 | Ld=-0.0346 base=-0.0551 r1=0.00362 path=0.00354 cap=0.0134 | Lg=+0.7858 | 33s
 4050 post m=8 hq=0.657 fail | Dr=+0.397/+0.778 |Dr|max=0.778 Df=+0.372 | g r=0.111 f=0.213 p=0.357(0.001) max=1.196 | Ld=+0.0474 base=-0.00319 r1=0.0147 path=0.0358 | Lg=+0.7444 | 33s
 4060 post m=5 hq=0.187 fail | Dr=+0.322/+1.122 |Dr|max=1.122 Df=+0.237 | g r=0.156 f=0.311 p=0.376(0.003) max=1.386 | Ld=+0.2939 base=-0.0613 r1=0.0355 path=0.318 cap=0.0017 | Lg=+0.7784 | 33s
 4070 post m=5 hq=0.055 fail | Dr=+0.334/+0.904 |Dr|max=0.904 Df=+0.181 | g r=0.229 f=0.572 p=0.579(0.011) max=1.521 | Ld=+0.1846 base=-0.202 r1=0.0912 path=0.275 cap=0.0201 | Lg=+0.8472 | 33s
 4080 post m=6 hq=0.186 fail | Dr=+0.162/+0.520 |Dr|max=0.520 Df=-0.020 | g r=0.193 f=0.458 p=0.519(0.003) max=1.318 | Ld=-0.0319 base=-0.122 r1=0.0471 path=0.041 cap=0.00217 | Lg=+0.7882 | 33s
 4090 post m=5 hq=0.099 fail | Dr=+0.319/+0.583 |Dr|max=0.583 Df=+0.155 | g r=0.167 f=0.513 p=0.497(0.004) max=1.607 | Ld=-0.0863 base=-0.152 r1=0.0543 path=0.0112 cap=0.000481 | Lg=+0.7867 | 33s
 4100 post m=6 hq=0.160 fail | Dr=+0.302/+0.634 |Dr|max=0.634 Df=+0.134 | g r=0.128 f=0.421 p=0.389(0.002) max=1.373 | Ld=-0.0391 base=-0.0673 r1=0.0169 path=0.0114 cap=8.74e-07 | Lg=+0.7603 | 33s
 4110 post m=8 hq=0.766 fail | Dr=+0.142/+0.548 |Dr|max=0.548 Df=+0.121 | g r=0.094 f=0.152 p=0.266(0.001) max=0.876 | Ld=+0.0229 base=-0.0157 r1=0.0296 path=0.00904 | Lg=+0.7191 | 33s
 4120 post m=8 hq=0.333 fail | Dr=+0.397/+0.694 |Dr|max=0.694 Df=+0.338 | g r=0.138 f=0.336 p=0.284(0.002) max=0.985 | Ld=+0.1820 base=-0.0296 r1=0.0569 path=0.149 cap=0.00548 | Lg=+0.7486 | 33s
 4130 post m=8 hq=0.630 fail | Dr=+0.189/+0.504 |Dr|max=0.504 Df=+0.165 | g r=0.156 f=0.269 p=0.304(0.004) max=0.983 | Ld=-0.0452 base=-0.133 r1=0.0585 path=0.0037 cap=0.0253 | Lg=+0.7457 | 34s
 4140 post m=5 hq=0.365 fail | Dr=+0.281/+1.064 |Dr|max=1.064 Df=+0.194 | g r=0.142 f=0.333 p=0.395(0.005) max=1.354 | Ld=-0.0328 base=-0.0556 r1=0.0117 path=0.0109 cap=0.000245 | Lg=+0.7777 | 34s
 4150 post m=8 hq=0.930 PASS | Dr=+0.376/+1.079 |Dr|max=1.079 Df=+0.361 | g r=0.061 f=0.073 p=0.251(0.002) max=1.065 | Ld=-0.0089 base=-0.0171 r1=0.00446 path=0.0038 | Lg=+0.7222 | 34s
 4160 post m=8 hq=0.937 PASS | Dr=+0.474/+1.139 |Dr|max=1.139 Df=+0.456 | g r=0.070 f=0.074 p=0.272(0.001) max=1.032 | Ld=+0.0000 base=-0.0119 r1=0.00717 path=0.00441 cap=0.000308 | Lg=+0.7250 | 34s
 4170 post m=5 hq=0.370 fail | Dr=+0.981/+1.456 |Dr|max=1.456 Df=+0.872 | g r=0.159 f=0.273 p=0.355(0.007) max=1.409 | Ld=+0.7304 base=-0.0542 r1=0.0588 path=0.678 cap=0.0476 | Lg=+0.8246 | 34s
 4180 post m=8 hq=0.875 fail | Dr=+0.901/+1.352 |Dr|max=1.352 Df=+0.889 | g r=0.085 f=0.126 p=0.245(0.001) max=0.818 | Ld=+0.0068 base=-0.0106 r1=0.0111 path=0.00629 | Lg=+0.7111 | 34s
 4190 post m=8 hq=0.920 PASS | Dr=+0.894/+1.766 |Dr|max=1.766 Df=+0.885 | g r=0.084 f=0.089 p=0.273(0.004) max=1.125 | Ld=-0.0098 base=-0.024 r1=0.00712 path=0.00703 | Lg=+0.7345 | 34s
 4200 post m=8 hq=0.957 PASS | Dr=+0.681/+1.231 |Dr|max=1.231 Df=+0.667 | g r=0.064 f=0.065 p=0.277(0.001) max=1.026 | Ld=-0.0034 base=-0.0115 r1=0.00517 path=0.00289 cap=8.86e-06 | Lg=+0.7297 | 34s
 4210 post m=8 hq=0.952 PASS | Dr=+0.756/+1.662 |Dr|max=1.662 Df=+0.743 | g r=0.068 f=0.068 p=0.304(0.000) max=1.227 | Ld=-0.0164 base=-0.0255 r1=0.00521 path=0.00361 cap=0.000368 | Lg=+0.7504 | 34s
 4220 post m=8 hq=0.957 PASS | Dr=+0.643/+2.114 |Dr|max=2.114 Df=+0.631 | g r=0.066 f=0.058 p=0.335(0.001) max=1.525 | Ld=-0.0266 base=-0.0327 r1=0.00286 path=0.00324 | Lg=+0.8045 | 34s
 4230 post m=8 hq=0.871 fail | Dr=+0.208/+1.045 |Dr|max=1.045 Df=+0.199 | g r=0.131 f=0.147 p=0.279(0.003) max=1.299 | Ld=+0.0021 base=-0.0169 r1=0.0136 path=0.00395 cap=0.00137 | Lg=+0.7396 | 34s
 4240 post m=8 hq=0.970 PASS | Dr=+0.217/+0.460 |Dr|max=0.460 Df=+0.208 | g r=0.050 f=0.046 p=0.186(0.001) max=0.806 | Ld=-0.0009 base=-0.00577 r1=0.00185 path=0.00306 | Lg=+0.7175 | 34s
 4250 post m=8 hq=0.976 PASS | Dr=+0.281/+0.523 |Dr|max=0.523 Df=+0.275 | g r=0.058 f=0.057 p=0.169(0.002) max=0.648 | Ld=+0.0213 base=0.0103 r1=0.00594 path=0.00484 cap=0.000281 | Lg=+0.7120 | 35s
 4260 post m=8 hq=0.976 PASS | Dr=+0.475/+0.944 |Dr|max=0.944 Df=+0.462 | g r=0.075 f=0.079 p=0.235(0.002) max=0.868 | Ld=-0.0014 base=-0.0104 r1=0.00589 path=0.00307 | Lg=+0.7184 | 35s
 4270 post m=8 hq=0.921 PASS | Dr=+0.398/+0.712 |Dr|max=0.712 Df=+0.392 | g r=0.068 f=0.068 p=0.160(0.002) max=0.710 | Ld=+0.0162 base=-0.000589 r1=0.0101 path=0.00668 | Lg=+0.7128 | 35s
 4280 post m=8 hq=0.980 PASS | Dr=+0.481/+1.451 |Dr|max=1.451 Df=+0.473 | g r=0.042 f=0.043 p=0.219(0.001) max=1.017 | Ld=-0.0093 base=-0.0157 r1=0.0021 path=0.00427 | Lg=+0.7492 | 35s
 4290 post m=8 hq=0.982 PASS | Dr=+0.318/+1.117 |Dr|max=1.117 Df=+0.303 | g r=0.046 f=0.046 p=0.219(0.002) max=1.080 | Ld=+0.0135 base=0.00698 r1=0.00371 path=0.00283 cap=2.33e-05 | Lg=+0.7281 | 35s
 4300 post m=8 hq=0.957 PASS | Dr=+0.332/+2.056 |Dr|max=2.056 Df=+0.325 | g r=0.143 f=0.135 p=0.422(0.002) max=1.669 | Ld=-0.0224 base=-0.0429 r1=0.0114 path=0.00882 cap=0.000194 | Lg=+0.8584 | 35s
 4310 post m=8 hq=0.942 PASS | Dr=+0.057/+0.631 |Dr|max=0.631 Df=+0.050 | g r=0.048 f=0.045 p=0.145(0.001) max=0.699 | Ld=+0.0209 base=-0.00475 r1=0.0186 path=0.00712 | Lg=+0.7143 | 35s
 4320 post m=8 hq=0.965 PASS | Dr=+0.602/+1.455 |Dr|max=1.455 Df=+0.600 | g r=0.061 f=0.066 p=0.261(0.001) max=1.155 | Ld=-0.0118 base=-0.023 r1=0.00175 path=0.00949 | Lg=+0.7597 | 35s
 4330 post m=7 hq=0.640 fail | Dr=+0.667/+1.837 |Dr|max=1.837 Df=+0.666 | g r=0.154 f=0.109 p=0.303(0.003) max=1.264 | Ld=-0.0040 base=-0.0258 r1=0.013 path=0.00884 cap=1.7e-05 | Lg=+0.7595 | 35s
 4340 post m=8 hq=0.973 PASS | Dr=+0.276/+0.623 |Dr|max=0.623 Df=+0.267 | g r=0.037 f=0.036 p=0.156(0.001) max=0.648 | Ld=+0.0083 base=-0.0144 r1=0.00112 path=0.0216 | Lg=+0.7170 | 36s
 4350 post m=8 hq=0.944 PASS | Dr=+0.363/+1.819 |Dr|max=1.819 Df=+0.357 | g r=0.071 f=0.065 p=0.337(0.001) max=1.656 | Ld=-0.0290 base=-0.0446 r1=0.00567 path=0.00981 cap=0.000182 | Lg=+0.8383 | 36s
 4360 post m=8 hq=0.928 PASS | Dr=+0.310/+1.231 |Dr|max=1.231 Df=+0.305 | g r=0.066 f=0.056 p=0.241(0.002) max=1.253 | Ld=-0.0090 base=-0.0181 r1=0.00223 path=0.00685 | Lg=+0.7792 | 36s
 4370 post m=8 hq=0.974 PASS | Dr=+0.309/+1.175 |Dr|max=1.175 Df=+0.300 | g r=0.044 f=0.048 p=0.198(0.002) max=0.857 | Ld=+0.0030 base=-0.0112 r1=0.00368 path=0.0105 | Lg=+0.7282 | 36s
 4380 post m=8 hq=0.956 PASS | Dr=+0.658/+1.964 |Dr|max=1.964 Df=+0.655 | g r=0.125 f=0.129 p=0.255(0.004) max=1.022 | Ld=-0.0041 base=-0.0253 r1=0.0124 path=0.00872 | Lg=+0.7757 | 36s
 4390 post m=8 hq=0.981 PASS | Dr=+0.379/+1.132 |Dr|max=1.132 Df=+0.374 | g r=0.031 f=0.029 p=0.170(0.002) max=0.753 | Ld=-0.0040 base=-0.0118 r1=0.00254 path=0.00529 | Lg=+0.7248 | 36s
 4400 post m=8 hq=0.985 PASS | Dr=+0.534/+1.723 |Dr|max=1.723 Df=+0.524 | g r=0.063 f=0.061 p=0.274(0.002) max=1.168 | Ld=-0.0173 base=-0.0214 r1=0.00271 path=0.00138 | Lg=+0.7734 | 36s
 4410 post m=8 hq=0.959 PASS | Dr=+0.512/+1.370 |Dr|max=1.370 Df=+0.497 | g r=0.072 f=0.074 p=0.312(0.000) max=1.517 | Ld=-0.0164 base=-0.0219 r1=0.00232 path=0.00312 | Lg=+0.7738 | 36s
 4420 post m=8 hq=0.898 fail | Dr=+0.302/+1.670 |Dr|max=1.670 Df=+0.296 | g r=0.089 f=0.089 p=0.280(0.003) max=1.127 | Ld=-0.0072 base=-0.0266 r1=0.0109 path=0.00849 | Lg=+0.7883 | 36s
 4430 post m=8 hq=0.966 PASS | Dr=+0.403/+2.066 |Dr|max=2.066 Df=+0.391 | g r=0.049 f=0.053 p=0.378(0.002) max=1.469 | Ld=-0.0367 base=-0.0441 r1=0.00194 path=0.00534 cap=9.3e-05 | Lg=+0.8331 | 36s
 4440 post m=8 hq=0.965 PASS | Dr=+0.451/+1.840 |Dr|max=1.840 Df=+0.432 | g r=0.071 f=0.078 p=0.345(0.001) max=1.382 | Ld=-0.0358 base=-0.0466 r1=0.00445 path=0.00631 cap=9.27e-07 | Lg=+0.8055 | 36s
 4450 post m=8 hq=0.960 PASS | Dr=+0.011/+0.883 |Dr|max=0.883 Df=+0.003 | g r=0.085 f=0.082 p=0.246(0.001) max=1.100 | Ld=-0.0009 base=-0.01 r1=0.00622 path=0.00291 | Lg=+0.7606 | 37s
 4460 post m=8 hq=0.978 PASS | Dr=+0.496/+1.526 |Dr|max=1.526 Df=+0.481 | g r=0.039 f=0.039 p=0.273(0.001) max=1.221 | Ld=-0.0028 base=-0.00967 r1=0.00211 path=0.00478 | Lg=+0.7552 | 37s
 4470 post m=8 hq=0.954 PASS | Dr=+0.372/+1.375 |Dr|max=1.375 Df=+0.366 | g r=0.075 f=0.072 p=0.238(0.002) max=0.866 | Ld=-0.0131 base=-0.0264 r1=0.00496 path=0.0053 cap=0.00304 | Lg=+0.7461 | 37s
 4480 post m=8 hq=0.889 fail | Dr=+0.289/+1.218 |Dr|max=1.218 Df=+0.280 | g r=0.075 f=0.063 p=0.303(0.000) max=1.210 | Ld=-0.0028 base=-0.00934 r1=0.00472 path=0.00187 cap=2.07e-07 | Lg=+0.7848 | 37s
 4490 post m=8 hq=0.555 fail | Dr=+0.306/+0.912 |Dr|max=0.912 Df=+0.341 | g r=0.314 f=0.268 p=0.309(0.004) max=0.932 | Ld=+0.0098 base=-0.00516 r1=0.00264 path=0.0123 | Lg=+0.7347 | 37s
 4500 post m=8 hq=0.450 fail | Dr=+0.400/+0.749 |Dr|max=0.749 Df=+0.375 | g r=0.118 f=0.148 p=0.222(0.005) max=0.571 | Ld=+0.0117 base=-0.0397 r1=0.019 path=0.0324 | Lg=+0.7259 | 37s
 4510 post m=8 hq=0.927 PASS | Dr=+0.384/+1.045 |Dr|max=1.045 Df=+0.374 | g r=0.061 f=0.064 p=0.227(0.003) max=0.906 | Ld=-0.0053 base=-0.0153 r1=0.0049 path=0.00506 | Lg=+0.7289 | 37s
 4520 post m=8 hq=0.962 PASS | Dr=+0.396/+1.179 |Dr|max=1.179 Df=+0.386 | g r=0.044 f=0.042 p=0.224(0.001) max=0.978 | Ld=+0.0067 base=-0.00221 r1=0.00285 path=0.00596 cap=0.000104 | Lg=+0.7326 | 37s
 4530 post m=8 hq=0.964 PASS | Dr=+0.358/+1.260 |Dr|max=1.260 Df=+0.347 | g r=0.090 f=0.087 p=0.279(0.004) max=1.181 | Ld=-0.0076 base=-0.0147 r1=0.00497 path=0.000791 cap=0.00138 | Lg=+0.7391 | 37s
 4540 post m=8 hq=0.967 PASS | Dr=+0.439/+1.334 |Dr|max=1.334 Df=+0.425 | g r=0.054 f=0.055 p=0.280(0.001) max=1.069 | Ld=-0.0056 base=-0.013 r1=0.00507 path=0.00235 cap=2.68e-05 | Lg=+0.7456 | 37s
 4550 post m=8 hq=0.968 PASS | Dr=+0.424/+1.315 |Dr|max=1.315 Df=+0.408 | g r=0.046 f=0.045 p=0.292(0.001) max=1.355 | Ld=-0.0067 base=-0.0162 r1=0.00486 path=0.00451 cap=4.25e-05 | Lg=+0.7615 | 37s
 4560 post m=8 hq=0.969 PASS | Dr=+0.440/+1.159 |Dr|max=1.159 Df=+0.431 | g r=0.051 f=0.050 p=0.266(0.001) max=1.020 | Ld=+0.0113 base=0.00432 r1=0.00476 path=0.00218 cap=2.31e-08 | Lg=+0.7392 | 37s
 4570 post m=8 hq=0.974 PASS | Dr=+0.415/+1.165 |Dr|max=1.165 Df=+0.407 | g r=0.036 f=0.037 p=0.200(0.003) max=0.806 | Ld=-0.0121 base=-0.0174 r1=0.00197 path=0.00331 | Lg=+0.7359 | 38s
 4580 post m=8 hq=0.962 PASS | Dr=+0.625/+2.092 |Dr|max=2.092 Df=+0.615 | g r=0.074 f=0.075 p=0.330(0.002) max=1.338 | Ld=-0.0153 base=-0.0275 r1=0.00844 path=0.00211 cap=0.00174 | Lg=+0.8340 | 38s
 4590 post m=8 hq=0.950 PASS | Dr=+0.316/+0.881 |Dr|max=0.881 Df=+0.304 | g r=0.062 f=0.067 p=0.255(0.003) max=1.230 | Ld=-0.0139 base=-0.0205 r1=0.00192 path=0.00468 | Lg=+0.7480 | 38s
 4600 post m=8 hq=0.961 PASS | Dr=+0.425/+0.822 |Dr|max=0.822 Df=+0.413 | g r=0.040 f=0.040 p=0.201(0.003) max=0.835 | Ld=+0.0028 base=-0.00806 r1=0.00802 path=0.00281 cap=1.9e-07 | Lg=+0.7277 | 38s
# COMPLETE 4600 updates in 38s; prehold 49/120; arrival=140
