{"event": "DECLARED", "phase": "warm", "method": "reachstall_post_g125", "seed": 0, "host": "neural", "torch": "2.14.0+cpu", "cpu": "AVX2", "cpu_env": {"ATEN_CPU_CAPABILITY": "avx2", "MKL_ENABLE_INSTRUCTIONS": "AVX2", "ONEDNN_MAX_CPU_ISA": "AVX2", "DNNL_MAX_CPU_ISA": "AVX2"}, "shared_gate_eligible": false, "purity": "GAN dynamics only: no coverage, likelihood, anchor, assignment or clip ladder"}
{"event": "VARIANT_START", "variant": "identity"}
{"event": "VARIANT_START", "variant": "reachstall_post_g125"}
{"event": "G_BOUND", "update": 1001, "armed": true, "g_bound_before": 0.25, "g_bound_after": 0.125, "post_arm_fires": 1}
{"event": "G_BOUND", "update": 1002, "armed": true, "g_bound_before": 0.25, "g_bound_after": 0.125, "post_arm_fires": 2}
{"event": "G_BOUND", "update": 1003, "armed": true, "g_bound_before": 0.25, "g_bound_after": 0.125, "post_arm_fires": 3}
{"event": "G_BOUND", "update": 1004, "armed": true, "g_bound_before": 0.25, "g_bound_after": 0.125, "post_arm_fires": 4}
{"event": "G_BOUND", "update": 1005, "armed": true, "g_bound_before": 0.25, "g_bound_after": 0.125, "post_arm_fires": 5}
{"event": "G_BOUND", "update": 1006, "armed": true, "g_bound_before": 0.25, "g_bound_after": 0.125, "post_arm_fires": 6}
{"event": "G_BOUND", "update": 1007, "armed": true, "g_bound_before": 0.25, "g_bound_after": 0.125, "post_arm_fires": 7}
{"event": "G_BOUND", "update": 1008, "armed": true, "g_bound_before": 0.25, "g_bound_after": 0.125, "post_arm_fires": 8}
{"event": "G_BOUND", "update": 1009, "armed": true, "g_bound_before": 0.25, "g_bound_after": 0.125, "post_arm_fires": 9}
{"event": "G_BOUND", "update": 1010, "armed": true, "g_bound_before": 0.25, "g_bound_after": 0.125, "post_arm_fires": 10}
{"event": "G_BOUND", "update": 1011, "armed": true, "g_bound_before": 0.25, "g_bound_after": 0.125, "post_arm_fires": 11}
{"event": "G_BOUND", "update": 1012, "armed": true, "g_bound_before": 0.25, "g_bound_after": 0.125, "post_arm_fires": 12}
{"event": "G_BOUND", "update": 1013, "armed": true, "g_bound_before": 0.25, "g_bound_after": 0.125, "post_arm_fires": 13}
{"event": "G_BOUND", "update": 1014, "armed": true, "g_bound_before": 0.25, "g_bound_after": 0.125, "post_arm_fires": 14}
{"event": "G_BOUND", "update": 1015, "armed": true, "g_bound_before": 0.25, "g_bound_after": 0.125, "post_arm_fires": 15}
{"event": "G_BOUND", "update": 1016, "armed": true, "g_bound_before": 0.25, "g_bound_after": 0.125, "post_arm_fires": 16}
{"event": "G_BOUND", "update": 1017, "armed": true, "g_bound_before": 0.25, "g_bound_after": 0.125, "post_arm_fires": 17}
{"event": "G_BOUND", "update": 1018, "armed": true, "g_bound_before": 0.25, "g_bound_after": 0.125, "post_arm_fires": 18}
{"event": "G_BOUND", "update": 1019, "armed": true, "g_bound_before": 0.25, "g_bound_after": 0.125, "post_arm_fires": 19}
{"event": "G_BOUND", "update": 1020, "armed": true, "g_bound_before": 0.25, "g_bound_after": 0.125, "post_arm_fires": 20}
{"event": "G_BOUND", "update": 1021, "armed": true, "g_bound_before": 0.25, "g_bound_after": 0.125, "post_arm_fires": 21}
{"event": "G_BOUND", "update": 1022, "armed": true, "g_bound_before": 0.25, "g_bound_after": 0.125, "post_arm_fires": 22}
{"event": "G_BOUND", "update": 1023, "armed": true, "g_bound_before": 0.25, "g_bound_after": 0.125, "post_arm_fires": 23}
{"event": "G_BOUND", "update": 1024, "armed": true, "g_bound_before": 0.25, "g_bound_after": 0.125, "post_arm_fires": 24}
{"event": "G_BOUND", "update": 1025, "armed": true, "g_bound_before": 0.25, "g_bound_after": 0.125, "post_arm_fires": 25}
{"event": "G_BOUND", "update": 1026, "armed": true, "g_bound_before": 0.25, "g_bound_after": 0.125, "post_arm_fires": 26}
{"event": "G_BOUND", "update": 1027, "armed": true, "g_bound_before": 0.25, "g_bound_after": 0.125, "post_arm_fires": 27}
{"event": "G_BOUND", "update": 1028, "armed": true, "g_bound_before": 0.25, "g_bound_after": 0.125, "post_arm_fires": 28}
{"event": "G_BOUND", "update": 1029, "armed": true, "g_bound_before": 0.25, "g_bound_after": 0.125, "post_arm_fires": 29}
{"event": "G_BOUND", "update": 1030, "armed": true, "g_bound_before": 0.25, "g_bound_after": 0.125, "post_arm_fires": 30}
{"event": "G_BOUND", "update": 1031, "armed": true, "g_bound_before": 0.25, "g_bound_after": 0.125, "post_arm_fires": 31}
{"event": "G_BOUND", "update": 1032, "armed": true, "g_bound_before": 0.25, "g_bound_after": 0.125, "post_arm_fires": 32}
{"event": "G_BOUND", "update": 1033, "armed": true, "g_bound_before": 0.25, "g_bound_after": 0.125, "post_arm_fires": 33}
{"event": "G_BOUND", "update": 1034, "armed": true, "g_bound_before": 0.25, "g_bound_after": 0.125, "post_arm_fires": 34}
{"event": "G_BOUND", "update": 1035, "armed": true, "g_bound_before": 0.25, "g_bound_after": 0.125, "post_arm_fires": 35}
{"event": "G_BOUND", "update": 1036, "armed": true, "g_bound_before": 0.25, "g_bound_after": 0.125, "post_arm_fires": 36}
{"event": "G_BOUND", "update": 1037, "armed": true, "g_bound_before": 0.25, "g_bound_after": 0.125, "post_arm_fires": 37}
{"event": "G_BOUND", "update": 1038, "armed": true, "g_bound_before": 0.25, "g_bound_after": 0.125, "post_arm_fires": 38}
{"event": "G_BOUND", "update": 1039, "armed": true, "g_bound_before": 0.25, "g_bound_after": 0.125, "post_arm_fires": 39}
{"event": "G_BOUND", "update": 1040, "armed": true, "g_bound_before": 0.25, "g_bound_after": 0.125, "post_arm_fires": 40}
{"event": "G_BOUND", "update": 1041, "armed": true, "g_bound_before": 0.25, "g_bound_after": 0.125, "post_arm_fires": 41}
{"event": "G_BOUND", "update": 1042, "armed": true, "g_bound_before": 0.25, "g_bound_after": 0.125, "post_arm_fires": 42}
{"event": "G_BOUND", "update": 1043, "armed": true, "g_bound_before": 0.25, "g_bound_after": 0.125, "post_arm_fires": 43}
{"event": "G_BOUND", "update": 1044, "armed": true, "g_bound_before": 0.25, "g_bound_after": 0.125, "post_arm_fires": 44}
{"event": "G_BOUND", "update": 1045, "armed": true, "g_bound_before": 0.25, "g_bound_after": 0.125, "post_arm_fires": 45}
{"event": "G_BOUND", "update": 1046, "armed": true, "g_bound_before": 0.25, "g_bound_after": 0.125, "post_arm_fires": 46}
{"event": "G_BOUND", "update": 1047, "armed": true, "g_bound_before": 0.25, "g_bound_after": 0.125, "post_arm_fires": 47}
{"event": "G_BOUND", "update": 1048, "armed": true, "g_bound_before": 0.25, "g_bound_after": 0.125, "post_arm_fires": 48}
{"event": "G_BOUND", "update": 1049, "armed": true, "g_bound_before": 0.25, "g_bound_after": 0.125, "post_arm_fires": 49}
{"event": "G_BOUND", "update": 1050, "armed": true, "g_bound_before": 0.25, "g_bound_after": 0.125, "post_arm_fires": 50}
{"event": "G_BOUND", "update": 1051, "armed": true, "g_bound_before": 0.25, "g_bound_after": 0.125, "post_arm_fires": 51}
{"event": "G_BOUND", "update": 1052, "armed": true, "g_bound_before": 0.25, "g_bound_after": 0.125, "post_arm_fires": 52}
{"event": "G_BOUND", "update": 1053, "armed": true, "g_bound_before": 0.25, "g_bound_after": 0.125, "post_arm_fires": 53}
{"event": "G_BOUND", "update": 1054, "armed": true, "g_bound_before": 0.25, "g_bound_after": 0.125, "post_arm_fires": 54}
{"event": "G_BOUND", "update": 1055, "armed": true, "g_bound_before": 0.25, "g_bound_after": 0.125, "post_arm_fires": 55}
{"event": "G_BOUND", "update": 1056, "armed": true, "g_bound_before": 0.25, "g_bound_after": 0.125, "post_arm_fires": 56}
{"event": "G_BOUND", "update": 1057, "armed": true, "g_bound_before": 0.25, "g_bound_after": 0.125, "post_arm_fires": 57}
{"event": "G_BOUND", "update": 1058, "armed": true, "g_bound_before": 0.25, "g_bound_after": 0.125, "post_arm_fires": 58}
{"event": "G_BOUND", "update": 1059, "armed": true, "g_bound_before": 0.25, "g_bound_after": 0.125, "post_arm_fires": 59}
{"event": "G_BOUND", "update": 1060, "armed": true, "g_bound_before": 0.25, "g_bound_after": 0.125, "post_arm_fires": 60}
{"event": "G_BOUND", "update": 1061, "armed": true, "g_bound_before": 0.25, "g_bound_after": 0.125, "post_arm_fires": 61}
{"event": "G_BOUND", "update": 1062, "armed": true, "g_bound_before": 0.25, "g_bound_after": 0.125, "post_arm_fires": 62}
{"event": "G_BOUND", "update": 1063, "armed": true, "g_bound_before": 0.25, "g_bound_after": 0.125, "post_arm_fires": 63}
{"event": "VARIANT_DONE", "variant": "identity"}
{"event": "G_BOUND", "update": 1064, "armed": true, "g_bound_before": 0.25, "g_bound_after": 0.125, "post_arm_fires": 64}
{"event": "G_BOUND", "update": 1065, "armed": true, "g_bound_before": 0.25, "g_bound_after": 0.125, "post_arm_fires": 65}
{"event": "G_BOUND", "update": 1066, "armed": true, "g_bound_before": 0.25, "g_bound_after": 0.125, "post_arm_fires": 66}
{"event": "G_BOUND", "update": 1067, "armed": true, "g_bound_before": 0.25, "g_bound_after": 0.125, "post_arm_fires": 67}
{"event": "G_BOUND", "update": 1068, "armed": true, "g_bound_before": 0.25, "g_bound_after": 0.125, "post_arm_fires": 68}
{"event": "G_BOUND", "update": 1069, "armed": true, "g_bound_before": 0.25, "g_bound_after": 0.125, "post_arm_fires": 69}
{"event": "G_BOUND", "update": 1070, "armed": true, "g_bound_before": 0.25, "g_bound_after": 0.125, "post_arm_fires": 70}
{"event": "G_BOUND", "update": 1071, "armed": true, "g_bound_before": 0.25, "g_bound_after": 0.125, "post_arm_fires": 71}
{"event": "G_BOUND", "update": 1072, "armed": true, "g_bound_before": 0.25, "g_bound_after": 0.125, "post_arm_fires": 72}
{"event": "G_BOUND", "update": 1073, "armed": true, "g_bound_before": 0.25, "g_bound_after": 0.125, "post_arm_fires": 73}
{"event": "G_BOUND", "update": 1074, "armed": true, "g_bound_before": 0.25, "g_bound_after": 0.125, "post_arm_fires": 74}
{"event": "G_BOUND", "update": 1075, "armed": true, "g_bound_before": 0.25, "g_bound_after": 0.125, "post_arm_fires": 75}
{"event": "G_BOUND", "update": 1076, "armed": true, "g_bound_before": 0.25, "g_bound_after": 0.125, "post_arm_fires": 76}
{"event": "G_BOUND", "update": 1077, "armed": true, "g_bound_before": 0.25, "g_bound_after": 0.125, "post_arm_fires": 77}
{"event": "G_BOUND", "update": 1078, "armed": true, "g_bound_before": 0.25, "g_bound_after": 0.125, "post_arm_fires": 78}
{"event": "G_BOUND", "update": 1079, "armed": true, "g_bound_before": 0.25, "g_bound_after": 0.125, "post_arm_fires": 79}
{"event": "G_BOUND", "update": 1080, "armed": true, "g_bound_before": 0.25, "g_bound_after": 0.125, "post_arm_fires": 80}
{"event": "G_BOUND", "update": 1081, "armed": true, "g_bound_before": 0.25, "g_bound_after": 0.125, "post_arm_fires": 81}
{"event": "G_BOUND", "update": 1082, "armed": true, "g_bound_before": 0.25, "g_bound_after": 0.125, "post_arm_fires": 82}
{"event": "G_BOUND", "update": 1083, "armed": true, "g_bound_before": 0.25, "g_bound_after": 0.125, "post_arm_fires": 83}
{"event": "G_BOUND", "update": 1084, "armed": true, "g_bound_before": 0.25, "g_bound_after": 0.125, "post_arm_fires": 84}
{"event": "G_BOUND", "update": 1085, "armed": true, "g_bound_before": 0.25, "g_bound_after": 0.125, "post_arm_fires": 85}
{"event": "G_BOUND", "update": 1086, "armed": true, "g_bound_before": 0.25, "g_bound_after": 0.125, "post_arm_fires": 86}
{"event": "G_BOUND", "update": 1087, "armed": true, "g_bound_before": 0.25, "g_bound_after": 0.125, "post_arm_fires": 87}
{"event": "G_BOUND", "update": 1088, "armed": true, "g_bound_before": 0.25, "g_bound_after": 0.125, "post_arm_fires": 88}
{"event": "G_BOUND", "update": 1089, "armed": true, "g_bound_before": 0.25, "g_bound_after": 0.125, "post_arm_fires": 89}
{"event": "G_BOUND", "update": 1090, "armed": true, "g_bound_before": 0.25, "g_bound_after": 0.125, "post_arm_fires": 90}
{"event": "G_BOUND", "update": 1091, "armed": true, "g_bound_before": 0.25, "g_bound_after": 0.125, "post_arm_fires": 91}
{"event": "G_BOUND", "update": 1092, "armed": true, "g_bound_before": 0.25, "g_bound_after": 0.125, "post_arm_fires": 92}
{"event": "G_BOUND", "update": 1093, "armed": true, "g_bound_before": 0.25, "g_bound_after": 0.125, "post_arm_fires": 93}
{"event": "G_BOUND", "update": 1094, "armed": true, "g_bound_before": 0.25, "g_bound_after": 0.125, "post_arm_fires": 94}
{"event": "G_BOUND", "update": 1095, "armed": true, "g_bound_before": 0.25, "g_bound_after": 0.125, "post_arm_fires": 95}
{"event": "G_BOUND", "update": 1096, "armed": true, "g_bound_before": 0.25, "g_bound_after": 0.125, "post_arm_fires": 96}
{"event": "G_BOUND", "update": 1097, "armed": true, "g_bound_before": 0.25, "g_bound_after": 0.125, "post_arm_fires": 97}
{"event": "G_BOUND", "update": 1098, "armed": true, "g_bound_before": 0.25, "g_bound_after": 0.125, "post_arm_fires": 98}
{"event": "G_BOUND", "update": 1099, "armed": true, "g_bound_before": 0.25, "g_bound_after": 0.125, "post_arm_fires": 99}
{"event": "G_BOUND", "update": 1100, "armed": true, "g_bound_before": 0.25, "g_bound_after": 0.125, "post_arm_fires": 100}
{"event": "G_BOUND", "update": 1101, "armed": true, "g_bound_before": 0.25, "g_bound_after": 0.125, "post_arm_fires": 101}
{"event": "G_BOUND", "update": 1102, "armed": true, "g_bound_before": 0.25, "g_bound_after": 0.125, "post_arm_fires": 102}
{"event": "G_BOUND", "update": 1103, "armed": true, "g_bound_before": 0.25, "g_bound_after": 0.125, "post_arm_fires": 103}
{"event": "G_BOUND", "update": 1104, "armed": true, "g_bound_before": 0.25, "g_bound_after": 0.125, "post_arm_fires": 104}
{"event": "G_BOUND", "update": 1105, "armed": true, "g_bound_before": 0.25, "g_bound_after": 0.125, "post_arm_fires": 105}
{"event": "G_BOUND", "update": 1106, "armed": true, "g_bound_before": 0.25, "g_bound_after": 0.125, "post_arm_fires": 106}
{"event": "G_BOUND", "update": 1107, "armed": true, "g_bound_before": 0.25, "g_bound_after": 0.125, "post_arm_fires": 107}
{"event": "G_BOUND", "update": 1108, "armed": true, "g_bound_before": 0.25, "g_bound_after": 0.125, "post_arm_fires": 108}
{"event": "G_BOUND", "update": 1109, "armed": true, "g_bound_before": 0.25, "g_bound_after": 0.125, "post_arm_fires": 109}
{"event": "G_BOUND", "update": 1110, "armed": true, "g_bound_before": 0.25, "g_bound_after": 0.125, "post_arm_fires": 110}
{"event": "G_BOUND", "update": 1111, "armed": true, "g_bound_before": 0.25, "g_bound_after": 0.125, "post_arm_fires": 111}
{"event": "G_BOUND", "update": 1112, "armed": true, "g_bound_before": 0.25, "g_bound_after": 0.125, "post_arm_fires": 112}
{"event": "G_BOUND", "update": 1113, "armed": true, "g_bound_before": 0.25, "g_bound_after": 0.125, "post_arm_fires": 113}
{"event": "G_BOUND", "update": 1114, "armed": true, "g_bound_before": 0.25, "g_bound_after": 0.125, "post_arm_fires": 114}
{"event": "G_BOUND", "update": 1115, "armed": true, "g_bound_before": 0.25, "g_bound_after": 0.125, "post_arm_fires": 115}
{"event": "G_BOUND", "update": 1116, "armed": true, "g_bound_before": 0.25, "g_bound_after": 0.125, "post_arm_fires": 116}
{"event": "G_BOUND", "update": 1117, "armed": true, "g_bound_before": 0.25, "g_bound_after": 0.125, "post_arm_fires": 117}
{"event": "G_BOUND", "update": 1118, "armed": true, "g_bound_before": 0.25, "g_bound_after": 0.125, "post_arm_fires": 118}
{"event": "G_BOUND", "update": 1119, "armed": true, "g_bound_before": 0.25, "g_bound_after": 0.125, "post_arm_fires": 119}
{"event": "G_BOUND", "update": 1120, "armed": true, "g_bound_before": 0.25, "g_bound_after": 0.125, "post_arm_fires": 120}
{"event": "G_BOUND", "update": 1121, "armed": true, "g_bound_before": 0.25, "g_bound_after": 0.125, "post_arm_fires": 121}
{"event": "G_BOUND", "update": 1122, "armed": true, "g_bound_before": 0.25, "g_bound_after": 0.125, "post_arm_fires": 122}
{"event": "G_BOUND", "update": 1123, "armed": true, "g_bound_before": 0.25, "g_bound_after": 0.125, "post_arm_fires": 123}
{"event": "G_BOUND", "update": 1124, "armed": true, "g_bound_before": 0.25, "g_bound_after": 0.125, "post_arm_fires": 124}
{"event": "G_BOUND", "update": 1125, "armed": true, "g_bound_before": 0.25, "g_bound_after": 0.125, "post_arm_fires": 125}
{"event": "G_BOUND", "update": 1126, "armed": true, "g_bound_before": 0.25, "g_bound_after": 0.125, "post_arm_fires": 126}
{"event": "G_BOUND", "update": 1127, "armed": true, "g_bound_before": 0.25, "g_bound_after": 0.125, "post_arm_fires": 127}
{"event": "G_BOUND", "update": 1128, "armed": true, "g_bound_before": 0.25, "g_bound_after": 0.125, "post_arm_fires": 128}
{"event": "G_BOUND", "update": 1129, "armed": true, "g_bound_before": 0.25, "g_bound_after": 0.125, "post_arm_fires": 129}
{"event": "G_BOUND", "update": 1130, "armed": true, "g_bound_before": 0.25, "g_bound_after": 0.125, "post_arm_fires": 130}
{"event": "G_BOUND", "update": 1131, "armed": true, "g_bound_before": 0.25, "g_bound_after": 0.125, "post_arm_fires": 131}
{"event": "G_BOUND", "update": 1132, "armed": true, "g_bound_before": 0.25, "g_bound_after": 0.125, "post_arm_fires": 132}
{"event": "G_BOUND", "update": 1133, "armed": true, "g_bound_before": 0.25, "g_bound_after": 0.125, "post_arm_fires": 133}
{"event": "G_BOUND", "update": 1134, "armed": true, "g_bound_before": 0.25, "g_bound_after": 0.125, "post_arm_fires": 134}
{"event": "G_BOUND", "update": 1135, "armed": true, "g_bound_before": 0.25, "g_bound_after": 0.125, "post_arm_fires": 135}
{"event": "G_BOUND", "update": 1136, "armed": true, "g_bound_before": 0.25, "g_bound_after": 0.125, "post_arm_fires": 136}
{"event": "G_BOUND", "update": 1137, "armed": true, "g_bound_before": 0.25, "g_bound_after": 0.125, "post_arm_fires": 137}
{"event": "G_BOUND", "update": 1138, "armed": true, "g_bound_before": 0.25, "g_bound_after": 0.125, "post_arm_fires": 138}
{"event": "G_BOUND", "update": 1139, "armed": true, "g_bound_before": 0.25, "g_bound_after": 0.125, "post_arm_fires": 139}
{"event": "G_BOUND", "update": 1140, "armed": true, "g_bound_before": 0.25, "g_bound_after": 0.125, "post_arm_fires": 140}
{"event": "G_BOUND", "update": 1141, "armed": true, "g_bound_before": 0.25, "g_bound_after": 0.125, "post_arm_fires": 141}
{"event": "G_BOUND", "update": 1142, "armed": true, "g_bound_before": 0.25, "g_bound_after": 0.125, "post_arm_fires": 142}
{"event": "G_BOUND", "update": 1143, "armed": true, "g_bound_before": 0.25, "g_bound_after": 0.125, "post_arm_fires": 143}
{"event": "G_BOUND", "update": 1144, "armed": true, "g_bound_before": 0.25, "g_bound_after": 0.125, "post_arm_fires": 144}
{"event": "G_BOUND", "update": 1145, "armed": true, "g_bound_before": 0.25, "g_bound_after": 0.125, "post_arm_fires": 145}
{"event": "G_BOUND", "update": 1146, "armed": true, "g_bound_before": 0.25, "g_bound_after": 0.125, "post_arm_fires": 146}
{"event": "G_BOUND", "update": 1147, "armed": true, "g_bound_before": 0.25, "g_bound_after": 0.125, "post_arm_fires": 147}
{"event": "G_BOUND", "update": 1148, "armed": true, "g_bound_before": 0.25, "g_bound_after": 0.125, "post_arm_fires": 148}
{"event": "G_BOUND", "update": 1149, "armed": true, "g_bound_before": 0.25, "g_bound_after": 0.125, "post_arm_fires": 149}
{"event": "G_BOUND", "update": 1150, "armed": true, "g_bound_before": 0.25, "g_bound_after": 0.125, "post_arm_fires": 150}
{"event": "G_BOUND", "update": 1151, "armed": true, "g_bound_before": 0.25, "g_bound_after": 0.125, "post_arm_fires": 151}
{"event": "G_BOUND", "update": 1152, "armed": true, "g_bound_before": 0.25, "g_bound_after": 0.125, "post_arm_fires": 152}
{"event": "G_BOUND", "update": 1153, "armed": true, "g_bound_before": 0.25, "g_bound_after": 0.125, "post_arm_fires": 153}
{"event": "G_BOUND", "update": 1154, "armed": true, "g_bound_before": 0.25, "g_bound_after": 0.125, "post_arm_fires": 154}
{"event": "G_BOUND", "update": 1155, "armed": true, "g_bound_before": 0.25, "g_bound_after": 0.125, "post_arm_fires": 155}
{"event": "G_BOUND", "update": 1156, "armed": true, "g_bound_before": 0.25, "g_bound_after": 0.125, "post_arm_fires": 156}
{"event": "G_BOUND", "update": 1157, "armed": true, "g_bound_before": 0.25, "g_bound_after": 0.125, "post_arm_fires": 157}
{"event": "G_BOUND", "update": 1158, "armed": true, "g_bound_before": 0.25, "g_bound_after": 0.125, "post_arm_fires": 158}
{"event": "G_BOUND", "update": 1159, "armed": true, "g_bound_before": 0.25, "g_bound_after": 0.125, "post_arm_fires": 159}
{"event": "G_BOUND", "update": 1160, "armed": true, "g_bound_before": 0.25, "g_bound_after": 0.125, "post_arm_fires": 160}
{"event": "G_BOUND", "update": 1161, "armed": true, "g_bound_before": 0.25, "g_bound_after": 0.125, "post_arm_fires": 161}
{"event": "G_BOUND", "update": 1162, "armed": true, "g_bound_before": 0.25, "g_bound_after": 0.125, "post_arm_fires": 162}
{"event": "G_BOUND", "update": 1163, "armed": true, "g_bound_before": 0.25, "g_bound_after": 0.125, "post_arm_fires": 163}
{"event": "G_BOUND", "update": 1164, "armed": true, "g_bound_before": 0.25, "g_bound_after": 0.125, "post_arm_fires": 164}
{"event": "G_BOUND", "update": 1165, "armed": true, "g_bound_before": 0.25, "g_bound_after": 0.125, "post_arm_fires": 165}
{"event": "G_BOUND", "update": 1166, "armed": true, "g_bound_before": 0.25, "g_bound_after": 0.125, "post_arm_fires": 166}
{"event": "G_BOUND", "update": 1167, "armed": true, "g_bound_before": 0.25, "g_bound_after": 0.125, "post_arm_fires": 167}
{"event": "G_BOUND", "update": 1168, "armed": true, "g_bound_before": 0.25, "g_bound_after": 0.125, "post_arm_fires": 168}
{"event": "G_BOUND", "update": 1169, "armed": true, "g_bound_before": 0.25, "g_bound_after": 0.125, "post_arm_fires": 169}
{"event": "G_BOUND", "update": 1170, "armed": true, "g_bound_before": 0.25, "g_bound_after": 0.125, "post_arm_fires": 170}
{"event": "G_BOUND", "update": 1171, "armed": true, "g_bound_before": 0.25, "g_bound_after": 0.125, "post_arm_fires": 171}
{"event": "G_BOUND", "update": 1172, "armed": true, "g_bound_before": 0.25, "g_bound_after": 0.125, "post_arm_fires": 172}
{"event": "G_BOUND", "update": 1173, "armed": true, "g_bound_before": 0.25, "g_bound_after": 0.125, "post_arm_fires": 173}
{"event": "G_BOUND", "update": 1174, "armed": true, "g_bound_before": 0.25, "g_bound_after": 0.125, "post_arm_fires": 174}
{"event": "G_BOUND", "update": 1175, "armed": true, "g_bound_before": 0.25, "g_bound_after": 0.125, "post_arm_fires": 175}
{"event": "G_BOUND", "update": 1176, "armed": true, "g_bound_before": 0.25, "g_bound_after": 0.125, "post_arm_fires": 176}
{"event": "G_BOUND", "update": 1177, "armed": true, "g_bound_before": 0.25, "g_bound_after": 0.125, "post_arm_fires": 177}
{"event": "G_BOUND", "update": 1178, "armed": true, "g_bound_before": 0.25, "g_bound_after": 0.125, "post_arm_fires": 178}
{"event": "G_BOUND", "update": 1179, "armed": true, "g_bound_before": 0.25, "g_bound_after": 0.125, "post_arm_fires": 179}
{"event": "G_BOUND", "update": 1180, "armed": true, "g_bound_before": 0.25, "g_bound_after": 0.125, "post_arm_fires": 180}
{"event": "G_BOUND", "update": 1181, "armed": true, "g_bound_before": 0.25, "g_bound_after": 0.125, "post_arm_fires": 181}
{"event": "G_BOUND", "update": 1182, "armed": true, "g_bound_before": 0.25, "g_bound_after": 0.125, "post_arm_fires": 182}
{"event": "G_BOUND", "update": 1183, "armed": true, "g_bound_before": 0.25, "g_bound_after": 0.125, "post_arm_fires": 183}
{"event": "G_BOUND", "update": 1184, "armed": true, "g_bound_before": 0.25, "g_bound_after": 0.125, "post_arm_fires": 184}
{"event": "G_BOUND", "update": 1185, "armed": true, "g_bound_before": 0.25, "g_bound_after": 0.125, "post_arm_fires": 185}
{"event": "G_BOUND", "update": 1186, "armed": true, "g_bound_before": 0.25, "g_bound_after": 0.125, "post_arm_fires": 186}
{"event": "G_BOUND", "update": 1187, "armed": true, "g_bound_before": 0.25, "g_bound_after": 0.125, "post_arm_fires": 187}
{"event": "G_BOUND", "update": 1188, "armed": true, "g_bound_before": 0.25, "g_bound_after": 0.125, "post_arm_fires": 188}
{"event": "G_BOUND", "update": 1189, "armed": true, "g_bound_before": 0.25, "g_bound_after": 0.125, "post_arm_fires": 189}
{"event": "G_BOUND", "update": 1190, "armed": true, "g_bound_before": 0.25, "g_bound_after": 0.125, "post_arm_fires": 190}
{"event": "G_BOUND", "update": 1191, "armed": true, "g_bound_before": 0.25, "g_bound_after": 0.125, "post_arm_fires": 191}
{"event": "G_BOUND", "update": 1192, "armed": true, "g_bound_before": 0.25, "g_bound_after": 0.125, "post_arm_fires": 192}
{"event": "G_BOUND", "update": 1193, "armed": true, "g_bound_before": 0.25, "g_bound_after": 0.125, "post_arm_fires": 193}
{"event": "G_BOUND", "update": 1194, "armed": true, "g_bound_before": 0.25, "g_bound_after": 0.125, "post_arm_fires": 194}
{"event": "G_BOUND", "update": 1195, "armed": true, "g_bound_before": 0.25, "g_bound_after": 0.125, "post_arm_fires": 195}
{"event": "G_BOUND", "update": 1196, "armed": true, "g_bound_before": 0.25, "g_bound_after": 0.125, "post_arm_fires": 196}
{"event": "G_BOUND", "update": 1197, "armed": true, "g_bound_before": 0.25, "g_bound_after": 0.125, "post_arm_fires": 197}
{"event": "G_BOUND", "update": 1198, "armed": true, "g_bound_before": 0.25, "g_bound_after": 0.125, "post_arm_fires": 198}
{"event": "G_BOUND", "update": 1199, "armed": true, "g_bound_before": 0.25, "g_bound_after": 0.125, "post_arm_fires": 199}
{"event": "G_BOUND", "update": 1200, "armed": true, "g_bound_before": 0.25, "g_bound_after": 0.125, "post_arm_fires": 200}
{"event": "VARIANT_DONE", "variant": "reachstall_post_g125"}
{"event": "WARM", "variant": "identity", "status": "PASS", "checks": 200, "passing_checks": 200, "min_modes": 8, "min_hq": 0.989990234375, "failing_steps": []}
{"event": "WARM", "variant": "reachstall_post_g125", "status": "PASS", "checks": 200, "passing_checks": 200, "min_modes": 8, "min_hq": 0.9609375, "failing_steps": []}
{"event": "ARM", "armed": true, "arm_update": 1000, "arm_phase": "warm", "post_arm_fires": 200, "post_arm_g_bound": 0.125, "g_bound_pre_arm": 0.25, "cpu": "AVX2"}
{"event": "DONE", "cpu": "AVX2"}
EXIT:0
