[data] SparseMixedToy(d=24, k=3, modes=64, classes=8, symbols=8, sigma=0.05, symbol_map=identity, seed=0) min_center_dist=1.41 dim_usage[min/max]=4/12
[step 00000] D nan G nan pen 0.000 | modes 0/64 hq 0.000 w1 0.388 | cond 0.125 sep 0.04 | sym 0.053 joint 0.010 symKL 2.83 | sp@1e-2 0.486 sp@1e-3 0.463 rec 0.009 smear 0.077 | ucd r/f 0.14/0.12 |
[step 00100] D 0.114 G 2.422 pen 0.015 | modes 0/64 hq 0.000 w1 0.323 | cond 0.134 sep 0.08 | sym 0.083 joint 0.014 symKL 2.35 | sp@1e-2 0.042 sp@1e-3 0.004 rec 0.029 smear 0.152 | ucd r/f 1.00/0.15 | Dr +2.19 gap 2.38 |Dr|max 3.52 gn r/f/i med 1.02/1.02/1.09 max 1.46 lr 1.00 |
[step 00200] D 0.145 G 2.365 pen 0.020 | modes 0/64 hq 0.000 w1 0.280 | cond 0.194 sep 0.17 | sym 0.146 joint 0.046 symKL 1.61 | sp@1e-2 0.040 sp@1e-3 0.004 rec 0.134 smear 0.171 | ucd r/f 1.00/0.26 | Dr +1.67 gap 2.22 |Dr|max 4.35 gn r/f/i med 1.03/1.06/1.09 max 1.50 lr 1.00 |
[step 00300] D 0.177 G 2.022 pen 0.021 | modes 0/64 hq 0.000 w1 0.241 | cond 0.335 sep 0.32 | sym 0.295 joint 0.156 symKL 1.11 | sp@1e-2 0.040 sp@1e-3 0.004 rec 0.290 smear 0.180 | ucd r/f 1.00/0.40 | Dr +1.28 gap 2.06 |Dr|max 4.35 gn r/f/i med 1.03/1.10/1.11 max 1.51 lr 1.00 |
[step 00400] D 0.247 G 1.861 pen 0.018 | modes 0/64 hq 0.000 w1 0.204 | cond 0.538 sep 0.47 | sym 0.439 joint 0.339 symKL 0.73 | sp@1e-2 0.044 sp@1e-3 0.004 rec 0.481 smear 0.173 | ucd r/f 1.00/0.60 | Dr +0.81 gap 1.79 |Dr|max 4.35 gn r/f/i med 1.03/1.16/1.11 max 1.54 lr 1.00 |
[step 00500] D 0.331 G 1.635 pen 0.019 | modes 0/64 hq 0.000 w1 0.170 | cond 0.706 sep 0.61 | sym 0.594 joint 0.526 symKL 0.47 | sp@1e-2 0.051 sp@1e-3 0.005 rec 0.619 smear 0.156 | ucd r/f 1.00/0.75 | Dr +0.47 gap 1.48 |Dr|max 4.35 gn r/f/i med 1.06/1.21/1.13 max 1.57 lr 1.00 |
[step 00600] D 0.395 G 1.474 pen 0.018 | modes 0/64 hq 0.000 w1 0.140 | cond 0.830 sep 0.72 | sym 0.734 joint 0.699 symKL 0.26 | sp@1e-2 0.057 sp@1e-3 0.006 rec 0.739 smear 0.133 | ucd r/f 1.00/0.87 | Dr +0.12 gap 1.19 |Dr|max 4.35 gn r/f/i med 1.05/1.19/1.10 max 1.60 lr 1.00 |
[step 00700] D 0.440 G 1.212 pen 0.013 | modes 0/64 hq 0.001 w1 0.112 | cond 0.892 sep 0.80 | sym 0.821 joint 0.796 symKL 0.18 | sp@1e-2 0.072 sp@1e-3 0.007 rec 0.820 smear 0.111 | ucd r/f 1.00/0.91 | Dr -0.15 gap 0.93 |Dr|max 4.35 gn r/f/i med 1.02/1.16/1.06 max 1.53 lr 1.00 |
[step 00800] D 0.504 G 1.134 pen 0.010 | modes 2/64 hq 0.009 w1 0.088 | cond 0.934 sep 0.87 | sym 0.906 joint 0.896 symKL 0.08 | sp@1e-2 0.086 sp@1e-3 0.008 rec 0.886 smear 0.091 | ucd r/f 1.00/0.96 | Dr -0.24 gap 0.85 |Dr|max 4.35 gn r/f/i med 0.98/1.17/1.04 max 1.54 lr 1.00 |
[step 00900] D 0.494 G 1.099 pen 0.007 | modes 24/64 hq 0.053 w1 0.074 | cond 0.955 sep 0.91 | sym 0.939 joint 0.933 symKL 0.04 | sp@1e-2 0.106 sp@1e-3 0.011 rec 0.910 smear 0.075 | ucd r/f 1.00/0.98 | Dr -0.31 gap 0.80 |Dr|max 4.35 gn r/f/i med 1.00/1.21/1.04 max 1.50 lr 1.00 |
[step 01000] D 0.562 G 1.076 pen 0.005 | modes 35/64 hq 0.163 w1 0.059 | cond 0.971 sep 0.95 | sym 0.966 joint 0.961 symKL 0.02 | sp@1e-2 0.127 sp@1e-3 0.012 rec 0.938 smear 0.062 | ucd r/f 1.00/0.99 | Dr -0.41 gap 0.66 |Dr|max 4.35 gn r/f/i med 1.01/1.20/1.03 max 1.67 lr 1.00 |
[step 01100] D 0.593 G 1.001 pen 0.008 | modes 46/64 hq 0.303 w1 0.052 | cond 0.974 sep 0.98 | sym 0.969 joint 0.967 symKL 0.02 | sp@1e-2 0.154 sp@1e-3 0.017 rec 0.946 smear 0.053 | ucd r/f 1.00/0.99 | Dr -0.59 gap 0.57 |Dr|max 4.35 gn r/f/i med 0.99/1.20/0.99 max 1.54 lr 1.00 |
[step 01200] D 0.615 G 0.950 pen 0.008 | modes 51/64 hq 0.476 w1 0.046 | cond 0.975 sep 0.99 | sym 0.973 joint 0.971 symKL 0.01 | sp@1e-2 0.180 sp@1e-3 0.018 rec 0.959 smear 0.045 | ucd r/f 1.00/0.99 | Dr -0.53 gap 0.55 |Dr|max 4.35 gn r/f/i med 1.01/1.20/1.01 max 1.58 lr 1.00 |
[step 01300] D 0.627 G 0.934 pen 0.006 | modes 56/64 hq 0.611 w1 0.043 | cond 0.985 sep 1.00 | sym 0.982 joint 0.982 symKL 0.01 | sp@1e-2 0.204 sp@1e-3 0.022 rec 0.969 smear 0.039 | ucd r/f 1.00/1.00 | Dr -0.39 gap 0.53 |Dr|max 4.35 gn r/f/i med 0.97/1.19/1.01 max 1.56 lr 1.00 |
[step 01400] D 0.613 G 0.871 pen 0.003 | modes 57/64 hq 0.719 w1 0.041 | cond 0.988 sep 1.02 | sym 0.987 joint 0.986 symKL 0.00 | sp@1e-2 0.234 sp@1e-3 0.024 rec 0.974 smear 0.034 | ucd r/f 1.00/1.00 | Dr -0.40 gap 0.46 |Dr|max 4.35 gn r/f/i med 0.95/1.14/0.96 max 1.48 lr 1.00 |
[step 01500] D 0.616 G 0.926 pen 0.003 | modes 58/64 hq 0.783 w1 0.036 | cond 0.988 sep 1.02 | sym 0.988 joint 0.988 symKL 0.00 | sp@1e-2 0.260 sp@1e-3 0.028 rec 0.980 smear 0.030 | ucd r/f 1.00/1.00 | Dr -0.25 gap 0.51 |Dr|max 4.35 gn r/f/i med 0.94/1.11/0.96 max 1.42 lr 1.00 |
[step 01600] D 0.620 G 0.928 pen 0.009 | modes 60/64 hq 0.844 w1 0.036 | cond 0.990 sep 1.02 | sym 0.989 joint 0.989 symKL 0.00 | sp@1e-2 0.279 sp@1e-3 0.028 rec 0.980 smear 0.028 | ucd r/f 1.00/1.00 | Dr +0.03 gap 0.47 |Dr|max 4.35 gn r/f/i med 1.13/1.41/1.08 max 1.85 lr 1.00 |
[step 01700] D 0.605 G 0.920 pen 0.011 | modes 60/64 hq 0.888 w1 0.036 | cond 0.992 sep 1.03 | sym 0.993 joint 0.992 symKL 0.00 | sp@1e-2 0.297 sp@1e-3 0.031 rec 0.986 smear 0.026 | ucd r/f 1.00/1.00 | Dr +0.32 gap 0.42 |Dr|max 4.35 gn r/f/i med 1.06/1.29/0.97 max 1.76 lr 1.00 |
[step 01800] D 0.591 G 0.949 pen 0.010 | modes 62/64 hq 0.920 w1 0.036 | cond 0.995 sep 1.03 | sym 0.996 joint 0.995 symKL 0.00 | sp@1e-2 0.313 sp@1e-3 0.033 rec 0.991 smear 0.024 | ucd r/f 1.00/1.00 | Dr +0.58 gap 0.40 |Dr|max 4.35 gn r/f/i med 1.05/1.27/0.98 max 1.70 lr 1.00 |
[step 01900] D 0.627 G 0.875 pen 0.006 | modes 62/64 hq 0.935 w1 0.040 | cond 0.994 sep 1.03 | sym 0.995 joint 0.994 symKL 0.00 | sp@1e-2 0.331 sp@1e-3 0.034 rec 0.991 smear 0.022 | ucd r/f 1.00/1.00 | Dr +0.71 gap 0.34 |Dr|max 4.35 gn r/f/i med 1.00/1.24/0.93 max 1.72 lr 1.00 |
[step 02000] D 0.641 G 0.847 pen 0.010 | modes 63/64 hq 0.952 w1 0.035 | cond 0.996 sep 1.03 | sym 0.997 joint 0.996 symKL 0.00 | sp@1e-2 0.354 sp@1e-3 0.037 rec 0.995 smear 0.020 | ucd r/f 1.00/1.00 | Dr +0.72 gap 0.27 |Dr|max 4.35 gn r/f/i med 1.04/1.29/0.97 max 1.82 lr 1.00 |
[step 02100] D 0.544 G 0.988 pen 0.009 | modes 0/64 hq 0.000 w1 0.463 | cond 0.125 sep 0.00 | sym 0.124 joint 0.124 symKL 0.00 | sp@1e-2 1.000 sp@1e-3 1.000 rec 0.000 smear 0.000 | ucd r/f 1.00/0.75 | Dr +0.36 gap 0.53 |Dr|max 4.35 gn r/f/i med 0.94/1.11/0.98 max 1.59 lr 1.00 |
[step 02200] D 0.573 G 0.932 pen 0.007 | modes 2/64 hq 0.007 w1 0.313 | cond 0.376 sep 0.54 | sym 0.375 joint 0.375 symKL 0.00 | sp@1e-2 0.997 sp@1e-3 0.996 rec 0.193 smear 0.001 | ucd r/f 1.00/0.89 | Dr +0.46 gap 0.49 |Dr|max 4.35 gn r/f/i med 0.83/0.92/0.91 max 1.45 lr 1.00 |
[step 02300] D 0.606 G 0.894 pen 0.014 | modes 15/64 hq 0.125 w1 0.175 | cond 0.668 sep 0.81 | sym 0.668 joint 0.668 symKL 0.00 | sp@1e-2 0.984 sp@1e-3 0.979 rec 0.464 smear 0.002 | ucd r/f 1.00/0.92 | Dr +0.28 gap 0.44 |Dr|max 4.35 gn r/f/i med 0.82/0.92/0.92 max 1.64 lr 1.00 |
[step 02400] D 0.635 G 0.865 pen 0.003 | modes 32/64 hq 0.296 w1 0.118 | cond 0.791 sep 0.87 | sym 0.791 joint 0.791 symKL 0.00 | sp@1e-2 0.969 sp@1e-3 0.957 rec 0.634 smear 0.003 | ucd r/f 1.00/0.96 | Dr +0.58 gap 0.34 |Dr|max 4.35 gn r/f/i med 0.77/0.89/0.88 max 1.67 lr 1.00 |
[step 02500] D 0.622 G 0.916 pen 0.006 | modes 54/64 hq 0.493 w1 0.080 | cond 0.866 sep 0.91 | sym 0.866 joint 0.866 symKL 0.00 | sp@1e-2 0.961 sp@1e-3 0.941 rec 0.767 smear 0.005 | ucd r/f 1.00/0.98 | Dr +0.52 gap 0.42 |Dr|max 4.35 gn r/f/i med 0.81/0.90/0.90 max 1.73 lr 1.00 |
[step 02600] D 0.639 G 0.875 pen 0.004 | modes 60/64 hq 0.786 w1 0.049 | cond 0.953 sep 1.00 | sym 0.954 joint 0.953 symKL 0.00 | sp@1e-2 0.956 sp@1e-3 0.930 rec 0.917 smear 0.004 | ucd r/f 1.00/1.00 | Dr +0.46 gap 0.32 |Dr|max 4.35 gn r/f/i med 0.76/0.89/0.90 max 1.61 lr 1.00 |
[step 02700] D 0.654 G 0.898 pen 0.005 | modes 62/64 hq 0.893 w1 0.043 | cond 0.981 sep 1.03 | sym 0.982 joint 0.981 symKL 0.00 | sp@1e-2 0.955 sp@1e-3 0.924 rec 0.969 smear 0.003 | ucd r/f 1.00/1.00 | Dr +0.48 gap 0.31 |Dr|max 4.35 gn r/f/i med 0.77/0.88/0.88 max 1.82 lr 1.00 |
[step 02800] D 0.632 G 0.864 pen 0.005 | modes 62/64 hq 0.923 w1 0.041 | cond 0.992 sep 1.05 | sym 0.992 joint 0.992 symKL 0.00 | sp@1e-2 0.954 sp@1e-3 0.923 rec 0.982 smear 0.003 | ucd r/f 1.00/1.00 | Dr +0.37 gap 0.35 |Dr|max 4.35 gn r/f/i med 0.77/0.89/0.87 max 1.48 lr 1.00 |
[step 02900] D 0.635 G 0.885 pen 0.003 | modes 61/64 hq 0.936 w1 0.040 | cond 0.996 sep 1.04 | sym 0.996 joint 0.996 symKL 0.00 | sp@1e-2 0.956 sp@1e-3 0.926 rec 0.982 smear 0.002 | ucd r/f 1.00/1.00 | Dr +0.37 gap 0.37 |Dr|max 4.35 gn r/f/i med 0.74/0.81/0.86 max 1.68 lr 1.00 |
[step 03000] D 0.629 G 0.860 pen 0.007 | modes 61/64 hq 0.945 w1 0.040 | cond 0.997 sep 1.05 | sym 0.997 joint 0.997 symKL 0.00 | sp@1e-2 0.959 sp@1e-3 0.929 rec 0.984 smear 0.002 | ucd r/f 1.00/1.00 | Dr +0.54 gap 0.35 |Dr|max 4.35 gn r/f/i med 0.76/0.84/0.86 max 1.66 lr 1.00 |
[step 03100] D 0.662 G 0.855 pen 0.003 | modes 62/64 hq 0.963 w1 0.043 | cond 0.997 sep 1.06 | sym 0.997 joint 0.997 symKL 0.00 | sp@1e-2 0.961 sp@1e-3 0.930 rec 0.987 smear 0.002 | ucd r/f 1.00/1.00 | Dr +0.46 gap 0.25 |Dr|max 4.35 gn r/f/i med 0.69/0.75/0.83 max 1.52 lr 1.00 |
[step 03200] D 0.656 G 0.825 pen 0.002 | modes 63/64 hq 0.975 w1 0.041 | cond 0.998 sep 1.05 | sym 0.998 joint 0.998 symKL 0.00 | sp@1e-2 0.962 sp@1e-3 0.933 rec 0.990 smear 0.002 | ucd r/f 0.99/1.00 | Dr +0.40 gap 0.28 |Dr|max 4.35 gn r/f/i med 0.66/0.71/0.79 max 1.37 lr 1.00 |
[step 03300] D 0.643 G 0.840 pen 0.002 | modes 63/64 hq 0.980 w1 0.037 | cond 0.998 sep 1.04 | sym 0.998 joint 0.998 symKL 0.00 | sp@1e-2 0.961 sp@1e-3 0.933 rec 0.995 smear 0.002 | ucd r/f 1.00/1.00 | Dr +0.32 gap 0.27 |Dr|max 4.35 gn r/f/i med 0.70/0.77/0.86 max 1.79 lr 1.00 |
[step 03400] D 0.497 G 1.072 pen 0.016 | modes 36/64 hq 0.472 w1 0.051 | cond 0.965 sep 1.07 | sym 0.965 joint 0.965 symKL 0.00 | sp@1e-2 0.953 sp@1e-3 0.946 rec 0.953 smear 0.006 | ucd r/f 0.98/0.92 | Dr +1.45 gap 0.55 |Dr|max 4.95 gn r/f/i med 0.70/0.75/0.89 max 1.73 lr 1.00 |
[step 03500] D 0.435 G 1.180 pen 0.026 | modes 30/64 hq 0.408 w1 0.065 | cond 0.948 sep 1.13 | sym 0.948 joint 0.948 symKL 0.00 | sp@1e-2 0.944 sp@1e-3 0.937 rec 0.918 smear 0.010 | ucd r/f 1.00/0.91 | Dr +1.57 gap 0.75 |Dr|max 4.95 gn r/f/i med 0.77/0.78/0.92 max 1.74 lr 1.00 |
[step 03600] D 0.501 G 1.122 pen 0.010 | modes 33/64 hq 0.481 w1 0.068 | cond 0.925 sep 1.14 | sym 0.925 joint 0.925 symKL 0.00 | sp@1e-2 0.940 sp@1e-3 0.934 rec 0.918 smear 0.014 | ucd r/f 1.00/0.92 | Dr +1.36 gap 0.62 |Dr|max 4.95 gn r/f/i med 0.77/0.77/0.91 max 1.92 lr 1.00 |
[step 03700] D 0.509 G 1.009 pen 0.014 | modes 36/64 hq 0.525 w1 0.066 | cond 0.922 sep 1.15 | sym 0.922 joint 0.922 symKL 0.00 | sp@1e-2 0.940 sp@1e-3 0.933 rec 0.923 smear 0.014 | ucd r/f 1.00/0.96 | Dr +1.34 gap 0.59 |Dr|max 4.95 gn r/f/i med 0.75/0.78/0.91 max 1.96 lr 1.00 |
[step 03800] D 0.578 G 1.037 pen 0.010 | modes 39/64 hq 0.597 w1 0.058 | cond 0.970 sep 1.11 | sym 0.970 joint 0.970 symKL 0.00 | sp@1e-2 0.943 sp@1e-3 0.935 rec 0.948 smear 0.011 | ucd r/f 0.98/0.97 | Dr +1.40 gap 0.44 |Dr|max 4.95 gn r/f/i med 0.77/0.78/0.89 max 1.58 lr 1.00 |
[step 03900] D 0.603 G 0.941 pen 0.006 | modes 46/64 hq 0.686 w1 0.054 | cond 0.981 sep 1.10 | sym 0.981 joint 0.981 symKL 0.00 | sp@1e-2 0.944 sp@1e-3 0.935 rec 0.969 smear 0.008 | ucd r/f 1.00/0.97 | Dr +1.34 gap 0.39 |Dr|max 4.95 gn r/f/i med 0.75/0.74/0.88 max 1.43 lr 1.00 |
[step 04000] D 0.625 G 0.840 pen 0.004 | modes 54/64 hq 0.785 w1 0.047 | cond 0.985 sep 1.08 | sym 0.985 joint 0.985 symKL 0.00 | sp@1e-2 0.939 sp@1e-3 0.926 rec 0.974 smear 0.007 | ucd r/f 1.00/0.98 | Dr +1.24 gap 0.32 |Dr|max 4.95 gn r/f/i med 0.71/0.72/0.82 max 1.60 lr 1.00 |
[step 04100] D 0.602 G 0.874 pen 0.007 | modes 57/64 hq 0.842 w1 0.045 | cond 0.987 sep 1.07 | sym 0.987 joint 0.987 symKL 0.00 | sp@1e-2 0.940 sp@1e-3 0.924 rec 0.978 smear 0.006 | ucd r/f 1.00/0.99 | Dr +1.27 gap 0.37 |Dr|max 4.95 gn r/f/i med 0.76/0.76/0.87 max 1.48 lr 1.00 |
[step 04200] D 0.603 G 0.901 pen 0.001 | modes 61/64 hq 0.913 w1 0.042 | cond 0.990 sep 1.06 | sym 0.990 joint 0.990 symKL 0.00 | sp@1e-2 0.943 sp@1e-3 0.925 rec 0.981 smear 0.004 | ucd r/f 1.00/0.99 | Dr +1.53 gap 0.38 |Dr|max 4.95 gn r/f/i med 0.77/0.76/0.86 max 1.69 lr 1.00 |
[step 04300] D 0.624 G 0.855 pen 0.006 | modes 62/64 hq 0.942 w1 0.038 | cond 0.995 sep 1.06 | sym 0.995 joint 0.995 symKL 0.00 | sp@1e-2 0.947 sp@1e-3 0.926 rec 0.991 smear 0.003 | ucd r/f 1.00/1.00 | Dr +1.55 gap 0.31 |Dr|max 4.95 gn r/f/i med 0.72/0.74/0.84 max 1.48 lr 1.00 |
[step 04400] D 0.646 G 0.811 pen 0.003 | modes 61/64 hq 0.961 w1 0.038 | cond 0.996 sep 1.06 | sym 0.996 joint 0.996 symKL 0.00 | sp@1e-2 0.950 sp@1e-3 0.927 rec 0.995 smear 0.003 | ucd r/f 1.00/1.00 | Dr +1.43 gap 0.25 |Dr|max 4.95 gn r/f/i med 0.68/0.70/0.80 max 1.29 lr 1.00 |
[step 04500] D 0.639 G 0.838 pen 0.008 | modes 62/64 hq 0.970 w1 0.037 | cond 0.997 sep 1.07 | sym 0.997 joint 0.997 symKL 0.00 | sp@1e-2 0.955 sp@1e-3 0.931 rec 0.997 smear 0.002 | ucd r/f 1.00/1.00 | Dr +1.56 gap 0.30 |Dr|max 4.95 gn r/f/i med 0.79/0.79/0.88 max 1.51 lr 1.00 |
[step 04600] D 0.678 G 0.838 pen 0.001 | modes 62/64 hq 0.982 w1 0.038 | cond 1.000 sep 1.06 | sym 1.000 joint 1.000 symKL 0.00 | sp@1e-2 0.956 sp@1e-3 0.931 rec 0.999 smear 0.002 | ucd r/f 1.00/1.00 | Dr +1.54 gap 0.22 |Dr|max 4.95 gn r/f/i med 0.69/0.68/0.80 max 1.33 lr 1.00 |
[step 04700] D 0.686 G 0.819 pen 0.001 | modes 62/64 hq 0.986 w1 0.038 | cond 0.999 sep 1.06 | sym 0.999 joint 0.999 symKL 0.00 | sp@1e-2 0.957 sp@1e-3 0.931 rec 0.999 smear 0.002 | ucd r/f 1.00/1.00 | Dr +1.45 gap 0.17 |Dr|max 4.95 gn r/f/i med 0.68/0.68/0.81 max 1.33 lr 1.00 |
[step 04800] D 0.656 G 0.903 pen 0.002 | modes 62/64 hq 0.990 w1 0.037 | cond 0.999 sep 1.06 | sym 0.999 joint 0.999 symKL 0.00 | sp@1e-2 0.960 sp@1e-3 0.934 rec 0.998 smear 0.002 | ucd r/f 1.00/1.00 | Dr +1.62 gap 0.26 |Dr|max 4.95 gn r/f/i med 0.68/0.70/0.79 max 1.28 lr 1.00 |
[step 04900] D 0.661 G 0.842 pen 0.002 | modes 62/64 hq 0.988 w1 0.038 | cond 0.998 sep 1.05 | sym 0.998 joint 0.998 symKL 0.00 | sp@1e-2 0.958 sp@1e-3 0.931 rec 0.997 smear 0.002 | ucd r/f 1.00/1.00 | Dr +1.60 gap 0.24 |Dr|max 4.95 gn r/f/i med 0.68/0.73/0.81 max 1.85 lr 1.00 |
[step 05000] D 0.632 G 0.837 pen 0.002 | modes 62/64 hq 0.987 w1 0.038 | cond 0.997 sep 1.06 | sym 0.997 joint 0.997 symKL 0.00 | sp@1e-2 0.960 sp@1e-3 0.933 rec 0.996 smear 0.001 | ucd r/f 1.00/1.00 | Dr +1.75 gap 0.29 |Dr|max 4.95 gn r/f/i med 0.67/0.71/0.81 max 1.35 lr 1.00 |
[done] champ_matched: bar=fail (first@None) modes 62/64 hq 0.985 cond 0.997 sym 0.997 joint 0.997 sp@1e-2 0.961 zero 0.93 core 0.41 w1 0.035 | 81.3 steps/s
