{"event": "DECLARED", "phase": "cold", "method": "reachstall_gsustain", "seed": 0, "host": "neural", "torch": "2.14.0+cpu", "cpu": "AVX2", "shared_gate_eligible": false, "purity": "sustained-arm G\u00d70.5: after 200 consecutive updates with 8 modes and HQ>=0.9 on the fixed unwrapped draw, halve each later G+prior Adam step. Stall reach width, curvature bounds, rates, and the D step are unchanged. No coverage loss, anchor, assignment, mode freeze, or clip."}
{"event": "COLD", "task": "trajectory", "passed": true, "status": "PASS", "seconds": 3.3, "tail": [{"step": 334}, {"step": 350}, {"step": 367}, {"step": 384}, {"step": 400}], "dynamics": {"method": "pr84_slope_utilisation_reach+sustained_g_half", "scratch_optimizer_policy": "pr84_slope_utilisation_reach", "shared_gate_eligible": false, "curvature_bound": 0.25, "d_curvature_bound": 3.0, "advantage_gate": null, "outer_steps": 400, "gate_open": 0, "bound_evaluated": 400, "bound_active": 400, "d_bound_active": 3, "gradient_evaluations_per_outer_step": 3.0, "moment_updates_per_outer_step": 1, "rng_replay_verified": 800, "update_order": "alternating: D Adam step, then G+prior Adam step against the new D", "smooth_critic": true, "smooth_width_cap": 0.15, "reach": 0.5, "ramp": "stall", "game_bound": false, "game_steps": 1, "b_cap_slope": 1.0, "widened_updates": 0, "max_width": 0.0, "sustained_g_scale": 0.5, "hold_updates": 200, "armed": false, "arm_update": null, "post_arm_g_steps": 0, "max_hold": 0, "hold": 0}}
{"event": "HOLD", "state_step": 0, "hold": 0, "armed": false, "modes": 0, "hq": 0.0, "half_steps": 0}
{"event": "HOLD", "state_step": 100, "hold": 0, "armed": false, "modes": 0, "hq": 0.0, "half_steps": 0}
{"event": "HOLD", "state_step": 200, "hold": 0, "armed": false, "modes": 0, "hq": 0.0, "half_steps": 0}
{"event": "HOLD", "state_step": 300, "hold": 0, "armed": false, "modes": 3, "hq": 0.2505, "half_steps": 0}
{"event": "HOLD", "state_step": 400, "hold": 0, "armed": false, "modes": 3, "hq": 0.2439, "half_steps": 0}
{"event": "HOLD", "state_step": 500, "hold": 0, "armed": false, "modes": 5, "hq": 0.4856, "half_steps": 0}
{"event": "HOLD", "state_step": 600, "hold": 0, "armed": false, "modes": 1, "hq": 0.1711, "half_steps": 0}
{"event": "HOLD", "state_step": 700, "hold": 81, "armed": false, "modes": 8, "hq": 0.9172, "half_steps": 0}
{"event": "HOLD_RESET", "state_step": 716, "hold": 96, "modes": 8, "hq": 0.8347}
{"event": "HOLD", "state_step": 800, "hold": 0, "armed": false, "modes": 3, "hq": 0.3262, "half_steps": 0}
{"event": "HOLD", "state_step": 900, "hold": 29, "armed": false, "modes": 8, "hq": 1.0, "half_steps": 0}
{"event": "HOLD", "state_step": 1000, "hold": 129, "armed": false, "modes": 8, "hq": 1.0, "half_steps": 0}
{"event": "HOLD_RESET", "state_step": 1057, "hold": 185, "modes": 7, "hq": 0.9233}
{"event": "HOLD", "state_step": 1100, "hold": 43, "armed": false, "modes": 8, "hq": 1.0, "half_steps": 0}
{"event": "HOLD_RESET", "state_step": 1135, "hold": 77, "modes": 7, "hq": 0.9233}
{"event": "HOLD_RESET", "state_step": 1158, "hold": 21, "modes": 7, "hq": 0.8289}
{"event": "HOLD_RESET", "state_step": 1191, "hold": 27, "modes": 7, "hq": 0.9099}
{"event": "COLD", "task": "mode_hold", "passed": true, "status": "PASS", "seconds": 31.5, "tail": [{"step": 1000, "modes": 8, "hq": 0.9990234375}, {"step": 1050, "modes": 8, "hq": 1.0}, {"step": 1100, "modes": 8, "hq": 0.999267578125}, {"step": 1150, "modes": 8, "hq": 0.99951171875}, {"step": 1200, "modes": 8, "hq": 0.998779296875}], "dynamics": {"method": "pr84_slope_utilisation_reach+sustained_g_half", "scratch_optimizer_policy": "pr84_slope_utilisation_reach", "shared_gate_eligible": false, "curvature_bound": 0.25, "d_curvature_bound": 3.0, "advantage_gate": null, "outer_steps": 1200, "gate_open": 0, "bound_evaluated": 1200, "bound_active": 1200, "d_bound_active": 103, "gradient_evaluations_per_outer_step": 3.0, "moment_updates_per_outer_step": 1, "rng_replay_verified": 2400, "update_order": "alternating: D Adam step, then G+prior Adam step against the new D", "smooth_critic": true, "smooth_width_cap": 0.15, "reach": 0.5, "ramp": "stall", "game_bound": false, "game_steps": 1, "b_cap_slope": 1.0, "widened_updates": 1106, "max_width": 0.5, "sustained_g_scale": 0.5, "hold_updates": 200, "armed": false, "arm_update": null, "post_arm_g_steps": 0, "max_hold": 185, "hold": 8}}
{"event": "DONE"}
