sgd_constant_00 ring4 COMPLETE objective=30.27997 modes=0 hq=0.0 stable=None sec=9.02
sgd_constant_00 grid9 COMPLETE objective=26.71292 modes=1 hq=1.0 stable=None sec=7.39
sgd_constant_01 ring4 COMPLETE objective=30.28476 modes=0 hq=0.0 stable=None sec=8.01
sgd_constant_01 grid9 COMPLETE objective=30.27273 modes=0 hq=0.0 stable=None sec=6.96
sgd_constant_02 ring4 ERROR objective=1000.00000 modes=0 hq=0.0 stable=None sec=1.07
sgd_constant_02 grid9 ERROR objective=1000.00000 modes=0 hq=0.0 stable=None sec=1.90
sgd_constant_03 ring4 ERROR objective=1000.00000 modes=None hq=None stable=None sec=0.29
sgd_constant_03 grid9 ERROR objective=1000.00000 modes=None hq=None stable=None sec=0.27
sgd_constant_04 ring4 COMPLETE objective=30.27951 modes=0 hq=0.0 stable=None sec=7.80
sgd_constant_04 grid9 COMPLETE objective=24.71207 modes=1 hq=1.0 stable=None sec=7.83
sgd_constant_05 ring4 COMPLETE objective=30.41919 modes=0 hq=0.0 stable=None sec=7.02
sgd_constant_05 grid9 COMPLETE objective=30.27733 modes=0 hq=0.0 stable=None sec=11.43
sgd_constant_06 ring4 ERROR objective=1000.00000 modes=0 hq=0.0 stable=None sec=2.01
sgd_constant_06 grid9 ERROR objective=1000.00000 modes=0 hq=0.0 stable=None sec=1.21
sgd_constant_07 ring4 ERROR objective=1000.00000 modes=None hq=None stable=None sec=0.11
sgd_constant_07 grid9 ERROR objective=1000.00000 modes=None hq=None stable=None sec=0.33
sgd_constant_08 ring4 COMPLETE objective=30.27958 modes=0 hq=0.0 stable=None sec=7.45
sgd_constant_08 grid9 COMPLETE objective=24.71264 modes=1 hq=1.0 stable=None sec=7.22
sgd_constant_09 ring4 COMPLETE objective=27.04795 modes=1 hq=1.0 stable=None sec=8.02
sgd_constant_09 grid9 COMPLETE objective=25.38055 modes=1 hq=1.0 stable=None sec=6.80
sgd_constant_10 ring4 COMPLETE objective=30.29588 modes=0 hq=0.0 stable=None sec=6.42
sgd_constant_10 grid9 ERROR objective=1000.00000 modes=0 hq=0.0 stable=None sec=2.49
sgd_constant_11 ring4 ERROR objective=1000.00000 modes=None hq=None stable=None sec=0.27
sgd_constant_11 grid9 ERROR objective=1000.00000 modes=None hq=None stable=None sec=0.36
sgd_constant_12 ring4 COMPLETE objective=30.36976 modes=0 hq=0.0 stable=None sec=7.41
sgd_constant_12 grid9 ERROR objective=1000.00000 modes=0 hq=0.0 stable=None sec=0.33
sgd_constant_13 ring4 ERROR objective=1000.00000 modes=0 hq=0.0 stable=None sec=1.36
sgd_constant_13 grid9 ERROR objective=1000.00000 modes=0 hq=0.0 stable=None sec=1.85
sgd_constant_14 ring4 ERROR objective=1000.00000 modes=0 hq=0.0 stable=None sec=1.74
sgd_constant_14 grid9 ERROR objective=1000.00000 modes=0 hq=0.0 stable=None sec=1.47
sgd_constant_15 ring4 ERROR objective=1000.00000 modes=None hq=None stable=None sec=0.34
sgd_constant_15 grid9 ERROR objective=1000.00000 modes=0 hq=0.0 stable=None sec=0.68
sgd_cosine_00 ring4 COMPLETE objective=30.27902 modes=0 hq=0.0 stable=None sec=8.10
sgd_cosine_00 grid9 COMPLETE objective=30.26963 modes=0 hq=0.0 stable=None sec=7.33
sgd_cosine_01 ring4 COMPLETE objective=30.28864 modes=0 hq=0.0 stable=None sec=7.06
sgd_cosine_01 grid9 COMPLETE objective=30.27358 modes=0 hq=0.0 stable=None sec=7.07
sgd_cosine_02 ring4 ERROR objective=1000.00000 modes=0 hq=0.0 stable=None sec=1.20
sgd_cosine_02 grid9 ERROR objective=1000.00000 modes=0 hq=0.0 stable=None sec=2.05
sgd_cosine_03 ring4 ERROR objective=1000.00000 modes=None hq=None stable=None sec=0.26
sgd_cosine_03 grid9 ERROR objective=1000.00000 modes=None hq=None stable=None sec=0.32
sgd_cosine_04 ring4 COMPLETE objective=30.27977 modes=0 hq=0.0 stable=None sec=7.19
sgd_cosine_04 grid9 COMPLETE objective=24.71195 modes=1 hq=1.0 stable=None sec=7.30
sgd_cosine_05 ring4 COMPLETE objective=30.28508 modes=0 hq=0.0 stable=None sec=7.05
sgd_cosine_05 grid9 COMPLETE objective=30.27690 modes=0 hq=0.0 stable=None sec=6.91
sgd_cosine_06 ring4 ERROR objective=1000.00000 modes=0 hq=0.0 stable=None sec=2.23
sgd_cosine_06 grid9 ERROR objective=1000.00000 modes=0 hq=0.0 stable=None sec=1.28
sgd_cosine_07 ring4 ERROR objective=1000.00000 modes=None hq=None stable=None sec=0.13
sgd_cosine_07 grid9 ERROR objective=1000.00000 modes=None hq=None stable=None sec=0.36
sgd_cosine_08 ring4 COMPLETE objective=30.27961 modes=0 hq=0.0 stable=None sec=7.01
sgd_cosine_08 grid9 COMPLETE objective=24.71256 modes=1 hq=1.0 stable=None sec=7.60
sgd_cosine_09 ring4 COMPLETE objective=30.28857 modes=0 hq=0.0 stable=None sec=7.55
sgd_cosine_09 grid9 COMPLETE objective=24.71290 modes=1 hq=1.0 stable=None sec=8.50
sgd_cosine_10 ring4 COMPLETE objective=28.99588 modes=1 hq=0.155029296875 stable=None sec=7.83
sgd_cosine_10 grid9 ERROR objective=1000.00000 modes=0 hq=0.0 stable=None sec=2.35
sgd_cosine_11 ring4 ERROR objective=1000.00000 modes=None hq=None stable=None sec=0.26
sgd_cosine_11 grid9 ERROR objective=1000.00000 modes=None hq=None stable=None sec=0.33
sgd_cosine_12 ring4 COMPLETE objective=30.29940 modes=0 hq=0.0 stable=None sec=7.70
sgd_cosine_12 grid9 ERROR objective=1000.00000 modes=0 hq=0.0 stable=None sec=0.39
sgd_cosine_13 ring4 ERROR objective=1000.00000 modes=0 hq=0.0 stable=None sec=1.52
sgd_cosine_13 grid9 ERROR objective=1000.00000 modes=0 hq=0.0 stable=None sec=1.78
sgd_cosine_14 ring4 ERROR objective=1000.00000 modes=0 hq=0.0 stable=None sec=1.69
sgd_cosine_14 grid9 ERROR objective=1000.00000 modes=0 hq=0.0 stable=None sec=1.43
sgd_cosine_15 ring4 ERROR objective=1000.00000 modes=None hq=None stable=None sec=0.27
sgd_cosine_15 grid9 ERROR objective=1000.00000 modes=0 hq=0.0 stable=None sec=0.69
adam_cosine ring4 COMPLETE objective=20.49984 modes=4 hq=0.83642578125 stable=None sec=8.65
adam_cosine grid9 COMPLETE objective=21.37909 modes=7 hq=1.0 stable=None sec=8.14
SWEEP COMPLETE sgd_constant_09 26.214252375014624 sgd_cosine_04 27.49585965707469
