RESUME step=20000 parent_sha256=8435351847257fed8c73fb7dfa6f0b587e06fc22e5221d89f7fc6edf8b00503b
START architecture=cnn recon_grad=encoder_only arm=bounded encoder=scratch reg_every=8 g_width=32 g_depth=1 steps=20008 sigma=0.212616 init=76e3fe984275380a6a29f9e8c424665c35d5bcfae870a0c5c9bcf7dc18bee722
TRACE {"step": 20001, "phase": "before_D", "auc": 0.4107685089111328, "real_minus_fake": -0.013323739171028137, "fake_input_grad_norm": 0.4638625979423523}
TRACE {"step": 20001, "phase": "after_D", "auc": 0.5868110656738281, "real_minus_fake": 0.014434412121772766, "fake_input_grad_norm": 0.4714701175689697}
TRACE {"step": 20001, "phase": "after_G_prior", "auc": 0.4425926208496094, "real_minus_fake": -0.005789279937744141, "fake_input_grad_norm": 0.5048047304153442}
step=20001/20008 D=0.7023 G=0.7094 recon=0.16431 train_s=2.2 steps/s=0.46 lr_scale=1.0000 peak_GB=0.93
TRACE {"step": 20002, "phase": "before_D", "auc": 0.4425926208496094, "real_minus_fake": -0.005789279937744141, "fake_input_grad_norm": 0.5048047304153442}
TRACE {"step": 20002, "phase": "after_D", "auc": 0.5424118041992188, "real_minus_fake": 0.007648684084415436, "fake_input_grad_norm": 0.46247488260269165}
TRACE {"step": 20002, "phase": "after_G_prior", "auc": 0.46002960205078125, "real_minus_fake": -0.0029897764325141907, "fake_input_grad_norm": 0.4685119390487671}
step=20002/20008 D=0.6996 G=0.6973 recon=0.14939 train_s=2.6 steps/s=0.78 lr_scale=1.0000 peak_GB=0.93
TRACE {"step": 20003, "phase": "before_D", "auc": 0.46002960205078125, "real_minus_fake": -0.0029897764325141907, "fake_input_grad_norm": 0.4685119390487671}
TRACE {"step": 20003, "phase": "after_D", "auc": 0.5621910095214844, "real_minus_fake": 0.013566959649324417, "fake_input_grad_norm": 0.5372540950775146}
TRACE {"step": 20003, "phase": "after_G_prior", "auc": 0.4632606506347656, "real_minus_fake": -0.004146082326769829, "fake_input_grad_norm": 0.5148173570632935}
step=20003/20008 D=0.6939 G=0.7098 recon=0.15316 train_s=3.0 steps/s=1.01 lr_scale=1.0000 peak_GB=0.93
TRACE {"step": 20004, "phase": "before_D", "auc": 0.4632606506347656, "real_minus_fake": -0.004146082326769829, "fake_input_grad_norm": 0.5148173570632935}
TRACE {"step": 20004, "phase": "after_D", "auc": 0.5240631103515625, "real_minus_fake": 0.005694404244422913, "fake_input_grad_norm": 0.4846518933773041}
TRACE {"step": 20004, "phase": "after_G_prior", "auc": 0.4678459167480469, "real_minus_fake": -0.0031688474118709564, "fake_input_grad_norm": 0.4831903576850891}
step=20004/20008 D=0.6961 G=0.7020 recon=0.16059 train_s=3.3 steps/s=1.20 lr_scale=1.0000 peak_GB=0.93
TRACE {"step": 20005, "phase": "before_D", "auc": 0.4678459167480469, "real_minus_fake": -0.0031688474118709564, "fake_input_grad_norm": 0.4831903576850891}
TRACE {"step": 20005, "phase": "after_D", "auc": 0.5010299682617188, "real_minus_fake": 0.0028478875756263733, "fake_input_grad_norm": 0.5988075733184814}
TRACE {"step": 20005, "phase": "after_G_prior", "auc": 0.4404716491699219, "real_minus_fake": -0.013190001249313354, "fake_input_grad_norm": 0.5939542651176453}
step=20005/20008 D=0.6860 G=0.6973 recon=0.16422 train_s=3.7 steps/s=1.34 lr_scale=1.0000 peak_GB=0.93
TRACE {"step": 20006, "phase": "before_D", "auc": 0.4404716491699219, "real_minus_fake": -0.013190001249313354, "fake_input_grad_norm": 0.5939542651176453}
TRACE {"step": 20006, "phase": "after_D", "auc": 0.6032505035400391, "real_minus_fake": 0.01538589596748352, "fake_input_grad_norm": 0.5037115216255188}
TRACE {"step": 20006, "phase": "after_G_prior", "auc": 0.5160026550292969, "real_minus_fake": 0.003169924020767212, "fake_input_grad_norm": 0.49414581060409546}
step=20006/20008 D=0.6970 G=0.7038 recon=0.15844 train_s=4.1 steps/s=1.46 lr_scale=1.0000 peak_GB=0.93
TRACE {"step": 20007, "phase": "before_D", "auc": 0.5160026550292969, "real_minus_fake": 0.003169924020767212, "fake_input_grad_norm": 0.49414581060409546}
TRACE {"step": 20007, "phase": "after_D", "auc": 0.5639839172363281, "real_minus_fake": 0.015015318989753723, "fake_input_grad_norm": 0.5282612442970276}
TRACE {"step": 20007, "phase": "after_G_prior", "auc": 0.45468902587890625, "real_minus_fake": -0.009017318487167358, "fake_input_grad_norm": 0.5027705430984497}
step=20007/20008 D=0.6911 G=0.7072 recon=0.15285 train_s=4.5 steps/s=1.55 lr_scale=1.0000 peak_GB=0.93
TRACE {"step": 20008, "phase": "before_D", "auc": 0.45468902587890625, "real_minus_fake": -0.009017318487167358, "fake_input_grad_norm": 0.5027705430984497}
TRACE {"step": 20008, "phase": "after_D", "auc": 0.5368843078613281, "real_minus_fake": 0.007955819368362427, "fake_input_grad_norm": 0.5376287698745728}
TRACE {"step": 20008, "phase": "after_G_prior", "auc": 0.44605255126953125, "real_minus_fake": -0.007448762655258179, "fake_input_grad_norm": 0.5748499035835266}
step=20008/20008 D=0.6921 G=0.7057 recon=0.16062 train_s=6.3 steps/s=1.28 lr_scale=1.0000 peak_GB=1.59
EVAL step=20008 generated_samples=0
{"evaluation": {"step": 20008, "lr_scale": 1.0, "d_updates": 1, "d_loss": 0.6920533180236816, "g_loss": 0.7057294249534607, "recon_train_mse": 0.1606193482875824, "penalty": 6.489649240393192e-05, "train_seconds": 6.265029005939141, "steps_per_second": 1.2769294431703566, "start_step": 20000, "cumulative_train_seconds": 883.1472101137624, "peak_memory_gb": 1.5894041061401367, "generation": {"samples": 0, "fid": null, "feature_variance_ratio": null}, "generation_seconds": 0.2650619909982197, "reconstruction": {"recon_mse": 0.14837035536766052, "zero_offset_mse": 0.2174896001815796, "random_offset_mse": 0.21675479412078857, "shuffled_particle_mse": 0.2160627543926239, "recon_psnr": 14.30712854443783, "recon_p90": 0.2275858074426651, "recon_p99": 0.2803870141506195, "used_particles": 37, "effective_particles": 29.86334991455078, "hard_usage_tv": 0.9638671875, "hard_soft_usage_tv": 0.7075332403182983, "offset_rms": 2.623683214187622, "offset_saturation": 0.53076171875, "samples": 64, "conditional_offset_mean_rms": 2.2893781661987305}, "reconstruction_seconds": 0.03379017498809844}}
COMPLETE arm=bounded fid=None train_s=6.3 total_s=7.5
