START proposed two_pole steps=80
{"event": "DONE", "arm": "proposed", "task": "two_pole", "status": "FAIL", "passing_suffix": 0, "live": {"mean_abs": 0.11966196447610855, "grad_med": 0.027153074741363525}, "ema_status": "N/A", "error": null}
START proposed trajectory steps=400
{"event": "DONE", "arm": "proposed", "task": "trajectory", "status": "FAIL", "passing_suffix": 0, "live": {"identity_mse": 0.12621794641017914}, "ema_status": "N/A", "error": null}
START proposed residual_student steps=400
{"event": "DONE", "arm": "proposed", "task": "residual_student", "status": "FAIL", "passing_suffix": 0, "live": {"identity_mse": 0.04111986607313156, "success_rate": 0.5833333134651184, "wrong_pad_rate": 0.4166666567325592}, "ema_status": "N/A", "error": null}
START proposed unipolar steps=400
unipolar_dir arm=locked_rpgan step=1/400 cover=0.0030 leak=0.3214 neu_hold=0.9980 cos_plus=+0.5669 hit=FAIL
unipolar_dir arm=locked_rpgan step=50/400 cover=0.2252 leak=0.0033 neu_hold=0.9269 cos_plus=+0.9945 hit=FAIL
unipolar_dir arm=locked_rpgan step=100/400 cover=0.3662 leak=0.0254 neu_hold=0.8799 cos_plus=+0.9835 hit=FAIL
unipolar_dir arm=locked_rpgan step=150/400 cover=0.4871 leak=0.0004 neu_hold=0.8711 cos_plus=+0.9998 hit=FAIL
unipolar_dir arm=locked_rpgan step=200/400 cover=0.6014 leak=0.0000 neu_hold=0.8540 cos_plus=+1.0000 hit=FAIL
unipolar_dir arm=locked_rpgan step=250/400 cover=0.7081 leak=0.0000 neu_hold=0.8400 cos_plus=+1.0000 hit=FAIL
unipolar_dir arm=locked_rpgan step=300/400 cover=0.7946 leak=0.0000 neu_hold=0.8325 cos_plus=+1.0000 hit=FAIL
unipolar_dir arm=locked_rpgan step=350/400 cover=0.8386 leak=0.0000 neu_hold=0.8316 cos_plus=+1.0000 hit=FAIL
unipolar_dir arm=locked_rpgan step=400/400 cover=0.8497 leak=0.0000 neu_hold=0.8318 cos_plus=+1.0000 hit=FAIL
unipolar_dir arm=locked_rpgan step=400 seed=0 cover=0.8497 leak=0.0000 neu_hold=0.8318 cos_plus=+1.0000 hit=FAIL
{"event": "DONE", "arm": "proposed", "task": "unipolar", "status": "FAIL", "passing_suffix": 0, "live": {"cover": 0.8497044444084167, "off_caption": 7.917872241345626e-09, "neu_hold": 0.831839457154274}, "ema_status": "N/A", "error": null}
START proposed ae_gan_hold steps=250
ae-gan-hold arm=gan step=0 recon=1.2815 hold=1.4373 phase=init
ae-gan-hold arm=gan step=1 recon=1.2699 hold=1.4179 loss=4.2024
ae-gan-hold arm=gan step=50 recon=0.4337 hold=0.2694 loss=1.8946
ae-gan-hold arm=gan step=100 recon=0.0962 hold=0.0274 loss=1.0249
ae-gan-hold arm=gan step=150 recon=0.0112 hold=0.0078 loss=1.0331
ae-gan-hold arm=gan step=200 recon=0.0053 hold=0.0021 loss=0.9950
{"event": "DONE", "arm": "proposed", "task": "ae_gan_hold", "status": "PASS", "passing_suffix": 13, "live": {"recon_mse": 0.005776329897344112, "hold": 0.0010066175600513816}, "ema_status": "N/A", "error": null}
START proposed cover_leftover steps=800
cover_leftover start arm=locked steps=800 seed=0 teacher=faithful_guard_e cover=1.5 penalty_coeff=3.0 kappa=1.2 fm=0.0 n_particles=12
cover_leftover arm=locked step=1/800 d=0.7237 g=1.6803 cap=0.0000 u_kept=0.002 content=0.000 leak=0.000 err=0.751 covered=0
cover_leftover arm=locked step=50/800 d=0.4722 g=1.9442 cap=0.0007 u_kept=0.085 content=0.132 leak=0.115 err=0.731 covered=0
cover_leftover arm=locked step=100/800 d=0.6158 g=1.5889 cap=0.0000 u_kept=0.133 content=0.177 leak=0.012 err=0.683 covered=0
cover_leftover arm=locked step=150/800 d=0.6467 g=1.4199 cap=0.0000 u_kept=0.148 content=0.255 leak=0.019 err=0.635 covered=0
cover_leftover arm=locked step=200/800 d=0.6654 g=1.3758 cap=0.0020 u_kept=0.178 content=0.347 leak=0.015 err=0.593 covered=0
cover_leftover arm=locked step=250/800 d=0.6883 g=1.2555 cap=0.0000 u_kept=0.222 content=0.432 leak=0.017 err=0.557 covered=0
cover_leftover arm=locked step=300/800 d=0.6736 g=1.2876 cap=0.0000 u_kept=0.269 content=0.487 leak=0.006 err=0.519 covered=0
cover_leftover arm=locked step=350/800 d=0.6608 g=1.1635 cap=0.0000 u_kept=0.310 content=0.540 leak=0.009 err=0.484 covered=0
cover_leftover arm=locked step=400/800 d=0.6817 g=1.1824 cap=0.0000 u_kept=0.357 content=0.617 leak=0.001 err=0.446 covered=0
cover_leftover arm=locked step=450/800 d=0.6605 g=1.0550 cap=0.0000 u_kept=0.397 content=0.673 leak=0.002 err=0.415 covered=0
cover_leftover arm=locked step=500/800 d=0.7040 g=0.9963 cap=0.0000 u_kept=0.448 content=0.734 leak=0.001 err=0.379 covered=0
cover_leftover arm=locked step=550/800 d=0.6959 g=0.9565 cap=0.0000 u_kept=0.484 content=0.793 leak=0.002 err=0.348 covered=0
cover_leftover arm=locked step=600/800 d=0.6927 g=0.9109 cap=0.0000 u_kept=0.522 content=0.829 leak=0.006 err=0.322 covered=0
cover_leftover arm=locked step=650/800 d=0.6499 g=0.8858 cap=0.0000 u_kept=0.544 content=0.856 leak=0.002 err=0.305 covered=0
cover_leftover arm=locked step=700/800 d=0.7264 g=0.8933 cap=0.0000 u_kept=0.562 content=0.878 leak=0.003 err=0.292 covered=0
cover_leftover arm=locked step=750/800 d=0.6613 g=0.8393 cap=0.0000 u_kept=0.568 content=0.888 leak=0.003 err=0.287 covered=0
cover_leftover arm=locked step=800/800 d=0.7098 g=0.8696 cap=0.0000 u_kept=0.575 content=0.894 leak=0.001 err=0.285 covered=0
cover_leftover DONE arm=locked pass=0 reasons=undershoot u_kept=0.490 content=0.780 leak=0.003 err=0.346 same_dir=0.002 particle_rms=0.451
{"event": "DONE", "arm": "proposed", "task": "cover_leftover", "status": "FAIL", "passing_suffix": 0, "live": {"u_kept": 0.5749844255169404, "content_kept": 0.8942388783770919, "leak_ratio": 0.0011661175698901975, "pole_rel_err_plus": 0.28270649909973145, "pole_rel_err_minus": 0.284689337015152, "same_dir": 0.002451160958084495}, "ema_status": "N/A", "error": null}
START proposed unused_token_hold steps=200
unused-token arm=gan step=1 hold=0.9986 concept=0.0000 unused_dist=0.0014
unused-token arm=gan step=50 hold=0.9972 concept=0.0957 unused_dist=0.0028
unused-token arm=gan step=100 hold=0.9961 concept=0.2573 unused_dist=0.0039
unused-token arm=gan step=150 hold=0.9963 concept=0.3664 unused_dist=0.0037
unused-token arm=gan step=200 hold=0.9963 concept=0.3986 unused_dist=0.0037
{"event": "DONE", "arm": "proposed", "task": "unused_token_hold", "status": "FAIL", "passing_suffix": 0, "live": {"unused_hold": 0.9963347387965769, "concept_move": 0.39858573839328315}, "ema_status": "N/A", "error": null}
START proposed mid_scale_identity steps=800
mid_scale arm=locked step=1 seed=0 concept+=+0.5774 concept-=+0.0000 id0=+0.0018 id_mid=+0.0055 scales=[-1.0, 0.0, 0.5, 1.0] gate=FAIL why=concept,identity_0,identity_mid
mid_scale arm=locked step=50 seed=0 concept+=+0.7102 concept-=-0.3780 id0=+0.1208 id_mid=+0.3567 scales=[-1.0, 0.0, 0.5, 1.0] gate=FAIL why=polarity,identity_0,identity_mid
mid_scale arm=locked step=100 seed=0 concept+=+0.8101 concept-=+0.0266 id0=+0.2096 id_mid=+0.5772 scales=[-1.0, 0.0, 0.5, 1.0] gate=FAIL why=concept,identity_0,identity_mid
mid_scale arm=locked step=150 seed=0 concept+=+0.8224 concept-=+0.4339 id0=+0.2921 id_mid=+0.7699 scales=[-1.0, 0.0, 0.5, 1.0] gate=FAIL why=concept,identity_0,identity_mid
mid_scale arm=locked step=200 seed=0 concept+=+0.7964 concept-=+0.7054 id0=+0.3688 id_mid=+0.9693 scales=[-1.0, 0.0, 0.5, 1.0] gate=FAIL why=concept,identity_0
mid_scale arm=locked step=250 seed=0 concept+=+0.8463 concept-=+0.6464 id0=+0.4365 id_mid=+0.9229 scales=[-1.0, 0.0, 0.5, 1.0] gate=FAIL why=concept,identity_0
mid_scale arm=locked step=300 seed=0 concept+=+0.9007 concept-=+0.6412 id0=+0.4920 id_mid=+0.8690 scales=[-1.0, 0.0, 0.5, 1.0] gate=FAIL why=concept,identity_0
mid_scale arm=locked step=350 seed=0 concept+=+0.9172 concept-=+0.7210 id0=+0.5351 id_mid=+0.8079 scales=[-1.0, 0.0, 0.5, 1.0] gate=FAIL why=concept,identity_0,identity_mid
mid_scale arm=locked step=400 seed=0 concept+=+0.9543 concept-=+0.7699 id0=+0.5636 id_mid=+0.8307 scales=[-1.0, 0.0, 0.5, 1.0] gate=FAIL why=concept,identity_0,identity_mid
mid_scale arm=locked step=450 seed=0 concept+=+0.9689 concept-=+0.8396 id0=+0.5948 id_mid=+0.8357 scales=[-1.0, 0.0, 0.5, 1.0] gate=FAIL why=concept,identity_0,identity_mid
mid_scale arm=locked step=500 seed=0 concept+=+0.9871 concept-=+0.8804 id0=+0.6266 id_mid=+0.9058 scales=[-1.0, 0.0, 0.5, 1.0] gate=FAIL why=concept,identity_0
mid_scale arm=locked step=550 seed=0 concept+=+0.9868 concept-=+0.9340 id0=+0.6726 id_mid=+0.9164 scales=[-1.0, 0.0, 0.5, 1.0] gate=FAIL why=concept,identity_0
mid_scale arm=locked step=600 seed=0 concept+=+0.9851 concept-=+0.9641 id0=+0.7222 id_mid=+0.9152 scales=[-1.0, 0.0, 0.5, 1.0] gate=FAIL why=concept,identity_0
mid_scale arm=locked step=650 seed=0 concept+=+0.9917 concept-=+0.9708 id0=+0.7583 id_mid=+0.9643 scales=[-1.0, 0.0, 0.5, 1.0] gate=FAIL why=concept,identity_0
mid_scale arm=locked step=700 seed=0 concept+=+0.9939 concept-=+0.9758 id0=+0.7824 id_mid=+0.9928 scales=[-1.0, 0.0, 0.5, 1.0] gate=FAIL why=concept,identity_0
mid_scale arm=locked step=750 seed=0 concept+=+0.9938 concept-=+0.9798 id0=+0.7961 id_mid=+0.9962 scales=[-1.0, 0.0, 0.5, 1.0] gate=FAIL why=concept,identity_0
mid_scale arm=locked step=800 seed=0 concept+=+0.9937 concept-=+0.9815 id0=+0.8021 id_mid=+0.9954 scales=[-1.0, 0.0, 0.5, 1.0] gate=FAIL why=concept,identity_0
mid_scale arm=locked step=800 seed=0 concept+=+0.9937 concept-=+0.9815 id0=+0.8021 id_mid=+0.9954 scales=[-1.0, 0.0, 0.5, 1.0] gate=FAIL why=concept,identity_0
{"event": "DONE", "arm": "proposed", "task": "mid_scale_identity", "status": "FAIL", "passing_suffix": 0, "live": {"concept_cos_plus": 0.9937223196029663, "concept_cos_minus": 0.9815475344657898, "concept_mag_plus": 0.6923816800117493, "concept_mag_minus": 0.6856108903884888, "identity_at_0": 0.8020539579390443, "identity_at_mid": 0.9954336341597148}, "ema_status": "N/A", "error": null}
START proposed mode_hold steps=1200
{"event": "DONE", "arm": "proposed", "task": "mode_hold", "status": "FAIL", "passing_suffix": 0, "live": {"modes": 7, "hq": 0.738525390625}, "ema_status": "N/A", "error": null}
START proposed vector_two_broad steps=1200
{"event": "DONE", "arm": "proposed", "task": "vector_two_broad", "status": "PASS", "passing_suffix": 19, "live": {"sw1_normalized": 0.039028881605598496, "mean_error": 0.03537439554929733, "covariance_error": 0.04438173398375511, "target_scale": 1.0555585622787476, "sample_count": 4096, "mass_tv": 0.0146484375, "min_mass_ratio": 0.970703125, "hq": 0.984375, "component_covariance_error": 0.20217658579349518, "component_covariance_errors": [0.3119445741176605, 0.09240859746932983], "component_min_eigen_ratio": 0.5616455674171448, "component_mass": [0.4853515625, 0.5146484375], "target_mass": [0.5, 0.5], "component_counts": [1988, 2108]}, "ema_status": "PASS", "error": null}
START proposed vector_unequal_mass steps=1200
{"event": "DONE", "arm": "proposed", "task": "vector_unequal_mass", "status": "PASS", "passing_suffix": 6, "live": {"sw1_normalized": 0.06563451475692533, "mean_error": 0.06227732449769974, "covariance_error": 0.12845924496650696, "target_scale": 1.7593294382095337, "sample_count": 4096, "mass_tv": 0.04682617634534836, "min_mass_ratio": 0.9148615002632141, "hq": 0.9970703125, "component_covariance_error": 0.44131382554769516, "component_covariance_errors": [0.33264806866645813, 0.16402912139892578, 0.5841332674026489, 0.6844448447227478], "component_min_eigen_ratio": 0.2697688937187195, "component_mass": [0.503173828125, 0.33056640625, 0.1376953125, 0.028564453125], "target_mass": [0.550000011920929, 0.30000001192092896, 0.12999999523162842, 0.019999999552965164], "component_counts": [2061, 1354, 564, 117]}, "ema_status": "FAIL", "error": null}
START proposed vector_unequal_width steps=1200
{"event": "DONE", "arm": "proposed", "task": "vector_unequal_width", "status": "PASS", "passing_suffix": 7, "live": {"sw1_normalized": 0.07168866807918944, "mean_error": 0.08036432415246964, "covariance_error": 0.10437361896038055, "target_scale": 2.1343955993652344, "sample_count": 4096, "mass_tv": 0.055908203125, "min_mass_ratio": 0.8330078125, "hq": 0.987060546875, "component_covariance_error": 0.4135718420147896, "component_covariance_errors": [0.5087621212005615, 0.5491857528686523, 0.3512181043624878, 0.24512138962745667], "component_min_eigen_ratio": 0.28063830733299255, "component_mass": [0.23583984375, 0.208251953125, 0.2578125, 0.298095703125], "target_mass": [0.25, 0.25, 0.25, 0.25], "component_counts": [966, 853, 1056, 1221]}, "ema_status": "FAIL", "error": null}
START proposed vector_anisotropic steps=1200
{"event": "DONE", "arm": "proposed", "task": "vector_anisotropic", "status": "PASS", "passing_suffix": 15, "live": {"sw1_normalized": 0.14075334313934357, "mean_error": 0.1938084363937378, "covariance_error": 0.15296639502048492, "target_scale": 2.032285690307617, "sample_count": 4096, "mass_tv": 0.1068522185087204, "min_mass_ratio": 0.77783203125, "hq": 0.98974609375, "component_covariance_error": 0.13558053721984228, "component_covariance_errors": [0.15144255757331848, 0.13789492845535278, 0.11740412563085556], "component_min_eigen_ratio": 0.5556106567382812, "component_mass": [0.300537109375, 0.25927734375, 0.440185546875], "target_mass": [0.3333333432674408, 0.3333333432674408, 0.3333333432674408], "component_counts": [1231, 1062, 1803]}, "ema_status": "PASS", "error": null}
START proposed vector_overlap steps=1200
{"event": "DONE", "arm": "proposed", "task": "vector_overlap", "status": "PASS", "passing_suffix": 5, "live": {"sw1_normalized": 0.05306776620981004, "mean_error": 0.06037481874227524, "covariance_error": 0.10056158900260925, "target_scale": 0.8501437306404114, "sample_count": 4096}, "ema_status": "PASS", "error": null}
START proposed vector_spiral steps=1600
{"event": "DONE", "arm": "proposed", "task": "vector_spiral", "status": "PASS", "passing_suffix": 23, "live": {"sw1_normalized": 0.06325822952486929, "mean_error": 0.07759803533554077, "covariance_error": 0.11381782591342926, "target_scale": 1.224178433418274, "sample_count": 4096}, "ema_status": "PASS", "error": null}
START proposed img_stripes2 steps=600
{"event": "DONE", "arm": "proposed", "task": "img_stripes2", "status": "PASS", "passing_suffix": 19, "live": {"modes": 2, "hq": 1.0, "mean_rmse": 0.0007767334464006126, "quality_mode_fractions": [0.4375, 0.5625], "mode_fractions": [0.4375, 0.5625], "distribution_tv": 0.0625}, "ema_status": "PASS", "error": null}
START proposed img_bars4 steps=600
{"event": "DONE", "arm": "proposed", "task": "img_bars4", "status": "FAIL", "passing_suffix": 0, "live": {"modes": 3, "hq": 0.84375, "mean_rmse": 0.04830823466181755, "quality_mode_fractions": [0.1875, 0.3125, 0.09375, 0.25], "mode_fractions": [0.21875, 0.375, 0.15625, 0.25], "distribution_tv": 0.125}, "ema_status": "FAIL", "error": null}
START proposed img_blobs4 steps=600
{"event": "DONE", "arm": "proposed", "task": "img_blobs4", "status": "FAIL", "passing_suffix": 0, "live": {"modes": 3, "hq": 0.875, "mean_rmse": 0.03138333559036255, "quality_mode_fractions": [0.375, 0.21875, 0.09375, 0.1875], "mode_fractions": [0.46875, 0.21875, 0.09375, 0.21875], "distribution_tv": 0.21875}, "ema_status": "FAIL", "error": null}
START proposed img_intensity2 steps=600
{"event": "DONE", "arm": "proposed", "task": "img_intensity2", "status": "FAIL", "passing_suffix": 0, "live": {"modes": 2, "hq": 0.78125, "mean_rmse": 0.037726256996393204, "quality_mode_fractions": [0.375, 0.40625], "mode_fractions": [0.4375, 0.5625], "distribution_tv": 0.0625}, "ema_status": "FAIL", "error": null}
