START ra_r1_fake_cap trajectory
{"candidate": "ra_r1_fake_cap", "gate": "trajectory", "status": "FAIL", "seconds": 8.411276346072555, "metrics": {"identity_mse": 0.48009395599365234}, "convergence": {"complete": true, "observations": 24, "passing_observations": 0, "minimum_stable_checks": 5, "passing_suffix": 0, "first_pass_step": null, "stable_from_step": null, "stable_from_seconds": null, "confirmed_step": null, "confirmed_seconds": null}, "artifact": "/ml2/hypergan/gan-attempts/formulation-followup-20260925T000425Z/ra_r1_fake_cap/20260925T000425Z/trajectory/result.json", "audit": "PASS"}
START ra_r1_fake_cap img_intensity2
Traceback (most recent call last):
  File "/ml2/hypergan/gan-attempts/formulation-followup-20260925T000425Z/advance.py", line 62, in worker
    assert r['spec']==expected_spec
           ^^^^^^^^^^^^^^^^^^^^^^^^
AssertionError

Traceback (most recent call last):
  File "/ml2/hypergan/gan-attempts/formulation-followup-20260925T000425Z/advance.py", line 88, in <module>
    rows=sum(list(pool.map(worker,RUNS)),[])
             ^^^^^^^^^^^^^^^^^^^^^^^^^^^
  File "/home/mikkel/anaconda3/envs/conceptmod/lib/python3.12/concurrent/futures/_base.py", line 619, in result_iterator
    yield _result_or_cancel(fs.pop())
          ^^^^^^^^^^^^^^^^^^^^^^^^^^^
  File "/home/mikkel/anaconda3/envs/conceptmod/lib/python3.12/concurrent/futures/_base.py", line 317, in _result_or_cancel
    return fut.result(timeout)
           ^^^^^^^^^^^^^^^^^^^
  File "/home/mikkel/anaconda3/envs/conceptmod/lib/python3.12/concurrent/futures/_base.py", line 456, in result
    return self.__get_result()
           ^^^^^^^^^^^^^^^^^^^
  File "/home/mikkel/anaconda3/envs/conceptmod/lib/python3.12/concurrent/futures/_base.py", line 401, in __get_result
    raise self._exception
  File "/home/mikkel/anaconda3/envs/conceptmod/lib/python3.12/concurrent/futures/thread.py", line 59, in run
    result = self.fn(*self.args, **self.kwargs)
             ^^^^^^^^^^^^^^^^^^^^^^^^^^^^^^^^^^
  File "/ml2/hypergan/gan-attempts/formulation-followup-20260925T000425Z/advance.py", line 62, in worker
    assert r['spec']==expected_spec
           ^^^^^^^^^^^^^^^^^^^^^^^^
AssertionError
