START problem=rotated100 steps=7000 device=cuda:0 events=reports/simple-critic/toy100/runs_ctrl/hook/ref_stock/bench/rotated100/events.jsonl
EVAL step=0/7000 model=live modes=0/100 hq=0.0213 pass=False elapsed=0.3s
EVAL step=0/7000 model=ema modes=0/100 hq=0.0213 pass=False elapsed=0.4s
TRAIN step=1/7000 d=1.1703 g=0.6966 train_seconds=0.0
EVAL step=1/7000 model=live modes=0/100 hq=0.0214 pass=False elapsed=0.5s
EVAL step=1/7000 model=ema modes=0/100 hq=0.0213 pass=False elapsed=0.6s
EVAL step=10/7000 model=live modes=0/100 hq=0.0202 pass=False elapsed=0.9s
EVAL step=10/7000 model=ema modes=0/100 hq=0.0210 pass=False elapsed=0.9s
EVAL step=25/7000 model=live modes=0/100 hq=0.0217 pass=False elapsed=1.2s
EVAL step=25/7000 model=ema modes=0/100 hq=0.0211 pass=False elapsed=1.4s
EVAL step=50/7000 model=live modes=0/100 hq=0.0224 pass=False elapsed=1.9s
EVAL step=50/7000 model=ema modes=0/100 hq=0.0230 pass=False elapsed=2.0s
EVAL step=100/7000 model=live modes=0/100 hq=0.0244 pass=False elapsed=2.8s
EVAL step=100/7000 model=ema modes=0/100 hq=0.0223 pass=False elapsed=3.0s
TRAIN step=250/7000 d=0.6938 g=0.6938 train_seconds=3.7
EVAL step=250/7000 model=live modes=0/100 hq=0.0278 pass=False elapsed=5.3s
EVAL step=250/7000 model=ema modes=0/100 hq=0.0251 pass=False elapsed=5.4s
TRAIN step=500/7000 d=0.6792 g=0.7142 train_seconds=7.4
EVAL step=500/7000 model=live modes=0/100 hq=0.2035 pass=False elapsed=9.4s
EVAL step=500/7000 model=ema modes=0/100 hq=0.0391 pass=False elapsed=9.5s
TRAIN step=750/7000 d=0.6885 g=0.7193 train_seconds=11.2
EVAL step=750/7000 model=live modes=100/100 hq=0.9081 pass=False elapsed=13.4s
EVAL step=750/7000 model=ema modes=0/100 hq=0.3209 pass=False elapsed=13.6s
TRAIN step=1000/7000 d=0.6833 g=0.7161 train_seconds=15.0
EVAL step=1000/7000 model=live modes=100/100 hq=0.9070 pass=False elapsed=17.6s
EVAL step=1000/7000 model=ema modes=100/100 hq=0.8824 pass=False elapsed=17.7s
TRAIN step=1250/7000 d=0.6823 g=0.7143 train_seconds=18.7
EVAL step=1250/7000 model=live modes=100/100 hq=0.9198 pass=False elapsed=21.5s
EVAL step=1250/7000 model=ema modes=100/100 hq=0.9353 pass=False elapsed=21.7s
TRAIN step=1500/7000 d=0.6835 g=0.7055 train_seconds=22.3
EVAL step=1500/7000 model=live modes=100/100 hq=0.8996 pass=False elapsed=25.5s
EVAL step=1500/7000 model=ema modes=100/100 hq=0.9426 pass=False elapsed=25.6s
TRAIN step=1750/7000 d=0.6865 g=0.7085 train_seconds=25.9
EVAL step=1750/7000 model=live modes=100/100 hq=0.9135 pass=False elapsed=29.4s
EVAL step=1750/7000 model=ema modes=100/100 hq=0.9586 pass=False elapsed=29.6s
TRAIN step=2000/7000 d=0.6849 g=0.7052 train_seconds=29.8
EVAL step=2000/7000 model=live modes=100/100 hq=0.9244 pass=False elapsed=33.7s
EVAL step=2000/7000 model=ema modes=100/100 hq=0.9716 pass=True elapsed=33.8s
TRAIN step=2250/7000 d=0.6839 g=0.7047 train_seconds=33.4
EVAL step=2250/7000 model=live modes=100/100 hq=0.9275 pass=False elapsed=37.5s
EVAL step=2250/7000 model=ema modes=100/100 hq=0.9759 pass=True elapsed=37.7s
TRAIN step=2500/7000 d=0.6886 g=0.7034 train_seconds=37.0
EVAL step=2500/7000 model=live modes=100/100 hq=0.9300 pass=False elapsed=41.5s
EVAL step=2500/7000 model=ema modes=100/100 hq=0.9766 pass=True elapsed=41.6s
TRAIN step=2750/7000 d=0.6836 g=0.7034 train_seconds=40.5
EVAL step=2750/7000 model=live modes=100/100 hq=0.9297 pass=False elapsed=45.3s
EVAL step=2750/7000 model=ema modes=100/100 hq=0.9779 pass=True elapsed=45.5s
TRAIN step=3000/7000 d=0.6860 g=0.7034 train_seconds=44.5
EVAL step=3000/7000 model=live modes=100/100 hq=0.9315 pass=False elapsed=49.6s
EVAL step=3000/7000 model=ema modes=100/100 hq=0.9793 pass=True elapsed=49.7s
TRAIN step=3250/7000 d=0.6875 g=0.7049 train_seconds=48.2
EVAL step=3250/7000 model=live modes=100/100 hq=0.9292 pass=False elapsed=53.6s
EVAL step=3250/7000 model=ema modes=100/100 hq=0.9794 pass=True elapsed=53.7s
TRAIN step=3500/7000 d=0.6867 g=0.7041 train_seconds=51.9
EVAL step=3500/7000 model=live modes=100/100 hq=0.9316 pass=False elapsed=57.6s
EVAL step=3500/7000 model=ema modes=100/100 hq=0.9802 pass=True elapsed=57.7s
TRAIN step=3750/7000 d=0.6872 g=0.7044 train_seconds=55.5
EVAL step=3750/7000 model=live modes=100/100 hq=0.9354 pass=False elapsed=61.6s
EVAL step=3750/7000 model=ema modes=100/100 hq=0.9812 pass=True elapsed=61.7s
TRAIN step=4000/7000 d=0.6879 g=0.7089 train_seconds=59.3
EVAL step=4000/7000 model=live modes=100/100 hq=0.9354 pass=False elapsed=65.6s
EVAL step=4000/7000 model=ema modes=100/100 hq=0.9815 pass=True elapsed=65.8s
TRAIN step=4250/7000 d=0.6878 g=0.7055 train_seconds=63.0
EVAL step=4250/7000 model=live modes=100/100 hq=0.9366 pass=False elapsed=69.7s
EVAL step=4250/7000 model=ema modes=100/100 hq=0.9816 pass=True elapsed=69.8s
TRAIN step=4500/7000 d=0.6859 g=0.7055 train_seconds=66.7
EVAL step=4500/7000 model=live modes=100/100 hq=0.9415 pass=False elapsed=73.6s
EVAL step=4500/7000 model=ema modes=100/100 hq=0.9829 pass=True elapsed=73.7s
TRAIN step=4750/7000 d=0.6880 g=0.7039 train_seconds=70.3
EVAL step=4750/7000 model=live modes=100/100 hq=0.9422 pass=False elapsed=77.6s
EVAL step=4750/7000 model=ema modes=100/100 hq=0.9825 pass=True elapsed=77.7s
TRAIN step=5000/7000 d=0.6862 g=0.7046 train_seconds=74.0
EVAL step=5000/7000 model=live modes=100/100 hq=0.9502 pass=False elapsed=81.6s
EVAL step=5000/7000 model=ema modes=100/100 hq=0.9839 pass=True elapsed=81.7s
TRAIN step=5250/7000 d=0.6873 g=0.7031 train_seconds=77.5
EVAL step=5250/7000 model=live modes=100/100 hq=0.9601 pass=False elapsed=85.4s
EVAL step=5250/7000 model=ema modes=100/100 hq=0.9844 pass=True elapsed=85.5s
TRAIN step=5500/7000 d=0.6888 g=0.7014 train_seconds=81.1
EVAL step=5500/7000 model=live modes=100/100 hq=0.9670 pass=False elapsed=89.3s
EVAL step=5500/7000 model=ema modes=100/100 hq=0.9850 pass=True elapsed=89.4s
TRAIN step=5750/7000 d=0.6879 g=0.7004 train_seconds=84.8
EVAL step=5750/7000 model=live modes=100/100 hq=0.9731 pass=True elapsed=93.3s
EVAL step=5750/7000 model=ema modes=100/100 hq=0.9856 pass=True elapsed=93.4s
TRAIN step=6000/7000 d=0.6901 g=0.7014 train_seconds=88.4
EVAL step=6000/7000 model=live modes=100/100 hq=0.9789 pass=True elapsed=97.2s
EVAL step=6000/7000 model=ema modes=100/100 hq=0.9858 pass=True elapsed=97.3s
TRAIN step=6250/7000 d=0.6912 g=0.6978 train_seconds=91.6
EVAL step=6250/7000 model=live modes=100/100 hq=0.9819 pass=True elapsed=100.7s
EVAL step=6250/7000 model=ema modes=100/100 hq=0.9859 pass=True elapsed=100.9s
TRAIN step=6500/7000 d=0.6924 g=0.7009 train_seconds=94.4
EVAL step=6500/7000 model=live modes=100/100 hq=0.9836 pass=True elapsed=103.9s
EVAL step=6500/7000 model=ema modes=100/100 hq=0.9857 pass=True elapsed=104.1s
TRAIN step=6750/7000 d=0.6908 g=0.6997 train_seconds=97.2
EVAL step=6750/7000 model=live modes=100/100 hq=0.9852 pass=True elapsed=107.0s
EVAL step=6750/7000 model=ema modes=100/100 hq=0.9855 pass=True elapsed=107.1s
TRAIN step=7000/7000 d=0.6910 g=0.7031 train_seconds=99.9
EVAL step=7000/7000 model=live modes=100/100 hq=0.9853 pass=True elapsed=110.0s
EVAL step=7000/7000 model=ema modes=100/100 hq=0.9860 pass=True elapsed=110.2s
COMPLETE problem=rotated100 steps=7000 live_modes=100/100 live_hq=0.9853 stable_pass=6750 total_seconds=111.1
