# arm=full_r1 formulation=wgan + r1(1) + path-lower(10,t=1) + cap-all(10,c=1) device=cuda:0 steps=4600
# step phase modes hq pass | Dr mean/max |Dr|max Df | grad-norm real fake path(min) max | loss_d terms | loss_g | sec
# init=batch_feature_zero hook=None differs_from_old=G,D,prior public_path_match=G,D,prior ema_D_equals_D=None sha G=615e9d129c1c D=e15f6122daf7 prior=2531df2c5ad8
   10 acq  m=0 hq=0.000 fail | Dr=+0.060/+0.228 |Dr|max=0.228 Df=+0.040 | g r=0.520 f=0.582 p=0.725(0.022) max=1.757 | Ld=+1.7458 base=-0.0902 r1=0.631 path=0.816 cap=0.388 | Lg=+0.7488 | 1s
   20 acq  m=0 hq=0.000 fail | Dr=+0.043/+0.248 |Dr|max=0.248 Df=+0.003 | g r=0.586 f=0.201 p=0.786(0.007) max=1.944 | Ld=+1.8215 base=-0.0184 r1=0.691 path=0.836 cap=0.314 | Lg=+0.7204 | 1s
   30 acq  m=0 hq=0.000 fail | Dr=+0.103/+0.267 |Dr|max=0.267 Df=-0.038 | g r=0.409 f=0.161 p=0.679(0.029) max=1.722 | Ld=+1.7117 base=-0.141 r1=0.744 path=0.491 cap=0.617 | Lg=+0.7731 | 1s
   40 acq  m=0 hq=0.000 fail | Dr=+0.245/+0.441 |Dr|max=0.441 Df=-0.053 | g r=0.284 f=0.161 p=0.565(0.012) max=1.394 | Ld=+1.6184 base=-0.349 r1=0.743 path=0.435 cap=0.79 | Lg=+0.8604 | 1s
   50 acq  m=0 hq=0.000 fail | Dr=+0.363/+0.754 |Dr|max=0.754 Df=+0.100 | g r=0.397 f=0.532 p=0.647(0.019) max=1.592 | Ld=+1.7044 base=-0.352 r1=0.503 path=0.702 cap=0.852 | Lg=+0.8876 | 1s
   60 acq  m=0 hq=0.000 fail | Dr=-0.075/+0.143 |Dr|max=0.453 Df=-0.297 | g r=0.577 f=0.728 p=0.746(0.020) max=2.086 | Ld=+1.8288 base=0.162 r1=0.605 path=0.732 cap=0.33 | Lg=+1.2856 | 1s
   70 acq  m=0 hq=0.000 fail | Dr=+0.106/+0.341 |Dr|max=0.341 Df=-0.068 | g r=0.386 f=0.609 p=0.607(0.003) max=1.435 | Ld=+1.7328 base=-0.212 r1=0.541 path=0.602 cap=0.802 | Lg=+0.7904 | 1s
   80 acq  m=1 hq=0.014 fail | Dr=+0.148/+0.411 |Dr|max=0.411 Df=+0.064 | g r=0.385 f=0.606 p=0.628(0.033) max=1.398 | Ld=+1.6219 base=-0.109 r1=0.572 path=0.541 cap=0.618 | Lg=+0.7862 | 1s
   90 acq  m=2 hq=0.019 fail | Dr=-0.030/+0.262 |Dr|max=0.262 Df=-0.181 | g r=0.221 f=0.366 p=0.399(0.004) max=1.176 | Ld=+2.5472 base=-0.361 r1=0.808 path=0.472 cap=1.63 | Lg=+0.7890 | 1s
  100 acq  m=2 hq=0.014 fail | Dr=+0.073/+0.370 |Dr|max=0.370 Df=-0.089 | g r=0.441 f=0.684 p=0.677(0.013) max=1.533 | Ld=+1.6094 base=-0.175 r1=0.564 path=0.615 cap=0.606 | Lg=+0.7759 | 2s
  110 acq  m=4 hq=0.006 fail | Dr=-0.006/+0.218 |Dr|max=0.298 Df=+0.062 | g r=0.549 f=0.760 p=0.796(0.012) max=1.975 | Ld=+1.6088 base=0.0323 r1=0.555 path=0.772 cap=0.25 | Lg=+0.7210 | 2s
  120 acq  m=8 hq=0.013 fail | Dr=+0.006/+0.187 |Dr|max=0.206 Df=-0.046 | g r=0.459 f=0.752 p=0.741(0.025) max=1.556 | Ld=+1.5169 base=-0.0994 r1=0.455 path=0.657 cap=0.504 | Lg=+0.7290 | 2s
  130 acq  m=4 hq=0.013 fail | Dr=-0.041/+0.128 |Dr|max=0.265 Df=-0.139 | g r=0.457 f=0.754 p=0.748(0.012) max=1.612 | Ld=+1.4810 base=-0.104 r1=0.532 path=0.644 cap=0.409 | Lg=+0.7539 | 2s
  140 acq  m=7 hq=0.014 fail | Dr=-0.045/+0.124 |Dr|max=0.313 Df=-0.144 | g r=0.481 f=0.761 p=0.784(0.010) max=1.831 | Ld=+1.4568 base=-0.119 r1=0.531 path=0.698 cap=0.346 | Lg=+0.7583 | 2s
  150 acq  m=8 hq=0.018 fail | Dr=-0.001/+0.136 |Dr|max=0.195 Df=-0.096 | g r=0.456 f=0.733 p=0.742(0.027) max=1.678 | Ld=+1.4609 base=-0.118 r1=0.545 path=0.632 cap=0.402 | Lg=+0.7431 | 2s
  160 acq  m=8 hq=0.021 fail | Dr=+0.006/+0.159 |Dr|max=0.210 Df=-0.097 | g r=0.510 f=0.785 p=0.812(0.033) max=1.649 | Ld=+1.3300 base=-0.121 r1=0.457 path=0.691 cap=0.303 | Lg=+0.7533 | 2s
  170 acq  m=8 hq=0.015 fail | Dr=-0.032/+0.074 |Dr|max=0.210 Df=-0.103 | g r=0.456 f=0.710 p=0.735(0.006) max=1.752 | Ld=+1.4855 base=-0.108 r1=0.479 path=0.669 cap=0.445 | Lg=+0.7368 | 2s
  180 acq  m=8 hq=0.018 fail | Dr=-0.034/+0.096 |Dr|max=0.182 Df=-0.151 | g r=0.483 f=0.785 p=0.788(0.004) max=1.742 | Ld=+1.2854 base=-0.135 r1=0.475 path=0.653 cap=0.293 | Lg=+0.7655 | 2s
  190 acq  m=7 hq=0.023 fail | Dr=-0.008/+0.086 |Dr|max=0.212 Df=-0.104 | g r=0.416 f=0.734 p=0.742(0.026) max=1.593 | Ld=+1.3086 base=-0.121 r1=0.477 path=0.568 cap=0.384 | Lg=+0.7506 | 2s
  200 acq  m=6 hq=0.021 fail | Dr=+0.035/+0.153 |Dr|max=0.153 Df=-0.046 | g r=0.403 f=0.710 p=0.719(0.018) max=1.492 | Ld=+1.5205 base=-0.146 r1=0.542 path=0.608 cap=0.516 | Lg=+0.7497 | 3s
  210 acq  m=6 hq=0.010 fail | Dr=+0.025/+0.283 |Dr|max=0.283 Df=-0.135 | g r=0.456 f=0.795 p=0.781(0.020) max=1.790 | Ld=+1.3254 base=-0.124 r1=0.464 path=0.644 cap=0.341 | Lg=+0.7960 | 3s
  220 acq  m=8 hq=0.020 fail | Dr=+0.019/+0.141 |Dr|max=0.178 Df=-0.126 | g r=0.461 f=0.784 p=0.794(0.028) max=1.727 | Ld=+1.3296 base=-0.143 r1=0.448 path=0.672 cap=0.354 | Lg=+0.7736 | 3s
  230 acq  m=5 hq=0.013 fail | Dr=+0.082/+0.277 |Dr|max=0.277 Df=-0.072 | g r=0.422 f=0.717 p=0.732(0.026) max=1.580 | Ld=+1.3968 base=-0.145 r1=0.456 path=0.633 cap=0.453 | Lg=+0.7800 | 3s
  240 acq  m=8 hq=0.032 fail | Dr=+0.040/+0.299 |Dr|max=0.299 Df=-0.092 | g r=0.472 f=0.796 p=0.818(0.013) max=1.838 | Ld=+1.2059 base=-0.184 r1=0.403 path=0.653 cap=0.334 | Lg=+0.7827 | 3s
  250 acq  m=8 hq=0.020 fail | Dr=+0.047/+0.254 |Dr|max=0.254 Df=-0.093 | g r=0.474 f=0.805 p=0.838(0.040) max=1.860 | Ld=+1.1451 base=-0.171 r1=0.365 path=0.742 cap=0.21 | Lg=+0.7763 | 3s
  260 acq  m=8 hq=0.034 fail | Dr=+0.032/+0.197 |Dr|max=0.197 Df=-0.113 | g r=0.485 f=0.847 p=0.873(0.031) max=1.936 | Ld=+1.2635 base=-0.166 r1=0.384 path=0.826 cap=0.22 | Lg=+0.7850 | 3s
  270 acq  m=8 hq=0.022 fail | Dr=+0.087/+0.222 |Dr|max=0.222 Df=-0.070 | g r=0.413 f=0.730 p=0.753(0.017) max=1.637 | Ld=+1.2714 base=-0.197 r1=0.416 path=0.645 cap=0.408 | Lg=+0.7831 | 3s
  280 acq  m=7 hq=0.026 fail | Dr=+0.027/+0.399 |Dr|max=0.399 Df=-0.116 | g r=0.438 f=0.698 p=0.736(0.005) max=1.854 | Ld=+1.5295 base=-0.188 r1=0.49 path=0.585 cap=0.642 | Lg=+0.8063 | 3s
  290 acq  m=7 hq=0.012 fail | Dr=+0.417/+1.031 |Dr|max=1.031 Df=+0.292 | g r=1.668 f=1.459 p=1.513(0.040) max=5.407 | Ld=+87.9728 base=0.669 r1=12.2 path=0.0361 cap=75.1 | Lg=+1.0258 | 3s
  300 acq  m=4 hq=0.008 fail | Dr=+0.155/+0.663 |Dr|max=0.663 Df=+0.087 | g r=0.782 f=0.785 p=0.765(0.019) max=2.943 | Ld=+2.7751 base=-0.0986 r1=0.75 path=1.72 cap=0.407 | Lg=+0.7553 | 4s
  310 acq  m=2 hq=0.007 fail | Dr=-0.023/+0.231 |Dr|max=0.488 Df=-0.229 | g r=0.686 f=0.887 p=0.868(0.024) max=2.883 | Ld=+1.8828 base=-0.328 r1=0.595 path=1.11 cap=0.507 | Lg=+1.0085 | 4s
  320 acq  m=0 hq=0.000 fail | Dr=+0.075/+0.325 |Dr|max=0.325 Df=+0.171 | g r=0.620 f=0.722 p=0.750(0.009) max=2.336 | Ld=+2.3712 base=0.0978 r1=0.444 path=1.67 cap=0.158 | Lg=+0.6515 | 4s
  330 acq  m=0 hq=0.000 fail | Dr=+0.157/+0.475 |Dr|max=0.475 Df=+0.202 | g r=0.598 f=0.771 p=0.776(0.010) max=2.618 | Ld=+2.0948 base=0.0487 r1=0.404 path=1.45 cap=0.189 | Lg=+0.6759 | 4s
  340 acq  m=2 hq=0.001 fail | Dr=+0.184/+0.559 |Dr|max=0.559 Df=+0.194 | g r=0.605 f=0.824 p=0.809(0.003) max=2.319 | Ld=+1.9920 base=0.0102 r1=0.403 path=1.37 cap=0.213 | Lg=+0.6922 | 4s
  350 acq  m=5 hq=0.008 fail | Dr=+0.188/+0.593 |Dr|max=0.593 Df=+0.241 | g r=0.623 f=0.841 p=0.823(0.023) max=2.314 | Ld=+1.9616 base=0.0507 r1=0.44 path=1.24 cap=0.228 | Lg=+0.6769 | 4s
  360 acq  m=5 hq=0.007 fail | Dr=+0.134/+0.444 |Dr|max=0.444 Df=+0.185 | g r=0.619 f=0.831 p=0.826(0.025) max=2.398 | Ld=+2.0285 base=0.025 r1=0.446 path=1.31 cap=0.251 | Lg=+0.6844 | 4s
  370 acq  m=4 hq=0.013 fail | Dr=+0.112/+0.358 |Dr|max=0.358 Df=+0.114 | g r=0.617 f=0.842 p=0.836(0.024) max=2.184 | Ld=+1.8824 base=0.0186 r1=0.425 path=1.25 cap=0.187 | Lg=+0.6970 | 4s
  380 acq  m=5 hq=0.005 fail | Dr=+0.108/+0.364 |Dr|max=0.364 Df=+0.160 | g r=0.608 f=0.858 p=0.822(0.012) max=2.074 | Ld=+2.0172 base=0.0565 r1=0.443 path=1.34 cap=0.173 | Lg=+0.6715 | 4s
  390 acq  m=4 hq=0.007 fail | Dr=+0.080/+0.392 |Dr|max=0.392 Df=+0.089 | g r=0.597 f=0.856 p=0.833(0.021) max=2.006 | Ld=+1.8106 base=0.011 r1=0.418 path=1.17 cap=0.208 | Lg=+0.6942 | 5s
  400 acq  m=3 hq=0.004 fail | Dr=+0.086/+0.391 |Dr|max=0.391 Df=+0.077 | g r=0.605 f=0.874 p=0.839(0.021) max=2.076 | Ld=+1.8631 base=-0.0265 r1=0.448 path=1.26 cap=0.182 | Lg=+0.7121 | 5s
  410 acq  m=5 hq=0.008 fail | Dr=+0.093/+0.375 |Dr|max=0.375 Df=+0.066 | g r=0.615 f=0.865 p=0.832(0.008) max=2.307 | Ld=+1.8825 base=-0.0339 r1=0.449 path=1.24 cap=0.223 | Lg=+0.7147 | 5s
  420 acq  m=2 hq=0.008 fail | Dr=+0.087/+0.320 |Dr|max=0.320 Df=+0.045 | g r=0.625 f=0.872 p=0.836(0.024) max=2.378 | Ld=+1.7771 base=-0.0263 r1=0.454 path=1.1 cap=0.248 | Lg=+0.7094 | 5s
  430 acq  m=1 hq=0.016 fail | Dr=+0.084/+0.335 |Dr|max=0.335 Df=+0.031 | g r=0.630 f=0.922 p=0.830(0.019) max=1.994 | Ld=+1.7929 base=-0.0365 r1=0.462 path=1.15 cap=0.214 | Lg=+0.7182 | 5s
  440 acq  m=3 hq=0.012 fail | Dr=+0.098/+0.299 |Dr|max=0.299 Df=+0.108 | g r=0.639 f=0.865 p=0.854(0.013) max=2.174 | Ld=+1.7770 base=0.012 r1=0.471 path=1.08 cap=0.216 | Lg=+0.6963 | 5s
  450 acq  m=1 hq=0.001 fail | Dr=+0.047/+0.404 |Dr|max=0.404 Df=-0.233 | g r=0.603 f=0.893 p=0.878(0.028) max=2.119 | Ld=+1.5276 base=-0.228 r1=0.431 path=1.1 cap=0.23 | Lg=+0.8787 | 5s
  460 acq  m=1 hq=0.005 fail | Dr=+0.025/+0.473 |Dr|max=0.473 Df=+0.020 | g r=0.592 f=0.923 p=0.835(0.022) max=1.950 | Ld=+1.8244 base=-0.0668 r1=0.439 path=1.05 cap=0.4 | Lg=+0.7474 | 5s
  470 acq  m=3 hq=0.007 fail | Dr=+0.065/+0.231 |Dr|max=0.231 Df=-0.065 | g r=0.660 f=0.815 p=0.881(0.019) max=2.233 | Ld=+1.4816 base=-0.165 r1=0.489 path=1.02 cap=0.136 | Lg=+0.8627 | 5s
  480 acq  m=1 hq=0.009 fail | Dr=+0.107/+0.348 |Dr|max=0.348 Df=-0.010 | g r=0.589 f=0.882 p=0.881(0.013) max=2.014 | Ld=+1.6201 base=-0.101 r1=0.418 path=1.06 cap=0.243 | Lg=+0.7607 | 6s
  490 acq  m=3 hq=0.005 fail | Dr=+0.100/+0.494 |Dr|max=0.494 Df=-0.072 | g r=0.603 f=0.893 p=0.860(0.031) max=2.089 | Ld=+1.5056 base=-0.179 r1=0.433 path=1 cap=0.249 | Lg=+0.8034 | 6s
  500 acq  m=0 hq=0.000 fail | Dr=+0.078/+0.447 |Dr|max=0.447 Df=+0.181 | g r=0.625 f=0.884 p=0.872(0.010) max=2.209 | Ld=+1.7897 base=0.0421 r1=0.444 path=1.06 cap=0.24 | Lg=+0.7019 | 6s
  510 acq  m=0 hq=0.000 fail | Dr=-0.018/+0.229 |Dr|max=0.316 Df=-0.195 | g r=0.653 f=0.852 p=0.881(0.012) max=2.076 | Ld=+1.4486 base=-0.212 r1=0.505 path=1 cap=0.152 | Lg=+0.8115 | 6s
  520 acq  m=1 hq=0.095 fail | Dr=+0.050/+0.298 |Dr|max=0.298 Df=-0.087 | g r=0.590 f=0.873 p=0.886(0.011) max=2.135 | Ld=+1.4643 base=-0.12 r1=0.401 path=1.02 cap=0.161 | Lg=+0.7826 | 6s
  530 acq  m=2 hq=0.008 fail | Dr=+0.056/+0.410 |Dr|max=0.421 Df=-0.014 | g r=0.604 f=0.829 p=0.867(0.009) max=2.038 | Ld=+1.5319 base=-0.0558 r1=0.426 path=0.998 cap=0.164 | Lg=+0.7489 | 6s
  540 acq  m=2 hq=0.013 fail | Dr=+0.018/+0.539 |Dr|max=0.539 Df=-0.206 | g r=0.603 f=0.903 p=0.884(0.024) max=2.027 | Ld=+1.3947 base=-0.232 r1=0.445 path=0.981 cap=0.201 | Lg=+0.8358 | 6s
  550 acq  m=1 hq=0.005 fail | Dr=-0.073/+0.126 |Dr|max=0.345 Df=-0.161 | g r=0.644 f=0.934 p=0.882(0.026) max=2.027 | Ld=+1.4980 base=-0.0895 r1=0.472 path=0.901 cap=0.215 | Lg=+0.7683 | 6s
  560 acq  m=2 hq=0.005 fail | Dr=-0.030/+0.133 |Dr|max=0.222 Df=-0.120 | g r=0.595 f=0.846 p=0.862(0.033) max=2.020 | Ld=+1.5647 base=-0.0849 r1=0.419 path=1.07 cap=0.16 | Lg=+0.7440 | 7s
  570 acq  m=4 hq=0.015 fail | Dr=+0.033/+0.262 |Dr|max=0.337 Df=-0.161 | g r=0.571 f=0.884 p=0.878(0.027) max=2.045 | Ld=+1.3738 base=-0.195 r1=0.39 path=0.947 cap=0.232 | Lg=+0.8047 | 7s
  580 acq  m=8 hq=0.021 fail | Dr=+0.039/+0.312 |Dr|max=0.335 Df=-0.080 | g r=0.596 f=0.830 p=0.877(0.011) max=1.959 | Ld=+1.3974 base=-0.122 r1=0.42 path=0.907 cap=0.193 | Lg=+0.7644 | 7s
  590 acq  m=7 hq=0.014 fail | Dr=+0.026/+0.181 |Dr|max=0.218 Df=-0.093 | g r=0.587 f=0.856 p=0.890(0.027) max=2.112 | Ld=+1.3635 base=-0.122 r1=0.411 path=0.875 cap=0.2 | Lg=+0.7562 | 7s
  600 acq  m=8 hq=0.021 fail | Dr=+0.002/+0.139 |Dr|max=0.171 Df=-0.124 | g r=0.589 f=0.863 p=0.889(0.016) max=2.038 | Ld=+1.3705 base=-0.131 r1=0.401 path=0.923 cap=0.177 | Lg=+0.7633 | 7s
  610 acq  m=8 hq=0.015 fail | Dr=+0.008/+0.176 |Dr|max=0.176 Df=-0.103 | g r=0.588 f=0.851 p=0.883(0.016) max=2.073 | Ld=+1.4766 base=-0.109 r1=0.413 path=1.01 cap=0.163 | Lg=+0.7516 | 7s
  620 acq  m=8 hq=0.037 fail | Dr=+0.011/+0.186 |Dr|max=0.187 Df=-0.102 | g r=0.591 f=0.870 p=0.896(0.022) max=2.072 | Ld=+1.4880 base=-0.12 r1=0.4 path=1.05 cap=0.159 | Lg=+0.7601 | 7s
  630 acq  m=6 hq=0.023 fail | Dr=-0.008/+0.122 |Dr|max=0.195 Df=-0.121 | g r=0.595 f=0.868 p=0.881(0.004) max=2.027 | Ld=+1.4043 base=-0.112 r1=0.403 path=0.94 cap=0.173 | Lg=+0.7543 | 7s
  640 acq  m=7 hq=0.033 fail | Dr=-0.024/+0.107 |Dr|max=0.228 Df=-0.138 | g r=0.595 f=0.857 p=0.878(0.020) max=1.949 | Ld=+1.4408 base=-0.112 r1=0.414 path=0.979 cap=0.16 | Lg=+0.7528 | 8s
  650 acq  m=7 hq=0.032 fail | Dr=-0.013/+0.128 |Dr|max=0.206 Df=-0.120 | g r=0.575 f=0.874 p=0.886(0.007) max=2.063 | Ld=+1.4302 base=-0.113 r1=0.395 path=0.979 cap=0.169 | Lg=+0.7524 | 8s
  660 acq  m=6 hq=0.044 fail | Dr=-0.020/+0.128 |Dr|max=0.170 Df=-0.134 | g r=0.600 f=0.870 p=0.888(0.035) max=1.971 | Ld=+1.3866 base=-0.108 r1=0.419 path=0.938 cap=0.138 | Lg=+0.7502 | 8s
  670 acq  m=8 hq=0.024 fail | Dr=-0.016/+0.167 |Dr|max=0.185 Df=-0.122 | g r=0.596 f=0.838 p=0.876(0.015) max=2.021 | Ld=+1.3523 base=-0.0972 r1=0.41 path=0.878 cap=0.162 | Lg=+0.7446 | 8s
  680 acq  m=6 hq=0.048 fail | Dr=-0.023/+0.109 |Dr|max=0.164 Df=-0.117 | g r=0.596 f=0.863 p=0.889(0.016) max=1.980 | Ld=+1.3944 base=-0.108 r1=0.425 path=0.917 cap=0.161 | Lg=+0.7470 | 8s
  690 acq  m=7 hq=0.055 fail | Dr=-0.028/+0.086 |Dr|max=0.197 Df=-0.138 | g r=0.595 f=0.853 p=0.890(0.023) max=1.959 | Ld=+1.3636 base=-0.101 r1=0.418 path=0.894 cap=0.154 | Lg=+0.7496 | 8s
  700 acq  m=7 hq=0.040 fail | Dr=-0.034/+0.116 |Dr|max=0.199 Df=-0.145 | g r=0.585 f=0.891 p=0.881(0.023) max=1.942 | Ld=+1.3161 base=-0.127 r1=0.392 path=0.906 cap=0.145 | Lg=+0.7588 | 8s
  710 acq  m=5 hq=0.021 fail | Dr=-0.037/+0.093 |Dr|max=0.198 Df=-0.139 | g r=0.595 f=0.892 p=0.896(0.012) max=1.896 | Ld=+1.4183 base=-0.0928 r1=0.431 path=0.916 cap=0.164 | Lg=+0.7436 | 8s
  720 acq  m=6 hq=0.022 fail | Dr=-0.033/+0.073 |Dr|max=0.194 Df=-0.148 | g r=0.575 f=0.929 p=0.910(0.052) max=2.055 | Ld=+1.3847 base=-0.119 r1=0.399 path=0.928 cap=0.176 | Lg=+0.7534 | 8s
  730 acq  m=3 hq=0.030 fail | Dr=-0.043/+0.075 |Dr|max=0.231 Df=-0.162 | g r=0.588 f=0.905 p=0.891(0.018) max=1.961 | Ld=+1.3083 base=-0.117 r1=0.383 path=0.892 cap=0.15 | Lg=+0.7549 | 9s
  740 acq  m=6 hq=0.048 fail | Dr=-0.058/+0.056 |Dr|max=0.241 Df=-0.176 | g r=0.589 f=0.875 p=0.897(0.030) max=2.038 | Ld=+1.3537 base=-0.121 r1=0.403 path=0.938 cap=0.133 | Lg=+0.7568 | 9s
  750 acq  m=3 hq=0.016 fail | Dr=-0.058/+0.050 |Dr|max=0.237 Df=-0.153 | g r=0.588 f=0.870 p=0.892(0.031) max=1.823 | Ld=+1.3690 base=-0.0979 r1=0.411 path=0.883 cap=0.173 | Lg=+0.7417 | 9s
  760 acq  m=1 hq=0.027 fail | Dr=-0.065/+0.069 |Dr|max=0.251 Df=-0.189 | g r=0.575 f=0.863 p=0.882(0.008) max=1.792 | Ld=+1.3562 base=-0.134 r1=0.42 path=0.89 cap=0.181 | Lg=+0.7642 | 9s
  770 acq  m=1 hq=0.019 fail | Dr=-0.050/+0.057 |Dr|max=0.224 Df=-0.155 | g r=0.573 f=0.860 p=0.885(0.019) max=1.922 | Ld=+1.3010 base=-0.11 r1=0.414 path=0.817 cap=0.18 | Lg=+0.7506 | 9s
  780 acq  m=4 hq=0.023 fail | Dr=-0.051/+0.076 |Dr|max=0.233 Df=-0.168 | g r=0.581 f=0.907 p=0.891(0.018) max=1.901 | Ld=+1.2976 base=-0.127 r1=0.413 path=0.846 cap=0.166 | Lg=+0.7633 | 9s
  790 acq  m=6 hq=0.077 fail | Dr=-0.049/+0.082 |Dr|max=0.231 Df=-0.150 | g r=0.579 f=0.829 p=0.888(0.002) max=1.825 | Ld=+1.3439 base=-0.106 r1=0.384 path=0.914 cap=0.153 | Lg=+0.7518 | 9s
  800 acq  m=7 hq=0.098 fail | Dr=-0.055/+0.065 |Dr|max=0.240 Df=-0.160 | g r=0.589 f=0.850 p=0.898(0.032) max=1.753 | Ld=+1.4140 base=-0.0986 r1=0.401 path=0.949 cap=0.163 | Lg=+0.7441 | 10s
  810 acq  m=7 hq=0.098 fail | Dr=-0.057/+0.073 |Dr|max=0.235 Df=-0.150 | g r=0.588 f=0.847 p=0.887(0.028) max=1.808 | Ld=+1.3347 base=-0.106 r1=0.404 path=0.88 cap=0.156 | Lg=+0.7527 | 10s
  820 acq  m=5 hq=0.031 fail | Dr=-0.054/+0.054 |Dr|max=0.217 Df=-0.165 | g r=0.574 f=0.811 p=0.868(0.034) max=1.854 | Ld=+1.2644 base=-0.117 r1=0.381 path=0.851 cap=0.149 | Lg=+0.7542 | 10s
  830 acq  m=4 hq=0.052 fail | Dr=-0.059/+0.047 |Dr|max=0.214 Df=-0.173 | g r=0.586 f=0.863 p=0.892(0.007) max=1.864 | Ld=+1.3420 base=-0.101 r1=0.408 path=0.899 cap=0.137 | Lg=+0.7470 | 10s
  840 acq  m=6 hq=0.038 fail | Dr=-0.065/+0.079 |Dr|max=0.291 Df=-0.187 | g r=0.568 f=0.827 p=0.879(0.021) max=1.811 | Ld=+1.3036 base=-0.0974 r1=0.375 path=0.872 cap=0.154 | Lg=+0.7461 | 10s
  850 acq  m=8 hq=0.046 fail | Dr=-0.064/+0.114 |Dr|max=0.303 Df=-0.180 | g r=0.576 f=0.853 p=0.904(0.003) max=1.859 | Ld=+1.3535 base=-0.0966 r1=0.387 path=0.919 cap=0.145 | Lg=+0.7473 | 10s
  860 acq  m=6 hq=0.062 fail | Dr=-0.072/+0.103 |Dr|max=0.306 Df=-0.180 | g r=0.578 f=0.861 p=0.891(0.022) max=1.792 | Ld=+1.3402 base=-0.0965 r1=0.393 path=0.908 cap=0.136 | Lg=+0.7477 | 10s
  870 acq  m=6 hq=0.075 fail | Dr=-0.062/+0.074 |Dr|max=0.247 Df=-0.146 | g r=0.573 f=0.847 p=0.888(0.008) max=1.819 | Ld=+1.3370 base=-0.0952 r1=0.405 path=0.873 cap=0.155 | Lg=+0.7456 | 10s
  880 acq  m=5 hq=0.017 fail | Dr=-0.049/+0.061 |Dr|max=0.234 Df=-0.165 | g r=0.566 f=0.816 p=0.870(0.024) max=1.755 | Ld=+1.3537 base=-0.105 r1=0.39 path=0.882 cap=0.186 | Lg=+0.7512 | 11s
  890 acq  m=7 hq=0.034 fail | Dr=-0.042/+0.066 |Dr|max=0.246 Df=-0.148 | g r=0.559 f=0.807 p=0.887(0.024) max=1.821 | Ld=+1.3442 base=-0.1 r1=0.357 path=0.949 cap=0.138 | Lg=+0.7471 | 11s
  900 acq  m=4 hq=0.072 fail | Dr=-0.041/+0.081 |Dr|max=0.263 Df=-0.128 | g r=0.553 f=0.858 p=0.885(0.034) max=1.850 | Ld=+1.3032 base=-0.128 r1=0.382 path=0.893 cap=0.156 | Lg=+0.7626 | 11s
  910 acq  m=5 hq=0.042 fail | Dr=-0.044/+0.068 |Dr|max=0.254 Df=-0.176 | g r=0.569 f=0.797 p=0.853(0.016) max=1.689 | Ld=+1.2879 base=-0.152 r1=0.416 path=0.828 cap=0.197 | Lg=+0.7711 | 11s
  920 acq  m=8 hq=0.058 fail | Dr=-0.035/+0.076 |Dr|max=0.261 Df=-0.151 | g r=0.568 f=0.888 p=0.910(0.034) max=1.946 | Ld=+1.3468 base=-0.0964 r1=0.372 path=0.939 cap=0.132 | Lg=+0.7461 | 11s
  930 acq  m=4 hq=0.087 fail | Dr=-0.046/+0.086 |Dr|max=0.232 Df=-0.180 | g r=0.574 f=0.906 p=0.919(0.017) max=1.927 | Ld=+1.2845 base=-0.116 r1=0.369 path=0.907 cap=0.124 | Lg=+0.7569 | 11s
  940 acq  m=6 hq=0.011 fail | Dr=-0.039/+0.093 |Dr|max=0.241 Df=-0.178 | g r=0.562 f=0.815 p=0.864(0.013) max=1.805 | Ld=+1.2902 base=-0.115 r1=0.362 path=0.876 cap=0.167 | Lg=+0.7557 | 11s
  950 acq  m=6 hq=0.041 fail | Dr=-0.048/+0.115 |Dr|max=0.275 Df=-0.171 | g r=0.573 f=0.908 p=0.921(0.037) max=1.800 | Ld=+1.3670 base=-0.129 r1=0.374 path=0.975 cap=0.147 | Lg=+0.7645 | 11s
  960 acq  m=6 hq=0.009 fail | Dr=-0.050/+0.122 |Dr|max=0.276 Df=-0.192 | g r=0.550 f=0.822 p=0.889(0.020) max=1.758 | Ld=+1.2843 base=-0.0995 r1=0.351 path=0.883 cap=0.15 | Lg=+0.7508 | 11s
  970 acq  m=8 hq=0.131 fail | Dr=-0.039/+0.096 |Dr|max=0.217 Df=-0.131 | g r=0.570 f=0.846 p=0.912(0.012) max=1.819 | Ld=+1.3521 base=-0.117 r1=0.373 path=0.944 cap=0.153 | Lg=+0.7540 | 12s
  980 acq  m=6 hq=0.012 fail | Dr=-0.046/+0.069 |Dr|max=0.209 Df=-0.200 | g r=0.563 f=0.834 p=0.876(0.017) max=1.711 | Ld=+1.2948 base=-0.137 r1=0.415 path=0.826 cap=0.191 | Lg=+0.7667 | 12s
  990 acq  m=5 hq=0.057 fail | Dr=-0.018/+0.103 |Dr|max=0.218 Df=-0.135 | g r=0.549 f=0.855 p=0.904(0.030) max=1.896 | Ld=+1.2905 base=-0.116 r1=0.341 path=0.925 cap=0.141 | Lg=+0.7520 | 12s
 1000 acq  m=8 hq=0.141 fail | Dr=-0.019/+0.090 |Dr|max=0.219 Df=-0.114 | g r=0.534 f=0.810 p=0.888(0.027) max=1.908 | Ld=+1.3098 base=-0.107 r1=0.366 path=0.872 cap=0.178 | Lg=+0.7492 | 12s
 1010 acq  m=8 hq=0.116 fail | Dr=-0.018/+0.091 |Dr|max=0.211 Df=-0.106 | g r=0.538 f=0.804 p=0.895(0.022) max=1.941 | Ld=+1.2914 base=-0.0942 r1=0.366 path=0.84 cap=0.179 | Lg=+0.7399 | 12s
 1020 acq  m=8 hq=0.094 fail | Dr=-0.014/+0.119 |Dr|max=0.231 Df=-0.111 | g r=0.549 f=0.808 p=0.874(0.033) max=1.903 | Ld=+1.3361 base=-0.115 r1=0.36 path=0.925 cap=0.166 | Lg=+0.7554 | 12s
 1030 acq  m=8 hq=0.048 fail | Dr=-0.021/+0.112 |Dr|max=0.195 Df=-0.142 | g r=0.536 f=0.789 p=0.880(0.009) max=1.839 | Ld=+1.3586 base=-0.103 r1=0.354 path=0.919 cap=0.189 | Lg=+0.7494 | 12s
 1040 acq  m=7 hq=0.048 fail | Dr=-0.021/+0.113 |Dr|max=0.221 Df=-0.123 | g r=0.549 f=0.827 p=0.873(0.032) max=1.831 | Ld=+1.3624 base=-0.0877 r1=0.401 path=0.852 cap=0.197 | Lg=+0.7408 | 12s
 1050 acq  m=5 hq=0.066 fail | Dr=-0.017/+0.125 |Dr|max=0.194 Df=-0.107 | g r=0.534 f=0.863 p=0.906(0.019) max=1.823 | Ld=+1.3462 base=-0.0991 r1=0.341 path=0.955 cap=0.149 | Lg=+0.7477 | 13s
 1060 acq  m=4 hq=0.079 fail | Dr=-0.011/+0.088 |Dr|max=0.219 Df=-0.115 | g r=0.534 f=0.859 p=0.875(0.055) max=1.779 | Ld=+1.1887 base=-0.125 r1=0.374 path=0.771 cap=0.169 | Lg=+0.7635 | 13s
 1070 acq  m=5 hq=0.092 fail | Dr=-0.019/+0.097 |Dr|max=0.273 Df=-0.132 | g r=0.541 f=0.841 p=0.879(0.018) max=1.854 | Ld=+1.2557 base=-0.123 r1=0.354 path=0.846 cap=0.178 | Lg=+0.7624 | 13s
 1080 acq  m=8 hq=0.130 fail | Dr=-0.026/+0.097 |Dr|max=0.271 Df=-0.125 | g r=0.554 f=0.774 p=0.869(0.020) max=1.831 | Ld=+1.2555 base=-0.12 r1=0.368 path=0.855 cap=0.152 | Lg=+0.7586 | 13s
 1090 acq  m=5 hq=0.022 fail | Dr=-0.022/+0.103 |Dr|max=0.240 Df=-0.141 | g r=0.554 f=0.898 p=0.894(0.017) max=1.760 | Ld=+1.2570 base=-0.132 r1=0.348 path=0.886 cap=0.156 | Lg=+0.7649 | 13s
 1100 acq  m=8 hq=0.083 fail | Dr=-0.006/+0.092 |Dr|max=0.229 Df=-0.112 | g r=0.531 f=0.850 p=0.902(0.013) max=1.852 | Ld=+1.3020 base=-0.117 r1=0.332 path=0.907 cap=0.18 | Lg=+0.7556 | 13s
 1110 acq  m=8 hq=0.112 fail | Dr=-0.012/+0.112 |Dr|max=0.220 Df=-0.095 | g r=0.545 f=0.828 p=0.884(0.035) max=1.914 | Ld=+1.2917 base=-0.0958 r1=0.332 path=0.928 cap=0.127 | Lg=+0.7455 | 13s
 1120 acq  m=8 hq=0.094 fail | Dr=-0.015/+0.132 |Dr|max=0.198 Df=-0.120 | g r=0.541 f=0.816 p=0.883(0.021) max=1.833 | Ld=+1.3145 base=-0.087 r1=0.372 path=0.808 cap=0.221 | Lg=+0.7369 | 13s
 1130 acq  m=6 hq=0.077 fail | Dr=-0.009/+0.133 |Dr|max=0.231 Df=-0.118 | g r=0.556 f=0.829 p=0.897(0.034) max=1.912 | Ld=+1.3076 base=-0.0957 r1=0.362 path=0.892 cap=0.15 | Lg=+0.7454 | 14s
 1140 acq  m=8 hq=0.143 fail | Dr=-0.028/+0.137 |Dr|max=0.223 Df=-0.126 | g r=0.552 f=0.836 p=0.912(0.031) max=1.879 | Ld=+1.3780 base=-0.131 r1=0.353 path=0.965 cap=0.191 | Lg=+0.7630 | 14s
 1150 acq  m=5 hq=0.110 fail | Dr=-0.009/+0.116 |Dr|max=0.272 Df=-0.121 | g r=0.543 f=0.835 p=0.889(0.012) max=1.892 | Ld=+1.2474 base=-0.14 r1=0.374 path=0.849 cap=0.164 | Lg=+0.7674 | 14s
 1160 acq  m=8 hq=0.050 fail | Dr=-0.033/+0.151 |Dr|max=0.223 Df=-0.132 | g r=0.552 f=0.820 p=0.868(0.008) max=1.827 | Ld=+1.2949 base=-0.113 r1=0.367 path=0.853 cap=0.188 | Lg=+0.7515 | 14s
 1170 acq  m=7 hq=0.095 fail | Dr=-0.024/+0.192 |Dr|max=0.235 Df=-0.132 | g r=0.578 f=0.855 p=0.915(0.051) max=1.947 | Ld=+1.3077 base=-0.103 r1=0.353 path=0.93 cap=0.127 | Lg=+0.7488 | 14s
 1180 acq  m=5 hq=0.028 fail | Dr=-0.020/+0.160 |Dr|max=0.250 Df=-0.152 | g r=0.561 f=0.867 p=0.905(0.041) max=1.983 | Ld=+1.3069 base=-0.119 r1=0.361 path=0.921 cap=0.144 | Lg=+0.7607 | 14s
 1190 acq  m=8 hq=0.026 fail | Dr=-0.076/+0.127 |Dr|max=0.411 Df=-0.234 | g r=0.542 f=0.901 p=0.927(0.049) max=1.942 | Ld=+1.2739 base=-0.16 r1=0.314 path=0.987 cap=0.133 | Lg=+0.7874 | 14s
 1200 acq  m=4 hq=0.019 fail | Dr=-0.017/+0.096 |Dr|max=0.269 Df=-0.144 | g r=0.529 f=0.879 p=0.906(0.003) max=1.818 | Ld=+1.1385 base=-0.141 r1=0.322 path=0.792 cap=0.165 | Lg=+0.7692 | 14s
 1210 hold m=7 hq=0.136 fail | Dr=-0.018/+0.160 |Dr|max=0.250 Df=-0.118 | g r=0.559 f=0.843 p=0.903(0.043) max=1.955 | Ld=+1.2574 base=-0.117 r1=0.343 path=0.898 cap=0.133 | Lg=+0.7562 | 14s
 1220 hold m=8 hq=0.190 fail | Dr=-0.029/+0.180 |Dr|max=0.246 Df=-0.121 | g r=0.567 f=0.832 p=0.916(0.027) max=1.973 | Ld=+1.2617 base=-0.0922 r1=0.349 path=0.869 cap=0.136 | Lg=+0.7458 | 15s
 1230 hold m=7 hq=0.247 fail | Dr=-0.036/+0.196 |Dr|max=0.233 Df=-0.133 | g r=0.541 f=0.802 p=0.887(0.021) max=1.893 | Ld=+1.2822 base=-0.101 r1=0.357 path=0.872 cap=0.154 | Lg=+0.7484 | 15s
 1240 hold m=6 hq=0.075 fail | Dr=-0.041/+0.161 |Dr|max=0.264 Df=-0.180 | g r=0.550 f=0.826 p=0.896(0.009) max=1.912 | Ld=+1.1823 base=-0.129 r1=0.33 path=0.844 cap=0.137 | Lg=+0.7674 | 15s
 1250 hold m=7 hq=0.097 fail | Dr=-0.046/+0.189 |Dr|max=0.263 Df=-0.158 | g r=0.534 f=0.847 p=0.890(0.018) max=1.840 | Ld=+1.1894 base=-0.133 r1=0.38 path=0.739 cap=0.204 | Lg=+0.7602 | 15s
 1260 hold m=3 hq=0.046 fail | Dr=-0.032/+0.128 |Dr|max=0.247 Df=-0.176 | g r=0.507 f=0.874 p=0.899(0.008) max=1.839 | Ld=+1.3132 base=-0.116 r1=0.356 path=0.86 cap=0.213 | Lg=+0.7563 | 15s
 1270 hold m=3 hq=0.029 fail | Dr=-0.045/+0.081 |Dr|max=0.312 Df=-0.166 | g r=0.533 f=0.880 p=0.897(0.012) max=1.799 | Ld=+1.1903 base=-0.139 r1=0.341 path=0.795 cap=0.193 | Lg=+0.7635 | 15s
 1280 hold m=2 hq=0.016 fail | Dr=-0.041/+0.092 |Dr|max=0.290 Df=-0.187 | g r=0.542 f=0.942 p=0.934(0.012) max=1.907 | Ld=+1.2557 base=-0.117 r1=0.321 path=0.904 cap=0.148 | Lg=+0.7574 | 15s
 1290 hold m=4 hq=0.006 fail | Dr=-0.041/+0.135 |Dr|max=0.250 Df=-0.168 | g r=0.557 f=0.869 p=0.908(0.022) max=1.999 | Ld=+1.1317 base=-0.117 r1=0.323 path=0.785 cap=0.14 | Lg=+0.7555 | 15s
 1300 hold m=7 hq=0.041 fail | Dr=-0.039/+0.129 |Dr|max=0.340 Df=-0.158 | g r=0.539 f=0.828 p=0.891(0.000) max=1.833 | Ld=+1.1831 base=-0.135 r1=0.311 path=0.847 cap=0.16 | Lg=+0.7719 | 16s
 1310 hold m=7 hq=0.087 fail | Dr=-0.041/+0.140 |Dr|max=0.255 Df=-0.150 | g r=0.533 f=0.889 p=0.927(0.019) max=1.957 | Ld=+1.2353 base=-0.127 r1=0.318 path=0.901 cap=0.143 | Lg=+0.7589 | 16s
 1320 hold m=8 hq=0.074 fail | Dr=-0.041/+0.132 |Dr|max=0.259 Df=-0.183 | g r=0.513 f=0.835 p=0.912(0.026) max=1.973 | Ld=+1.2596 base=-0.113 r1=0.334 path=0.873 cap=0.165 | Lg=+0.7515 | 16s
 1330 hold m=8 hq=0.177 fail | Dr=-0.036/+0.141 |Dr|max=0.269 Df=-0.150 | g r=0.518 f=0.780 p=0.870(0.020) max=1.816 | Ld=+1.2725 base=-0.104 r1=0.373 path=0.827 cap=0.176 | Lg=+0.7490 | 16s
 1340 hold m=6 hq=0.127 fail | Dr=-0.054/+0.165 |Dr|max=0.259 Df=-0.168 | g r=0.562 f=0.866 p=0.932(0.029) max=2.076 | Ld=+1.2384 base=-0.121 r1=0.304 path=0.922 cap=0.134 | Lg=+0.7593 | 16s
 1350 hold m=4 hq=0.076 fail | Dr=-0.065/+0.174 |Dr|max=0.318 Df=-0.189 | g r=0.570 f=0.896 p=0.923(0.034) max=2.005 | Ld=+1.2129 base=-0.108 r1=0.351 path=0.865 cap=0.105 | Lg=+0.7545 | 16s
 1360 hold m=7 hq=0.046 fail | Dr=-0.060/+0.151 |Dr|max=0.293 Df=-0.189 | g r=0.521 f=0.864 p=0.933(0.016) max=1.904 | Ld=+1.2127 base=-0.17 r1=0.311 path=0.939 cap=0.133 | Lg=+0.7897 | 16s
 1370 hold m=6 hq=0.063 fail | Dr=-0.047/+0.154 |Dr|max=0.266 Df=-0.149 | g r=0.546 f=0.860 p=0.914(0.018) max=1.839 | Ld=+1.2387 base=-0.085 r1=0.329 path=0.853 cap=0.141 | Lg=+0.7427 | 16s
 1380 hold m=6 hq=0.177 fail | Dr=-0.057/+0.159 |Dr|max=0.279 Df=-0.172 | g r=0.579 f=0.876 p=0.933(0.016) max=1.876 | Ld=+1.1970 base=-0.124 r1=0.342 path=0.856 cap=0.123 | Lg=+0.7632 | 17s
 1390 hold m=8 hq=0.126 fail | Dr=-0.060/+0.169 |Dr|max=0.263 Df=-0.196 | g r=0.525 f=0.854 p=0.913(0.009) max=1.869 | Ld=+1.2602 base=-0.124 r1=0.355 path=0.909 cap=0.12 | Lg=+0.7676 | 17s
 1400 hold m=7 hq=0.106 fail | Dr=-0.062/+0.181 |Dr|max=0.266 Df=-0.184 | g r=0.556 f=0.893 p=0.940(0.011) max=1.893 | Ld=+1.2640 base=-0.128 r1=0.334 path=0.905 cap=0.154 | Lg=+0.7663 | 17s
 1410 hold m=6 hq=0.125 fail | Dr=-0.059/+0.185 |Dr|max=0.291 Df=-0.205 | g r=0.514 f=0.848 p=0.921(0.027) max=1.917 | Ld=+1.2399 base=-0.139 r1=0.32 path=0.963 cap=0.0951 | Lg=+0.7735 | 17s
 1420 hold m=6 hq=0.121 fail | Dr=-0.064/+0.209 |Dr|max=0.304 Df=-0.222 | g r=0.538 f=0.844 p=0.900(0.041) max=1.806 | Ld=+1.1914 base=-0.163 r1=0.347 path=0.832 cap=0.174 | Lg=+0.7761 | 17s
 1430 hold m=7 hq=0.095 fail | Dr=-0.068/+0.200 |Dr|max=0.316 Df=-0.195 | g r=0.522 f=0.849 p=0.886(0.004) max=1.901 | Ld=+1.2480 base=-0.144 r1=0.361 path=0.851 cap=0.179 | Lg=+0.7733 | 17s
 1440 hold m=7 hq=0.069 fail | Dr=-0.052/+0.101 |Dr|max=0.310 Df=-0.192 | g r=0.471 f=0.784 p=0.871(0.037) max=1.743 | Ld=+1.2315 base=-0.139 r1=0.356 path=0.785 cap=0.23 | Lg=+0.7677 | 17s
 1450 hold m=6 hq=0.084 fail | Dr=-0.059/+0.091 |Dr|max=0.317 Df=-0.192 | g r=0.481 f=0.840 p=0.902(0.019) max=1.849 | Ld=+1.2122 base=-0.15 r1=0.311 path=0.866 cap=0.186 | Lg=+0.7743 | 18s
 1460 hold m=6 hq=0.096 fail | Dr=-0.052/+0.067 |Dr|max=0.330 Df=-0.198 | g r=0.533 f=0.870 p=0.984(0.016) max=2.260 | Ld=+1.1953 base=-0.152 r1=0.275 path=0.993 cap=0.0785 | Lg=+0.7815 | 18s
 1470 hold m=7 hq=0.125 fail | Dr=-0.072/+0.035 |Dr|max=0.403 Df=-0.245 | g r=0.527 f=0.876 p=0.942(0.031) max=1.957 | Ld=+1.1693 base=-0.179 r1=0.306 path=0.925 cap=0.117 | Lg=+0.7943 | 18s
 1480 hold m=5 hq=0.086 fail | Dr=-0.061/+0.053 |Dr|max=0.358 Df=-0.214 | g r=0.549 f=0.877 p=0.945(0.024) max=1.900 | Ld=+1.2042 base=-0.145 r1=0.321 path=0.911 cap=0.118 | Lg=+0.7767 | 18s
 1490 hold m=7 hq=0.070 fail | Dr=-0.057/+0.037 |Dr|max=0.287 Df=-0.212 | g r=0.517 f=0.839 p=0.902(0.035) max=1.892 | Ld=+1.1441 base=-0.155 r1=0.314 path=0.841 cap=0.144 | Lg=+0.7795 | 18s
 1500 hold m=6 hq=0.134 fail | Dr=-0.046/+0.055 |Dr|max=0.307 Df=-0.197 | g r=0.555 f=0.878 p=0.966(0.043) max=2.150 | Ld=+1.2911 base=-0.132 r1=0.323 path=0.994 cap=0.105 | Lg=+0.7657 | 18s
 1510 hold m=6 hq=0.049 fail | Dr=-0.050/+0.079 |Dr|max=0.307 Df=-0.201 | g r=0.528 f=0.902 p=0.952(0.034) max=1.967 | Ld=+1.1594 base=-0.153 r1=0.307 path=0.872 cap=0.134 | Lg=+0.7792 | 18s
 1520 hold m=6 hq=0.178 fail | Dr=-0.056/+0.042 |Dr|max=0.334 Df=-0.183 | g r=0.519 f=0.864 p=0.921(0.005) max=1.980 | Ld=+1.2146 base=-0.123 r1=0.343 path=0.88 cap=0.115 | Lg=+0.7635 | 18s
 1530 hold m=7 hq=0.139 fail | Dr=-0.069/+0.071 |Dr|max=0.333 Df=-0.198 | g r=0.513 f=0.747 p=0.818(0.002) max=1.917 | Ld=+1.3322 base=-0.156 r1=0.396 path=0.76 cap=0.333 | Lg=+0.7715 | 19s
 1540 hold m=6 hq=0.061 fail | Dr=-0.042/+0.076 |Dr|max=0.290 Df=-0.215 | g r=0.485 f=0.853 p=0.894(0.013) max=1.931 | Ld=+1.0668 base=-0.186 r1=0.284 path=0.828 cap=0.142 | Lg=+0.7957 | 19s
 1550 hold m=7 hq=0.151 fail | Dr=-0.032/+0.082 |Dr|max=0.299 Df=-0.185 | g r=0.511 f=0.880 p=0.953(0.032) max=1.985 | Ld=+1.1420 base=-0.174 r1=0.29 path=0.919 cap=0.108 | Lg=+0.7934 | 19s
 1560 hold m=7 hq=0.188 fail | Dr=-0.069/+0.075 |Dr|max=0.377 Df=-0.205 | g r=0.559 f=0.923 p=1.011(0.036) max=1.984 | Ld=+1.2506 base=-0.123 r1=0.268 path=1.03 cap=0.0775 | Lg=+0.7708 | 19s
 1570 hold m=8 hq=0.065 fail | Dr=-0.083/+0.043 |Dr|max=0.459 Df=-0.228 | g r=0.503 f=0.891 p=0.955(0.006) max=2.028 | Ld=+1.2152 base=-0.142 r1=0.259 path=1 cap=0.0956 | Lg=+0.7768 | 19s
 1580 hold m=2 hq=0.086 fail | Dr=-0.055/+0.118 |Dr|max=0.343 Df=-0.201 | g r=0.547 f=0.888 p=0.940(0.016) max=2.002 | Ld=+1.1163 base=-0.183 r1=0.304 path=0.877 cap=0.119 | Lg=+0.7944 | 19s
 1590 hold m=4 hq=0.112 fail | Dr=-0.058/+0.118 |Dr|max=0.368 Df=-0.235 | g r=0.488 f=0.845 p=0.880(0.038) max=1.779 | Ld=+1.1855 base=-0.189 r1=0.321 path=0.837 cap=0.217 | Lg=+0.7878 | 19s
 1600 hold m=2 hq=0.058 fail | Dr=-0.091/+0.060 |Dr|max=0.358 Df=-0.274 | g r=0.468 f=0.743 p=0.765(0.004) max=1.665 | Ld=+1.1132 base=-0.22 r1=0.417 path=0.514 cap=0.403 | Lg=+0.8014 | 19s
 1610 hold m=6 hq=0.055 fail | Dr=-0.070/+0.066 |Dr|max=0.418 Df=-0.242 | g r=0.460 f=0.757 p=0.803(0.012) max=1.615 | Ld=+1.1715 base=-0.216 r1=0.37 path=0.644 cap=0.373 | Lg=+0.7962 | 20s
 1620 hold m=6 hq=0.092 fail | Dr=-0.064/+0.095 |Dr|max=0.469 Df=-0.251 | g r=0.499 f=0.925 p=0.942(0.006) max=1.890 | Ld=+1.1032 base=-0.186 r1=0.305 path=0.872 cap=0.113 | Lg=+0.7980 | 20s
 1630 hold m=6 hq=0.031 fail | Dr=-0.094/+0.069 |Dr|max=0.531 Df=-0.293 | g r=0.572 f=0.891 p=0.923(0.031) max=1.821 | Ld=+1.2035 base=-0.178 r1=0.306 path=0.903 cap=0.172 | Lg=+0.7867 | 20s
 1640 hold m=7 hq=0.072 fail | Dr=-0.051/+0.126 |Dr|max=0.473 Df=-0.212 | g r=0.496 f=0.827 p=0.895(0.012) max=1.944 | Ld=+1.1210 base=-0.159 r1=0.28 path=0.852 cap=0.148 | Lg=+0.7798 | 20s
 1650 hold m=7 hq=0.096 fail | Dr=-0.065/+0.048 |Dr|max=0.413 Df=-0.250 | g r=0.505 f=0.886 p=0.941(0.022) max=1.871 | Ld=+1.1750 base=-0.189 r1=0.302 path=0.898 cap=0.165 | Lg=+0.8019 | 20s
 1660 hold m=7 hq=0.021 fail | Dr=-0.008/+0.125 |Dr|max=0.293 Df=-0.220 | g r=0.537 f=0.999 p=1.016(0.018) max=1.940 | Ld=+1.1301 base=-0.177 r1=0.284 path=0.954 cap=0.07 | Lg=+0.8012 | 20s
 1670 hold m=7 hq=0.050 fail | Dr=-0.025/+0.126 |Dr|max=0.319 Df=-0.209 | g r=0.546 f=0.926 p=0.954(0.009) max=2.038 | Ld=+1.1098 base=-0.204 r1=0.278 path=0.93 cap=0.106 | Lg=+0.8053 | 20s
 1680 hold m=8 hq=0.221 fail | Dr=-0.004/+0.178 |Dr|max=0.299 Df=-0.129 | g r=0.550 f=0.805 p=0.966(0.035) max=2.002 | Ld=+1.2428 base=-0.119 r1=0.283 path=1 cap=0.0759 | Lg=+0.7654 | 20s
 1690 hold m=7 hq=0.185 fail | Dr=+0.002/+0.191 |Dr|max=0.285 Df=-0.137 | g r=0.465 f=0.727 p=0.821(0.040) max=1.973 | Ld=+1.1612 base=-0.165 r1=0.403 path=0.684 cap=0.238 | Lg=+0.7807 | 21s
 1700 hold m=7 hq=0.094 fail | Dr=-0.012/+0.148 |Dr|max=0.298 Df=-0.178 | g r=0.521 f=0.799 p=0.889(0.018) max=1.985 | Ld=+1.1628 base=-0.147 r1=0.369 path=0.78 cap=0.161 | Lg=+0.7750 | 21s
 1710 hold m=7 hq=0.091 fail | Dr=-0.058/+0.164 |Dr|max=0.330 Df=-0.259 | g r=0.492 f=0.842 p=0.904(0.013) max=1.900 | Ld=+1.0829 base=-0.213 r1=0.345 path=0.772 cap=0.178 | Lg=+0.8100 | 21s
 1720 hold m=6 hq=0.118 fail | Dr=-0.046/+0.157 |Dr|max=0.316 Df=-0.229 | g r=0.517 f=0.847 p=0.860(0.007) max=1.847 | Ld=+1.1649 base=-0.182 r1=0.367 path=0.779 cap=0.201 | Lg=+0.7900 | 21s
 1730 hold m=6 hq=0.019 fail | Dr=-0.019/+0.134 |Dr|max=0.304 Df=-0.214 | g r=0.526 f=0.833 p=0.911(0.015) max=2.192 | Ld=+1.0773 base=-0.176 r1=0.331 path=0.78 cap=0.143 | Lg=+0.7911 | 21s
 1740 hold m=8 hq=0.186 fail | Dr=-0.037/+0.138 |Dr|max=0.426 Df=-0.223 | g r=0.509 f=0.910 p=0.950(0.010) max=2.008 | Ld=+1.0661 base=-0.199 r1=0.322 path=0.836 cap=0.107 | Lg=+0.8147 | 21s
 1750 hold m=8 hq=0.160 fail | Dr=-0.028/+0.116 |Dr|max=0.429 Df=-0.215 | g r=0.534 f=0.861 p=0.979(0.027) max=2.083 | Ld=+1.1243 base=-0.188 r1=0.238 path=0.994 cap=0.0803 | Lg=+0.8054 | 21s
 1760 hold m=6 hq=0.106 fail | Dr=-0.030/+0.117 |Dr|max=0.478 Df=-0.232 | g r=0.572 f=0.888 p=0.984(0.015) max=2.210 | Ld=+1.1804 base=-0.177 r1=0.277 path=1.03 cap=0.0536 | Lg=+0.8041 | 21s
 1770 hold m=4 hq=0.061 fail | Dr=-0.026/+0.089 |Dr|max=0.381 Df=-0.232 | g r=0.526 f=0.897 p=0.938(0.037) max=1.999 | Ld=+1.0963 base=-0.151 r1=0.288 path=0.832 cap=0.127 | Lg=+0.7799 | 22s
 1780 hold m=8 hq=0.009 fail | Dr=-0.011/+0.109 |Dr|max=0.347 Df=-0.200 | g r=0.555 f=0.802 p=0.916(0.023) max=2.169 | Ld=+1.1016 base=-0.182 r1=0.335 path=0.822 cap=0.125 | Lg=+0.7906 | 22s
 1790 hold m=4 hq=0.069 fail | Dr=-0.020/+0.098 |Dr|max=0.370 Df=-0.217 | g r=0.565 f=0.875 p=0.958(0.022) max=1.961 | Ld=+0.9945 base=-0.171 r1=0.314 path=0.76 cap=0.0924 | Lg=+0.7959 | 22s
 1800 hold m=7 hq=0.014 fail | Dr=-0.012/+0.170 |Dr|max=0.402 Df=-0.227 | g r=0.533 f=0.864 p=0.917(0.017) max=1.884 | Ld=+1.1030 base=-0.183 r1=0.326 path=0.811 cap=0.15 | Lg=+0.7900 | 22s
 1810 hold m=7 hq=0.203 fail | Dr=-0.030/+0.125 |Dr|max=0.363 Df=-0.183 | g r=0.545 f=0.885 p=0.929(0.014) max=2.035 | Ld=+1.1236 base=-0.163 r1=0.374 path=0.77 cap=0.143 | Lg=+0.7743 | 22s
 1820 hold m=5 hq=0.053 fail | Dr=+0.007/+0.120 |Dr|max=0.318 Df=-0.192 | g r=0.546 f=0.981 p=0.992(0.036) max=2.058 | Ld=+1.1805 base=-0.175 r1=0.298 path=0.972 cap=0.0848 | Lg=+0.7925 | 22s
 1830 hold m=6 hq=0.254 fail | Dr=-0.012/+0.125 |Dr|max=0.303 Df=-0.176 | g r=0.563 f=0.921 p=0.931(0.018) max=1.908 | Ld=+1.1723 base=-0.133 r1=0.351 path=0.849 cap=0.105 | Lg=+0.7693 | 22s
 1840 hold m=3 hq=0.089 fail | Dr=-0.017/+0.107 |Dr|max=0.341 Df=-0.201 | g r=0.533 f=0.955 p=0.945(0.007) max=1.998 | Ld=+1.1042 base=-0.154 r1=0.347 path=0.808 cap=0.103 | Lg=+0.7773 | 22s
 1850 hold m=8 hq=0.162 fail | Dr=+0.030/+0.158 |Dr|max=0.269 Df=-0.148 | g r=0.557 f=0.952 p=0.975(0.044) max=1.999 | Ld=+1.0881 base=-0.169 r1=0.327 path=0.845 cap=0.0855 | Lg=+0.7905 | 23s
 1860 hold m=5 hq=0.015 fail | Dr=-0.020/+0.108 |Dr|max=0.325 Df=-0.220 | g r=0.568 f=0.952 p=0.951(0.036) max=1.990 | Ld=+1.2018 base=-0.156 r1=0.369 path=0.868 cap=0.121 | Lg=+0.7803 | 23s
 1870 hold m=8 hq=0.201 fail | Dr=+0.006/+0.141 |Dr|max=0.345 Df=-0.185 | g r=0.556 f=0.930 p=0.969(0.042) max=1.949 | Ld=+1.0695 base=-0.161 r1=0.315 path=0.842 cap=0.0723 | Lg=+0.7939 | 23s
 1880 hold m=5 hq=0.026 fail | Dr=+0.027/+0.171 |Dr|max=0.293 Df=-0.222 | g r=0.586 f=0.911 p=0.979(0.018) max=2.039 | Ld=+0.9591 base=-0.201 r1=0.328 path=0.761 cap=0.071 | Lg=+0.8277 | 23s
 1890 hold m=8 hq=0.336 fail | Dr=+0.050/+0.182 |Dr|max=0.305 Df=-0.096 | g r=0.547 f=0.892 p=0.997(0.028) max=2.088 | Ld=+1.1142 base=-0.144 r1=0.307 path=0.913 cap=0.0378 | Lg=+0.7952 | 23s
 1900 hold m=6 hq=0.028 fail | Dr=+0.021/+0.194 |Dr|max=0.319 Df=-0.187 | g r=0.574 f=1.001 p=0.958(0.029) max=1.909 | Ld=+1.1085 base=-0.165 r1=0.332 path=0.845 cap=0.0973 | Lg=+0.7918 | 23s
 1910 hold m=7 hq=0.079 fail | Dr=+0.057/+0.223 |Dr|max=0.309 Df=-0.117 | g r=0.500 f=0.835 p=0.939(0.028) max=1.886 | Ld=+1.0299 base=-0.167 r1=0.335 path=0.75 cap=0.112 | Lg=+0.7897 | 23s
 1920 hold m=6 hq=0.055 fail | Dr=+0.044/+0.152 |Dr|max=0.296 Df=-0.179 | g r=0.514 f=0.941 p=0.959(0.012) max=2.120 | Ld=+0.9877 base=-0.184 r1=0.312 path=0.767 cap=0.0924 | Lg=+0.8023 | 24s
 1930 hold m=7 hq=0.249 fail | Dr=+0.005/+0.182 |Dr|max=0.315 Df=-0.131 | g r=0.525 f=0.725 p=0.880(0.022) max=1.959 | Ld=+0.9037 base=-0.217 r1=0.36 path=0.591 cap=0.17 | Lg=+0.8007 | 24s
 1940 hold m=6 hq=0.014 fail | Dr=+0.047/+0.156 |Dr|max=0.283 Df=-0.124 | g r=0.491 f=0.863 p=0.928(0.048) max=1.952 | Ld=+1.0199 base=-0.186 r1=0.408 path=0.646 cap=0.152 | Lg=+0.7936 | 24s
 1950 hold m=8 hq=0.201 fail | Dr=+0.038/+0.176 |Dr|max=0.260 Df=-0.130 | g r=0.564 f=0.915 p=0.958(0.021) max=1.901 | Ld=+0.9837 base=-0.189 r1=0.293 path=0.763 cap=0.117 | Lg=+0.8109 | 24s
 1960 hold m=7 hq=0.048 fail | Dr=+0.043/+0.176 |Dr|max=0.283 Df=-0.188 | g r=0.598 f=0.963 p=1.006(0.047) max=1.979 | Ld=+1.1795 base=-0.162 r1=0.294 path=1 cap=0.0464 | Lg=+0.7974 | 24s
 1970 hold m=4 hq=0.134 fail | Dr=+0.033/+0.173 |Dr|max=0.289 Df=-0.196 | g r=0.557 f=0.892 p=0.959(0.030) max=1.963 | Ld=+1.0310 base=-0.168 r1=0.31 path=0.763 cap=0.125 | Lg=+0.7862 | 24s
 1980 hold m=6 hq=0.051 fail | Dr=+0.033/+0.167 |Dr|max=0.274 Df=-0.156 | g r=0.491 f=0.778 p=0.904(0.020) max=1.954 | Ld=+0.9414 base=-0.188 r1=0.357 path=0.616 cap=0.157 | Lg=+0.7914 | 24s
 1990 hold m=7 hq=0.157 fail | Dr=+0.052/+0.168 |Dr|max=0.227 Df=-0.172 | g r=0.544 f=0.837 p=0.936(0.014) max=1.950 | Ld=+0.9394 base=-0.213 r1=0.323 path=0.724 cap=0.106 | Lg=+0.8109 | 24s
 2000 hold m=8 hq=0.140 fail | Dr=+0.036/+0.191 |Dr|max=0.213 Df=-0.150 | g r=0.477 f=0.767 p=0.872(0.023) max=1.842 | Ld=+0.9667 base=-0.221 r1=0.387 path=0.603 cap=0.197 | Lg=+0.8083 | 25s
 2010 hold m=8 hq=0.178 fail | Dr=+0.037/+0.158 |Dr|max=0.278 Df=-0.138 | g r=0.539 f=0.796 p=0.894(0.027) max=1.940 | Ld=+0.9847 base=-0.204 r1=0.39 path=0.616 cap=0.183 | Lg=+0.7963 | 25s
 2020 hold m=8 hq=0.147 fail | Dr=-0.008/+0.177 |Dr|max=0.241 Df=-0.176 | g r=0.501 f=0.744 p=0.841(0.013) max=1.749 | Ld=+1.0523 base=-0.254 r1=0.409 path=0.597 cap=0.301 | Lg=+0.7991 | 25s
 2030 hold m=5 hq=0.095 fail | Dr=+0.042/+0.238 |Dr|max=0.342 Df=-0.213 | g r=0.622 f=1.023 p=1.020(0.021) max=2.071 | Ld=+1.2809 base=-0.159 r1=0.236 path=1.11 cap=0.0957 | Lg=+0.8006 | 25s
 2040 hold m=7 hq=0.107 fail | Dr=+0.026/+0.234 |Dr|max=0.312 Df=-0.170 | g r=0.530 f=0.882 p=0.926(0.025) max=1.665 | Ld=+0.9067 base=-0.216 r1=0.36 path=0.638 cap=0.125 | Lg=+0.8127 | 25s
 2050 hold m=8 hq=0.250 fail | Dr=+0.062/+0.225 |Dr|max=0.272 Df=-0.103 | g r=0.565 f=0.878 p=0.912(0.056) max=1.855 | Ld=+1.0498 base=-0.15 r1=0.373 path=0.683 cap=0.144 | Lg=+0.7788 | 25s
 2060 hold m=7 hq=0.160 fail | Dr=+0.068/+0.214 |Dr|max=0.253 Df=-0.119 | g r=0.568 f=0.955 p=0.991(0.024) max=1.811 | Ld=+1.0038 base=-0.152 r1=0.326 path=0.757 cap=0.0734 | Lg=+0.7936 | 25s
 2070 hold m=8 hq=0.182 fail | Dr=+0.057/+0.198 |Dr|max=0.283 Df=-0.122 | g r=0.506 f=0.861 p=0.931(0.011) max=1.712 | Ld=+0.9823 base=-0.177 r1=0.389 path=0.66 cap=0.11 | Lg=+0.7936 | 25s
 2080 hold m=8 hq=0.163 fail | Dr=+0.074/+0.174 |Dr|max=0.269 Df=-0.094 | g r=0.556 f=0.889 p=0.924(0.004) max=1.776 | Ld=+0.9973 base=-0.181 r1=0.36 path=0.681 cap=0.137 | Lg=+0.7871 | 26s
 2090 hold m=7 hq=0.189 fail | Dr=+0.105/+0.211 |Dr|max=0.239 Df=-0.084 | g r=0.552 f=0.937 p=0.946(0.016) max=1.811 | Ld=+0.8836 base=-0.191 r1=0.358 path=0.616 cap=0.0999 | Lg=+0.7982 | 26s
 2100 hold m=8 hq=0.188 fail | Dr=+0.018/+0.103 |Dr|max=0.274 Df=-0.115 | g r=0.417 f=0.737 p=0.836(0.029) max=2.006 | Ld=+1.0961 base=-0.197 r1=0.434 path=0.585 cap=0.273 | Lg=+0.7765 | 26s
 2110 hold m=8 hq=0.223 fail | Dr=+0.075/+0.180 |Dr|max=0.316 Df=-0.087 | g r=0.522 f=0.790 p=0.896(0.011) max=1.876 | Ld=+0.9356 base=-0.189 r1=0.402 path=0.579 cap=0.144 | Lg=+0.7986 | 26s
 2120 hold m=8 hq=0.349 fail | Dr=+0.028/+0.145 |Dr|max=0.254 Df=-0.084 | g r=0.486 f=0.761 p=0.837(0.007) max=1.855 | Ld=+0.9716 base=-0.234 r1=0.485 path=0.487 cap=0.233 | Lg=+0.7976 | 26s
 2130 hold m=8 hq=0.136 fail | Dr=+0.053/+0.194 |Dr|max=0.289 Df=-0.091 | g r=0.521 f=0.860 p=0.868(0.029) max=1.743 | Ld=+0.9556 base=-0.201 r1=0.373 path=0.587 cap=0.197 | Lg=+0.7974 | 26s
 2140 hold m=6 hq=0.200 fail | Dr=+0.091/+0.228 |Dr|max=0.282 Df=-0.096 | g r=0.535 f=0.860 p=0.927(0.017) max=1.817 | Ld=+0.9498 base=-0.183 r1=0.386 path=0.616 cap=0.131 | Lg=+0.7978 | 26s
 2150 hold m=8 hq=0.360 fail | Dr=+0.120/+0.270 |Dr|max=0.286 Df=-0.045 | g r=0.625 f=0.845 p=0.977(0.023) max=2.020 | Ld=+1.1524 base=-0.169 r1=0.231 path=0.995 cap=0.0952 | Lg=+0.8009 | 26s
 2160 hold m=6 hq=0.160 fail | Dr=+0.109/+0.217 |Dr|max=0.300 Df=-0.089 | g r=0.537 f=0.860 p=0.948(0.017) max=2.102 | Ld=+0.9881 base=-0.2 r1=0.396 path=0.683 cap=0.109 | Lg=+0.8093 | 27s
 2170 hold m=7 hq=0.381 fail | Dr=+0.062/+0.158 |Dr|max=0.264 Df=-0.076 | g r=0.479 f=0.700 p=0.841(0.020) max=1.755 | Ld=+0.9320 base=-0.216 r1=0.456 path=0.481 cap=0.211 | Lg=+0.7966 | 27s
 2180 hold m=6 hq=0.306 fail | Dr=+0.074/+0.186 |Dr|max=0.297 Df=-0.093 | g r=0.469 f=0.757 p=0.847(0.050) max=1.811 | Ld=+1.0350 base=-0.202 r1=0.478 path=0.457 cap=0.301 | Lg=+0.7839 | 27s
 2190 hold m=7 hq=0.197 fail | Dr=+0.130/+0.247 |Dr|max=0.271 Df=-0.088 | g r=0.553 f=0.867 p=0.933(0.020) max=1.844 | Ld=+0.8933 base=-0.194 r1=0.33 path=0.666 cap=0.0915 | Lg=+0.8099 | 27s
 2200 hold m=7 hq=0.121 fail | Dr=+0.139/+0.285 |Dr|max=0.325 Df=-0.109 | g r=0.623 f=0.970 p=1.019(0.031) max=1.838 | Ld=+1.1742 base=-0.148 r1=0.246 path=1.02 cap=0.0566 | Lg=+0.7926 | 27s
 2210 hold m=6 hq=0.103 fail | Dr=+0.103/+0.206 |Dr|max=0.231 Df=-0.115 | g r=0.541 f=0.929 p=0.939(0.075) max=1.918 | Ld=+0.9431 base=-0.188 r1=0.345 path=0.669 cap=0.117 | Lg=+0.7989 | 27s
 2220 hold m=8 hq=0.147 fail | Dr=+0.084/+0.170 |Dr|max=0.258 Df=-0.069 | g r=0.464 f=0.700 p=0.820(0.010) max=1.854 | Ld=+0.9768 base=-0.231 r1=0.411 path=0.563 cap=0.234 | Lg=+0.7986 | 27s
 2230 hold m=8 hq=0.128 fail | Dr=+0.079/+0.192 |Dr|max=0.247 Df=-0.102 | g r=0.532 f=0.777 p=0.872(0.028) max=1.664 | Ld=+1.0002 base=-0.204 r1=0.379 path=0.583 cap=0.242 | Lg=+0.7925 | 27s
 2240 hold m=6 hq=0.136 fail | Dr=+0.123/+0.272 |Dr|max=0.317 Df=-0.058 | g r=0.580 f=0.935 p=0.968(0.044) max=1.856 | Ld=+0.9700 base=-0.163 r1=0.307 path=0.751 cap=0.0756 | Lg=+0.7905 | 28s
 2250 hold m=7 hq=0.165 fail | Dr=+0.153/+0.311 |Dr|max=0.341 Df=-0.087 | g r=0.635 f=0.974 p=1.016(0.020) max=2.004 | Ld=+1.0344 base=-0.144 r1=0.299 path=0.843 cap=0.0367 | Lg=+0.7887 | 28s
 2260 hold m=7 hq=0.265 fail | Dr=+0.135/+0.255 |Dr|max=0.255 Df=-0.043 | g r=0.557 f=0.852 p=0.910(0.017) max=1.746 | Ld=+0.9540 base=-0.197 r1=0.42 path=0.629 cap=0.102 | Lg=+0.8059 | 28s
 2270 hold m=5 hq=0.216 fail | Dr=+0.148/+0.277 |Dr|max=0.277 Df=-0.054 | g r=0.602 f=0.938 p=0.954(0.007) max=1.754 | Ld=+0.9500 base=-0.192 r1=0.377 path=0.69 cap=0.0748 | Lg=+0.8080 | 28s
 2280 hold m=5 hq=0.130 fail | Dr=+0.172/+0.335 |Dr|max=0.335 Df=-0.056 | g r=0.613 f=1.056 p=1.033(0.053) max=1.948 | Ld=+0.9899 base=-0.183 r1=0.291 path=0.851 cap=0.0306 | Lg=+0.8153 | 28s
 2290 hold m=6 hq=0.114 fail | Dr=+0.160/+0.266 |Dr|max=0.266 Df=-0.050 | g r=0.645 f=0.934 p=0.981(0.048) max=2.155 | Ld=+1.0810 base=-0.137 r1=0.34 path=0.808 cap=0.0705 | Lg=+0.7768 | 28s
 2300 hold m=6 hq=0.081 fail | Dr=+0.147/+0.269 |Dr|max=0.269 Df=-0.082 | g r=0.618 f=0.974 p=0.999(0.055) max=1.847 | Ld=+0.9832 base=-0.171 r1=0.319 path=0.778 cap=0.0579 | Lg=+0.8121 | 28s
 2310 hold m=7 hq=0.228 fail | Dr=+0.127/+0.259 |Dr|max=0.259 Df=-0.060 | g r=0.578 f=0.877 p=0.929(0.016) max=1.684 | Ld=+0.9077 base=-0.204 r1=0.394 path=0.622 cap=0.0959 | Lg=+0.8067 | 28s
 2320 hold m=8 hq=0.398 fail | Dr=+0.130/+0.287 |Dr|max=0.316 Df=-0.033 | g r=0.606 f=0.833 p=0.997(0.042) max=1.869 | Ld=+1.1305 base=-0.124 r1=0.315 path=0.914 cap=0.0261 | Lg=+0.7808 | 29s
 2330 hold m=7 hq=0.133 fail | Dr=+0.127/+0.242 |Dr|max=0.242 Df=-0.095 | g r=0.525 f=0.877 p=0.903(0.016) max=1.985 | Ld=+0.9073 base=-0.229 r1=0.395 path=0.578 cap=0.163 | Lg=+0.8197 | 29s
 2340 hold m=6 hq=0.230 fail | Dr=+0.105/+0.233 |Dr|max=0.257 Df=-0.048 | g r=0.471 f=0.712 p=0.808(0.031) max=1.566 | Ld=+0.9203 base=-0.25 r1=0.467 path=0.45 cap=0.253 | Lg=+0.8062 | 29s
 2350 hold m=6 hq=0.149 fail | Dr=+0.116/+0.305 |Dr|max=0.305 Df=-0.035 | g r=0.522 f=0.723 p=0.853(0.024) max=1.772 | Ld=+0.9878 base=-0.178 r1=0.474 path=0.489 cap=0.203 | Lg=+0.7882 | 29s
 2360 hold m=7 hq=0.210 fail | Dr=+0.151/+0.351 |Dr|max=0.351 Df=-0.062 | g r=0.584 f=0.908 p=0.956(0.011) max=1.801 | Ld=+0.9433 base=-0.167 r1=0.366 path=0.657 cap=0.087 | Lg=+0.7878 | 29s
 2370 hold m=6 hq=0.194 fail | Dr=+0.098/+0.301 |Dr|max=0.392 Df=-0.097 | g r=0.609 f=0.831 p=0.942(0.006) max=1.748 | Ld=+0.9081 base=-0.209 r1=0.365 path=0.657 cap=0.0955 | Lg=+0.8169 | 29s
 2380 hold m=7 hq=0.115 fail | Dr=+0.127/+0.302 |Dr|max=0.338 Df=-0.061 | g r=0.555 f=0.841 p=0.916(0.023) max=1.991 | Ld=+0.9420 base=-0.19 r1=0.402 path=0.626 cap=0.104 | Lg=+0.7915 | 29s
 2390 hold m=7 hq=0.238 fail | Dr=+0.090/+0.274 |Dr|max=0.331 Df=-0.112 | g r=0.555 f=0.817 p=0.881(0.004) max=2.087 | Ld=+0.9166 base=-0.269 r1=0.446 path=0.55 cap=0.189 | Lg=+0.8317 | 29s
 2400 hold m=8 hq=0.240 fail | Dr=+0.118/+0.275 |Dr|max=0.275 Df=-0.084 | g r=0.489 f=0.762 p=0.854(0.032) max=1.565 | Ld=+0.9642 base=-0.266 r1=0.405 path=0.603 cap=0.222 | Lg=+0.8238 | 30s
# shift (1,0) after 2400; frozen copy on new target: m=1 hq=0.006
 2410 post m=5 hq=0.094 fail | Dr=-0.019/+0.265 |Dr|max=0.464 Df=-0.154 | g r=0.496 f=0.713 p=0.809(0.022) max=1.663 | Ld=+1.1815 base=-0.214 r1=0.525 path=0.583 cap=0.288 | Lg=+0.7825 | 30s
 2420 post m=6 hq=0.200 fail | Dr=+0.009/+0.284 |Dr|max=0.543 Df=-0.135 | g r=0.511 f=0.718 p=0.793(0.038) max=1.553 | Ld=+1.1168 base=-0.226 r1=0.527 path=0.531 cap=0.285 | Lg=+0.7920 | 30s
 2430 post m=6 hq=0.023 fail | Dr=+0.023/+0.301 |Dr|max=0.568 Df=-0.184 | g r=0.573 f=0.889 p=0.890(0.016) max=1.701 | Ld=+0.9422 base=-0.228 r1=0.424 path=0.58 cap=0.166 | Lg=+0.8130 | 30s
 2440 post m=4 hq=0.066 fail | Dr=+0.027/+0.236 |Dr|max=0.433 Df=-0.175 | g r=0.565 f=0.820 p=0.887(0.030) max=1.897 | Ld=+0.8640 base=-0.244 r1=0.432 path=0.534 cap=0.142 | Lg=+0.8168 | 30s
 2450 post m=5 hq=0.098 fail | Dr=+0.045/+0.213 |Dr|max=0.360 Df=-0.121 | g r=0.572 f=0.846 p=0.930(0.025) max=1.662 | Ld=+0.9957 base=-0.169 r1=0.406 path=0.66 cap=0.0981 | Lg=+0.7926 | 30s
 2460 post m=3 hq=0.123 fail | Dr=+0.056/+0.240 |Dr|max=0.240 Df=-0.126 | g r=0.462 f=0.699 p=0.786(0.014) max=1.728 | Ld=+1.0684 base=-0.258 r1=0.542 path=0.431 cap=0.352 | Lg=+0.8203 | 30s
 2470 post m=3 hq=0.163 fail | Dr=+0.070/+0.258 |Dr|max=0.258 Df=-0.162 | g r=0.559 f=0.851 p=0.900(0.047) max=1.614 | Ld=+0.9435 base=-0.253 r1=0.448 path=0.599 cap=0.149 | Lg=+0.8400 | 30s
 2480 post m=3 hq=0.161 fail | Dr=+0.086/+0.277 |Dr|max=0.277 Df=-0.139 | g r=0.510 f=0.703 p=0.811(0.013) max=1.459 | Ld=+0.9796 base=-0.256 r1=0.515 path=0.42 cap=0.3 | Lg=+0.8178 | 30s
 2490 post m=5 hq=0.120 fail | Dr=+0.096/+0.306 |Dr|max=0.317 Df=-0.173 | g r=0.571 f=0.872 p=0.921(0.016) max=1.923 | Ld=+0.8625 base=-0.217 r1=0.42 path=0.557 cap=0.102 | Lg=+0.8089 | 31s
 2500 post m=8 hq=0.150 fail | Dr=+0.129/+0.295 |Dr|max=0.295 Df=-0.081 | g r=0.508 f=0.878 p=0.884(0.036) max=1.616 | Ld=+0.8594 base=-0.23 r1=0.411 path=0.544 cap=0.135 | Lg=+0.8240 | 31s
 2510 post m=7 hq=0.223 fail | Dr=+0.138/+0.315 |Dr|max=0.315 Df=-0.081 | g r=0.592 f=0.885 p=0.939(0.072) max=1.903 | Ld=+0.8527 base=-0.249 r1=0.371 path=0.632 cap=0.0986 | Lg=+0.8336 | 31s
 2520 post m=6 hq=0.020 fail | Dr=+0.095/+0.287 |Dr|max=0.287 Df=-0.147 | g r=0.556 f=0.830 p=0.889(0.012) max=1.716 | Ld=+0.9340 base=-0.191 r1=0.393 path=0.58 cap=0.152 | Lg=+0.8023 | 31s
 2530 post m=5 hq=0.099 fail | Dr=+0.074/+0.241 |Dr|max=0.312 Df=-0.142 | g r=0.620 f=0.955 p=0.966(0.039) max=1.889 | Ld=+0.9373 base=-0.177 r1=0.394 path=0.641 cap=0.0792 | Lg=+0.7960 | 31s
 2540 post m=8 hq=0.198 fail | Dr=+0.146/+0.347 |Dr|max=0.347 Df=-0.014 | g r=0.605 f=0.915 p=0.971(0.009) max=1.905 | Ld=+1.1137 base=-0.186 r1=0.34 path=0.906 cap=0.0531 | Lg=+0.8009 | 31s
 2550 post m=8 hq=0.189 fail | Dr=+0.084/+0.250 |Dr|max=0.353 Df=-0.088 | g r=0.615 f=0.907 p=0.963(0.006) max=1.836 | Ld=+1.2078 base=-0.13 r1=0.434 path=0.778 cap=0.125 | Lg=+0.8092 | 31s
 2560 post m=7 hq=0.245 fail | Dr=+0.100/+0.260 |Dr|max=0.260 Df=-0.081 | g r=0.579 f=0.810 p=0.901(0.027) max=1.897 | Ld=+0.8892 base=-0.219 r1=0.417 path=0.572 cap=0.119 | Lg=+0.8272 | 31s
 2570 post m=7 hq=0.143 fail | Dr=+0.102/+0.311 |Dr|max=0.327 Df=-0.052 | g r=0.518 f=0.721 p=0.776(0.013) max=1.431 | Ld=+1.0996 base=-0.203 r1=0.523 path=0.463 cap=0.317 | Lg=+0.7836 | 32s
 2580 post m=8 hq=0.171 fail | Dr=+0.070/+0.362 |Dr|max=0.426 Df=-0.116 | g r=0.541 f=0.810 p=0.848(0.015) max=1.679 | Ld=+0.9555 base=-0.222 r1=0.484 path=0.5 cap=0.194 | Lg=+0.8076 | 32s
 2590 post m=7 hq=0.073 fail | Dr=+0.133/+0.356 |Dr|max=0.356 Df=-0.090 | g r=0.595 f=0.904 p=0.936(0.041) max=1.673 | Ld=+0.9635 base=-0.193 r1=0.42 path=0.628 cap=0.109 | Lg=+0.8160 | 32s
 2600 post m=7 hq=0.148 fail | Dr=+0.118/+0.298 |Dr|max=0.340 Df=-0.118 | g r=0.635 f=0.853 p=0.965(0.034) max=1.726 | Ld=+1.0101 base=-0.168 r1=0.413 path=0.672 cap=0.0934 | Lg=+0.8263 | 32s
 2610 post m=7 hq=0.185 fail | Dr=+0.149/+0.262 |Dr|max=0.262 Df=-0.008 | g r=0.556 f=0.795 p=0.872(0.045) max=1.861 | Ld=+0.9022 base=-0.219 r1=0.409 path=0.532 cap=0.18 | Lg=+0.8042 | 32s
 2620 post m=6 hq=0.162 fail | Dr=+0.123/+0.261 |Dr|max=0.261 Df=-0.050 | g r=0.597 f=0.789 p=0.914(0.053) max=1.792 | Ld=+0.9922 base=-0.185 r1=0.456 path=0.559 cap=0.162 | Lg=+0.7931 | 32s
 2630 post m=8 hq=0.132 fail | Dr=+0.156/+0.282 |Dr|max=0.282 Df=-0.052 | g r=0.640 f=0.866 p=0.935(0.048) max=1.758 | Ld=+0.8741 base=-0.164 r1=0.426 path=0.51 cap=0.102 | Lg=+0.7823 | 32s
 2640 post m=8 hq=0.228 fail | Dr=+0.180/+0.299 |Dr|max=0.299 Df=-0.063 | g r=0.653 f=0.959 p=1.016(0.012) max=1.938 | Ld=+1.1005 base=-0.132 r1=0.357 path=0.831 cap=0.0442 | Lg=+0.7882 | 32s
 2650 post m=8 hq=0.199 fail | Dr=+0.156/+0.269 |Dr|max=0.269 Df=-0.029 | g r=0.590 f=0.865 p=0.949(0.034) max=1.704 | Ld=+1.0558 base=-0.15 r1=0.408 path=0.734 cap=0.0637 | Lg=+0.7862 | 32s
 2660 post m=8 hq=0.277 fail | Dr=+0.153/+0.324 |Dr|max=0.324 Df=-0.037 | g r=0.641 f=0.847 p=0.990(0.017) max=1.838 | Ld=+0.9196 base=-0.188 r1=0.368 path=0.696 cap=0.044 | Lg=+0.8160 | 33s
 2670 post m=7 hq=0.098 fail | Dr=+0.154/+0.307 |Dr|max=0.307 Df=-0.071 | g r=0.606 f=0.951 p=0.931(0.025) max=1.759 | Ld=+0.9973 base=-0.152 r1=0.452 path=0.608 cap=0.0897 | Lg=+0.7763 | 33s
 2680 post m=7 hq=0.139 fail | Dr=+0.179/+0.352 |Dr|max=0.352 Df=-0.015 | g r=0.639 f=0.941 p=0.968(0.016) max=1.729 | Ld=+1.0195 base=-0.147 r1=0.375 path=0.724 cap=0.0672 | Lg=+0.7795 | 33s
 2690 post m=6 hq=0.141 fail | Dr=+0.204/+0.422 |Dr|max=0.422 Df=-0.017 | g r=0.605 f=0.867 p=0.953(0.038) max=1.778 | Ld=+0.8391 base=-0.242 r1=0.403 path=0.571 cap=0.107 | Lg=+0.8414 | 33s
 2700 post m=8 hq=0.232 fail | Dr=+0.196/+0.292 |Dr|max=0.292 Df=+0.067 | g r=0.487 f=0.714 p=0.795(0.018) max=1.595 | Ld=+1.0717 base=-0.171 r1=0.475 path=0.488 cap=0.28 | Lg=+0.7638 | 33s
 2710 post m=6 hq=0.156 fail | Dr=+0.155/+0.278 |Dr|max=0.278 Df=-0.016 | g r=0.626 f=0.888 p=0.917(0.013) max=1.734 | Ld=+0.8279 base=-0.236 r1=0.375 path=0.572 cap=0.116 | Lg=+0.8274 | 33s
 2720 post m=6 hq=0.138 fail | Dr=+0.211/+0.405 |Dr|max=0.405 Df=+0.036 | g r=0.593 f=0.861 p=0.919(0.070) max=1.637 | Ld=+0.9756 base=-0.182 r1=0.351 path=0.69 cap=0.117 | Lg=+0.7980 | 33s
 2730 post m=7 hq=0.249 fail | Dr=+0.085/+0.285 |Dr|max=0.303 Df=-0.100 | g r=0.620 f=0.933 p=0.999(0.003) max=1.906 | Ld=+1.3137 base=-0.138 r1=0.315 path=1.12 cap=0.0181 | Lg=+0.7967 | 33s
 2740 post m=7 hq=0.129 fail | Dr=+0.162/+0.327 |Dr|max=0.327 Df=-0.022 | g r=0.451 f=0.682 p=0.725(0.023) max=1.579 | Ld=+1.0207 base=-0.263 r1=0.489 path=0.402 cap=0.393 | Lg=+0.7931 | 34s
 2750 post m=8 hq=0.275 fail | Dr=+0.044/+0.240 |Dr|max=0.240 Df=-0.094 | g r=0.562 f=0.790 p=0.857(0.030) max=1.719 | Ld=+1.0711 base=-0.172 r1=0.443 path=0.568 cap=0.232 | Lg=+0.7764 | 34s
 2760 post m=8 hq=0.247 fail | Dr=+0.150/+0.332 |Dr|max=0.332 Df=-0.041 | g r=0.603 f=0.918 p=0.957(0.031) max=1.749 | Ld=+1.0144 base=-0.174 r1=0.317 path=0.816 cap=0.0548 | Lg=+0.8128 | 34s
 2770 post m=8 hq=0.298 fail | Dr=+0.194/+0.384 |Dr|max=0.384 Df=+0.024 | g r=0.624 f=0.887 p=0.951(0.020) max=1.898 | Ld=+0.9739 base=-0.171 r1=0.396 path=0.672 cap=0.0761 | Lg=+0.7965 | 34s
 2780 post m=8 hq=0.245 fail | Dr=+0.171/+0.301 |Dr|max=0.301 Df=-0.010 | g r=0.582 f=0.853 p=0.945(0.040) max=1.783 | Ld=+0.8836 base=-0.16 r1=0.398 path=0.574 cap=0.0711 | Lg=+0.7912 | 34s
 2790 post m=8 hq=0.267 fail | Dr=+0.170/+0.347 |Dr|max=0.347 Df=-0.030 | g r=0.602 f=0.868 p=0.928(0.017) max=1.750 | Ld=+0.8254 base=-0.218 r1=0.41 path=0.523 cap=0.111 | Lg=+0.8215 | 34s
 2800 post m=8 hq=0.404 fail | Dr=+0.171/+0.313 |Dr|max=0.313 Df=+0.005 | g r=0.587 f=0.840 p=0.926(0.010) max=1.700 | Ld=+0.9455 base=-0.159 r1=0.397 path=0.612 cap=0.0943 | Lg=+0.7898 | 34s
 2810 post m=5 hq=0.281 fail | Dr=+0.160/+0.334 |Dr|max=0.334 Df=-0.080 | g r=0.596 f=0.892 p=0.954(0.019) max=1.792 | Ld=+0.9224 base=-0.177 r1=0.398 path=0.617 cap=0.0853 | Lg=+0.7979 | 34s
 2820 post m=8 hq=0.289 fail | Dr=+0.199/+0.407 |Dr|max=0.407 Df=+0.026 | g r=0.609 f=0.902 p=0.963(0.040) max=1.698 | Ld=+0.9658 base=-0.152 r1=0.413 path=0.627 cap=0.077 | Lg=+0.7893 | 35s
 2830 post m=8 hq=0.312 fail | Dr=+0.171/+0.327 |Dr|max=0.327 Df=+0.007 | g r=0.518 f=0.736 p=0.858(0.008) max=1.676 | Ld=+0.9201 base=-0.249 r1=0.491 path=0.487 cap=0.191 | Lg=+0.8074 | 35s
 2840 post m=7 hq=0.216 fail | Dr=+0.175/+0.353 |Dr|max=0.353 Df=-0.039 | g r=0.604 f=0.911 p=0.958(0.049) max=1.781 | Ld=+0.8566 base=-0.202 r1=0.367 path=0.613 cap=0.0786 | Lg=+0.8111 | 35s
 2850 post m=7 hq=0.234 fail | Dr=+0.221/+0.356 |Dr|max=0.356 Df=+0.049 | g r=0.652 f=1.006 p=1.000(0.041) max=1.755 | Ld=+0.9667 base=-0.14 r1=0.362 path=0.696 cap=0.0481 | Lg=+0.7846 | 35s
 2860 post m=4 hq=0.120 fail | Dr=+0.213/+0.428 |Dr|max=0.428 Df=-0.050 | g r=0.638 f=1.027 p=1.052(0.010) max=2.046 | Ld=+1.1525 base=-0.207 r1=0.393 path=0.94 cap=0.0265 | Lg=+0.8510 | 35s
 2870 post m=4 hq=0.133 fail | Dr=+0.268/+0.602 |Dr|max=0.602 Df=-0.088 | g r=0.713 f=1.014 p=1.105(0.050) max=2.062 | Ld=+1.5991 base=-0.178 r1=0.223 path=1.53 cap=0.0211 | Lg=+0.8485 | 35s
 2880 post m=8 hq=0.202 fail | Dr=+0.272/+0.507 |Dr|max=0.507 Df=+0.029 | g r=0.648 f=1.071 p=1.043(0.010) max=1.984 | Ld=+1.1045 base=-0.124 r1=0.286 path=0.916 cap=0.0266 | Lg=+0.8059 | 35s
 2890 post m=7 hq=0.231 fail | Dr=+0.274/+0.471 |Dr|max=0.471 Df=+0.125 | g r=0.581 f=0.821 p=0.898(0.021) max=1.693 | Ld=+0.8059 base=-0.23 r1=0.399 path=0.516 cap=0.121 | Lg=+0.8150 | 35s
 2900 post m=6 hq=0.249 fail | Dr=+0.262/+0.459 |Dr|max=0.459 Df=+0.083 | g r=0.666 f=0.907 p=0.957(0.065) max=1.721 | Ld=+0.8967 base=-0.178 r1=0.349 path=0.635 cap=0.0897 | Lg=+0.8000 | 36s
 2910 post m=5 hq=0.019 fail | Dr=+0.306/+0.467 |Dr|max=0.467 Df=+0.028 | g r=0.669 f=0.996 p=1.011(0.051) max=1.824 | Ld=+0.9881 base=-0.154 r1=0.35 path=0.746 cap=0.0466 | Lg=+0.7938 | 36s
 2920 post m=8 hq=0.280 fail | Dr=+0.280/+0.438 |Dr|max=0.438 Df=+0.060 | g r=0.650 f=0.990 p=1.017(0.079) max=1.830 | Ld=+1.3020 base=-0.103 r1=0.291 path=1.09 cap=0.0266 | Lg=+0.7634 | 36s
 2930 post m=6 hq=0.132 fail | Dr=+0.323/+0.506 |Dr|max=0.506 Df=+0.125 | g r=0.652 f=0.966 p=0.966(0.049) max=1.798 | Ld=+0.9968 base=-0.142 r1=0.357 path=0.7 cap=0.0814 | Lg=+0.7958 | 36s
 2940 post m=5 hq=0.167 fail | Dr=+0.296/+0.534 |Dr|max=0.534 Df=+0.032 | g r=0.663 f=1.009 p=1.050(0.026) max=1.825 | Ld=+1.0069 base=-0.127 r1=0.299 path=0.803 cap=0.0314 | Lg=+0.7869 | 36s
 2950 post m=6 hq=0.209 fail | Dr=+0.298/+0.546 |Dr|max=0.546 Df=+0.065 | g r=0.586 f=0.892 p=0.981(0.011) max=1.782 | Ld=+0.9767 base=-0.134 r1=0.312 path=0.758 cap=0.0409 | Lg=+0.7883 | 36s
 2960 post m=6 hq=0.188 fail | Dr=+0.331/+0.546 |Dr|max=0.546 Df=+0.081 | g r=0.720 f=1.038 p=1.058(0.015) max=1.805 | Ld=+1.2865 base=-0.111 r1=0.25 path=1.11 cap=0.0379 | Lg=+0.7829 | 36s
 2970 post m=5 hq=0.166 fail | Dr=+0.333/+0.583 |Dr|max=0.583 Df=+0.070 | g r=0.678 f=1.005 p=1.029(0.020) max=1.765 | Ld=+1.0035 base=-0.121 r1=0.352 path=0.747 cap=0.0266 | Lg=+0.7827 | 36s
 2980 post m=7 hq=0.267 fail | Dr=+0.273/+0.450 |Dr|max=0.450 Df=+0.092 | g r=0.597 f=0.830 p=0.920(0.047) max=1.724 | Ld=+0.9665 base=-0.129 r1=0.418 path=0.583 cap=0.0947 | Lg=+0.7674 | 36s
 2990 post m=5 hq=0.232 fail | Dr=+0.358/+0.528 |Dr|max=0.528 Df=+0.133 | g r=0.681 f=0.960 p=1.056(0.043) max=1.763 | Ld=+1.0771 base=-0.108 r1=0.287 path=0.87 cap=0.0282 | Lg=+0.7768 | 37s
 3000 post m=8 hq=0.247 fail | Dr=+0.308/+0.526 |Dr|max=0.526 Df=+0.085 | g r=0.618 f=0.978 p=0.964(0.034) max=1.784 | Ld=+0.9318 base=-0.162 r1=0.369 path=0.66 cap=0.0653 | Lg=+0.7942 | 37s
 3010 post m=8 hq=0.144 fail | Dr=+0.253/+0.455 |Dr|max=0.455 Df=+0.078 | g r=0.635 f=0.829 p=0.924(0.042) max=1.663 | Ld=+0.8516 base=-0.197 r1=0.391 path=0.573 cap=0.0852 | Lg=+0.8170 | 37s
 3020 post m=4 hq=0.175 fail | Dr=+0.350/+0.534 |Dr|max=0.534 Df=+0.159 | g r=0.706 f=1.008 p=1.040(0.040) max=1.744 | Ld=+1.1775 base=-0.101 r1=0.265 path=0.984 cap=0.0288 | Lg=+0.7793 | 37s
 3030 post m=6 hq=0.149 fail | Dr=+0.331/+0.541 |Dr|max=0.541 Df=+0.108 | g r=0.616 f=0.993 p=1.005(0.025) max=1.692 | Ld=+0.8743 base=-0.198 r1=0.304 path=0.733 cap=0.0349 | Lg=+0.8263 | 37s
 3040 post m=7 hq=0.126 fail | Dr=+0.333/+0.498 |Dr|max=0.498 Df=+0.138 | g r=0.661 f=1.030 p=1.018(0.042) max=1.828 | Ld=+1.2143 base=-0.105 r1=0.334 path=0.938 cap=0.0479 | Lg=+0.7750 | 37s
 3050 post m=6 hq=0.121 fail | Dr=+0.296/+0.556 |Dr|max=0.556 Df=+0.102 | g r=0.716 f=1.026 p=1.032(0.021) max=1.897 | Ld=+1.0054 base=-0.142 r1=0.282 path=0.846 cap=0.0185 | Lg=+0.8083 | 37s
 3060 post m=6 hq=0.454 fail | Dr=+0.304/+0.504 |Dr|max=0.504 Df=+0.154 | g r=0.603 f=0.815 p=0.959(0.035) max=1.662 | Ld=+1.0075 base=-0.124 r1=0.374 path=0.688 cap=0.0697 | Lg=+0.7773 | 37s
 3070 post m=6 hq=0.368 fail | Dr=+0.292/+0.451 |Dr|max=0.451 Df=+0.051 | g r=0.647 f=0.931 p=0.969(0.023) max=1.727 | Ld=+0.8696 base=-0.204 r1=0.375 path=0.631 cap=0.0685 | Lg=+0.8200 | 38s
 3080 post m=6 hq=0.285 fail | Dr=+0.308/+0.522 |Dr|max=0.522 Df=+0.046 | g r=0.664 f=0.968 p=1.015(0.018) max=1.840 | Ld=+1.0678 base=-0.14 r1=0.301 path=0.86 cap=0.047 | Lg=+0.7962 | 38s
 3090 post m=6 hq=0.255 fail | Dr=+0.262/+0.470 |Dr|max=0.470 Df=+0.084 | g r=0.565 f=0.784 p=0.911(0.076) max=2.095 | Ld=+0.8934 base=-0.174 r1=0.428 path=0.534 cap=0.106 | Lg=+0.8036 | 38s
 3100 post m=6 hq=0.342 fail | Dr=+0.313/+0.485 |Dr|max=0.485 Df=+0.155 | g r=0.568 f=0.833 p=0.892(0.022) max=1.558 | Ld=+0.8313 base=-0.241 r1=0.426 path=0.508 cap=0.138 | Lg=+0.8260 | 38s
 3110 post m=6 hq=0.058 fail | Dr=+0.363/+0.575 |Dr|max=0.575 Df=+0.146 | g r=0.582 f=0.912 p=0.948(0.011) max=1.628 | Ld=+0.8894 base=-0.147 r1=0.412 path=0.535 cap=0.0896 | Lg=+0.7781 | 38s
 3120 post m=8 hq=0.280 fail | Dr=+0.292/+0.571 |Dr|max=0.571 Df=+0.112 | g r=0.538 f=0.770 p=0.867(0.032) max=1.584 | Ld=+0.9108 base=-0.251 r1=0.47 path=0.518 cap=0.173 | Lg=+0.8344 | 38s
 3130 post m=8 hq=0.345 fail | Dr=+0.275/+0.540 |Dr|max=0.540 Df=+0.154 | g r=0.517 f=0.782 p=0.842(0.028) max=1.673 | Ld=+0.9730 base=-0.152 r1=0.493 path=0.402 cap=0.231 | Lg=+0.7691 | 38s
 3140 post m=8 hq=0.534 fail | Dr=+0.319/+0.555 |Dr|max=0.555 Df=+0.213 | g r=0.517 f=0.722 p=0.807(0.029) max=1.557 | Ld=+0.9405 base=-0.223 r1=0.441 path=0.507 cap=0.216 | Lg=+0.8042 | 38s
 3150 post m=6 hq=0.242 fail | Dr=+0.337/+0.580 |Dr|max=0.580 Df=+0.169 | g r=0.490 f=0.781 p=0.821(0.015) max=1.629 | Ld=+0.8632 base=-0.243 r1=0.492 path=0.405 cap=0.209 | Lg=+0.8069 | 39s
 3160 post m=8 hq=0.644 fail | Dr=+0.279/+0.570 |Dr|max=0.570 Df=+0.206 | g r=0.477 f=0.644 p=0.792(0.015) max=1.545 | Ld=+0.9721 base=-0.184 r1=0.492 path=0.401 cap=0.264 | Lg=+0.7912 | 39s
 3170 post m=8 hq=0.653 fail | Dr=+0.310/+0.581 |Dr|max=0.581 Df=+0.239 | g r=0.459 f=0.604 p=0.796(0.033) max=1.589 | Ld=+0.8728 base=-0.213 r1=0.494 path=0.423 cap=0.168 | Lg=+0.7982 | 39s
 3180 post m=8 hq=0.355 fail | Dr=+0.271/+0.519 |Dr|max=0.519 Df=+0.152 | g r=0.438 f=0.744 p=0.801(0.018) max=1.618 | Ld=+0.9332 base=-0.223 r1=0.551 path=0.335 cap=0.27 | Lg=+0.7978 | 39s
 3190 post m=7 hq=0.379 fail | Dr=+0.338/+0.577 |Dr|max=0.577 Df=+0.205 | g r=0.549 f=0.791 p=0.928(0.012) max=1.714 | Ld=+0.8494 base=-0.154 r1=0.393 path=0.539 cap=0.0712 | Lg=+0.7912 | 39s
 3200 post m=7 hq=0.258 fail | Dr=+0.336/+0.629 |Dr|max=0.629 Df=+0.161 | g r=0.534 f=0.791 p=0.878(0.026) max=1.585 | Ld=+0.8691 base=-0.178 r1=0.427 path=0.487 cap=0.133 | Lg=+0.8008 | 39s
 3210 post m=6 hq=0.410 fail | Dr=+0.291/+0.586 |Dr|max=0.586 Df=+0.165 | g r=0.477 f=0.625 p=0.778(0.031) max=1.676 | Ld=+0.8996 base=-0.256 r1=0.473 path=0.38 cap=0.303 | Lg=+0.8153 | 39s
 3220 post m=8 hq=0.359 fail | Dr=+0.333/+0.658 |Dr|max=0.658 Df=+0.194 | g r=0.594 f=0.881 p=0.948(0.048) max=1.718 | Ld=+0.8710 base=-0.168 r1=0.388 path=0.573 cap=0.0779 | Lg=+0.7981 | 39s
 3230 post m=6 hq=0.086 fail | Dr=+0.343/+0.687 |Dr|max=0.687 Df=+0.148 | g r=0.595 f=0.897 p=0.964(0.034) max=1.766 | Ld=+0.8263 base=-0.178 r1=0.343 path=0.591 cap=0.0697 | Lg=+0.8181 | 40s
 3240 post m=5 hq=0.235 fail | Dr=+0.405/+0.746 |Dr|max=0.746 Df=+0.168 | g r=0.651 f=0.966 p=1.026(0.051) max=1.710 | Ld=+1.0381 base=-0.118 r1=0.305 path=0.816 cap=0.0344 | Lg=+0.7896 | 40s
 3250 post m=5 hq=0.319 fail | Dr=+0.327/+0.759 |Dr|max=0.759 Df=+0.108 | g r=0.603 f=0.849 p=0.944(0.037) max=2.280 | Ld=+0.9543 base=-0.188 r1=0.354 path=0.699 cap=0.0897 | Lg=+0.8226 | 40s
 3260 post m=5 hq=0.232 fail | Dr=+0.366/+0.684 |Dr|max=0.684 Df=+0.108 | g r=0.648 f=1.003 p=1.031(0.028) max=1.742 | Ld=+1.0122 base=-0.118 r1=0.295 path=0.808 cap=0.0269 | Lg=+0.7972 | 40s
 3270 post m=7 hq=0.232 fail | Dr=+0.400/+0.692 |Dr|max=0.692 Df=+0.179 | g r=0.650 f=1.016 p=1.017(0.019) max=1.902 | Ld=+1.0377 base=-0.119 r1=0.312 path=0.793 cap=0.0521 | Lg=+0.8076 | 40s
 3280 post m=8 hq=0.306 fail | Dr=+0.450/+0.740 |Dr|max=0.740 Df=+0.226 | g r=0.652 f=0.936 p=1.042(0.023) max=1.853 | Ld=+1.2251 base=-0.107 r1=0.243 path=1.04 cap=0.0488 | Lg=+0.7851 | 40s
 3290 post m=8 hq=0.365 fail | Dr=+0.412/+0.691 |Dr|max=0.691 Df=+0.236 | g r=0.607 f=0.921 p=0.978(0.041) max=1.843 | Ld=+0.9183 base=-0.128 r1=0.334 path=0.672 cap=0.0396 | Lg=+0.7873 | 40s
 3300 post m=7 hq=0.208 fail | Dr=+0.393/+0.682 |Dr|max=0.682 Df=+0.216 | g r=0.587 f=0.834 p=0.953(0.023) max=1.774 | Ld=+0.8156 base=-0.187 r1=0.392 path=0.534 cap=0.077 | Lg=+0.8069 | 40s
 3310 post m=8 hq=0.367 fail | Dr=+0.386/+0.692 |Dr|max=0.692 Df=+0.238 | g r=0.615 f=0.884 p=0.958(0.025) max=1.657 | Ld=+0.8660 base=-0.154 r1=0.367 path=0.565 cap=0.088 | Lg=+0.7920 | 40s
 3320 post m=8 hq=0.367 fail | Dr=+0.376/+0.652 |Dr|max=0.652 Df=+0.237 | g r=0.564 f=0.769 p=0.913(0.015) max=1.689 | Ld=+0.8951 base=-0.17 r1=0.4 path=0.536 cap=0.129 | Lg=+0.7877 | 41s
 3330 post m=8 hq=0.294 fail | Dr=+0.359/+0.629 |Dr|max=0.629 Df=+0.226 | g r=0.571 f=0.897 p=0.929(0.005) max=1.736 | Ld=+0.8397 base=-0.149 r1=0.388 path=0.513 cap=0.0874 | Lg=+0.7857 | 41s
 3340 post m=7 hq=0.308 fail | Dr=+0.285/+0.659 |Dr|max=0.659 Df=+0.103 | g r=0.543 f=0.791 p=0.895(0.005) max=1.746 | Ld=+1.0084 base=-0.242 r1=0.387 path=0.678 cap=0.186 | Lg=+0.8614 | 41s
 3350 post m=8 hq=0.568 fail | Dr=+0.390/+0.675 |Dr|max=0.675 Df=+0.296 | g r=0.571 f=0.821 p=0.915(0.011) max=1.598 | Ld=+0.9209 base=-0.0968 r1=0.398 path=0.517 cap=0.103 | Lg=+0.7628 | 41s
 3360 post m=7 hq=0.505 fail | Dr=+0.449/+0.710 |Dr|max=0.710 Df=+0.313 | g r=0.605 f=0.922 p=1.043(0.042) max=2.121 | Ld=+1.5690 base=-0.0838 r1=0.22 path=1.39 cap=0.0403 | Lg=+0.7735 | 41s
 3370 post m=6 hq=0.273 fail | Dr=+0.332/+0.598 |Dr|max=0.598 Df=+0.135 | g r=0.618 f=0.859 p=0.971(0.011) max=1.751 | Ld=+0.9417 base=-0.107 r1=0.357 path=0.621 cap=0.0714 | Lg=+0.7759 | 41s
 3380 post m=8 hq=0.447 fail | Dr=+0.451/+0.771 |Dr|max=0.771 Df=+0.300 | g r=0.647 f=0.919 p=1.012(0.016) max=1.762 | Ld=+1.1788 base=-0.0705 r1=0.279 path=0.939 cap=0.0318 | Lg=+0.7625 | 41s
 3390 post m=8 hq=0.312 fail | Dr=+0.403/+0.689 |Dr|max=0.689 Df=+0.233 | g r=0.611 f=0.850 p=0.940(0.053) max=1.613 | Ld=+0.8192 base=-0.169 r1=0.381 path=0.517 cap=0.0906 | Lg=+0.7950 | 41s
 3400 post m=8 hq=0.033 fail | Dr=+0.484/+0.783 |Dr|max=0.783 Df=+0.227 | g r=0.654 f=0.986 p=1.016(0.053) max=1.807 | Ld=+1.0014 base=-0.111 r1=0.307 path=0.763 cap=0.042 | Lg=+0.7817 | 42s
 3410 post m=8 hq=0.328 fail | Dr=+0.365/+0.674 |Dr|max=0.674 Df=+0.209 | g r=0.543 f=0.783 p=0.902(0.025) max=1.645 | Ld=+0.9358 base=-0.137 r1=0.441 path=0.515 cap=0.118 | Lg=+0.7939 | 42s
 3420 post m=7 hq=0.454 fail | Dr=+0.354/+0.566 |Dr|max=0.566 Df=+0.241 | g r=0.480 f=0.649 p=0.829(0.042) max=1.619 | Ld=+0.9117 base=-0.205 r1=0.516 path=0.355 cap=0.245 | Lg=+0.7927 | 42s
 3430 post m=8 hq=0.674 fail | Dr=+0.422/+0.692 |Dr|max=0.692 Df=+0.349 | g r=0.509 f=0.618 p=0.831(0.029) max=1.525 | Ld=+0.8598 base=-0.233 r1=0.499 path=0.4 cap=0.193 | Lg=+0.8283 | 42s
 3440 post m=7 hq=0.372 fail | Dr=+0.466/+0.708 |Dr|max=0.708 Df=+0.342 | g r=0.559 f=0.766 p=0.889(0.032) max=1.573 | Ld=+0.9817 base=-0.0983 r1=0.499 path=0.461 cap=0.12 | Lg=+0.7644 | 42s
 3450 post m=8 hq=0.619 fail | Dr=+0.331/+0.554 |Dr|max=0.554 Df=+0.267 | g r=0.457 f=0.600 p=0.764(0.014) max=1.524 | Ld=+0.9898 base=-0.194 r1=0.603 path=0.275 cap=0.305 | Lg=+0.7844 | 42s
 3460 post m=7 hq=0.391 fail | Dr=+0.413/+0.697 |Dr|max=0.697 Df=+0.268 | g r=0.560 f=0.754 p=0.894(0.007) max=2.078 | Ld=+0.9185 base=-0.161 r1=0.498 path=0.43 cap=0.151 | Lg=+0.8016 | 42s
 3470 post m=5 hq=0.267 fail | Dr=+0.435/+0.788 |Dr|max=0.788 Df=+0.221 | g r=0.614 f=0.886 p=1.001(0.030) max=1.944 | Ld=+0.9802 base=-0.12 r1=0.34 path=0.702 cap=0.058 | Lg=+0.7938 | 42s
 3480 post m=5 hq=0.236 fail | Dr=+0.475/+0.748 |Dr|max=0.748 Df=+0.219 | g r=0.680 f=0.982 p=1.044(0.085) max=2.050 | Ld=+1.1694 base=-0.0671 r1=0.27 path=0.923 cap=0.0441 | Lg=+0.7541 | 43s
 3490 post m=6 hq=0.230 fail | Dr=+0.410/+0.674 |Dr|max=0.674 Df=+0.208 | g r=0.601 f=0.888 p=0.952(0.013) max=1.954 | Ld=+0.9189 base=-0.108 r1=0.415 path=0.53 cap=0.0826 | Lg=+0.7834 | 43s
 3500 post m=8 hq=0.291 fail | Dr=+0.484/+0.796 |Dr|max=0.796 Df=+0.344 | g r=0.650 f=0.950 p=1.003(0.016) max=2.069 | Ld=+1.0762 base=-0.0736 r1=0.291 path=0.811 cap=0.0476 | Lg=+0.7692 | 43s
 3510 post m=7 hq=0.061 fail | Dr=+0.436/+0.807 |Dr|max=0.807 Df=+0.201 | g r=0.630 f=0.985 p=1.003(0.030) max=1.902 | Ld=+0.9017 base=-0.152 r1=0.31 path=0.683 cap=0.0608 | Lg=+0.8172 | 43s
 3520 post m=8 hq=0.165 fail | Dr=+0.417/+0.779 |Dr|max=0.779 Df=+0.192 | g r=0.647 f=0.990 p=1.014(0.024) max=2.027 | Ld=+0.9158 base=-0.125 r1=0.312 path=0.665 cap=0.0642 | Lg=+0.7987 | 43s
 3530 post m=7 hq=0.265 fail | Dr=+0.393/+0.729 |Dr|max=0.729 Df=+0.176 | g r=0.635 f=0.955 p=1.013(0.028) max=1.786 | Ld=+1.0991 base=-0.0892 r1=0.325 path=0.826 cap=0.0371 | Lg=+0.7997 | 43s
 3540 post m=8 hq=0.523 fail | Dr=+0.328/+0.665 |Dr|max=0.665 Df=+0.193 | g r=0.558 f=0.730 p=0.887(0.009) max=1.804 | Ld=+0.8819 base=-0.19 r1=0.448 path=0.463 cap=0.161 | Lg=+0.8284 | 43s
 3550 post m=8 hq=0.412 fail | Dr=+0.292/+0.708 |Dr|max=0.708 Df=+0.142 | g r=0.592 f=0.849 p=0.938(0.021) max=1.964 | Ld=+0.8937 base=-0.172 r1=0.416 path=0.539 cap=0.111 | Lg=+0.8134 | 43s
 3560 post m=7 hq=0.455 fail | Dr=+0.335/+0.654 |Dr|max=0.654 Df=+0.202 | g r=0.562 f=0.682 p=0.859(0.038) max=1.669 | Ld=+0.8593 base=-0.175 r1=0.46 path=0.412 cap=0.163 | Lg=+0.7954 | 43s
 3570 post m=8 hq=0.501 fail | Dr=+0.323/+0.663 |Dr|max=0.663 Df=+0.227 | g r=0.538 f=0.738 p=0.876(0.041) max=1.853 | Ld=+0.9480 base=-0.123 r1=0.486 path=0.44 cap=0.146 | Lg=+0.7876 | 44s
 3580 post m=7 hq=0.450 fail | Dr=+0.280/+0.590 |Dr|max=0.590 Df=+0.140 | g r=0.567 f=0.839 p=0.926(0.015) max=1.629 | Ld=+0.9154 base=-0.134 r1=0.446 path=0.487 cap=0.117 | Lg=+0.8035 | 44s
 3590 post m=8 hq=0.532 fail | Dr=+0.282/+0.631 |Dr|max=0.631 Df=+0.134 | g r=0.642 f=0.927 p=1.003(0.079) max=1.900 | Ld=+1.0052 base=-0.0872 r1=0.332 path=0.705 cap=0.0552 | Lg=+0.7665 | 44s
 3600 post m=8 hq=0.309 fail | Dr=+0.278/+0.636 |Dr|max=0.636 Df=+0.098 | g r=0.641 f=0.959 p=1.011(0.021) max=1.774 | Ld=+1.0288 base=-0.101 r1=0.351 path=0.739 cap=0.0409 | Lg=+0.7946 | 44s
 3610 post m=8 hq=0.402 fail | Dr=+0.198/+0.538 |Dr|max=0.538 Df=+0.059 | g r=0.543 f=0.768 p=0.906(0.073) max=1.647 | Ld=+0.8068 base=-0.177 r1=0.43 path=0.437 cap=0.117 | Lg=+0.8001 | 44s
 3620 post m=7 hq=0.331 fail | Dr=+0.251/+0.663 |Dr|max=0.663 Df=+0.068 | g r=0.633 f=0.935 p=1.005(0.030) max=1.741 | Ld=+0.9561 base=-0.123 r1=0.333 path=0.695 cap=0.0507 | Lg=+0.8064 | 44s
 3630 post m=7 hq=0.529 fail | Dr=+0.235/+0.510 |Dr|max=0.510 Df=+0.122 | g r=0.530 f=0.734 p=0.902(0.037) max=1.628 | Ld=+0.8501 base=-0.183 r1=0.48 path=0.422 cap=0.132 | Lg=+0.8060 | 44s
 3640 post m=6 hq=0.555 fail | Dr=+0.314/+0.678 |Dr|max=0.678 Df=+0.188 | g r=0.602 f=0.744 p=0.932(0.058) max=1.685 | Ld=+0.9724 base=-0.136 r1=0.389 path=0.62 cap=0.0985 | Lg=+0.8028 | 44s
 3650 post m=6 hq=0.504 fail | Dr=+0.263/+0.581 |Dr|max=0.581 Df=+0.127 | g r=0.597 f=0.881 p=0.939(0.041) max=1.614 | Ld=+0.9930 base=-0.0966 r1=0.38 path=0.625 cap=0.0847 | Lg=+0.7575 | 45s
 3660 post m=6 hq=0.176 fail | Dr=+0.330/+0.682 |Dr|max=0.682 Df=+0.115 | g r=0.674 f=0.988 p=1.028(0.032) max=1.765 | Ld=+1.0525 base=-0.138 r1=0.299 path=0.83 cap=0.0609 | Lg=+0.8147 | 45s
 3670 post m=4 hq=0.197 fail | Dr=+0.315/+0.680 |Dr|max=0.680 Df=+0.060 | g r=0.665 f=0.997 p=1.049(0.040) max=1.713 | Ld=+1.0812 base=-0.0913 r1=0.299 path=0.826 cap=0.0481 | Lg=+0.7823 | 45s
 3680 post m=5 hq=0.158 fail | Dr=+0.369/+0.750 |Dr|max=0.750 Df=+0.149 | g r=0.596 f=1.078 p=1.032(0.003) max=1.996 | Ld=+0.9203 base=-0.158 r1=0.318 path=0.724 cap=0.0355 | Lg=+0.8324 | 45s
 3690 post m=8 hq=0.352 fail | Dr=+0.351/+0.700 |Dr|max=0.700 Df=+0.180 | g r=0.660 f=0.954 p=1.003(0.005) max=1.657 | Ld=+1.0161 base=-0.0561 r1=0.375 path=0.662 cap=0.0357 | Lg=+0.7577 | 45s
 3700 post m=8 hq=0.324 fail | Dr=+0.299/+0.668 |Dr|max=0.668 Df=+0.157 | g r=0.550 f=0.788 p=0.943(0.043) max=1.682 | Ld=+0.8454 base=-0.148 r1=0.347 path=0.548 cap=0.0982 | Lg=+0.8167 | 45s
 3710 post m=8 hq=0.647 fail | Dr=+0.229/+0.523 |Dr|max=0.523 Df=+0.164 | g r=0.478 f=0.600 p=0.805(0.007) max=1.601 | Ld=+0.9328 base=-0.166 r1=0.505 path=0.382 cap=0.211 | Lg=+0.7821 | 45s
 3720 post m=8 hq=0.524 fail | Dr=+0.287/+0.635 |Dr|max=0.635 Df=+0.173 | g r=0.497 f=0.673 p=0.878(0.024) max=1.758 | Ld=+0.9589 base=-0.209 r1=0.534 path=0.483 cap=0.151 | Lg=+0.8072 | 45s
 3730 post m=8 hq=0.547 fail | Dr=+0.296/+0.674 |Dr|max=0.674 Df=+0.195 | g r=0.540 f=0.668 p=0.866(0.021) max=1.548 | Ld=+0.9978 base=-0.0944 r1=0.474 path=0.454 cap=0.164 | Lg=+0.7688 | 46s
 3740 post m=8 hq=0.675 fail | Dr=+0.304/+0.655 |Dr|max=0.655 Df=+0.233 | g r=0.519 f=0.617 p=0.839(0.027) max=1.557 | Ld=+0.7525 base=-0.22 r1=0.465 path=0.364 cap=0.144 | Lg=+0.8152 | 46s
 3750 post m=8 hq=0.682 fail | Dr=+0.287/+0.674 |Dr|max=0.674 Df=+0.216 | g r=0.550 f=0.672 p=0.879(0.019) max=1.628 | Ld=+0.9843 base=-0.101 r1=0.49 path=0.426 cap=0.169 | Lg=+0.7744 | 46s
 3760 post m=7 hq=0.296 fail | Dr=+0.369/+0.822 |Dr|max=0.822 Df=+0.224 | g r=0.651 f=0.904 p=0.973(0.029) max=1.789 | Ld=+0.9874 base=-0.121 r1=0.39 path=0.643 cap=0.0751 | Lg=+0.8124 | 46s
 3770 post m=8 hq=0.363 fail | Dr=+0.373/+0.857 |Dr|max=0.857 Df=+0.246 | g r=0.648 f=0.943 p=0.976(0.052) max=1.678 | Ld=+1.0100 base=-0.0888 r1=0.361 path=0.676 cap=0.0612 | Lg=+0.7823 | 46s
 3780 post m=7 hq=0.321 fail | Dr=+0.368/+0.770 |Dr|max=0.770 Df=+0.237 | g r=0.622 f=0.887 p=0.946(0.028) max=1.699 | Ld=+0.9598 base=-0.0989 r1=0.399 path=0.582 cap=0.0778 | Lg=+0.7811 | 46s
 3790 post m=8 hq=0.424 fail | Dr=+0.442/+0.973 |Dr|max=0.973 Df=+0.309 | g r=0.625 f=0.939 p=0.992(0.014) max=1.764 | Ld=+1.0505 base=-0.0767 r1=0.336 path=0.749 cap=0.0421 | Lg=+0.7831 | 46s
 3800 post m=7 hq=0.312 fail | Dr=+0.430/+0.923 |Dr|max=0.923 Df=+0.277 | g r=0.677 f=0.968 p=1.028(0.049) max=1.754 | Ld=+1.1743 base=-0.0455 r1=0.314 path=0.878 cap=0.0278 | Lg=+0.7602 | 46s
 3810 post m=7 hq=0.402 fail | Dr=+0.460/+1.034 |Dr|max=1.034 Df=+0.320 | g r=0.684 f=0.750 p=1.034(0.038) max=1.835 | Ld=+1.1105 base=-0.0771 r1=0.286 path=0.87 cap=0.032 | Lg=+0.7820 | 47s
 3820 post m=7 hq=0.391 fail | Dr=+0.463/+0.985 |Dr|max=0.985 Df=+0.310 | g r=0.605 f=0.747 p=0.961(0.016) max=1.684 | Ld=+0.8171 base=-0.138 r1=0.435 path=0.471 cap=0.0494 | Lg=+0.8075 | 47s
 3830 post m=8 hq=0.606 fail | Dr=+0.397/+0.847 |Dr|max=0.847 Df=+0.307 | g r=0.543 f=0.736 p=0.880(0.034) max=1.621 | Ld=+0.8230 base=-0.148 r1=0.484 path=0.358 cap=0.129 | Lg=+0.7884 | 47s
 3840 post m=8 hq=0.627 fail | Dr=+0.396/+0.887 |Dr|max=0.887 Df=+0.300 | g r=0.560 f=0.766 p=0.917(0.064) max=1.684 | Ld=+0.8130 base=-0.151 r1=0.444 path=0.441 cap=0.0789 | Lg=+0.8066 | 47s
 3850 post m=8 hq=0.565 fail | Dr=+0.434/+1.010 |Dr|max=1.010 Df=+0.326 | g r=0.587 f=0.809 p=0.950(0.038) max=1.736 | Ld=+0.7890 base=-0.141 r1=0.402 path=0.478 cap=0.0496 | Lg=+0.8166 | 47s
 3860 post m=8 hq=0.640 fail | Dr=+0.404/+0.948 |Dr|max=0.948 Df=+0.312 | g r=0.576 f=0.744 p=0.915(0.013) max=1.610 | Ld=+0.7971 base=-0.149 r1=0.448 path=0.409 cap=0.0889 | Lg=+0.8044 | 47s
 3870 post m=8 hq=0.652 fail | Dr=+0.410/+0.965 |Dr|max=0.965 Df=+0.328 | g r=0.588 f=0.723 p=0.903(0.030) max=2.097 | Ld=+0.8652 base=-0.14 r1=0.45 path=0.424 cap=0.132 | Lg=+0.7852 | 47s
 3880 post m=8 hq=0.698 fail | Dr=+0.402/+0.929 |Dr|max=0.929 Df=+0.315 | g r=0.571 f=0.741 p=0.910(0.058) max=1.718 | Ld=+0.8402 base=-0.164 r1=0.467 path=0.43 cap=0.107 | Lg=+0.7985 | 47s
 3890 post m=8 hq=0.774 fail | Dr=+0.399/+0.902 |Dr|max=0.902 Df=+0.343 | g r=0.519 f=0.587 p=0.839(0.046) max=1.701 | Ld=+0.9109 base=-0.144 r1=0.531 path=0.361 cap=0.162 | Lg=+0.7914 | 48s
 3900 post m=8 hq=0.736 fail | Dr=+0.432/+1.000 |Dr|max=1.000 Df=+0.358 | g r=0.550 f=0.660 p=0.887(0.011) max=1.737 | Ld=+0.8319 base=-0.167 r1=0.483 path=0.416 cap=0.0994 | Lg=+0.8033 | 48s
 3910 post m=8 hq=0.746 fail | Dr=+0.452/+1.025 |Dr|max=1.025 Df=+0.385 | g r=0.592 f=0.693 p=0.897(0.050) max=1.932 | Ld=+0.8069 base=-0.152 r1=0.43 path=0.393 cap=0.136 | Lg=+0.8191 | 48s
 3920 post m=8 hq=0.769 fail | Dr=+0.470/+1.034 |Dr|max=1.034 Df=+0.409 | g r=0.569 f=0.641 p=0.886(0.059) max=1.724 | Ld=+0.8163 base=-0.174 r1=0.466 path=0.42 cap=0.105 | Lg=+0.8159 | 48s
 3930 post m=8 hq=0.778 fail | Dr=+0.465/+1.010 |Dr|max=1.010 Df=+0.398 | g r=0.534 f=0.647 p=0.871(0.030) max=1.841 | Ld=+0.8774 base=-0.114 r1=0.505 path=0.37 cap=0.116 | Lg=+0.7851 | 48s
 3940 post m=8 hq=0.778 fail | Dr=+0.452/+0.995 |Dr|max=0.995 Df=+0.382 | g r=0.550 f=0.632 p=0.855(0.020) max=1.860 | Ld=+0.9824 base=-0.122 r1=0.501 path=0.418 cap=0.186 | Lg=+0.8050 | 48s
 3950 post m=8 hq=0.750 fail | Dr=+0.482/+1.084 |Dr|max=1.084 Df=+0.409 | g r=0.556 f=0.665 p=0.901(0.040) max=1.836 | Ld=+0.8394 base=-0.204 r1=0.507 path=0.405 cap=0.132 | Lg=+0.8487 | 48s
 3960 post m=8 hq=0.798 fail | Dr=+0.496/+1.089 |Dr|max=1.089 Df=+0.418 | g r=0.576 f=0.718 p=0.892(0.016) max=1.784 | Ld=+0.9998 base=-0.133 r1=0.513 path=0.451 cap=0.169 | Lg=+0.8097 | 48s
 3970 post m=8 hq=0.520 fail | Dr=+0.481/+1.076 |Dr|max=1.076 Df=+0.352 | g r=0.624 f=0.880 p=0.967(0.002) max=1.665 | Ld=+0.9518 base=-0.107 r1=0.454 path=0.535 cap=0.0704 | Lg=+0.8102 | 49s
 3980 post m=8 hq=0.570 fail | Dr=+0.470/+1.088 |Dr|max=1.088 Df=+0.349 | g r=0.597 f=0.830 p=0.920(0.048) max=1.798 | Ld=+0.8718 base=-0.129 r1=0.457 path=0.453 cap=0.0905 | Lg=+0.8071 | 49s
 3990 post m=8 hq=0.765 fail | Dr=+0.499/+1.167 |Dr|max=1.167 Df=+0.419 | g r=0.580 f=0.717 p=0.883(0.033) max=1.672 | Ld=+0.8563 base=-0.16 r1=0.492 path=0.393 cap=0.131 | Lg=+0.8173 | 49s
 4000 post m=8 hq=0.801 fail | Dr=+0.458/+1.139 |Dr|max=1.139 Df=+0.393 | g r=0.508 f=0.623 p=0.822(0.009) max=1.631 | Ld=+0.9252 base=-0.156 r1=0.531 path=0.379 cap=0.171 | Lg=+0.8093 | 49s
 4010 post m=8 hq=0.750 fail | Dr=+0.466/+1.122 |Dr|max=1.122 Df=+0.397 | g r=0.546 f=0.623 p=0.852(0.038) max=1.656 | Ld=+0.9462 base=-0.148 r1=0.51 path=0.384 cap=0.2 | Lg=+0.8159 | 49s
 4020 post m=8 hq=0.760 fail | Dr=+0.469/+1.155 |Dr|max=1.155 Df=+0.416 | g r=0.531 f=0.577 p=0.784(0.037) max=1.583 | Ld=+0.9142 base=-0.205 r1=0.561 path=0.326 cap=0.233 | Lg=+0.8120 | 49s
 4030 post m=8 hq=0.784 fail | Dr=+0.503/+1.239 |Dr|max=1.239 Df=+0.436 | g r=0.556 f=0.641 p=0.900(0.043) max=1.777 | Ld=+0.8869 base=-0.162 r1=0.496 path=0.413 cap=0.14 | Lg=+0.8425 | 49s
 4040 post m=8 hq=0.747 fail | Dr=+0.549/+1.258 |Dr|max=1.258 Df=+0.477 | g r=0.583 f=0.682 p=0.888(0.041) max=1.804 | Ld=+0.8721 base=-0.122 r1=0.488 path=0.376 cap=0.13 | Lg=+0.8035 | 49s
 4050 post m=8 hq=0.796 fail | Dr=+0.585/+1.317 |Dr|max=1.317 Df=+0.516 | g r=0.601 f=0.689 p=0.913(0.028) max=1.663 | Ld=+0.9476 base=-0.109 r1=0.509 path=0.457 cap=0.0905 | Lg=+0.8288 | 50s
 4060 post m=8 hq=0.737 fail | Dr=+0.640/+1.436 |Dr|max=1.436 Df=+0.552 | g r=0.617 f=0.766 p=0.921(0.007) max=1.766 | Ld=+0.8677 base=-0.154 r1=0.469 path=0.437 cap=0.116 | Lg=+0.8461 | 50s
 4070 post m=8 hq=0.767 fail | Dr=+0.612/+1.390 |Dr|max=1.390 Df=+0.533 | g r=0.574 f=0.671 p=0.893(0.020) max=1.730 | Ld=+0.8965 base=-0.125 r1=0.505 path=0.409 cap=0.108 | Lg=+0.8339 | 50s
 4080 post m=8 hq=0.522 fail | Dr=+0.630/+1.499 |Dr|max=1.499 Df=+0.490 | g r=0.690 f=0.984 p=1.082(0.007) max=2.031 | Ld=+1.1830 base=-0.0429 r1=0.348 path=0.855 cap=0.0228 | Lg=+0.8255 | 50s
 4090 post m=8 hq=0.667 fail | Dr=+0.631/+1.493 |Dr|max=1.493 Df=+0.517 | g r=0.661 f=0.848 p=0.991(0.017) max=1.880 | Ld=+1.0904 base=-0.0722 r1=0.394 path=0.716 cap=0.0527 | Lg=+0.8316 | 50s
 4100 post m=8 hq=0.685 fail | Dr=+0.609/+1.410 |Dr|max=1.410 Df=+0.514 | g r=0.579 f=0.738 p=0.884(0.048) max=1.750 | Ld=+0.9317 base=-0.0828 r1=0.492 path=0.412 cap=0.111 | Lg=+0.8121 | 50s
 4110 post m=8 hq=0.813 fail | Dr=+0.609/+1.449 |Dr|max=1.449 Df=+0.541 | g r=0.584 f=0.661 p=0.866(0.007) max=1.663 | Ld=+0.9345 base=-0.122 r1=0.471 path=0.408 cap=0.178 | Lg=+0.8276 | 50s
 4120 post m=8 hq=0.804 fail | Dr=+0.604/+1.411 |Dr|max=1.411 Df=+0.528 | g r=0.595 f=0.701 p=0.872(0.009) max=1.777 | Ld=+0.9829 base=-0.144 r1=0.462 path=0.484 cap=0.18 | Lg=+0.8399 | 50s
 4130 post m=8 hq=0.747 fail | Dr=+0.624/+1.433 |Dr|max=1.433 Df=+0.542 | g r=0.607 f=0.714 p=0.895(0.008) max=1.823 | Ld=+0.9439 base=-0.119 r1=0.508 path=0.442 cap=0.112 | Lg=+0.8361 | 51s
 4140 post m=8 hq=0.840 fail | Dr=+0.637/+1.524 |Dr|max=1.524 Df=+0.574 | g r=0.569 f=0.620 p=0.868(0.020) max=1.907 | Ld=+1.0109 base=-0.165 r1=0.537 path=0.42 cap=0.219 | Lg=+0.8327 | 51s
 4150 post m=8 hq=0.835 fail | Dr=+0.514/+1.110 |Dr|max=1.110 Df=+0.483 | g r=0.469 f=0.457 p=0.678(0.004) max=1.575 | Ld=+1.3895 base=-0.0928 r1=0.677 path=0.359 cap=0.446 | Lg=+0.7646 | 51s
 4160 post m=8 hq=0.719 fail | Dr=+0.624/+1.409 |Dr|max=1.409 Df=+0.555 | g r=0.550 f=0.667 p=0.840(0.038) max=1.732 | Ld=+1.1047 base=-0.0774 r1=0.557 path=0.403 cap=0.222 | Lg=+0.7873 | 51s
 4170 post m=8 hq=0.763 fail | Dr=+0.698/+1.563 |Dr|max=1.563 Df=+0.614 | g r=0.634 f=0.768 p=0.937(0.035) max=1.767 | Ld=+0.9537 base=-0.0708 r1=0.49 path=0.453 cap=0.0821 | Lg=+0.8233 | 51s
 4180 post m=8 hq=0.600 fail | Dr=+0.757/+1.641 |Dr|max=1.641 Df=+0.633 | g r=0.674 f=0.869 p=1.006(0.041) max=1.907 | Ld=+1.0539 base=-0.0588 r1=0.401 path=0.68 cap=0.0322 | Lg=+0.8293 | 51s
 4190 post m=8 hq=0.376 fail | Dr=+0.800/+1.813 |Dr|max=1.813 Df=+0.644 | g r=0.700 f=0.952 p=1.053(0.061) max=1.815 | Ld=+1.1124 base=-0.0536 r1=0.38 path=0.761 cap=0.0251 | Lg=+0.8580 | 51s
 4200 post m=8 hq=0.622 fail | Dr=+0.762/+1.678 |Dr|max=1.678 Df=+0.646 | g r=0.646 f=0.851 p=0.998(0.061) max=1.861 | Ld=+0.9863 base=-0.0933 r1=0.407 path=0.623 cap=0.049 | Lg=+0.8362 | 51s
 4210 post m=8 hq=0.629 fail | Dr=+0.646/+1.567 |Dr|max=1.567 Df=+0.543 | g r=0.642 f=0.872 p=0.960(0.068) max=1.849 | Ld=+0.9658 base=-0.0884 r1=0.472 path=0.496 cap=0.0864 | Lg=+0.8303 | 52s
 4220 post m=8 hq=0.568 fail | Dr=+0.765/+1.790 |Dr|max=1.790 Df=+0.631 | g r=0.697 f=0.908 p=1.047(0.088) max=1.863 | Ld=+1.0848 base=-0.0719 r1=0.356 path=0.775 cap=0.0265 | Lg=+0.8452 | 52s
 4230 post m=8 hq=0.599 fail | Dr=+0.760/+1.727 |Dr|max=1.727 Df=+0.645 | g r=0.662 f=0.844 p=0.981(0.093) max=1.909 | Ld=+0.9991 base=-0.0498 r1=0.41 path=0.588 cap=0.0506 | Lg=+0.8306 | 52s
 4240 post m=8 hq=0.633 fail | Dr=+0.784/+1.787 |Dr|max=1.787 Df=+0.674 | g r=0.639 f=0.818 p=0.966(0.015) max=1.723 | Ld=+0.8994 base=-0.114 r1=0.437 path=0.503 cap=0.0736 | Lg=+0.8546 | 52s
 4250 post m=8 hq=0.804 fail | Dr=+0.661/+1.513 |Dr|max=1.513 Df=+0.597 | g r=0.534 f=0.618 p=0.835(0.040) max=1.748 | Ld=+0.9699 base=-0.115 r1=0.559 path=0.356 cap=0.17 | Lg=+0.8189 | 52s
 4260 post m=8 hq=0.840 fail | Dr=+0.540/+1.304 |Dr|max=1.304 Df=+0.498 | g r=0.490 f=0.516 p=0.782(0.025) max=1.656 | Ld=+1.0072 base=-0.153 r1=0.54 path=0.36 cap=0.26 | Lg=+0.8160 | 52s
 4270 post m=8 hq=0.757 fail | Dr=+0.685/+1.524 |Dr|max=1.524 Df=+0.623 | g r=0.568 f=0.637 p=0.855(0.025) max=1.847 | Ld=+0.9577 base=-0.124 r1=0.506 path=0.413 cap=0.162 | Lg=+0.8400 | 52s
 4280 post m=8 hq=0.694 fail | Dr=+0.693/+1.555 |Dr|max=1.555 Df=+0.603 | g r=0.583 f=0.769 p=0.928(0.019) max=1.981 | Ld=+0.9292 base=-0.0884 r1=0.439 path=0.494 cap=0.085 | Lg=+0.8204 | 52s
 4290 post m=8 hq=0.819 fail | Dr=+0.599/+1.388 |Dr|max=1.388 Df=+0.548 | g r=0.503 f=0.549 p=0.758(0.037) max=1.593 | Ld=+1.1613 base=-0.0913 r1=0.548 path=0.361 cap=0.344 | Lg=+0.7899 | 53s
 4300 post m=8 hq=0.531 fail | Dr=+0.654/+1.618 |Dr|max=1.618 Df=+0.584 | g r=0.678 f=0.747 p=0.909(0.048) max=1.858 | Ld=+1.0842 base=-0.0932 r1=0.48 path=0.545 cap=0.152 | Lg=+0.8208 | 53s
 4310 post m=8 hq=0.617 fail | Dr=+0.766/+1.732 |Dr|max=1.732 Df=+0.680 | g r=0.672 f=0.745 p=0.953(0.034) max=1.938 | Ld=+0.9951 base=-0.0662 r1=0.449 path=0.538 cap=0.0743 | Lg=+0.8500 | 53s
 4320 post m=8 hq=0.619 fail | Dr=+0.812/+1.726 |Dr|max=1.726 Df=+0.709 | g r=0.645 f=0.831 p=0.980(0.041) max=1.898 | Ld=+0.9589 base=-0.0721 r1=0.41 path=0.584 cap=0.0374 | Lg=+0.8362 | 53s
 4330 post m=8 hq=0.832 fail | Dr=+0.557/+1.350 |Dr|max=1.350 Df=+0.524 | g r=0.462 f=0.445 p=0.696(0.025) max=1.515 | Ld=+1.0599 base=-0.18 r1=0.568 path=0.302 cap=0.371 | Lg=+0.8188 | 53s
 4340 post m=8 hq=0.803 fail | Dr=+0.610/+1.440 |Dr|max=1.440 Df=+0.557 | g r=0.532 f=0.608 p=0.834(0.049) max=1.725 | Ld=+0.8950 base=-0.152 r1=0.524 path=0.316 cap=0.207 | Lg=+0.8231 | 53s
 4350 post m=8 hq=0.635 fail | Dr=+0.627/+1.697 |Dr|max=1.697 Df=+0.554 | g r=0.690 f=0.837 p=0.968(0.026) max=2.302 | Ld=+0.9617 base=-0.128 r1=0.471 path=0.516 cap=0.103 | Lg=+0.8847 | 53s
 4360 post m=8 hq=0.660 fail | Dr=+0.667/+1.561 |Dr|max=1.561 Df=+0.582 | g r=0.578 f=0.691 p=0.901(0.021) max=1.813 | Ld=+0.8693 base=-0.0993 r1=0.448 path=0.43 cap=0.0907 | Lg=+0.8340 | 53s
 4370 post m=8 hq=0.793 fail | Dr=+0.696/+1.556 |Dr|max=1.556 Df=+0.641 | g r=0.545 f=0.626 p=0.841(0.056) max=1.647 | Ld=+1.1796 base=-0.0231 r1=0.547 path=0.425 cap=0.23 | Lg=+0.7798 | 54s
 4380 post m=8 hq=0.831 fail | Dr=+0.796/+1.787 |Dr|max=1.787 Df=+0.739 | g r=0.624 f=0.707 p=0.927(0.094) max=1.867 | Ld=+1.0868 base=-0.0348 r1=0.471 path=0.516 cap=0.134 | Lg=+0.8166 | 54s
 4390 post m=8 hq=0.712 fail | Dr=+0.788/+1.797 |Dr|max=1.797 Df=+0.713 | g r=0.622 f=0.743 p=0.934(0.021) max=1.983 | Ld=+0.9737 base=-0.0902 r1=0.446 path=0.507 cap=0.111 | Lg=+0.8628 | 54s
 4400 post m=8 hq=0.608 fail | Dr=+0.674/+1.571 |Dr|max=1.571 Df=+0.610 | g r=0.629 f=0.672 p=0.898(0.028) max=1.746 | Ld=+0.9574 base=-0.11 r1=0.495 path=0.463 cap=0.109 | Lg=+0.8341 | 54s
 4410 post m=8 hq=0.661 fail | Dr=+0.700/+1.599 |Dr|max=1.599 Df=+0.617 | g r=0.585 f=0.706 p=0.908(0.009) max=1.823 | Ld=+0.9043 base=-0.0961 r1=0.471 path=0.411 cap=0.118 | Lg=+0.8350 | 54s
 4420 post m=8 hq=0.690 fail | Dr=+0.736/+1.641 |Dr|max=1.641 Df=+0.658 | g r=0.608 f=0.715 p=0.905(0.018) max=1.965 | Ld=+0.8770 base=-0.103 r1=0.505 path=0.405 cap=0.0696 | Lg=+0.8465 | 54s
 4430 post m=8 hq=0.702 fail | Dr=+0.700/+1.624 |Dr|max=1.624 Df=+0.623 | g r=0.630 f=0.747 p=0.938(0.021) max=1.900 | Ld=+0.9890 base=-0.0928 r1=0.485 path=0.463 cap=0.134 | Lg=+0.8716 | 54s
 4440 post m=8 hq=0.666 fail | Dr=+0.649/+1.516 |Dr|max=1.516 Df=+0.611 | g r=0.601 f=0.607 p=0.846(0.044) max=1.745 | Ld=+1.0370 base=-0.113 r1=0.525 path=0.422 cap=0.202 | Lg=+0.8210 | 54s
 4450 post m=8 hq=0.639 fail | Dr=+0.820/+1.842 |Dr|max=1.842 Df=+0.712 | g r=0.678 f=0.872 p=0.998(0.055) max=2.125 | Ld=+1.0121 base=-0.0654 r1=0.388 path=0.633 cap=0.0563 | Lg=+0.8576 | 55s
 4460 post m=8 hq=0.778 fail | Dr=+0.766/+1.714 |Dr|max=1.714 Df=+0.697 | g r=0.670 f=0.760 p=0.963(0.037) max=1.995 | Ld=+0.9757 base=-0.0322 r1=0.441 path=0.508 cap=0.0597 | Lg=+0.8285 | 55s
 4470 post m=8 hq=0.710 fail | Dr=+0.892/+1.953 |Dr|max=1.953 Df=+0.804 | g r=0.676 f=0.795 p=0.974(0.038) max=1.845 | Ld=+0.9352 base=-0.075 r1=0.387 path=0.572 cap=0.0515 | Lg=+0.8632 | 55s
 4480 post m=8 hq=0.645 fail | Dr=+0.821/+1.836 |Dr|max=1.836 Df=+0.731 | g r=0.677 f=0.828 p=0.980(0.010) max=1.954 | Ld=+1.0340 base=-0.0606 r1=0.356 path=0.71 cap=0.0278 | Lg=+0.8418 | 55s
 4490 post m=8 hq=0.778 fail | Dr=+0.701/+1.612 |Dr|max=1.612 Df=+0.643 | g r=0.586 f=0.674 p=0.860(0.035) max=1.795 | Ld=+1.0355 base=-0.0634 r1=0.503 path=0.411 cap=0.185 | Lg=+0.8110 | 55s
 4500 post m=8 hq=0.794 fail | Dr=+0.711/+1.653 |Dr|max=1.653 Df=+0.671 | g r=0.656 f=0.659 p=0.917(0.020) max=2.104 | Ld=+0.8695 base=-0.136 r1=0.512 path=0.389 cap=0.104 | Lg=+0.8574 | 55s
 4510 post m=8 hq=0.776 fail | Dr=+0.701/+1.559 |Dr|max=1.559 Df=+0.651 | g r=0.538 f=0.600 p=0.805(0.012) max=1.742 | Ld=+1.0825 base=-0.0679 r1=0.539 path=0.308 cap=0.304 | Lg=+0.7963 | 55s
 4520 post m=8 hq=0.807 fail | Dr=+0.790/+1.800 |Dr|max=1.800 Df=+0.735 | g r=0.544 f=0.588 p=0.868(0.040) max=1.657 | Ld=+0.8664 base=-0.134 r1=0.506 path=0.376 cap=0.119 | Lg=+0.8601 | 55s
 4530 post m=8 hq=0.759 fail | Dr=+0.822/+1.802 |Dr|max=1.802 Df=+0.753 | g r=0.617 f=0.720 p=0.933(0.038) max=1.876 | Ld=+0.9785 base=-0.07 r1=0.428 path=0.54 cap=0.0805 | Lg=+0.8370 | 56s
 4540 post m=8 hq=0.837 fail | Dr=+0.698/+1.611 |Dr|max=1.611 Df=+0.653 | g r=0.538 f=0.582 p=0.810(0.010) max=1.505 | Ld=+0.9691 base=-0.148 r1=0.548 path=0.317 cap=0.252 | Lg=+0.8369 | 56s
 4550 post m=8 hq=0.689 fail | Dr=+0.855/+1.933 |Dr|max=1.933 Df=+0.759 | g r=0.669 f=0.856 p=1.004(0.025) max=1.992 | Ld=+0.9447 base=-0.0711 r1=0.415 path=0.554 cap=0.0468 | Lg=+0.8668 | 56s
 4560 post m=8 hq=0.509 fail | Dr=+0.921/+2.087 |Dr|max=2.087 Df=+0.791 | g r=0.709 f=0.956 p=1.055(0.016) max=2.155 | Ld=+0.9990 base=-0.0601 r1=0.383 path=0.635 cap=0.0407 | Lg=+0.8737 | 56s
 4570 post m=8 hq=0.612 fail | Dr=+0.872/+2.025 |Dr|max=2.025 Df=+0.760 | g r=0.673 f=0.869 p=1.001(0.055) max=1.855 | Ld=+0.8745 base=-0.0821 r1=0.413 path=0.499 cap=0.0445 | Lg=+0.8741 | 56s
 4580 post m=8 hq=0.752 fail | Dr=+0.852/+1.933 |Dr|max=1.933 Df=+0.770 | g r=0.594 f=0.747 p=0.927(0.059) max=1.767 | Ld=+0.8603 base=-0.132 r1=0.496 path=0.415 cap=0.0812 | Lg=+0.8753 | 56s
 4590 post m=8 hq=0.815 fail | Dr=+0.881/+1.952 |Dr|max=1.952 Df=+0.815 | g r=0.616 f=0.709 p=0.927(0.030) max=1.878 | Ld=+0.8798 base=-0.116 r1=0.494 path=0.4 cap=0.101 | Lg=+0.8576 | 56s
 4600 post m=8 hq=0.706 fail | Dr=+0.909/+1.980 |Dr|max=1.980 Df=+0.837 | g r=0.678 f=0.741 p=1.027(0.046) max=2.131 | Ld=+1.2456 base=-0.0198 r1=0.343 path=0.863 cap=0.059 | Lg=+0.8262 | 56s
# COMPLETE 4600 updates in 56s; prehold 0/120; arrival=None
