# arm=full formulation=wgan + drift(0.1) + path-lower(10,t=1) + cap-all(10,c=1) device=cuda:0 steps=4600
# step phase modes hq pass | Dr mean/max |Dr|max Df | grad-norm real fake path(min) max | loss_d terms | loss_g | sec
# init=batch_feature_zero hook=None differs_from_old=G,D,prior public_path_match=G,D,prior ema_D_equals_D=None sha G=615e9d129c1c D=e15f6122daf7 prior=2531df2c5ad8
   10 acq  m=0 hq=0.000 fail | Dr=+0.032/+0.187 |Dr|max=0.187 Df=-0.031 | g r=0.637 f=1.035 p=0.807(0.004) max=1.711 | Ld=+1.1902 base=-0.0386 drift=0.00158 path=0.637 cap=0.59 | Lg=+0.7159 | 1s
   20 acq  m=0 hq=0.000 fail | Dr=-0.081/+0.019 |Dr|max=0.174 Df=-0.096 | g r=0.276 f=0.245 p=0.368(0.002) max=1.146 | Ld=+3.9348 base=-0.0396 drift=0.00309 path=0.746 cap=3.23 | Lg=+0.7044 | 1s
   30 acq  m=0 hq=0.000 fail | Dr=-0.026/+0.194 |Dr|max=0.228 Df=-0.042 | g r=1.052 f=0.234 p=1.147(0.014) max=2.417 | Ld=+1.3796 base=-0.0392 drift=0.000243 path=1.39 cap=0.0264 | Lg=+0.7036 | 1s
   40 acq  m=0 hq=0.000 fail | Dr=+0.021/+0.237 |Dr|max=0.237 Df=-0.074 | g r=1.055 f=0.560 p=1.148(0.048) max=2.407 | Ld=+1.2582 base=-0.103 drift=0.000336 path=1.33 cap=0.0261 | Lg=+0.7395 | 1s
   50 acq  m=0 hq=0.000 fail | Dr=+0.065/+0.293 |Dr|max=0.293 Df=-0.105 | g r=1.010 f=1.332 p=1.155(0.026) max=2.607 | Ld=+1.1493 base=-0.176 drift=0.000622 path=1.29 cap=0.0352 | Lg=+0.8032 | 1s
   60 acq  m=0 hq=0.000 fail | Dr=+0.061/+0.307 |Dr|max=0.307 Df=-0.190 | g r=0.837 f=0.566 p=0.966(0.033) max=2.092 | Ld=+0.7840 base=-0.261 drift=0.00125 path=0.675 cap=0.369 | Lg=+0.8479 | 1s
   70 acq  m=0 hq=0.000 fail | Dr=+0.053/+0.251 |Dr|max=0.251 Df=-0.256 | g r=0.597 f=0.244 p=0.727(0.005) max=1.542 | Ld=+0.9366 base=-0.334 drift=0.00197 path=0.421 cap=0.848 | Lg=+0.8630 | 1s
   80 acq  m=0 hq=0.000 fail | Dr=+0.087/+0.616 |Dr|max=0.616 Df=-0.378 | g r=0.622 f=0.539 p=0.736(0.012) max=1.822 | Ld=+0.9051 base=-0.482 drift=0.01 path=0.457 cap=0.919 | Lg=+0.9683 | 1s
   90 acq  m=0 hq=0.000 fail | Dr=+0.084/+0.664 |Dr|max=0.664 Df=-0.313 | g r=0.658 f=0.580 p=0.744(0.002) max=1.661 | Ld=+0.6783 base=-0.551 drift=0.015 path=0.411 cap=0.804 | Lg=+0.9831 | 1s
  100 acq  m=2 hq=0.006 fail | Dr=-0.234/-0.065 |Dr|max=0.360 Df=-0.120 | g r=0.307 f=0.383 p=0.394(0.006) max=0.933 | Ld=+1.9090 base=0.306 drift=0.00589 path=0.618 cap=0.978 | Lg=+0.6819 | 1s
  110 acq  m=2 hq=0.005 fail | Dr=-0.143/+0.025 |Dr|max=0.324 Df=-0.262 | g r=0.647 f=0.770 p=0.777(0.005) max=1.583 | Ld=+1.0324 base=-0.112 drift=0.00319 path=0.592 cap=0.55 | Lg=+0.7588 | 2s
  120 acq  m=5 hq=0.010 fail | Dr=-0.141/+0.097 |Dr|max=0.384 Df=-0.140 | g r=0.690 f=0.765 p=0.792(0.018) max=1.677 | Ld=+1.2197 base=0.111 drift=0.00213 path=0.565 cap=0.541 | Lg=+0.7157 | 2s
  130 acq  m=8 hq=0.012 fail | Dr=-0.113/+0.031 |Dr|max=0.265 Df=-0.174 | g r=0.682 f=0.771 p=0.778(0.009) max=1.616 | Ld=+1.0142 base=-0.0716 drift=0.00164 path=0.512 cap=0.572 | Lg=+0.7315 | 2s
  140 acq  m=7 hq=0.011 fail | Dr=-0.078/+0.140 |Dr|max=0.295 Df=-0.110 | g r=0.670 f=0.766 p=0.769(0.025) max=1.502 | Ld=+1.0478 base=-0.0793 drift=0.00225 path=0.562 cap=0.563 | Lg=+0.7307 | 2s
  150 acq  m=8 hq=0.012 fail | Dr=-0.021/+0.131 |Dr|max=0.183 Df=-0.089 | g r=0.712 f=0.802 p=0.805(0.015) max=1.693 | Ld=+0.9357 base=-0.0827 drift=0.000629 path=0.556 cap=0.462 | Lg=+0.7309 | 2s
  160 acq  m=7 hq=0.015 fail | Dr=+0.002/+0.179 |Dr|max=0.179 Df=-0.093 | g r=0.671 f=0.778 p=0.784(0.006) max=1.515 | Ld=+0.9456 base=-0.111 drift=0.00111 path=0.519 cap=0.537 | Lg=+0.7460 | 2s
  170 acq  m=3 hq=0.003 fail | Dr=-0.014/+0.176 |Dr|max=0.210 Df=-0.079 | g r=0.670 f=0.769 p=0.769(0.020) max=1.502 | Ld=+0.9907 base=-0.0795 drift=0.00157 path=0.492 cap=0.577 | Lg=+0.7346 | 2s
  180 acq  m=7 hq=0.007 fail | Dr=+0.041/+0.195 |Dr|max=0.195 Df=-0.054 | g r=0.660 f=0.757 p=0.759(0.004) max=1.499 | Ld=+0.9072 base=-0.125 drift=0.0011 path=0.467 cap=0.565 | Lg=+0.7483 | 2s
  190 acq  m=5 hq=0.013 fail | Dr=+0.014/+0.184 |Dr|max=0.184 Df=-0.059 | g r=0.693 f=0.785 p=0.787(0.015) max=1.455 | Ld=+0.9506 base=-0.0896 drift=0.0013 path=0.537 cap=0.502 | Lg=+0.7324 | 2s
  200 acq  m=5 hq=0.008 fail | Dr=+0.038/+0.182 |Dr|max=0.182 Df=-0.039 | g r=0.695 f=0.793 p=0.814(0.033) max=1.492 | Ld=+0.9091 base=-0.0878 drift=0.00108 path=0.512 cap=0.484 | Lg=+0.7369 | 3s
  210 acq  m=6 hq=0.010 fail | Dr=-0.021/+0.156 |Dr|max=0.252 Df=-0.104 | g r=0.677 f=0.782 p=0.774(0.003) max=1.517 | Ld=+0.9070 base=-0.111 drift=0.00144 path=0.504 cap=0.512 | Lg=+0.7483 | 3s
  220 acq  m=8 hq=0.017 fail | Dr=+0.041/+0.150 |Dr|max=0.150 Df=-0.047 | g r=0.664 f=0.753 p=0.761(0.009) max=1.390 | Ld=+0.9341 base=-0.102 drift=0.000612 path=0.485 cap=0.551 | Lg=+0.7417 | 3s
  230 acq  m=8 hq=0.014 fail | Dr=-0.012/+0.116 |Dr|max=0.199 Df=-0.110 | g r=0.672 f=0.766 p=0.782(0.014) max=1.501 | Ld=+0.8865 base=-0.122 drift=0.000902 path=0.494 cap=0.514 | Lg=+0.7407 | 3s
  240 acq  m=6 hq=0.012 fail | Dr=+0.054/+0.184 |Dr|max=0.184 Df=-0.041 | g r=0.664 f=0.771 p=0.774(0.003) max=1.458 | Ld=+0.8335 base=-0.124 drift=0.000794 path=0.439 cap=0.517 | Lg=+0.7448 | 3s
  250 acq  m=8 hq=0.019 fail | Dr=-0.008/+0.139 |Dr|max=0.230 Df=-0.124 | g r=0.708 f=0.805 p=0.820(0.037) max=1.644 | Ld=+0.8086 base=-0.148 drift=0.00049 path=0.496 cap=0.46 | Lg=+0.7615 | 3s
  260 acq  m=8 hq=0.023 fail | Dr=+0.008/+0.183 |Dr|max=0.186 Df=-0.108 | g r=0.642 f=0.765 p=0.774(0.036) max=1.478 | Ld=+0.8884 base=-0.138 drift=0.00133 path=0.471 cap=0.554 | Lg=+0.7561 | 3s
  270 acq  m=8 hq=0.017 fail | Dr=+0.000/+0.144 |Dr|max=0.207 Df=-0.124 | g r=0.678 f=0.774 p=0.788(0.015) max=1.477 | Ld=+0.7968 base=-0.151 drift=0.000578 path=0.454 cap=0.493 | Lg=+0.7569 | 3s
  280 acq  m=8 hq=0.012 fail | Dr=-0.005/+0.171 |Dr|max=0.235 Df=-0.135 | g r=0.670 f=0.796 p=0.796(0.029) max=1.530 | Ld=+0.8064 base=-0.166 drift=0.000518 path=0.478 cap=0.494 | Lg=+0.7826 | 3s
  290 acq  m=8 hq=0.019 fail | Dr=+0.041/+0.200 |Dr|max=0.200 Df=-0.090 | g r=0.677 f=0.776 p=0.774(0.022) max=1.459 | Ld=+0.7962 base=-0.131 drift=0.0016 path=0.438 cap=0.488 | Lg=+0.7627 | 3s
  300 acq  m=8 hq=0.014 fail | Dr=-0.081/+0.113 |Dr|max=0.304 Df=-0.187 | g r=0.703 f=0.805 p=0.817(0.044) max=1.648 | Ld=+0.8514 base=-0.178 drift=0.00182 path=0.565 cap=0.462 | Lg=+0.7888 | 4s
  310 acq  m=8 hq=0.018 fail | Dr=+0.018/+0.149 |Dr|max=0.169 Df=-0.116 | g r=0.695 f=0.791 p=0.798(0.016) max=1.546 | Ld=+0.8046 base=-0.143 drift=0.00124 path=0.469 cap=0.477 | Lg=+0.7626 | 4s
  320 acq  m=8 hq=0.018 fail | Dr=+0.007/+0.148 |Dr|max=0.153 Df=-0.121 | g r=0.731 f=0.821 p=0.838(0.017) max=1.546 | Ld=+0.8177 base=-0.151 drift=0.000527 path=0.556 cap=0.412 | Lg=+0.7604 | 4s
  330 acq  m=8 hq=0.021 fail | Dr=-0.013/+0.093 |Dr|max=0.163 Df=-0.163 | g r=0.731 f=0.818 p=0.832(0.042) max=1.624 | Ld=+0.7914 base=-0.166 drift=0.000782 path=0.509 cap=0.448 | Lg=+0.7735 | 4s
  340 acq  m=8 hq=0.015 fail | Dr=-0.018/+0.122 |Dr|max=0.248 Df=-0.174 | g r=0.722 f=0.789 p=0.818(0.019) max=1.489 | Ld=+0.8417 base=-0.171 drift=0.000806 path=0.526 cap=0.486 | Lg=+0.7765 | 4s
  350 acq  m=8 hq=0.019 fail | Dr=+0.010/+0.145 |Dr|max=0.181 Df=-0.138 | g r=0.709 f=0.833 p=0.843(0.023) max=1.574 | Ld=+0.7475 base=-0.188 drift=0.000971 path=0.525 cap=0.41 | Lg=+0.7787 | 4s
  360 acq  m=8 hq=0.024 fail | Dr=-0.013/+0.091 |Dr|max=0.189 Df=-0.176 | g r=0.675 f=0.797 p=0.808(0.021) max=1.536 | Ld=+0.8693 base=-0.171 drift=0.00108 path=0.524 cap=0.515 | Lg=+0.7805 | 4s
  370 acq  m=8 hq=0.030 fail | Dr=-0.031/+0.127 |Dr|max=0.273 Df=-0.185 | g r=0.678 f=0.777 p=0.790(0.021) max=1.536 | Ld=+0.7600 base=-0.207 drift=0.000614 path=0.466 cap=0.501 | Lg=+0.7854 | 4s
  380 acq  m=8 hq=0.022 fail | Dr=+0.016/+0.135 |Dr|max=0.174 Df=-0.119 | g r=0.697 f=0.795 p=0.809(0.013) max=1.532 | Ld=+0.7844 base=-0.203 drift=0.00106 path=0.519 cap=0.467 | Lg=+0.7697 | 4s
  390 acq  m=8 hq=0.030 fail | Dr=+0.031/+0.162 |Dr|max=0.162 Df=-0.134 | g r=0.680 f=0.793 p=0.803(0.016) max=1.503 | Ld=+0.7302 base=-0.209 drift=0.0007 path=0.478 cap=0.461 | Lg=+0.7796 | 5s
  400 acq  m=8 hq=0.025 fail | Dr=+0.043/+0.222 |Dr|max=0.222 Df=-0.118 | g r=0.710 f=0.758 p=0.783(0.020) max=1.528 | Ld=+0.8184 base=-0.224 drift=0.000867 path=0.542 cap=0.499 | Lg=+0.7811 | 5s
  410 acq  m=8 hq=0.022 fail | Dr=-0.039/+0.095 |Dr|max=0.233 Df=-0.234 | g r=0.685 f=0.814 p=0.852(0.016) max=1.758 | Ld=+0.8087 base=-0.187 drift=0.00124 path=0.544 cap=0.451 | Lg=+0.7975 | 5s
  420 acq  m=8 hq=0.024 fail | Dr=-0.020/+0.173 |Dr|max=0.260 Df=-0.216 | g r=0.680 f=0.784 p=0.803(0.029) max=1.505 | Ld=+0.8182 base=-0.232 drift=0.000882 path=0.516 cap=0.533 | Lg=+0.8034 | 5s
  430 acq  m=6 hq=0.034 fail | Dr=+0.005/+0.112 |Dr|max=0.174 Df=-0.164 | g r=0.690 f=0.783 p=0.810(0.030) max=1.504 | Ld=+0.8024 base=-0.224 drift=0.000694 path=0.494 cap=0.531 | Lg=+0.7842 | 5s
  440 acq  m=6 hq=0.019 fail | Dr=+0.016/+0.261 |Dr|max=0.261 Df=-0.197 | g r=0.735 f=0.865 p=0.865(0.015) max=1.621 | Ld=+0.6949 base=-0.243 drift=0.00169 path=0.567 cap=0.37 | Lg=+0.8217 | 5s
  450 acq  m=8 hq=0.060 fail | Dr=-0.017/+0.127 |Dr|max=0.195 Df=-0.191 | g r=0.688 f=0.741 p=0.760(0.010) max=1.454 | Ld=+0.7534 base=-0.23 drift=0.00115 path=0.422 cap=0.56 | Lg=+0.7859 | 5s
  460 acq  m=8 hq=0.039 fail | Dr=-0.010/+0.161 |Dr|max=0.219 Df=-0.171 | g r=0.693 f=0.775 p=0.788(0.007) max=1.489 | Ld=+0.8073 base=-0.252 drift=0.000918 path=0.5 cap=0.558 | Lg=+0.7887 | 5s
  470 acq  m=6 hq=0.012 fail | Dr=-0.030/+0.163 |Dr|max=0.305 Df=-0.248 | g r=0.690 f=0.788 p=0.823(0.023) max=1.685 | Ld=+0.6648 base=-0.308 drift=0.00269 path=0.517 cap=0.453 | Lg=+0.8458 | 5s
  480 acq  m=7 hq=0.044 fail | Dr=-0.033/+0.098 |Dr|max=0.255 Df=-0.237 | g r=0.723 f=0.796 p=0.810(0.024) max=1.670 | Ld=+0.7531 base=-0.267 drift=0.000841 path=0.492 cap=0.527 | Lg=+0.8110 | 6s
  490 acq  m=8 hq=0.031 fail | Dr=-0.040/+0.104 |Dr|max=0.321 Df=-0.283 | g r=0.693 f=0.832 p=0.881(0.038) max=1.838 | Ld=+0.6995 base=-0.258 drift=0.00133 path=0.568 cap=0.388 | Lg=+0.8404 | 6s
  500 acq  m=8 hq=0.042 fail | Dr=+0.011/+0.206 |Dr|max=0.208 Df=-0.168 | g r=0.708 f=0.718 p=0.753(0.012) max=1.554 | Ld=+0.7369 base=-0.302 drift=0.000663 path=0.409 cap=0.629 | Lg=+0.8079 | 6s
  510 acq  m=6 hq=0.029 fail | Dr=-0.005/+0.195 |Dr|max=0.270 Df=-0.245 | g r=0.743 f=0.863 p=0.876(0.027) max=1.761 | Ld=+0.6922 base=-0.275 drift=0.00136 path=0.572 cap=0.394 | Lg=+0.8261 | 6s
  520 acq  m=8 hq=0.042 fail | Dr=-0.009/+0.148 |Dr|max=0.197 Df=-0.214 | g r=0.702 f=0.747 p=0.800(0.041) max=1.540 | Ld=+0.8281 base=-0.266 drift=0.00105 path=0.576 cap=0.517 | Lg=+0.8114 | 6s
  530 acq  m=8 hq=0.027 fail | Dr=-0.054/+0.159 |Dr|max=0.301 Df=-0.363 | g r=0.775 f=0.809 p=0.865(0.041) max=1.733 | Ld=+0.6194 base=-0.321 drift=0.00069 path=0.59 cap=0.349 | Lg=+0.8680 | 6s
  540 acq  m=8 hq=0.071 fail | Dr=+0.021/+0.283 |Dr|max=0.283 Df=-0.230 | g r=0.769 f=0.842 p=0.879(0.055) max=1.753 | Ld=+0.6652 base=-0.285 drift=0.00106 path=0.606 cap=0.343 | Lg=+0.8380 | 6s
  550 acq  m=5 hq=0.040 fail | Dr=-0.078/+0.085 |Dr|max=0.360 Df=-0.317 | g r=0.690 f=0.825 p=0.841(0.039) max=1.705 | Ld=+0.7061 base=-0.32 drift=0.000955 path=0.542 cap=0.483 | Lg=+0.8886 | 6s
  560 acq  m=8 hq=0.059 fail | Dr=+0.007/+0.223 |Dr|max=0.279 Df=-0.249 | g r=0.742 f=0.797 p=0.860(0.022) max=1.765 | Ld=+0.6336 base=-0.325 drift=0.00337 path=0.523 cap=0.433 | Lg=+0.8460 | 7s
  570 acq  m=8 hq=0.031 fail | Dr=+0.007/+0.269 |Dr|max=0.269 Df=-0.267 | g r=0.740 f=0.744 p=0.789(0.011) max=1.489 | Ld=+0.6447 base=-0.341 drift=0.00097 path=0.461 cap=0.524 | Lg=+0.8517 | 7s
  580 acq  m=5 hq=0.012 fail | Dr=+0.110/+0.583 |Dr|max=0.583 Df=-0.340 | g r=0.850 f=0.954 p=1.021(0.016) max=1.948 | Ld=+0.7357 base=-0.257 drift=0.00684 path=0.818 cap=0.168 | Lg=+0.8873 | 7s
  590 acq  m=4 hq=0.018 fail | Dr=+0.004/+0.303 |Dr|max=0.520 Df=-0.370 | g r=0.984 f=1.135 p=1.165(0.021) max=2.515 | Ld=+1.2669 base=-0.225 drift=0.00336 path=1.48 cap=0.0101 | Lg=+0.8946 | 7s
  600 acq  m=7 hq=0.048 fail | Dr=+0.028/+0.231 |Dr|max=0.436 Df=-0.317 | g r=0.913 f=0.964 p=1.030(0.061) max=1.976 | Ld=+0.6007 base=-0.226 drift=0.000682 path=0.758 cap=0.0683 | Lg=+0.8485 | 7s
  610 acq  m=5 hq=0.043 fail | Dr=-0.027/+0.225 |Dr|max=0.381 Df=-0.319 | g r=0.802 f=0.880 p=0.920(0.041) max=1.670 | Ld=+0.5231 base=-0.375 drift=0.00304 path=0.556 cap=0.339 | Lg=+0.9081 | 7s
  620 acq  m=7 hq=0.040 fail | Dr=+0.086/+0.380 |Dr|max=0.380 Df=-0.188 | g r=0.869 f=0.861 p=0.915(0.005) max=1.726 | Ld=+0.4328 base=-0.353 drift=0.0074 path=0.508 cap=0.271 | Lg=+0.8956 | 7s
  630 acq  m=6 hq=0.027 fail | Dr=-0.005/+0.239 |Dr|max=0.409 Df=-0.364 | g r=0.854 f=0.934 p=0.986(0.048) max=1.810 | Ld=+0.3764 base=-0.335 drift=0.00199 path=0.498 cap=0.212 | Lg=+0.8886 | 7s
  640 acq  m=6 hq=0.036 fail | Dr=+0.052/+0.266 |Dr|max=0.381 Df=-0.369 | g r=0.923 f=1.067 p=1.109(0.063) max=2.076 | Ld=+0.9284 base=-0.25 drift=0.00077 path=1.15 cap=0.0233 | Lg=+0.9114 | 8s
  650 acq  m=8 hq=0.017 fail | Dr=+0.097/+0.324 |Dr|max=0.324 Df=-0.331 | g r=0.902 f=1.001 p=1.072(0.025) max=2.132 | Ld=+0.6235 base=-0.299 drift=0.000955 path=0.886 cap=0.035 | Lg=+0.9234 | 8s
  660 acq  m=5 hq=0.032 fail | Dr=+0.045/+0.274 |Dr|max=0.367 Df=-0.326 | g r=0.845 f=0.949 p=0.991(0.025) max=1.883 | Ld=+0.2973 base=-0.411 drift=0.0028 path=0.528 cap=0.178 | Lg=+0.9685 | 8s
  670 acq  m=7 hq=0.011 fail | Dr=+0.044/+0.282 |Dr|max=0.461 Df=-0.467 | g r=0.900 f=0.977 p=1.057(0.025) max=2.101 | Ld=+0.6649 base=-0.327 drift=0.00316 path=0.935 cap=0.054 | Lg=+0.9361 | 8s
  680 acq  m=4 hq=0.019 fail | Dr=-0.083/+0.376 |Dr|max=1.128 Df=-0.473 | g r=1.002 f=1.086 p=1.107(0.014) max=2.261 | Ld=+0.3948 base=-0.501 drift=0.00312 path=0.797 cap=0.0954 | Lg=+1.2615 | 8s
  690 acq  m=4 hq=0.057 fail | Dr=+0.139/+0.429 |Dr|max=0.429 Df=-0.243 | g r=0.920 f=1.075 p=1.090(0.007) max=2.023 | Ld=+0.6846 base=-0.27 drift=0.00181 path=0.926 cap=0.0271 | Lg=+0.9101 | 8s
  700 acq  m=6 hq=0.061 fail | Dr=+0.054/+0.303 |Dr|max=0.483 Df=-0.344 | g r=0.885 f=0.951 p=1.004(0.006) max=1.887 | Ld=+0.4239 base=-0.303 drift=0.00111 path=0.575 cap=0.152 | Lg=+0.9019 | 8s
  710 acq  m=2 hq=0.014 fail | Dr=+0.048/+0.597 |Dr|max=0.762 Df=-0.543 | g r=0.886 f=1.028 p=1.048(0.033) max=2.160 | Ld=+0.2816 base=-0.572 drift=0.00935 path=0.609 cap=0.235 | Lg=+1.0871 | 8s
  720 acq  m=4 hq=0.148 fail | Dr=-0.136/+0.507 |Dr|max=0.918 Df=-0.637 | g r=1.062 f=1.267 p=1.297(0.012) max=2.796 | Ld=+1.1852 base=-0.373 drift=0.00622 path=1.53 cap=0.0217 | Lg=+1.0583 | 8s
  730 acq  m=3 hq=0.007 fail | Dr=-3.070/+14.977 |Dr|max=22.629 Df=+24.430 | g r=35.016 f=32.306 p=31.951(0.149) max=95.059 | Ld=+115597.5703 base=-0.508 drift=23.2 cap=1.16e+05 | Lg=+45.1928 | 9s
  740 acq  m=2 hq=0.006 fail | Dr=-0.533/+1.543 |Dr|max=4.435 Df=+4.475 | g r=4.944 f=2.517 p=2.911(0.028) max=15.715 | Ld=+167.1228 base=5.35 drift=0.314 path=0.253 cap=161 | Lg=+0.1842 | 9s
  750 acq  m=2 hq=0.009 fail | Dr=-0.253/+1.085 |Dr|max=2.934 Df=+2.998 | g r=3.149 f=1.881 p=2.129(0.042) max=12.814 | Ld=+59.9421 base=3.29 drift=0.11 path=0.377 cap=56.2 | Lg=+0.2180 | 9s
  760 acq  m=2 hq=0.002 fail | Dr=-0.134/+0.848 |Dr|max=2.181 Df=+2.256 | g r=2.449 f=1.628 p=1.811(0.009) max=11.388 | Ld=+36.3465 base=2.52 drift=0.0518 path=0.507 cap=33.3 | Lg=+0.2670 | 9s
  770 acq  m=2 hq=0.001 fail | Dr=-0.066/+0.724 |Dr|max=1.694 Df=+1.611 | g r=2.090 f=1.466 p=1.619(0.024) max=10.570 | Ld=+24.2870 base=1.87 drift=0.025 path=0.566 cap=21.8 | Lg=+0.3175 | 9s
  780 acq  m=2 hq=0.001 fail | Dr=-0.027/+0.604 |Dr|max=1.329 Df=+0.897 | g r=1.881 f=1.440 p=1.517(0.001) max=10.959 | Ld=+19.3350 base=0.986 drift=0.014 path=0.641 cap=17.7 | Lg=+0.4243 | 9s
  790 acq  m=1 hq=0.001 fail | Dr=-0.012/+0.485 |Dr|max=1.040 Df=+0.087 | g r=1.694 f=1.436 p=1.462(0.032) max=11.622 | Ld=+14.7267 base=0.177 drift=0.0103 path=0.703 cap=13.8 | Lg=+0.6867 | 9s
  800 acq  m=1 hq=0.001 fail | Dr=-0.020/+0.471 |Dr|max=0.945 Df=-0.813 | g r=1.533 f=1.571 p=1.511(0.002) max=8.743 | Ld=+13.1835 base=-0.687 drift=0.0125 path=0.708 cap=13.1 | Lg=+1.2003 | 10s
  810 acq  m=1 hq=0.001 fail | Dr=-0.044/+0.447 |Dr|max=1.073 Df=-1.246 | g r=1.451 f=1.556 p=1.549(0.012) max=8.606 | Ld=+12.9043 base=-1.19 drift=0.0172 path=0.67 cap=13.4 | Lg=+1.5608 | 10s
  820 acq  m=1 hq=0.013 fail | Dr=-0.062/+0.422 |Dr|max=1.136 Df=-0.947 | g r=1.397 f=1.559 p=1.519(0.020) max=9.265 | Ld=+14.4211 base=-0.886 drift=0.0211 path=0.801 cap=14.5 | Lg=+1.3406 | 10s
  830 acq  m=3 hq=0.016 fail | Dr=-0.074/+0.398 |Dr|max=1.122 Df=-0.426 | g r=1.316 f=1.661 p=1.564(0.028) max=9.801 | Ld=+15.5984 base=-0.426 drift=0.021 path=0.906 cap=15.1 | Lg=+0.9825 | 10s
  840 acq  m=2 hq=0.015 fail | Dr=-0.076/+0.396 |Dr|max=1.032 Df=+0.060 | g r=1.218 f=1.692 p=1.514(0.012) max=10.940 | Ld=+17.9708 base=0.147 drift=0.018 path=1.16 cap=16.6 | Lg=+0.6638 | 10s
  850 acq  m=2 hq=0.004 fail | Dr=-0.071/+0.396 |Dr|max=0.969 Df=+0.061 | g r=1.162 f=1.520 p=1.383(0.011) max=11.556 | Ld=+15.6523 base=0.13 drift=0.0158 path=1.17 cap=14.3 | Lg=+0.6564 | 10s
  860 acq  m=2 hq=0.017 fail | Dr=-0.064/+0.399 |Dr|max=0.920 Df=+0.124 | g r=1.130 f=1.546 p=1.351(0.018) max=9.005 | Ld=+12.3148 base=0.231 drift=0.0141 path=1.3 cap=10.8 | Lg=+0.6037 | 10s
  870 acq  m=2 hq=0.015 fail | Dr=-0.056/+0.400 |Dr|max=0.874 Df=+0.149 | g r=1.106 f=1.342 p=1.247(0.027) max=8.155 | Ld=+11.9668 base=0.146 drift=0.012 path=1.19 cap=10.6 | Lg=+0.6423 | 10s
  880 acq  m=2 hq=0.011 fail | Dr=-0.047/+0.399 |Dr|max=0.832 Df=+0.189 | g r=1.092 f=1.290 p=1.279(0.007) max=7.438 | Ld=+9.7030 base=0.176 drift=0.0113 path=1.25 cap=8.27 | Lg=+0.6264 | 11s
  890 acq  m=2 hq=0.004 fail | Dr=-0.039/+0.401 |Dr|max=0.796 Df=+0.103 | g r=1.072 f=1.134 p=1.202(0.013) max=7.661 | Ld=+8.7257 base=0.207 drift=0.0102 path=1.24 cap=7.27 | Lg=+0.6083 | 11s
  900 acq  m=3 hq=0.003 fail | Dr=-0.030/+0.403 |Dr|max=0.760 Df=+0.186 | g r=1.060 f=1.038 p=1.161(0.008) max=6.584 | Ld=+7.3023 base=0.213 drift=0.00997 path=1.2 cap=5.88 | Lg=+0.6101 | 11s
  910 acq  m=1 hq=0.001 fail | Dr=-0.022/+0.406 |Dr|max=0.729 Df=+0.175 | g r=1.046 f=0.955 p=1.155(0.012) max=6.335 | Ld=+8.3476 base=0.111 drift=0.00934 path=1.26 cap=6.97 | Lg=+0.6625 | 11s
  920 acq  m=1 hq=0.003 fail | Dr=-0.016/+0.404 |Dr|max=0.707 Df=+0.283 | g r=1.018 f=0.943 p=1.115(0.010) max=6.970 | Ld=+6.1119 base=0.265 drift=0.00865 path=1.23 cap=4.61 | Lg=+0.5828 | 11s
  930 acq  m=2 hq=0.003 fail | Dr=-0.010/+0.396 |Dr|max=0.687 Df=+0.204 | g r=0.986 f=0.937 p=1.085(0.012) max=6.603 | Ld=+5.2718 base=0.148 drift=0.00778 path=1.28 cap=3.84 | Lg=+0.6380 | 11s
  940 acq  m=1 hq=0.000 fail | Dr=-0.006/+0.391 |Dr|max=0.665 Df=+0.296 | g r=0.952 f=0.955 p=1.065(0.016) max=6.733 | Ld=+4.6200 base=0.227 drift=0.00719 path=1.34 cap=3.04 | Lg=+0.6007 | 11s
  950 acq  m=1 hq=0.041 fail | Dr=-0.002/+0.383 |Dr|max=0.646 Df=+0.257 | g r=0.928 f=1.127 p=1.073(0.025) max=5.407 | Ld=+4.5935 base=0.285 drift=0.00735 path=1.31 cap=3 | Lg=+0.5707 | 11s
  960 acq  m=2 hq=0.001 fail | Dr=+0.001/+0.374 |Dr|max=0.632 Df=+0.222 | g r=0.910 f=1.004 p=1.032(0.008) max=5.734 | Ld=+4.3464 base=0.166 drift=0.00705 path=1.39 cap=2.78 | Lg=+0.6346 | 12s
  970 acq  m=1 hq=0.003 fail | Dr=+0.004/+0.374 |Dr|max=0.618 Df=+0.269 | g r=0.898 f=1.007 p=1.019(0.019) max=7.365 | Ld=+4.1857 base=0.281 drift=0.00674 path=1.37 cap=2.53 | Lg=+0.5755 | 12s
  980 acq  m=3 hq=0.020 fail | Dr=+0.006/+0.375 |Dr|max=0.602 Df=+0.206 | g r=0.886 f=1.007 p=1.008(0.009) max=5.077 | Ld=+4.1436 base=0.299 drift=0.00644 path=1.4 cap=2.44 | Lg=+0.5656 | 12s
  990 acq  m=1 hq=0.003 fail | Dr=+0.009/+0.378 |Dr|max=0.584 Df=+0.302 | g r=0.881 f=0.974 p=0.973(0.004) max=5.622 | Ld=+3.7982 base=0.249 drift=0.00647 path=1.41 cap=2.14 | Lg=+0.5869 | 12s
 1000 acq  m=1 hq=0.005 fail | Dr=+0.012/+0.381 |Dr|max=0.565 Df=+0.262 | g r=0.869 f=0.926 p=0.987(0.039) max=5.135 | Ld=+3.7717 base=0.191 drift=0.0056 path=1.35 cap=2.23 | Lg=+0.6160 | 12s
 1010 acq  m=0 hq=0.000 fail | Dr=+0.015/+0.388 |Dr|max=0.542 Df=+0.301 | g r=0.869 f=0.895 p=0.962(0.012) max=5.122 | Ld=+3.2259 base=0.226 drift=0.00518 path=1.33 cap=1.66 | Lg=+0.5970 | 12s
 1020 acq  m=1 hq=0.000 fail | Dr=+0.017/+0.393 |Dr|max=0.524 Df=+0.198 | g r=0.868 f=0.936 p=0.964(0.007) max=5.228 | Ld=+3.4336 base=0.138 drift=0.00479 path=1.3 cap=1.99 | Lg=+0.6413 | 12s
 1030 acq  m=1 hq=0.009 fail | Dr=+0.020/+0.398 |Dr|max=0.504 Df=+0.255 | g r=0.873 f=0.945 p=0.951(0.008) max=4.545 | Ld=+3.3381 base=0.279 drift=0.00454 path=1.49 cap=1.57 | Lg=+0.5718 | 12s
 1040 acq  m=1 hq=0.003 fail | Dr=+0.024/+0.402 |Dr|max=0.485 Df=+0.204 | g r=0.876 f=0.855 p=0.944(0.019) max=4.721 | Ld=+3.9770 base=0.184 drift=0.00432 path=1.39 cap=2.4 | Lg=+0.6105 | 13s
 1050 acq  m=0 hq=0.000 fail | Dr=+0.027/+0.403 |Dr|max=0.468 Df=+0.268 | g r=0.871 f=0.816 p=0.918(0.004) max=4.853 | Ld=+2.9965 base=0.21 drift=0.00402 path=1.44 cap=1.34 | Lg=+0.5990 | 13s
 1060 acq  m=0 hq=0.000 fail | Dr=+0.031/+0.404 |Dr|max=0.453 Df=+0.191 | g r=0.871 f=1.036 p=0.923(0.018) max=4.642 | Ld=+2.9002 base=0.178 drift=0.0038 path=1.44 cap=1.28 | Lg=+0.6140 | 13s
 1070 acq  m=2 hq=0.003 fail | Dr=+0.034/+0.407 |Dr|max=0.436 Df=+0.207 | g r=0.878 f=0.911 p=0.914(0.016) max=4.772 | Ld=+3.0632 base=0.15 drift=0.00363 path=1.49 cap=1.42 | Lg=+0.6266 | 13s
 1080 acq  m=0 hq=0.000 fail | Dr=+0.038/+0.410 |Dr|max=0.420 Df=+0.205 | g r=0.881 f=0.823 p=0.914(0.006) max=4.547 | Ld=+2.7416 base=0.106 drift=0.00341 path=1.36 cap=1.28 | Lg=+0.6470 | 13s
 1090 acq  m=2 hq=0.004 fail | Dr=+0.041/+0.411 |Dr|max=0.411 Df=+0.207 | g r=0.881 f=1.012 p=0.905(0.010) max=4.940 | Ld=+2.8101 base=0.178 drift=0.00338 path=1.34 cap=1.29 | Lg=+0.6131 | 13s
 1100 acq  m=1 hq=0.001 fail | Dr=+0.047/+0.405 |Dr|max=0.405 Df=+0.125 | g r=0.885 f=0.800 p=0.927(0.012) max=4.372 | Ld=+3.8821 base=0.124 drift=0.0033 path=1.51 cap=2.25 | Lg=+0.6374 | 13s
 1110 acq  m=1 hq=0.002 fail | Dr=+0.053/+0.404 |Dr|max=0.404 Df=+0.145 | g r=0.888 f=0.935 p=0.919(0.005) max=5.770 | Ld=+3.4171 base=0.132 drift=0.00318 path=1.4 cap=1.88 | Lg=+0.6338 | 13s
 1120 acq  m=1 hq=0.001 fail | Dr=+0.059/+0.404 |Dr|max=0.404 Df=+0.196 | g r=0.893 f=0.668 p=0.891(0.014) max=4.690 | Ld=+2.8014 base=0.11 drift=0.00331 path=1.48 cap=1.21 | Lg=+0.6437 | 13s
 1130 acq  m=2 hq=0.010 fail | Dr=+0.063/+0.397 |Dr|max=0.397 Df=+0.153 | g r=0.895 f=0.975 p=0.917(0.015) max=4.849 | Ld=+3.2269 base=0.12 drift=0.00323 path=1.44 cap=1.66 | Lg=+0.6380 | 14s
 1140 acq  m=0 hq=0.000 fail | Dr=+0.069/+0.396 |Dr|max=0.396 Df=+0.179 | g r=0.902 f=0.797 p=0.905(0.012) max=4.779 | Ld=+2.8254 base=0.127 drift=0.00306 path=1.5 cap=1.2 | Lg=+0.6353 | 14s
 1150 acq  m=1 hq=0.001 fail | Dr=+0.074/+0.399 |Dr|max=0.399 Df=+0.166 | g r=0.906 f=0.880 p=0.913(0.008) max=5.303 | Ld=+2.8509 base=0.11 drift=0.00307 path=1.48 cap=1.26 | Lg=+0.6445 | 14s
 1160 acq  m=0 hq=0.000 fail | Dr=+0.080/+0.411 |Dr|max=0.411 Df=+0.151 | g r=0.914 f=0.819 p=0.911(0.022) max=5.141 | Ld=+2.6623 base=0.0857 drift=0.0031 path=1.41 cap=1.16 | Lg=+0.6555 | 14s
 1170 acq  m=0 hq=0.000 fail | Dr=+0.086/+0.420 |Dr|max=0.420 Df=+0.153 | g r=0.921 f=0.817 p=0.913(0.018) max=4.785 | Ld=+2.8899 base=0.0656 drift=0.00309 path=1.4 cap=1.42 | Lg=+0.6660 | 14s
 1180 acq  m=0 hq=0.000 fail | Dr=+0.092/+0.428 |Dr|max=0.428 Df=+0.157 | g r=0.928 f=0.783 p=0.912(0.023) max=4.973 | Ld=+2.8754 base=0.0696 drift=0.00314 path=1.51 cap=1.29 | Lg=+0.6623 | 14s
 1190 acq  m=1 hq=0.000 fail | Dr=+0.097/+0.434 |Dr|max=0.434 Df=+0.159 | g r=0.938 f=0.784 p=0.912(0.017) max=6.133 | Ld=+2.9163 base=0.0449 drift=0.0032 path=1.5 cap=1.36 | Lg=+0.6752 | 14s
 1200 acq  m=1 hq=0.003 fail | Dr=+0.102/+0.438 |Dr|max=0.438 Df=+0.159 | g r=0.950 f=0.784 p=0.896(0.013) max=4.623 | Ld=+2.8705 base=0.0246 drift=0.0033 path=1.46 cap=1.38 | Lg=+0.6856 | 14s
 1210 hold m=1 hq=0.000 fail | Dr=+0.107/+0.443 |Dr|max=0.443 Df=+0.157 | g r=0.957 f=0.735 p=0.894(0.013) max=5.172 | Ld=+2.9674 base=0.03 drift=0.0035 path=1.38 cap=1.55 | Lg=+0.6827 | 15s
 1220 hold m=1 hq=0.001 fail | Dr=+0.110/+0.448 |Dr|max=0.448 Df=+0.114 | g r=0.961 f=0.709 p=0.892(0.016) max=5.574 | Ld=+2.9013 base=0.0412 drift=0.00359 path=1.45 cap=1.41 | Lg=+0.6755 | 15s
 1230 hold m=0 hq=0.000 fail | Dr=+0.114/+0.455 |Dr|max=0.455 Df=+0.143 | g r=0.969 f=0.752 p=0.893(0.013) max=4.532 | Ld=+2.8139 base=0.0284 drift=0.00358 path=1.44 cap=1.35 | Lg=+0.6833 | 15s
 1240 hold m=1 hq=0.011 fail | Dr=+0.119/+0.461 |Dr|max=0.461 Df=+0.114 | g r=0.978 f=0.808 p=0.913(0.017) max=5.271 | Ld=+2.7815 base=0.0149 drift=0.00365 path=1.41 cap=1.35 | Lg=+0.6891 | 15s
 1250 hold m=1 hq=0.004 fail | Dr=+0.122/+0.470 |Dr|max=0.470 Df=+0.119 | g r=0.986 f=0.768 p=0.917(0.012) max=4.568 | Ld=+2.8412 base=-0.0306 drift=0.00382 path=1.42 cap=1.45 | Lg=+0.7119 | 15s
 1260 hold m=2 hq=0.002 fail | Dr=+0.126/+0.480 |Dr|max=0.480 Df=+0.096 | g r=0.990 f=0.724 p=0.902(0.003) max=5.796 | Ld=+2.8098 base=-0.00461 drift=0.00409 path=1.5 cap=1.31 | Lg=+0.7028 | 15s
 1270 hold m=2 hq=0.003 fail | Dr=+0.129/+0.490 |Dr|max=0.490 Df=+0.097 | g r=0.991 f=0.724 p=0.907(0.005) max=4.023 | Ld=+2.8337 base=-0.0189 drift=0.00428 path=1.34 cap=1.51 | Lg=+0.7070 | 15s
 1280 hold m=1 hq=0.016 fail | Dr=+0.132/+0.499 |Dr|max=0.499 Df=+0.093 | g r=0.995 f=0.722 p=0.926(0.011) max=5.669 | Ld=+2.6859 base=-0.0715 drift=0.00448 path=1.4 cap=1.35 | Lg=+0.7366 | 15s
 1290 hold m=1 hq=0.001 fail | Dr=+0.135/+0.507 |Dr|max=0.507 Df=+0.102 | g r=0.996 f=0.741 p=0.925(0.006) max=4.409 | Ld=+2.8779 base=-0.0695 drift=0.00452 path=1.4 cap=1.54 | Lg=+0.7349 | 15s
 1300 hold m=1 hq=0.001 fail | Dr=+0.139/+0.518 |Dr|max=0.518 Df=+0.082 | g r=1.001 f=0.817 p=0.936(0.021) max=4.474 | Ld=+3.1584 base=-0.0698 drift=0.00479 path=1.37 cap=1.86 | Lg=+0.7355 | 16s
 1310 hold m=1 hq=0.001 fail | Dr=+0.141/+0.528 |Dr|max=0.528 Df=+0.029 | g r=1.006 f=0.811 p=0.931(0.013) max=5.633 | Ld=+2.7661 base=-0.0814 drift=0.00509 path=1.35 cap=1.49 | Lg=+0.7400 | 16s
 1320 hold m=2 hq=0.018 fail | Dr=+0.143/+0.538 |Dr|max=0.538 Df=+0.002 | g r=1.011 f=0.818 p=0.946(0.010) max=4.547 | Ld=+2.9294 base=-0.0865 drift=0.00521 path=1.38 cap=1.63 | Lg=+0.7416 | 16s
 1330 hold m=1 hq=0.001 fail | Dr=+0.146/+0.549 |Dr|max=0.549 Df=+0.003 | g r=1.016 f=0.829 p=0.934(0.009) max=4.747 | Ld=+3.0060 base=-0.1 drift=0.00563 path=1.3 cap=1.8 | Lg=+0.7495 | 16s
 1340 hold m=1 hq=0.001 fail | Dr=+0.150/+0.558 |Dr|max=0.558 Df=+0.030 | g r=1.019 f=0.836 p=0.963(0.009) max=5.113 | Ld=+2.6316 base=-0.12 drift=0.00581 path=1.33 cap=1.41 | Lg=+0.7627 | 16s
 1350 hold m=1 hq=0.001 fail | Dr=+0.150/+0.565 |Dr|max=0.565 Df=+0.017 | g r=1.017 f=0.794 p=0.973(0.004) max=4.311 | Ld=+2.8676 base=-0.116 drift=0.00579 path=1.33 cap=1.65 | Lg=+0.7611 | 16s
 1360 hold m=1 hq=0.001 fail | Dr=+0.150/+0.571 |Dr|max=0.571 Df=+0.019 | g r=1.019 f=0.778 p=0.956(0.017) max=4.897 | Ld=+2.7569 base=-0.166 drift=0.00618 path=1.37 cap=1.55 | Lg=+0.7837 | 16s
 1370 hold m=2 hq=0.013 fail | Dr=+0.150/+0.577 |Dr|max=0.577 Df=-0.029 | g r=1.019 f=0.739 p=0.938(0.013) max=4.368 | Ld=+2.9177 base=-0.118 drift=0.00637 path=1.26 cap=1.77 | Lg=+0.7609 | 16s
 1380 hold m=1 hq=0.003 fail | Dr=+0.149/+0.580 |Dr|max=0.580 Df=-0.020 | g r=1.014 f=0.764 p=0.947(0.005) max=4.837 | Ld=+2.7132 base=-0.122 drift=0.00676 path=1.25 cap=1.58 | Lg=+0.7650 | 17s
 1390 hold m=1 hq=0.002 fail | Dr=+0.146/+0.584 |Dr|max=0.584 Df=-0.056 | g r=1.015 f=0.986 p=0.984(0.011) max=4.819 | Ld=+2.7118 base=-0.147 drift=0.00694 path=1.18 cap=1.67 | Lg=+0.7769 | 17s
 1400 hold m=0 hq=0.000 fail | Dr=+0.145/+0.588 |Dr|max=0.588 Df=-0.045 | g r=1.010 f=0.744 p=0.970(0.007) max=4.212 | Ld=+2.7869 base=-0.146 drift=0.00711 path=1.19 cap=1.74 | Lg=+0.7762 | 17s
 1410 hold m=0 hq=0.000 fail | Dr=+0.142/+0.591 |Dr|max=0.591 Df=-0.045 | g r=1.009 f=0.820 p=1.003(0.024) max=4.496 | Ld=+2.6183 base=-0.232 drift=0.00739 path=1.16 cap=1.69 | Lg=+0.8262 | 17s
 1420 hold m=1 hq=0.011 fail | Dr=+0.141/+0.594 |Dr|max=0.594 Df=-0.020 | g r=1.012 f=0.795 p=0.983(0.019) max=4.954 | Ld=+2.5733 base=-0.189 drift=0.00774 path=1.29 cap=1.47 | Lg=+0.8018 | 17s
 1430 hold m=1 hq=0.007 fail | Dr=+0.140/+0.592 |Dr|max=0.592 Df=-0.028 | g r=1.011 f=0.728 p=0.987(0.022) max=6.728 | Ld=+2.3615 base=-0.185 drift=0.00797 path=1.13 cap=1.4 | Lg=+0.7989 | 17s
 1440 hold m=1 hq=0.012 fail | Dr=+0.137/+0.592 |Dr|max=0.592 Df=-0.077 | g r=1.006 f=0.898 p=0.978(0.007) max=4.308 | Ld=+2.4610 base=-0.171 drift=0.00805 path=1.18 cap=1.44 | Lg=+0.7879 | 17s
 1450 hold m=1 hq=0.006 fail | Dr=+0.135/+0.591 |Dr|max=0.591 Df=-0.047 | g r=1.000 f=0.762 p=0.980(0.011) max=4.619 | Ld=+2.4478 base=-0.222 drift=0.00837 path=1.15 cap=1.51 | Lg=+0.8211 | 17s
 1460 hold m=1 hq=0.003 fail | Dr=+0.133/+0.593 |Dr|max=0.593 Df=-0.072 | g r=1.000 f=0.847 p=0.969(0.002) max=5.602 | Ld=+2.5167 base=-0.187 drift=0.00863 path=1.14 cap=1.55 | Lg=+0.8024 | 18s
 1470 hold m=1 hq=0.002 fail | Dr=+0.133/+0.595 |Dr|max=0.595 Df=-0.078 | g r=0.996 f=0.803 p=0.986(0.020) max=6.133 | Ld=+2.3354 base=-0.22 drift=0.00922 path=1.16 cap=1.39 | Lg=+0.8259 | 18s
 1480 hold m=1 hq=0.005 fail | Dr=+0.133/+0.598 |Dr|max=0.598 Df=-0.107 | g r=0.991 f=0.812 p=0.985(0.017) max=5.595 | Ld=+2.0047 base=-0.255 drift=0.00933 path=0.979 cap=1.27 | Lg=+0.8424 | 18s
 1490 hold m=1 hq=0.004 fail | Dr=+0.129/+0.596 |Dr|max=0.596 Df=-0.148 | g r=0.987 f=0.804 p=0.958(0.045) max=5.555 | Ld=+2.3802 base=-0.233 drift=0.00952 path=1.13 cap=1.47 | Lg=+0.8306 | 18s
 1500 hold m=1 hq=0.007 fail | Dr=+0.128/+0.598 |Dr|max=0.598 Df=-0.158 | g r=0.985 f=0.768 p=0.988(0.022) max=4.258 | Ld=+2.1944 base=-0.247 drift=0.00972 path=1.11 cap=1.32 | Lg=+0.8375 | 18s
 1510 hold m=0 hq=0.000 fail | Dr=+0.125/+0.598 |Dr|max=0.598 Df=-0.164 | g r=0.982 f=0.741 p=0.969(0.026) max=5.029 | Ld=+2.1514 base=-0.218 drift=0.0104 path=1.03 cap=1.33 | Lg=+0.8263 | 18s
 1520 hold m=1 hq=0.004 fail | Dr=+0.125/+0.601 |Dr|max=0.601 Df=-0.170 | g r=0.978 f=0.877 p=1.005(0.016) max=6.656 | Ld=+2.1749 base=-0.262 drift=0.0104 path=1.08 cap=1.34 | Lg=+0.8526 | 18s
 1530 hold m=1 hq=0.008 fail | Dr=+0.120/+0.598 |Dr|max=0.598 Df=-0.197 | g r=0.973 f=0.947 p=1.016(0.017) max=6.105 | Ld=+2.1053 base=-0.299 drift=0.0107 path=1.01 cap=1.39 | Lg=+0.8760 | 18s
 1540 hold m=1 hq=0.008 fail | Dr=+0.118/+0.599 |Dr|max=0.599 Df=-0.176 | g r=0.972 f=0.875 p=0.995(0.003) max=5.108 | Ld=+2.1701 base=-0.255 drift=0.0106 path=1.04 cap=1.38 | Lg=+0.8456 | 19s
 1550 hold m=1 hq=0.010 fail | Dr=+0.116/+0.599 |Dr|max=0.599 Df=-0.193 | g r=0.965 f=0.792 p=0.985(0.007) max=5.574 | Ld=+2.2967 base=-0.282 drift=0.0114 path=1.16 cap=1.41 | Lg=+0.8671 | 19s
 1560 hold m=1 hq=0.001 fail | Dr=+0.116/+0.605 |Dr|max=0.605 Df=-0.223 | g r=0.958 f=0.904 p=1.026(0.014) max=7.030 | Ld=+2.1073 base=-0.329 drift=0.0121 path=1.07 cap=1.35 | Lg=+0.8949 | 19s
 1570 hold m=1 hq=0.009 fail | Dr=+0.109/+0.607 |Dr|max=0.607 Df=-0.180 | g r=0.956 f=0.724 p=0.999(0.024) max=5.097 | Ld=+2.3181 base=-0.31 drift=0.0124 path=1.06 cap=1.55 | Lg=+0.8841 | 19s
 1580 hold m=1 hq=0.013 fail | Dr=+0.104/+0.611 |Dr|max=0.624 Df=-0.239 | g r=0.952 f=0.913 p=1.014(0.008) max=5.352 | Ld=+2.0315 base=-0.318 drift=0.0125 path=1.07 cap=1.27 | Lg=+0.8817 | 19s
 1590 hold m=1 hq=0.001 fail | Dr=+0.100/+0.616 |Dr|max=0.642 Df=-0.226 | g r=0.954 f=0.954 p=1.025(0.006) max=4.452 | Ld=+1.7645 base=-0.405 drift=0.0124 path=0.993 cap=1.16 | Lg=+0.9341 | 19s
 1600 hold m=1 hq=0.008 fail | Dr=+0.100/+0.624 |Dr|max=0.660 Df=-0.243 | g r=0.950 f=0.923 p=1.024(0.009) max=5.840 | Ld=+1.7913 base=-0.411 drift=0.0133 path=1.05 cap=1.14 | Lg=+0.9411 | 19s
 1610 hold m=1 hq=0.010 fail | Dr=+0.094/+0.626 |Dr|max=0.680 Df=-0.232 | g r=0.951 f=0.820 p=1.017(0.005) max=4.772 | Ld=+2.0407 base=-0.358 drift=0.0131 path=1.06 cap=1.33 | Lg=+0.9118 | 20s
 1620 hold m=2 hq=0.007 fail | Dr=+0.090/+0.628 |Dr|max=0.697 Df=-0.275 | g r=0.950 f=0.966 p=1.037(0.037) max=6.070 | Ld=+1.9714 base=-0.398 drift=0.0135 path=1.02 cap=1.34 | Lg=+0.9298 | 20s
 1630 hold m=1 hq=0.005 fail | Dr=+0.086/+0.630 |Dr|max=0.713 Df=-0.269 | g r=0.947 f=0.951 p=1.035(0.014) max=6.013 | Ld=+1.9001 base=-0.382 drift=0.0145 path=1.05 cap=1.22 | Lg=+0.9274 | 20s
 1640 hold m=1 hq=0.005 fail | Dr=+0.083/+0.634 |Dr|max=0.729 Df=-0.299 | g r=0.940 f=0.933 p=1.028(0.034) max=6.773 | Ld=+1.9867 base=-0.365 drift=0.0148 path=1.01 cap=1.32 | Lg=+0.9217 | 20s
 1650 hold m=2 hq=0.004 fail | Dr=+0.078/+0.635 |Dr|max=0.742 Df=-0.299 | g r=0.937 f=0.975 p=1.035(0.022) max=5.411 | Ld=+2.2156 base=-0.377 drift=0.0142 path=1.03 cap=1.55 | Lg=+0.9193 | 20s
 1660 hold m=2 hq=0.021 fail | Dr=+0.074/+0.635 |Dr|max=0.750 Df=-0.324 | g r=0.929 f=0.870 p=1.027(0.017) max=5.165 | Ld=+2.3308 base=-0.41 drift=0.0146 path=1.09 cap=1.64 | Lg=+0.9425 | 20s
 1670 hold m=1 hq=0.002 fail | Dr=+0.072/+0.636 |Dr|max=0.756 Df=-0.324 | g r=0.922 f=0.918 p=1.004(0.014) max=5.262 | Ld=+2.3029 base=-0.39 drift=0.0148 path=1.09 cap=1.58 | Lg=+0.9306 | 20s
 1680 hold m=2 hq=0.023 fail | Dr=+0.069/+0.637 |Dr|max=0.760 Df=-0.324 | g r=0.914 f=0.895 p=1.013(0.020) max=4.988 | Ld=+2.3746 base=-0.374 drift=0.0148 path=1.08 cap=1.66 | Lg=+0.9259 | 20s
 1690 hold m=2 hq=0.008 fail | Dr=+0.065/+0.639 |Dr|max=0.766 Df=-0.357 | g r=0.909 f=1.020 p=1.055(0.008) max=4.156 | Ld=+2.3711 base=-0.381 drift=0.0142 path=0.94 cap=1.8 | Lg=+0.9289 | 21s
 1700 hold m=2 hq=0.002 fail | Dr=+0.060/+0.635 |Dr|max=0.768 Df=-0.349 | g r=0.902 f=0.972 p=1.042(0.042) max=5.090 | Ld=+2.2572 base=-0.414 drift=0.0143 path=1.08 cap=1.58 | Lg=+0.9433 | 21s
 1710 hold m=2 hq=0.009 fail | Dr=+0.058/+0.635 |Dr|max=0.767 Df=-0.315 | g r=0.895 f=0.883 p=1.013(0.017) max=4.320 | Ld=+2.1953 base=-0.384 drift=0.0142 path=1.1 cap=1.47 | Lg=+0.9280 | 21s
 1720 hold m=2 hq=0.020 fail | Dr=+0.056/+0.636 |Dr|max=0.770 Df=-0.331 | g r=0.891 f=1.005 p=1.020(0.022) max=5.362 | Ld=+2.1518 base=-0.376 drift=0.0142 path=1.13 cap=1.39 | Lg=+0.9197 | 21s
 1730 hold m=2 hq=0.008 fail | Dr=+0.053/+0.639 |Dr|max=0.772 Df=-0.397 | g r=0.886 f=0.930 p=1.036(0.026) max=4.242 | Ld=+2.2693 base=-0.407 drift=0.0143 path=1.14 cap=1.52 | Lg=+0.9519 | 21s
 1740 hold m=1 hq=0.000 fail | Dr=+0.052/+0.644 |Dr|max=0.770 Df=-0.360 | g r=0.878 f=0.899 p=0.995(0.029) max=4.227 | Ld=+2.3507 base=-0.422 drift=0.0144 path=1.11 cap=1.65 | Lg=+0.9621 | 21s
 1750 hold m=2 hq=0.023 fail | Dr=+0.052/+0.648 |Dr|max=0.766 Df=-0.393 | g r=0.871 f=0.999 p=1.031(0.020) max=4.043 | Ld=+2.0040 base=-0.426 drift=0.0137 path=1.13 cap=1.28 | Lg=+0.9506 | 21s
 1760 hold m=2 hq=0.015 fail | Dr=+0.056/+0.655 |Dr|max=0.759 Df=-0.321 | g r=0.864 f=0.856 p=0.990(0.020) max=5.087 | Ld=+2.2923 base=-0.368 drift=0.0147 path=1.2 cap=1.44 | Lg=+0.9318 | 21s
 1770 hold m=2 hq=0.004 fail | Dr=+0.062/+0.657 |Dr|max=0.751 Df=-0.288 | g r=0.858 f=0.917 p=0.996(0.027) max=4.257 | Ld=+2.0743 base=-0.388 drift=0.0142 path=1.12 cap=1.33 | Lg=+0.9410 | 22s
 1780 hold m=3 hq=0.017 fail | Dr=+0.067/+0.658 |Dr|max=0.747 Df=-0.271 | g r=0.851 f=0.981 p=1.005(0.014) max=5.653 | Ld=+2.2878 base=-0.35 drift=0.0147 path=1.17 cap=1.45 | Lg=+0.9309 | 22s
 1790 hold m=2 hq=0.010 fail | Dr=+0.069/+0.653 |Dr|max=0.744 Df=-0.271 | g r=0.844 f=0.954 p=0.968(0.006) max=5.841 | Ld=+2.4707 base=-0.294 drift=0.0144 path=1.14 cap=1.61 | Lg=+0.9003 | 22s
 1800 hold m=2 hq=0.002 fail | Dr=+0.072/+0.651 |Dr|max=0.741 Df=-0.225 | g r=0.839 f=0.905 p=0.983(0.022) max=4.401 | Ld=+2.2996 base=-0.276 drift=0.0137 path=1.18 cap=1.39 | Lg=+0.8921 | 22s
 1810 hold m=3 hq=0.008 fail | Dr=+0.070/+0.642 |Dr|max=0.744 Df=-0.159 | g r=0.829 f=0.945 p=0.993(0.023) max=3.969 | Ld=+2.2442 base=-0.243 drift=0.0139 path=1.1 cap=1.37 | Lg=+0.8875 | 22s
 1820 hold m=3 hq=0.009 fail | Dr=+0.061/+0.621 |Dr|max=0.750 Df=-0.138 | g r=0.817 f=0.939 p=0.976(0.018) max=3.888 | Ld=+2.2864 base=-0.234 drift=0.0134 path=1.26 cap=1.25 | Lg=+0.8583 | 22s
 1830 hold m=2 hq=0.014 fail | Dr=+0.056/+0.603 |Dr|max=0.749 Df=-0.124 | g r=0.811 f=0.913 p=0.971(0.021) max=4.887 | Ld=+2.0967 base=-0.153 drift=0.0134 path=1.2 cap=1.04 | Lg=+0.8479 | 22s
 1840 hold m=2 hq=0.010 fail | Dr=+0.049/+0.585 |Dr|max=0.749 Df=-0.154 | g r=0.808 f=0.876 p=0.971(0.009) max=4.103 | Ld=+2.2545 base=-0.212 drift=0.0121 path=1.29 cap=1.16 | Lg=+0.8636 | 22s
 1850 hold m=3 hq=0.015 fail | Dr=+0.044/+0.567 |Dr|max=0.749 Df=-0.140 | g r=0.803 f=0.898 p=0.962(0.026) max=4.234 | Ld=+1.9966 base=-0.215 drift=0.0121 path=1.18 cap=1.02 | Lg=+0.8748 | 23s
 1860 hold m=2 hq=0.016 fail | Dr=+0.035/+0.548 |Dr|max=0.752 Df=-0.159 | g r=0.800 f=0.902 p=0.980(0.010) max=4.464 | Ld=+2.1375 base=-0.203 drift=0.0116 path=1.22 cap=1.11 | Lg=+0.8536 | 23s
 1870 hold m=4 hq=0.007 fail | Dr=+0.028/+0.527 |Dr|max=0.752 Df=-0.174 | g r=0.798 f=0.905 p=0.991(0.016) max=5.172 | Ld=+2.4325 base=-0.228 drift=0.0107 path=1.21 cap=1.44 | Lg=+0.8554 | 23s
 1880 hold m=4 hq=0.010 fail | Dr=+0.021/+0.501 |Dr|max=0.750 Df=-0.187 | g r=0.797 f=0.865 p=0.969(0.018) max=4.393 | Ld=+2.1527 base=-0.206 drift=0.0109 path=1.17 cap=1.18 | Lg=+0.8741 | 23s
 1890 hold m=3 hq=0.009 fail | Dr=+0.014/+0.474 |Dr|max=0.747 Df=-0.205 | g r=0.798 f=0.924 p=0.988(0.006) max=4.120 | Ld=+2.4219 base=-0.232 drift=0.0108 path=1.24 cap=1.4 | Lg=+0.8522 | 23s
 1900 hold m=3 hq=0.004 fail | Dr=+0.002/+0.441 |Dr|max=0.748 Df=-0.263 | g r=0.806 f=1.006 p=1.001(0.011) max=4.521 | Ld=+2.5065 base=-0.239 drift=0.00992 path=1.13 cap=1.61 | Lg=+0.8641 | 23s
 1910 hold m=5 hq=0.014 fail | Dr=-0.007/+0.414 |Dr|max=0.747 Df=-0.240 | g r=0.814 f=0.876 p=0.981(0.006) max=4.494 | Ld=+2.3748 base=-0.227 drift=0.00972 path=1.2 cap=1.39 | Lg=+0.8545 | 23s
 1920 hold m=4 hq=0.008 fail | Dr=-0.013/+0.395 |Dr|max=0.752 Df=-0.267 | g r=0.822 f=0.991 p=1.006(0.010) max=4.740 | Ld=+2.4206 base=-0.242 drift=0.00986 path=1.14 cap=1.51 | Lg=+0.8547 | 23s
 1930 hold m=4 hq=0.012 fail | Dr=-0.017/+0.376 |Dr|max=0.756 Df=-0.274 | g r=0.829 f=1.007 p=1.006(0.017) max=4.587 | Ld=+2.4121 base=-0.276 drift=0.00901 path=1.23 cap=1.45 | Lg=+0.8720 | 24s
 1940 hold m=3 hq=0.015 fail | Dr=-0.025/+0.366 |Dr|max=0.761 Df=-0.288 | g r=0.832 f=1.007 p=0.994(0.023) max=4.197 | Ld=+2.3531 base=-0.249 drift=0.00924 path=1.14 cap=1.45 | Lg=+0.8535 | 24s
 1950 hold m=3 hq=0.013 fail | Dr=-0.026/+0.366 |Dr|max=0.761 Df=-0.253 | g r=0.834 f=0.962 p=0.989(0.004) max=4.521 | Ld=+2.2855 base=-0.232 drift=0.00889 path=1.2 cap=1.3 | Lg=+0.8576 | 24s
 1960 hold m=1 hq=0.006 fail | Dr=-0.025/+0.366 |Dr|max=0.760 Df=-0.251 | g r=0.831 f=0.850 p=0.968(0.019) max=4.510 | Ld=+2.1881 base=-0.255 drift=0.0087 path=1.21 cap=1.23 | Lg=+0.8511 | 24s
 1970 hold m=3 hq=0.023 fail | Dr=-0.021/+0.368 |Dr|max=0.757 Df=-0.249 | g r=0.821 f=0.932 p=0.965(0.014) max=4.481 | Ld=+2.1070 base=-0.239 drift=0.00903 path=1.22 cap=1.12 | Lg=+0.8375 | 24s
 1980 hold m=2 hq=0.005 fail | Dr=-0.018/+0.372 |Dr|max=0.752 Df=-0.302 | g r=0.810 f=0.807 p=0.931(0.007) max=3.808 | Ld=+2.1444 base=-0.275 drift=0.00849 path=1.15 cap=1.26 | Lg=+0.8643 | 24s
 1990 hold m=3 hq=0.003 fail | Dr=-0.014/+0.378 |Dr|max=0.745 Df=-0.316 | g r=0.805 f=0.770 p=0.928(0.004) max=3.780 | Ld=+2.0224 base=-0.264 drift=0.00788 path=1.19 cap=1.08 | Lg=+0.8515 | 24s
 2000 hold m=3 hq=0.009 fail | Dr=-0.014/+0.383 |Dr|max=0.743 Df=-0.317 | g r=0.802 f=0.911 p=0.963(0.024) max=4.326 | Ld=+1.9075 base=-0.266 drift=0.00885 path=1.21 cap=0.958 | Lg=+0.8514 | 24s
 2010 hold m=2 hq=0.001 fail | Dr=-0.012/+0.390 |Dr|max=0.738 Df=-0.300 | g r=0.803 f=0.808 p=0.931(0.012) max=5.155 | Ld=+1.8916 base=-0.28 drift=0.00887 path=1.25 cap=0.91 | Lg=+0.8619 | 25s
 2020 hold m=2 hq=0.001 fail | Dr=-0.005/+0.400 |Dr|max=0.732 Df=-0.311 | g r=0.807 f=0.841 p=0.943(0.022) max=4.106 | Ld=+1.8886 base=-0.278 drift=0.00821 path=1.37 cap=0.793 | Lg=+0.8716 | 25s
 2030 hold m=2 hq=0.010 fail | Dr=-0.003/+0.405 |Dr|max=0.728 Df=-0.282 | g r=0.809 f=0.755 p=0.941(0.021) max=4.156 | Ld=+1.8752 base=-0.277 drift=0.00847 path=1.22 cap=0.922 | Lg=+0.8625 | 25s
 2040 hold m=3 hq=0.003 fail | Dr=-0.000/+0.412 |Dr|max=0.723 Df=-0.320 | g r=0.810 f=0.828 p=0.945(0.011) max=5.209 | Ld=+1.7734 base=-0.322 drift=0.00855 path=1.24 cap=0.844 | Lg=+0.8816 | 25s
 2050 hold m=3 hq=0.001 fail | Dr=+0.005/+0.424 |Dr|max=0.716 Df=-0.344 | g r=0.811 f=0.693 p=0.905(0.007) max=4.106 | Ld=+1.7743 base=-0.322 drift=0.00847 path=1.26 cap=0.83 | Lg=+0.8799 | 25s
 2060 hold m=3 hq=0.002 fail | Dr=+0.015/+0.441 |Dr|max=0.707 Df=-0.330 | g r=0.814 f=0.814 p=0.933(0.017) max=4.386 | Ld=+1.7633 base=-0.331 drift=0.0089 path=1.25 cap=0.834 | Lg=+0.8925 | 25s
 2070 hold m=2 hq=0.002 fail | Dr=+0.018/+0.446 |Dr|max=0.702 Df=-0.273 | g r=0.817 f=0.838 p=0.936(0.012) max=4.607 | Ld=+1.7361 base=-0.327 drift=0.00874 path=1.29 cap=0.766 | Lg=+0.8818 | 25s
 2080 hold m=3 hq=0.002 fail | Dr=+0.024/+0.453 |Dr|max=0.698 Df=-0.227 | g r=0.820 f=0.800 p=0.937(0.022) max=4.784 | Ld=+1.8358 base=-0.264 drift=0.00884 path=1.19 cap=0.897 | Lg=+0.8471 | 26s
 2090 hold m=4 hq=0.010 fail | Dr=+0.033/+0.459 |Dr|max=0.693 Df=-0.216 | g r=0.823 f=0.834 p=0.924(0.017) max=3.977 | Ld=+1.8116 base=-0.25 drift=0.00895 path=1.14 cap=0.91 | Lg=+0.8489 | 26s
 2100 hold m=4 hq=0.010 fail | Dr=+0.042/+0.462 |Dr|max=0.690 Df=-0.200 | g r=0.826 f=0.807 p=0.911(0.035) max=3.770 | Ld=+1.8667 base=-0.219 drift=0.00854 path=1.18 cap=0.894 | Lg=+0.8365 | 26s
 2110 hold m=4 hq=0.008 fail | Dr=+0.050/+0.465 |Dr|max=0.688 Df=-0.175 | g r=0.828 f=0.788 p=0.915(0.013) max=3.415 | Ld=+1.8945 base=-0.237 drift=0.0087 path=1.27 cap=0.848 | Lg=+0.8360 | 26s
 2120 hold m=2 hq=0.001 fail | Dr=+0.060/+0.476 |Dr|max=0.683 Df=-0.189 | g r=0.830 f=0.801 p=0.907(0.022) max=4.146 | Ld=+1.8169 base=-0.234 drift=0.00888 path=1.25 cap=0.792 | Lg=+0.8391 | 26s
 2130 hold m=5 hq=0.017 fail | Dr=+0.070/+0.484 |Dr|max=0.678 Df=-0.185 | g r=0.832 f=0.797 p=0.895(0.023) max=4.448 | Ld=+1.8915 base=-0.226 drift=0.00949 path=1.23 cap=0.881 | Lg=+0.8371 | 26s
 2140 hold m=4 hq=0.004 fail | Dr=+0.075/+0.489 |Dr|max=0.677 Df=-0.180 | g r=0.832 f=0.758 p=0.907(0.014) max=3.624 | Ld=+1.7655 base=-0.253 drift=0.00928 path=1.2 cap=0.805 | Lg=+0.8486 | 26s
 2150 hold m=4 hq=0.010 fail | Dr=+0.081/+0.492 |Dr|max=0.675 Df=-0.130 | g r=0.833 f=0.773 p=0.904(0.021) max=3.199 | Ld=+1.9520 base=-0.232 drift=0.00961 path=1.16 cap=1.02 | Lg=+0.8430 | 26s
 2160 hold m=5 hq=0.031 fail | Dr=+0.089/+0.503 |Dr|max=0.669 Df=-0.138 | g r=0.833 f=0.787 p=0.899(0.010) max=3.767 | Ld=+1.8289 base=-0.261 drift=0.0103 path=1.34 cap=0.735 | Lg=+0.8538 | 26s
 2170 hold m=2 hq=0.001 fail | Dr=+0.093/+0.502 |Dr|max=0.667 Df=-0.136 | g r=0.835 f=0.818 p=0.919(0.023) max=3.412 | Ld=+1.8994 base=-0.224 drift=0.0097 path=1.3 cap=0.816 | Lg=+0.8376 | 27s
 2180 hold m=5 hq=0.035 fail | Dr=+0.096/+0.498 |Dr|max=0.666 Df=-0.102 | g r=0.836 f=0.780 p=0.900(0.020) max=3.569 | Ld=+1.8369 base=-0.215 drift=0.0096 path=1.32 cap=0.718 | Lg=+0.8278 | 27s
 2190 hold m=5 hq=0.031 fail | Dr=+0.100/+0.504 |Dr|max=0.665 Df=-0.133 | g r=0.839 f=0.837 p=0.895(0.017) max=4.334 | Ld=+1.7866 base=-0.195 drift=0.0105 path=1.2 cap=0.769 | Lg=+0.8164 | 27s
 2200 hold m=2 hq=0.024 fail | Dr=+0.101/+0.507 |Dr|max=0.667 Df=-0.091 | g r=0.842 f=0.735 p=0.895(0.037) max=4.312 | Ld=+1.7198 base=-0.189 drift=0.0102 path=1.2 cap=0.696 | Lg=+0.8205 | 27s
 2210 hold m=4 hq=0.033 fail | Dr=+0.101/+0.508 |Dr|max=0.670 Df=-0.108 | g r=0.844 f=0.785 p=0.884(0.007) max=3.345 | Ld=+1.9002 base=-0.222 drift=0.0106 path=1.19 cap=0.919 | Lg=+0.8403 | 27s
 2220 hold m=3 hq=0.004 fail | Dr=+0.102/+0.508 |Dr|max=0.669 Df=-0.096 | g r=0.849 f=0.755 p=0.906(0.014) max=4.279 | Ld=+1.7326 base=-0.219 drift=0.00994 path=1.19 cap=0.751 | Lg=+0.8362 | 27s
 2230 hold m=2 hq=0.026 fail | Dr=+0.101/+0.496 |Dr|max=0.670 Df=-0.110 | g r=0.854 f=0.733 p=0.893(0.032) max=3.453 | Ld=+1.8680 base=-0.218 drift=0.0103 path=1.38 cap=0.698 | Lg=+0.8330 | 27s
 2240 hold m=3 hq=0.007 fail | Dr=+0.101/+0.484 |Dr|max=0.667 Df=-0.106 | g r=0.858 f=0.756 p=0.883(0.024) max=3.311 | Ld=+1.8402 base=-0.288 drift=0.0101 path=1.22 cap=0.893 | Lg=+0.8683 | 27s
 2250 hold m=3 hq=0.029 fail | Dr=+0.101/+0.471 |Dr|max=0.664 Df=-0.106 | g r=0.863 f=0.755 p=0.872(0.016) max=3.988 | Ld=+1.8707 base=-0.235 drift=0.0101 path=1.25 cap=0.841 | Lg=+0.8404 | 28s
 2260 hold m=2 hq=0.005 fail | Dr=+0.102/+0.492 |Dr|max=0.658 Df=-0.167 | g r=0.868 f=0.874 p=0.893(0.020) max=3.168 | Ld=+1.7779 base=-0.235 drift=0.0101 path=1.24 cap=0.765 | Lg=+0.8384 | 28s
 2270 hold m=3 hq=0.009 fail | Dr=+0.105/+0.509 |Dr|max=0.648 Df=-0.097 | g r=0.870 f=0.738 p=0.880(0.013) max=3.384 | Ld=+1.8452 base=-0.193 drift=0.0103 path=1.24 cap=0.785 | Lg=+0.8225 | 28s
 2280 hold m=2 hq=0.005 fail | Dr=+0.103/+0.526 |Dr|max=0.644 Df=-0.113 | g r=0.870 f=0.736 p=0.889(0.017) max=3.548 | Ld=+1.8484 base=-0.241 drift=0.0102 path=1.26 cap=0.823 | Lg=+0.8493 | 28s
 2290 hold m=2 hq=0.023 fail | Dr=+0.101/+0.542 |Dr|max=0.641 Df=-0.119 | g r=0.868 f=0.762 p=0.892(0.011) max=3.215 | Ld=+1.8693 base=-0.243 drift=0.00989 path=1.27 cap=0.832 | Lg=+0.8419 | 28s
 2300 hold m=3 hq=0.038 fail | Dr=+0.098/+0.558 |Dr|max=0.638 Df=-0.134 | g r=0.867 f=0.727 p=0.881(0.019) max=3.453 | Ld=+1.8428 base=-0.238 drift=0.0106 path=1.27 cap=0.802 | Lg=+0.8445 | 28s
 2310 hold m=4 hq=0.067 fail | Dr=+0.097/+0.571 |Dr|max=0.630 Df=-0.154 | g r=0.867 f=0.798 p=0.890(0.004) max=3.333 | Ld=+1.7768 base=-0.231 drift=0.0104 path=1.21 cap=0.791 | Lg=+0.8361 | 28s
 2320 hold m=4 hq=0.156 fail | Dr=+0.094/+0.583 |Dr|max=0.625 Df=-0.167 | g r=0.864 f=0.813 p=0.883(0.013) max=4.362 | Ld=+1.8732 base=-0.269 drift=0.0101 path=1.2 cap=0.937 | Lg=+0.8662 | 28s
 2330 hold m=4 hq=0.057 fail | Dr=+0.095/+0.591 |Dr|max=0.618 Df=-0.166 | g r=0.863 f=0.815 p=0.888(0.011) max=3.653 | Ld=+1.7881 base=-0.251 drift=0.0101 path=1.22 cap=0.807 | Lg=+0.8440 | 29s
 2340 hold m=3 hq=0.018 fail | Dr=+0.090/+0.601 |Dr|max=0.617 Df=-0.168 | g r=0.861 f=0.803 p=0.898(0.004) max=3.142 | Ld=+1.7115 base=-0.292 drift=0.0102 path=1.22 cap=0.775 | Lg=+0.8783 | 29s
 2350 hold m=5 hq=0.079 fail | Dr=+0.086/+0.610 |Dr|max=0.615 Df=-0.177 | g r=0.859 f=0.829 p=0.901(0.014) max=3.227 | Ld=+1.7654 base=-0.285 drift=0.0106 path=1.19 cap=0.846 | Lg=+0.8730 | 29s
 2360 hold m=4 hq=0.020 fail | Dr=+0.082/+0.605 |Dr|max=0.617 Df=-0.134 | g r=0.851 f=0.816 p=0.922(0.010) max=4.114 | Ld=+2.0285 base=-0.213 drift=0.0104 path=1.2 cap=1.03 | Lg=+0.8426 | 29s
 2370 hold m=4 hq=0.014 fail | Dr=+0.077/+0.594 |Dr|max=0.622 Df=-0.129 | g r=0.845 f=0.890 p=0.918(0.009) max=4.227 | Ld=+1.8329 base=-0.204 drift=0.0106 path=1.12 cap=0.909 | Lg=+0.8403 | 29s
 2380 hold m=2 hq=0.012 fail | Dr=+0.068/+0.581 |Dr|max=0.632 Df=-0.134 | g r=0.836 f=0.834 p=0.909(0.016) max=3.887 | Ld=+1.7111 base=-0.197 drift=0.011 path=1.07 cap=0.829 | Lg=+0.8240 | 29s
 2390 hold m=2 hq=0.009 fail | Dr=+0.058/+0.571 |Dr|max=0.644 Df=-0.174 | g r=0.829 f=0.863 p=0.921(0.008) max=3.227 | Ld=+1.6810 base=-0.193 drift=0.0109 path=1.09 cap=0.771 | Lg=+0.8298 | 29s
 2400 hold m=4 hq=0.020 fail | Dr=+0.054/+0.565 |Dr|max=0.652 Df=-0.186 | g r=0.825 f=0.878 p=0.932(0.009) max=3.542 | Ld=+1.7766 base=-0.238 drift=0.0108 path=1.14 cap=0.859 | Lg=+0.8409 | 29s
# shift (1,0) after 2400; frozen copy on new target: m=5 hq=0.029
 2410 post m=4 hq=0.047 fail | Dr=-0.095/+0.479 |Dr|max=0.743 Df=-0.162 | g r=0.912 f=0.868 p=0.922(0.004) max=3.823 | Ld=+2.1783 base=-0.0707 drift=0.0135 path=1.26 cap=0.975 | Lg=+0.7619 | 30s
 2420 post m=5 hq=0.034 fail | Dr=-0.078/+0.503 |Dr|max=0.748 Df=-0.138 | g r=0.895 f=0.841 p=0.910(0.014) max=3.797 | Ld=+2.1891 base=-0.0722 drift=0.0133 path=1.28 cap=0.97 | Lg=+0.7694 | 30s
 2430 post m=5 hq=0.021 fail | Dr=-0.062/+0.525 |Dr|max=0.754 Df=-0.158 | g r=0.881 f=0.871 p=0.905(0.010) max=4.409 | Ld=+2.0017 base=-0.088 drift=0.0149 path=1.26 cap=0.812 | Lg=+0.7940 | 30s
 2440 post m=4 hq=0.009 fail | Dr=-0.042/+0.546 |Dr|max=0.754 Df=-0.139 | g r=0.871 f=0.897 p=0.911(0.018) max=4.165 | Ld=+1.9218 base=-0.061 drift=0.016 path=1.18 cap=0.785 | Lg=+0.7748 | 30s
 2450 post m=6 hq=0.018 fail | Dr=-0.030/+0.561 |Dr|max=0.761 Df=-0.153 | g r=0.862 f=0.913 p=0.915(0.017) max=3.865 | Ld=+1.9380 base=-0.111 drift=0.0157 path=1.23 cap=0.798 | Lg=+0.7993 | 30s
 2460 post m=5 hq=0.048 fail | Dr=-0.017/+0.576 |Dr|max=0.765 Df=-0.118 | g r=0.855 f=0.828 p=0.902(0.009) max=3.589 | Ld=+1.9385 base=-0.12 drift=0.0172 path=1.29 cap=0.748 | Lg=+0.7998 | 30s
 2470 post m=4 hq=0.009 fail | Dr=-0.006/+0.590 |Dr|max=0.772 Df=-0.120 | g r=0.849 f=0.870 p=0.910(0.020) max=4.280 | Ld=+2.0146 base=-0.108 drift=0.0179 path=1.3 cap=0.804 | Lg=+0.8024 | 30s
 2480 post m=5 hq=0.021 fail | Dr=-0.001/+0.599 |Dr|max=0.782 Df=-0.156 | g r=0.841 f=0.877 p=0.886(0.020) max=3.282 | Ld=+1.7915 base=-0.144 drift=0.0184 path=1.26 cap=0.662 | Lg=+0.8108 | 30s
 2490 post m=4 hq=0.011 fail | Dr=+0.003/+0.608 |Dr|max=0.790 Df=-0.111 | g r=0.837 f=0.839 p=0.900(0.009) max=4.387 | Ld=+1.9377 base=-0.0994 drift=0.02 path=1.27 cap=0.751 | Lg=+0.8099 | 30s
 2500 post m=3 hq=0.009 fail | Dr=+0.013/+0.636 |Dr|max=0.799 Df=-0.125 | g r=0.837 f=0.789 p=0.910(0.005) max=4.288 | Ld=+1.7591 base=-0.137 drift=0.0208 path=1.28 cap=0.591 | Lg=+0.8148 | 31s
 2510 post m=4 hq=0.007 fail | Dr=+0.021/+0.662 |Dr|max=0.811 Df=-0.130 | g r=0.834 f=0.867 p=0.903(0.017) max=3.804 | Ld=+1.8090 base=-0.202 drift=0.0213 path=1.33 cap=0.662 | Lg=+0.8390 | 31s
 2520 post m=3 hq=0.048 fail | Dr=+0.027/+0.684 |Dr|max=0.828 Df=-0.138 | g r=0.831 f=0.797 p=0.906(0.006) max=3.644 | Ld=+1.7084 base=-0.171 drift=0.0224 path=1.25 cap=0.605 | Lg=+0.8467 | 31s
 2530 post m=4 hq=0.066 fail | Dr=+0.027/+0.696 |Dr|max=0.848 Df=-0.152 | g r=0.830 f=0.862 p=0.919(0.009) max=3.888 | Ld=+1.7767 base=-0.183 drift=0.0233 path=1.26 cap=0.677 | Lg=+0.8421 | 31s
 2540 post m=4 hq=0.011 fail | Dr=+0.030/+0.712 |Dr|max=0.863 Df=-0.121 | g r=0.829 f=0.882 p=0.913(0.003) max=4.073 | Ld=+1.7950 base=-0.19 drift=0.0236 path=1.21 cap=0.748 | Lg=+0.8661 | 31s
 2550 post m=6 hq=0.027 fail | Dr=+0.033/+0.731 |Dr|max=0.880 Df=-0.133 | g r=0.834 f=0.748 p=0.907(0.005) max=3.489 | Ld=+1.8373 base=-0.184 drift=0.025 path=1.24 cap=0.752 | Lg=+0.8712 | 31s
 2560 post m=5 hq=0.032 fail | Dr=+0.037/+0.749 |Dr|max=0.896 Df=-0.139 | g r=0.842 f=0.814 p=0.912(0.012) max=4.461 | Ld=+1.9735 base=-0.187 drift=0.0263 path=1.26 cap=0.878 | Lg=+0.8621 | 31s
 2570 post m=6 hq=0.027 fail | Dr=+0.044/+0.771 |Dr|max=0.901 Df=-0.146 | g r=0.847 f=0.786 p=0.912(0.025) max=4.014 | Ld=+1.8221 base=-0.17 drift=0.0267 path=1.23 cap=0.738 | Lg=+0.8567 | 31s
 2580 post m=6 hq=0.022 fail | Dr=+0.041/+0.768 |Dr|max=0.919 Df=-0.133 | g r=0.851 f=0.848 p=0.916(0.016) max=4.709 | Ld=+2.0437 base=-0.154 drift=0.0274 path=1.3 cap=0.866 | Lg=+0.8549 | 32s
 2590 post m=6 hq=0.021 fail | Dr=+0.040/+0.775 |Dr|max=0.935 Df=-0.111 | g r=0.857 f=0.741 p=0.904(0.007) max=3.858 | Ld=+1.9914 base=-0.177 drift=0.0271 path=1.32 cap=0.819 | Lg=+0.8459 | 32s
 2600 post m=6 hq=0.020 fail | Dr=+0.040/+0.783 |Dr|max=0.951 Df=-0.138 | g r=0.864 f=0.896 p=0.913(0.015) max=4.524 | Ld=+1.8626 base=-0.183 drift=0.0275 path=1.21 cap=0.812 | Lg=+0.8500 | 32s
 2610 post m=6 hq=0.023 fail | Dr=+0.038/+0.787 |Dr|max=0.964 Df=-0.119 | g r=0.866 f=0.782 p=0.900(0.017) max=3.608 | Ld=+1.9130 base=-0.191 drift=0.0273 path=1.14 cap=0.941 | Lg=+0.8571 | 32s
 2620 post m=5 hq=0.018 fail | Dr=+0.040/+0.789 |Dr|max=0.974 Df=-0.096 | g r=0.869 f=0.756 p=0.894(0.018) max=4.792 | Ld=+1.9597 base=-0.131 drift=0.03 path=1.29 cap=0.771 | Lg=+0.8466 | 32s
 2630 post m=5 hq=0.015 fail | Dr=+0.045/+0.792 |Dr|max=0.970 Df=-0.074 | g r=0.866 f=0.793 p=0.906(0.016) max=4.331 | Ld=+1.7924 base=-0.129 drift=0.028 path=1.13 cap=0.767 | Lg=+0.8365 | 32s
 2640 post m=4 hq=0.006 fail | Dr=+0.049/+0.795 |Dr|max=0.961 Df=-0.083 | g r=0.864 f=0.889 p=0.919(0.025) max=3.294 | Ld=+1.7913 base=-0.117 drift=0.0277 path=1.17 cap=0.716 | Lg=+0.8322 | 32s
 2650 post m=4 hq=0.008 fail | Dr=+0.046/+0.779 |Dr|max=0.963 Df=-0.016 | g r=0.865 f=0.793 p=0.910(0.007) max=4.245 | Ld=+1.9090 base=-0.0592 drift=0.0281 path=1.24 cap=0.697 | Lg=+0.7847 | 32s
 2660 post m=3 hq=0.012 fail | Dr=+0.051/+0.757 |Dr|max=0.945 Df=+0.036 | g r=0.859 f=0.752 p=0.872(0.020) max=4.163 | Ld=+1.8887 base=-0.0278 drift=0.0268 path=1.3 cap=0.59 | Lg=+0.7615 | 33s
 2670 post m=3 hq=0.029 fail | Dr=+0.044/+0.696 |Dr|max=0.933 Df=+0.050 | g r=0.848 f=0.803 p=0.878(0.004) max=4.319 | Ld=+1.8151 base=0.0129 drift=0.0238 path=1.29 cap=0.491 | Lg=+0.7602 | 33s
 2680 post m=3 hq=0.015 fail | Dr=+0.039/+0.642 |Dr|max=0.914 Df=+0.041 | g r=0.841 f=0.771 p=0.878(0.018) max=4.340 | Ld=+1.7825 base=0.0179 drift=0.0222 path=1.28 cap=0.461 | Lg=+0.7434 | 33s
 2690 post m=3 hq=0.026 fail | Dr=+0.033/+0.625 |Dr|max=0.897 Df=+0.019 | g r=0.836 f=0.803 p=0.887(0.027) max=3.322 | Ld=+1.6715 base=-0.0313 drift=0.0197 path=1.18 cap=0.503 | Lg=+0.7650 | 33s
 2700 post m=3 hq=0.030 fail | Dr=+0.024/+0.605 |Dr|max=0.880 Df=-0.010 | g r=0.833 f=0.784 p=0.890(0.015) max=4.037 | Ld=+1.7553 base=-0.0505 drift=0.018 path=1.27 cap=0.521 | Lg=+0.7662 | 33s
 2710 post m=3 hq=0.015 fail | Dr=+0.022/+0.587 |Dr|max=0.864 Df=-0.024 | g r=0.825 f=0.835 p=0.906(0.007) max=3.874 | Ld=+1.6227 base=-0.0411 drift=0.0169 path=1.16 cap=0.49 | Lg=+0.7597 | 33s
 2720 post m=3 hq=0.009 fail | Dr=+0.021/+0.568 |Dr|max=0.844 Df=-0.049 | g r=0.816 f=0.857 p=0.909(0.020) max=4.556 | Ld=+1.6587 base=-0.052 drift=0.0144 path=1.15 cap=0.545 | Lg=+0.7608 | 33s
 2730 post m=2 hq=0.001 fail | Dr=+0.010/+0.551 |Dr|max=0.839 Df=-0.152 | g r=0.819 f=0.783 p=0.902(0.026) max=2.998 | Ld=+1.6717 base=-0.0723 drift=0.0139 path=1.1 cap=0.631 | Lg=+0.7591 | 34s
 2740 post m=3 hq=0.013 fail | Dr=+0.007/+0.540 |Dr|max=0.826 Df=-0.090 | g r=0.815 f=0.836 p=0.931(0.018) max=3.414 | Ld=+1.6701 base=-0.0612 drift=0.0132 path=1.12 cap=0.602 | Lg=+0.7629 | 34s
 2750 post m=4 hq=0.016 fail | Dr=+0.012/+0.531 |Dr|max=0.815 Df=-0.071 | g r=0.807 f=0.814 p=0.914(0.011) max=3.077 | Ld=+1.6895 base=-0.0271 drift=0.0125 path=1.06 cap=0.642 | Lg=+0.7513 | 34s
 2760 post m=4 hq=0.014 fail | Dr=+0.011/+0.523 |Dr|max=0.813 Df=-0.048 | g r=0.810 f=0.932 p=0.946(0.021) max=3.779 | Ld=+1.7228 base=-0.0341 drift=0.012 path=1.09 cap=0.66 | Lg=+0.7608 | 34s
 2770 post m=3 hq=0.042 fail | Dr=+0.015/+0.514 |Dr|max=0.802 Df=-0.018 | g r=0.804 f=0.863 p=0.950(0.019) max=4.519 | Ld=+1.6826 base=-0.0381 drift=0.0112 path=1.09 cap=0.617 | Lg=+0.7504 | 34s
 2780 post m=3 hq=0.006 fail | Dr=+0.012/+0.508 |Dr|max=0.811 Df=-0.030 | g r=0.807 f=0.884 p=0.925(0.005) max=3.745 | Ld=+1.7620 base=-0.0582 drift=0.0112 path=1.11 cap=0.697 | Lg=+0.7493 | 34s
 2790 post m=3 hq=0.021 fail | Dr=+0.010/+0.502 |Dr|max=0.817 Df=-0.039 | g r=0.810 f=0.848 p=0.945(0.021) max=3.828 | Ld=+1.7694 base=-0.0318 drift=0.0113 path=1.11 cap=0.684 | Lg=+0.7419 | 34s
 2800 post m=4 hq=0.028 fail | Dr=+0.010/+0.496 |Dr|max=0.813 Df=-0.024 | g r=0.814 f=0.847 p=0.934(0.013) max=3.528 | Ld=+1.7043 base=-0.02 drift=0.0109 path=1.09 cap=0.628 | Lg=+0.7362 | 34s
 2810 post m=4 hq=0.019 fail | Dr=+0.007/+0.489 |Dr|max=0.813 Df=-0.028 | g r=0.818 f=0.858 p=0.943(0.022) max=3.727 | Ld=+1.6777 base=-0.0481 drift=0.011 path=1.16 cap=0.559 | Lg=+0.7423 | 34s
 2820 post m=2 hq=0.010 fail | Dr=+0.006/+0.481 |Dr|max=0.809 Df=-0.033 | g r=0.821 f=0.858 p=0.938(0.006) max=3.747 | Ld=+1.6545 base=-0.0643 drift=0.0103 path=1.07 cap=0.64 | Lg=+0.7551 | 35s
 2830 post m=2 hq=0.021 fail | Dr=+0.009/+0.470 |Dr|max=0.793 Df=-0.046 | g r=0.821 f=0.854 p=0.933(0.013) max=3.178 | Ld=+1.7132 base=-0.0248 drift=0.0098 path=1.07 cap=0.662 | Lg=+0.7483 | 35s
 2840 post m=3 hq=0.031 fail | Dr=+0.008/+0.459 |Dr|max=0.787 Df=-0.061 | g r=0.819 f=0.847 p=0.948(0.010) max=3.480 | Ld=+1.7283 base=-0.0452 drift=0.00948 path=1.08 cap=0.685 | Lg=+0.7449 | 35s
 2850 post m=4 hq=0.029 fail | Dr=+0.007/+0.451 |Dr|max=0.780 Df=-0.073 | g r=0.823 f=0.919 p=0.955(0.022) max=3.844 | Ld=+1.6707 base=-0.042 drift=0.00973 path=0.993 cap=0.71 | Lg=+0.7512 | 35s
 2860 post m=3 hq=0.019 fail | Dr=+0.006/+0.443 |Dr|max=0.772 Df=-0.082 | g r=0.825 f=0.875 p=0.944(0.028) max=4.815 | Ld=+1.7238 base=-0.0461 drift=0.00914 path=1.08 cap=0.677 | Lg=+0.7466 | 35s
 2870 post m=3 hq=0.012 fail | Dr=+0.010/+0.434 |Dr|max=0.755 Df=-0.049 | g r=0.824 f=0.862 p=0.924(0.023) max=3.389 | Ld=+1.7345 base=-0.0345 drift=0.00821 path=1.06 cap=0.703 | Lg=+0.7478 | 35s
 2880 post m=2 hq=0.016 fail | Dr=+0.012/+0.427 |Dr|max=0.741 Df=-0.026 | g r=0.823 f=0.862 p=0.937(0.025) max=3.615 | Ld=+1.6129 base=-0.0656 drift=0.00769 path=1.06 cap=0.614 | Lg=+0.7527 | 35s
 2890 post m=3 hq=0.028 fail | Dr=+0.012/+0.419 |Dr|max=0.729 Df=-0.103 | g r=0.826 f=0.966 p=0.974(0.005) max=4.186 | Ld=+1.6113 base=-0.0811 drift=0.00757 path=1.04 cap=0.644 | Lg=+0.7570 | 35s
 2900 post m=2 hq=0.005 fail | Dr=+0.012/+0.410 |Dr|max=0.715 Df=-0.068 | g r=0.830 f=0.884 p=0.933(0.033) max=4.016 | Ld=+1.6409 base=-0.0538 drift=0.00718 path=1.08 cap=0.612 | Lg=+0.7392 | 36s
 2910 post m=3 hq=0.015 fail | Dr=+0.014/+0.398 |Dr|max=0.699 Df=-0.046 | g r=0.830 f=0.896 p=0.942(0.012) max=3.387 | Ld=+1.6496 base=-0.042 drift=0.00677 path=1.03 cap=0.654 | Lg=+0.7388 | 36s
 2920 post m=3 hq=0.090 fail | Dr=+0.016/+0.388 |Dr|max=0.683 Df=-0.053 | g r=0.830 f=0.887 p=0.953(0.018) max=3.538 | Ld=+1.6890 base=-0.0454 drift=0.00616 path=1.06 cap=0.669 | Lg=+0.7416 | 36s
 2930 post m=3 hq=0.022 fail | Dr=+0.019/+0.380 |Dr|max=0.667 Df=-0.068 | g r=0.828 f=0.857 p=0.946(0.026) max=3.251 | Ld=+1.6658 base=-0.0609 drift=0.00597 path=1.06 cap=0.662 | Lg=+0.7496 | 36s
 2940 post m=2 hq=0.009 fail | Dr=+0.021/+0.370 |Dr|max=0.651 Df=-0.062 | g r=0.829 f=0.903 p=0.936(0.023) max=3.708 | Ld=+1.6439 base=-0.0552 drift=0.00578 path=1.1 cap=0.59 | Lg=+0.7396 | 36s
 2950 post m=2 hq=0.020 fail | Dr=+0.019/+0.362 |Dr|max=0.643 Df=-0.065 | g r=0.832 f=0.870 p=0.936(0.019) max=3.751 | Ld=+1.7123 base=-0.0794 drift=0.00547 path=1.01 cap=0.772 | Lg=+0.7596 | 36s
 2960 post m=4 hq=0.089 fail | Dr=+0.020/+0.349 |Dr|max=0.625 Df=-0.038 | g r=0.832 f=0.877 p=0.952(0.010) max=5.230 | Ld=+1.5199 base=-0.092 drift=0.00511 path=1.11 cap=0.502 | Lg=+0.7576 | 36s
 2970 post m=4 hq=0.027 fail | Dr=+0.022/+0.340 |Dr|max=0.608 Df=-0.067 | g r=0.830 f=0.867 p=0.943(0.019) max=3.857 | Ld=+1.4886 base=-0.0786 drift=0.00497 path=1.05 cap=0.511 | Lg=+0.7583 | 36s
 2980 post m=2 hq=0.017 fail | Dr=+0.021/+0.346 |Dr|max=0.598 Df=-0.048 | g r=0.831 f=0.869 p=0.943(0.026) max=3.298 | Ld=+1.5897 base=-0.0642 drift=0.00482 path=0.981 cap=0.668 | Lg=+0.7379 | 37s
 2990 post m=2 hq=0.012 fail | Dr=+0.017/+0.346 |Dr|max=0.590 Df=-0.088 | g r=0.835 f=0.894 p=0.944(0.038) max=3.456 | Ld=+1.7293 base=-0.106 drift=0.00479 path=1.06 cap=0.773 | Lg=+0.7729 | 37s
 3000 post m=2 hq=0.014 fail | Dr=+0.021/+0.358 |Dr|max=0.580 Df=-0.038 | g r=0.833 f=0.881 p=0.956(0.036) max=3.554 | Ld=+1.5318 base=-0.0696 drift=0.00462 path=0.995 cap=0.602 | Lg=+0.7403 | 37s
 3010 post m=3 hq=0.028 fail | Dr=+0.018/+0.363 |Dr|max=0.584 Df=-0.089 | g r=0.833 f=0.901 p=0.966(0.017) max=4.233 | Ld=+1.5851 base=-0.084 drift=0.00464 path=1.03 cap=0.634 | Lg=+0.7533 | 37s
 3020 post m=3 hq=0.030 fail | Dr=+0.012/+0.357 |Dr|max=0.579 Df=-0.111 | g r=0.836 f=0.910 p=0.948(0.023) max=3.520 | Ld=+1.6584 base=-0.145 drift=0.00426 path=1.01 cap=0.791 | Lg=+0.7802 | 37s
 3030 post m=3 hq=0.034 fail | Dr=+0.013/+0.368 |Dr|max=0.579 Df=-0.089 | g r=0.834 f=0.934 p=0.969(0.008) max=3.840 | Ld=+1.6400 base=-0.0796 drift=0.00427 path=0.994 cap=0.721 | Lg=+0.7451 | 37s
 3040 post m=3 hq=0.025 fail | Dr=+0.015/+0.379 |Dr|max=0.569 Df=-0.065 | g r=0.829 f=0.927 p=0.963(0.014) max=5.052 | Ld=+1.4066 base=-0.0983 drift=0.0041 path=0.932 cap=0.569 | Lg=+0.7556 | 37s
 3050 post m=3 hq=0.017 fail | Dr=+0.015/+0.383 |Dr|max=0.551 Df=-0.126 | g r=0.827 f=0.884 p=0.937(0.028) max=3.614 | Ld=+1.4336 base=-0.137 drift=0.00397 path=1.02 cap=0.549 | Lg=+0.7741 | 37s
 3060 post m=3 hq=0.026 fail | Dr=+0.017/+0.392 |Dr|max=0.545 Df=-0.065 | g r=0.825 f=0.877 p=0.950(0.015) max=3.714 | Ld=+1.5785 base=-0.0744 drift=0.00391 path=0.969 cap=0.68 | Lg=+0.7458 | 38s
 3070 post m=3 hq=0.016 fail | Dr=+0.018/+0.398 |Dr|max=0.536 Df=-0.061 | g r=0.826 f=0.861 p=0.957(0.021) max=4.192 | Ld=+1.6494 base=-0.0788 drift=0.00392 path=1.08 cap=0.649 | Lg=+0.7408 | 38s
 3080 post m=2 hq=0.025 fail | Dr=+0.019/+0.410 |Dr|max=0.526 Df=-0.076 | g r=0.824 f=0.867 p=0.950(0.038) max=3.421 | Ld=+1.5464 base=-0.0927 drift=0.00363 path=1.01 cap=0.629 | Lg=+0.7485 | 38s
 3090 post m=1 hq=0.004 fail | Dr=+0.018/+0.413 |Dr|max=0.518 Df=-0.116 | g r=0.822 f=0.963 p=0.954(0.016) max=3.153 | Ld=+1.6823 base=-0.141 drift=0.00376 path=1.03 cap=0.79 | Lg=+0.7847 | 38s
 3100 post m=2 hq=0.015 fail | Dr=+0.018/+0.418 |Dr|max=0.510 Df=-0.094 | g r=0.820 f=0.877 p=0.951(0.020) max=4.183 | Ld=+1.6493 base=-0.108 drift=0.00387 path=1.02 cap=0.731 | Lg=+0.7614 | 38s
 3110 post m=3 hq=0.032 fail | Dr=+0.015/+0.418 |Dr|max=0.505 Df=-0.080 | g r=0.826 f=0.873 p=0.975(0.035) max=3.910 | Ld=+1.6314 base=-0.103 drift=0.00376 path=1.06 cap=0.672 | Lg=+0.7555 | 38s
 3120 post m=3 hq=0.033 fail | Dr=+0.018/+0.431 |Dr|max=0.501 Df=-0.096 | g r=0.825 f=0.832 p=0.964(0.025) max=3.907 | Ld=+1.6266 base=-0.114 drift=0.00387 path=1.05 cap=0.685 | Lg=+0.7642 | 38s
 3130 post m=3 hq=0.071 fail | Dr=+0.015/+0.433 |Dr|max=0.500 Df=-0.095 | g r=0.827 f=0.886 p=0.972(0.019) max=4.013 | Ld=+1.6406 base=-0.113 drift=0.004 path=1.08 cap=0.672 | Lg=+0.7623 | 38s
 3140 post m=3 hq=0.042 fail | Dr=+0.017/+0.444 |Dr|max=0.489 Df=-0.078 | g r=0.824 f=0.876 p=0.977(0.020) max=4.243 | Ld=+1.5783 base=-0.0813 drift=0.00401 path=1.01 cap=0.645 | Lg=+0.7506 | 38s
 3150 post m=3 hq=0.017 fail | Dr=+0.012/+0.439 |Dr|max=0.480 Df=-0.104 | g r=0.822 f=0.887 p=0.964(0.008) max=3.432 | Ld=+1.6912 base=-0.0867 drift=0.00406 path=1.06 cap=0.718 | Lg=+0.7463 | 39s
 3160 post m=3 hq=0.037 fail | Dr=+0.009/+0.438 |Dr|max=0.467 Df=-0.115 | g r=0.826 f=0.867 p=0.944(0.023) max=3.833 | Ld=+1.5814 base=-0.145 drift=0.00376 path=1.04 cap=0.681 | Lg=+0.7804 | 39s
 3170 post m=3 hq=0.053 fail | Dr=+0.010/+0.442 |Dr|max=0.456 Df=-0.092 | g r=0.822 f=0.865 p=0.961(0.028) max=3.591 | Ld=+1.4082 base=-0.0848 drift=0.00382 path=0.943 cap=0.546 | Lg=+0.7513 | 39s
 3180 post m=3 hq=0.072 fail | Dr=+0.012/+0.450 |Dr|max=0.453 Df=-0.088 | g r=0.815 f=0.925 p=0.972(0.017) max=3.723 | Ld=+1.6710 base=-0.0786 drift=0.00365 path=1.08 cap=0.662 | Lg=+0.7409 | 39s
 3190 post m=5 hq=0.015 fail | Dr=+0.006/+0.438 |Dr|max=0.450 Df=-0.140 | g r=0.820 f=1.019 p=0.936(0.008) max=3.490 | Ld=+2.1783 base=-0.106 drift=0.00388 path=1.13 cap=1.15 | Lg=+0.7544 | 39s
 3200 post m=2 hq=0.086 fail | Dr=+0.004/+0.428 |Dr|max=0.445 Df=-0.013 | g r=0.816 f=0.945 p=0.964(0.006) max=4.269 | Ld=+1.7968 base=-0.0277 drift=0.00375 path=1.08 cap=0.739 | Lg=+0.7164 | 39s
 3210 post m=3 hq=0.054 fail | Dr=+0.007/+0.430 |Dr|max=0.433 Df=-0.033 | g r=0.804 f=0.981 p=0.945(0.003) max=3.943 | Ld=+1.7012 base=-0.0304 drift=0.00343 path=1.02 cap=0.711 | Lg=+0.7142 | 39s
 3220 post m=4 hq=0.065 fail | Dr=+0.004/+0.422 |Dr|max=0.422 Df=-0.027 | g r=0.799 f=0.923 p=0.939(0.015) max=3.852 | Ld=+1.6932 base=-0.00463 drift=0.00371 path=1.02 cap=0.679 | Lg=+0.7047 | 39s
 3230 post m=2 hq=0.080 fail | Dr=+0.007/+0.425 |Dr|max=0.425 Df=-0.009 | g r=0.793 f=0.863 p=0.942(0.039) max=4.088 | Ld=+1.7045 base=-0.00935 drift=0.00352 path=1.08 cap=0.63 | Lg=+0.7040 | 40s
 3240 post m=2 hq=0.054 fail | Dr=+0.008/+0.423 |Dr|max=0.423 Df=-0.042 | g r=0.790 f=0.846 p=0.946(0.034) max=3.511 | Ld=+1.6278 base=-0.0221 drift=0.00353 path=1.09 cap=0.553 | Lg=+0.7151 | 40s
 3250 post m=3 hq=0.087 fail | Dr=+0.007/+0.421 |Dr|max=0.421 Df=-0.007 | g r=0.788 f=0.873 p=0.947(0.014) max=3.458 | Ld=+1.6582 base=-0.0258 drift=0.00362 path=1.06 cap=0.618 | Lg=+0.7124 | 40s
 3260 post m=2 hq=0.033 fail | Dr=+0.004/+0.411 |Dr|max=0.411 Df=-0.022 | g r=0.785 f=0.894 p=0.946(0.014) max=3.702 | Ld=+1.6539 base=-0.0223 drift=0.00353 path=1.02 cap=0.651 | Lg=+0.7132 | 40s
 3270 post m=3 hq=0.083 fail | Dr=+0.003/+0.407 |Dr|max=0.407 Df=-0.012 | g r=0.783 f=0.842 p=0.961(0.011) max=3.343 | Ld=+1.7027 base=-0.0235 drift=0.0034 path=1.09 cap=0.632 | Lg=+0.7137 | 40s
 3280 post m=3 hq=0.070 fail | Dr=-0.000/+0.397 |Dr|max=0.397 Df=-0.050 | g r=0.777 f=0.911 p=0.953(0.021) max=4.492 | Ld=+1.5957 base=-0.0676 drift=0.00341 path=1.06 cap=0.598 | Lg=+0.7368 | 40s
 3290 post m=3 hq=0.043 fail | Dr=-0.004/+0.384 |Dr|max=0.384 Df=-0.032 | g r=0.773 f=0.895 p=0.956(0.015) max=3.135 | Ld=+1.6784 base=-0.047 drift=0.0034 path=1.07 cap=0.656 | Lg=+0.7238 | 40s
 3300 post m=2 hq=0.062 fail | Dr=-0.005/+0.374 |Dr|max=0.374 Df=-0.052 | g r=0.770 f=0.850 p=0.949(0.012) max=3.896 | Ld=+1.6410 base=-0.0837 drift=0.00338 path=1.08 cap=0.64 | Lg=+0.7409 | 40s
 3310 post m=3 hq=0.055 fail | Dr=+0.000/+0.388 |Dr|max=0.388 Df=-0.053 | g r=0.768 f=0.922 p=0.949(0.017) max=3.189 | Ld=+1.5822 base=-0.0551 drift=0.00358 path=1.06 cap=0.575 | Lg=+0.7358 | 41s
 3320 post m=3 hq=0.069 fail | Dr=+0.004/+0.401 |Dr|max=0.401 Df=-0.018 | g r=0.763 f=0.897 p=0.932(0.023) max=2.987 | Ld=+1.6571 base=-0.03 drift=0.0037 path=1.09 cap=0.593 | Lg=+0.7117 | 41s
 3330 post m=2 hq=0.071 fail | Dr=+0.008/+0.405 |Dr|max=0.405 Df=-0.058 | g r=0.766 f=0.903 p=0.938(0.012) max=3.532 | Ld=+1.6140 base=-0.0386 drift=0.00359 path=1.11 cap=0.536 | Lg=+0.7254 | 41s
 3340 post m=3 hq=0.037 fail | Dr=+0.009/+0.408 |Dr|max=0.408 Df=-0.031 | g r=0.770 f=0.855 p=0.924(0.013) max=3.047 | Ld=+1.6283 base=-0.0437 drift=0.00369 path=1.03 cap=0.638 | Lg=+0.7182 | 41s
 3350 post m=2 hq=0.044 fail | Dr=+0.008/+0.406 |Dr|max=0.406 Df=-0.065 | g r=0.772 f=0.900 p=0.925(0.010) max=3.102 | Ld=+1.5936 base=-0.0568 drift=0.00368 path=1.06 cap=0.586 | Lg=+0.7300 | 41s
 3360 post m=3 hq=0.048 fail | Dr=+0.006/+0.401 |Dr|max=0.401 Df=-0.043 | g r=0.770 f=0.886 p=0.947(0.012) max=3.523 | Ld=+1.6029 base=-0.0402 drift=0.00373 path=1.09 cap=0.548 | Lg=+0.7245 | 41s
 3370 post m=3 hq=0.021 fail | Dr=+0.002/+0.384 |Dr|max=0.384 Df=-0.053 | g r=0.772 f=0.892 p=0.941(0.015) max=2.941 | Ld=+1.6026 base=-0.0404 drift=0.00348 path=1.06 cap=0.579 | Lg=+0.7238 | 41s
 3380 post m=2 hq=0.046 fail | Dr=-0.003/+0.361 |Dr|max=0.361 Df=+0.004 | g r=0.773 f=0.902 p=0.930(0.006) max=3.214 | Ld=+1.9097 base=0.0176 drift=0.00309 path=1.1 cap=0.789 | Lg=+0.6966 | 41s
 3390 post m=3 hq=0.056 fail | Dr=-0.009/+0.334 |Dr|max=0.334 Df=+0.026 | g r=0.778 f=0.867 p=0.929(0.013) max=3.512 | Ld=+1.8067 base=0.0378 drift=0.00258 path=1.11 cap=0.658 | Lg=+0.6802 | 42s
 3400 post m=3 hq=0.071 fail | Dr=-0.019/+0.306 |Dr|max=0.327 Df=+0.012 | g r=0.790 f=0.891 p=0.932(0.013) max=3.279 | Ld=+1.8978 base=0.019 drift=0.00226 path=1.21 cap=0.67 | Lg=+0.6918 | 42s
 3410 post m=3 hq=0.082 fail | Dr=-0.022/+0.282 |Dr|max=0.321 Df=+0.010 | g r=0.804 f=0.816 p=0.925(0.028) max=3.160 | Ld=+1.8071 base=0.0272 drift=0.00207 path=1.19 cap=0.591 | Lg=+0.6855 | 42s
 3420 post m=3 hq=0.020 fail | Dr=-0.019/+0.268 |Dr|max=0.314 Df=+0.008 | g r=0.811 f=0.902 p=0.942(0.012) max=3.196 | Ld=+1.8306 base=0.0477 drift=0.00187 path=1.13 cap=0.654 | Lg=+0.6724 | 42s
 3430 post m=3 hq=0.012 fail | Dr=-0.015/+0.254 |Dr|max=0.302 Df=-0.016 | g r=0.813 f=0.905 p=0.912(0.005) max=3.511 | Ld=+1.9553 base=0.0411 drift=0.00161 path=1.13 cap=0.783 | Lg=+0.6773 | 42s
 3440 post m=3 hq=0.017 fail | Dr=-0.008/+0.245 |Dr|max=0.289 Df=+0.021 | g r=0.810 f=0.838 p=0.896(0.019) max=3.789 | Ld=+1.7765 base=0.0254 drift=0.00149 path=1.1 cap=0.651 | Lg=+0.6826 | 42s
 3450 post m=3 hq=0.031 fail | Dr=-0.001/+0.236 |Dr|max=0.278 Df=+0.035 | g r=0.808 f=0.862 p=0.908(0.007) max=3.511 | Ld=+1.8220 base=0.0479 drift=0.0014 path=1.14 cap=0.633 | Lg=+0.6775 | 42s
 3460 post m=3 hq=0.069 fail | Dr=-0.003/+0.216 |Dr|max=0.281 Df=+0.030 | g r=0.818 f=0.907 p=0.927(0.010) max=3.422 | Ld=+1.7490 base=0.0363 drift=0.00126 path=1.06 cap=0.651 | Lg=+0.6790 | 42s
 3470 post m=3 hq=0.010 fail | Dr=-0.004/+0.196 |Dr|max=0.294 Df=+0.008 | g r=0.822 f=0.912 p=0.917(0.010) max=3.520 | Ld=+1.8243 base=0.029 drift=0.00115 path=1.13 cap=0.662 | Lg=+0.6777 | 42s
 3480 post m=3 hq=0.030 fail | Dr=-0.003/+0.192 |Dr|max=0.295 Df=+0.006 | g r=0.819 f=0.844 p=0.909(0.008) max=3.435 | Ld=+1.8535 base=0.0115 drift=0.00117 path=1.12 cap=0.716 | Lg=+0.6925 | 43s
 3490 post m=3 hq=0.044 fail | Dr=-0.002/+0.204 |Dr|max=0.301 Df=+0.020 | g r=0.822 f=0.864 p=0.947(0.018) max=3.365 | Ld=+1.6758 base=0.0224 drift=0.00118 path=1.05 cap=0.598 | Lg=+0.6862 | 43s
 3500 post m=3 hq=0.028 fail | Dr=-0.004/+0.216 |Dr|max=0.310 Df=-0.014 | g r=0.830 f=0.891 p=0.923(0.030) max=3.447 | Ld=+1.9458 base=-0.0124 drift=0.00116 path=1.09 cap=0.871 | Lg=+0.7046 | 43s
 3510 post m=3 hq=0.020 fail | Dr=-0.001/+0.217 |Dr|max=0.321 Df=-0.022 | g r=0.827 f=0.922 p=0.926(0.041) max=3.521 | Ld=+1.7814 base=-0.0158 drift=0.00121 path=1.14 cap=0.66 | Lg=+0.7048 | 43s
 3520 post m=5 hq=0.108 fail | Dr=+0.000/+0.222 |Dr|max=0.334 Df=-0.026 | g r=0.828 f=0.893 p=0.933(0.010) max=3.345 | Ld=+1.7335 base=-0.0339 drift=0.00129 path=1.05 cap=0.719 | Lg=+0.7121 | 43s
 3530 post m=3 hq=0.025 fail | Dr=+0.001/+0.228 |Dr|max=0.349 Df=-0.052 | g r=0.827 f=0.983 p=0.953(0.021) max=3.502 | Ld=+1.5993 base=-0.0461 drift=0.00136 path=1.11 cap=0.539 | Lg=+0.7244 | 43s
 3540 post m=2 hq=0.012 fail | Dr=-0.003/+0.241 |Dr|max=0.370 Df=-0.025 | g r=0.836 f=0.942 p=0.938(0.012) max=3.519 | Ld=+1.6680 base=-0.0385 drift=0.0016 path=1.09 cap=0.615 | Lg=+0.7173 | 43s
 3550 post m=4 hq=0.102 fail | Dr=-0.005/+0.250 |Dr|max=0.377 Df=-0.035 | g r=0.840 f=0.919 p=0.951(0.030) max=3.566 | Ld=+1.7645 base=-0.066 drift=0.00184 path=1.06 cap=0.766 | Lg=+0.7300 | 43s
 3560 post m=4 hq=0.020 fail | Dr=-0.007/+0.266 |Dr|max=0.392 Df=-0.040 | g r=0.845 f=0.909 p=0.941(0.027) max=3.725 | Ld=+1.6823 base=-0.0412 drift=0.00197 path=1.02 cap=0.704 | Lg=+0.7205 | 44s
 3570 post m=3 hq=0.034 fail | Dr=-0.012/+0.282 |Dr|max=0.402 Df=-0.050 | g r=0.850 f=0.899 p=0.957(0.024) max=3.566 | Ld=+1.7308 base=-0.0574 drift=0.0022 path=1.04 cap=0.743 | Lg=+0.7274 | 44s
 3580 post m=5 hq=0.100 fail | Dr=-0.016/+0.293 |Dr|max=0.412 Df=-0.041 | g r=0.853 f=0.988 p=0.975(0.014) max=3.544 | Ld=+1.9318 base=-0.0491 drift=0.00256 path=1.13 cap=0.853 | Lg=+0.7196 | 44s
 3590 post m=4 hq=0.014 fail | Dr=-0.019/+0.307 |Dr|max=0.414 Df=-0.074 | g r=0.850 f=0.937 p=0.956(0.031) max=3.421 | Ld=+1.8033 base=-0.055 drift=0.00267 path=0.959 cap=0.896 | Lg=+0.7286 | 44s
 3600 post m=3 hq=0.035 fail | Dr=-0.023/+0.326 |Dr|max=0.423 Df=-0.117 | g r=0.851 f=0.908 p=0.958(0.020) max=3.280 | Ld=+1.8559 base=-0.0402 drift=0.00295 path=0.942 cap=0.951 | Lg=+0.7254 | 44s
 3610 post m=4 hq=0.046 fail | Dr=-0.023/+0.344 |Dr|max=0.429 Df=-0.066 | g r=0.851 f=0.950 p=0.985(0.023) max=3.309 | Ld=+1.8202 base=-0.0947 drift=0.00345 path=1.1 cap=0.812 | Lg=+0.7433 | 44s
 3620 post m=3 hq=0.016 fail | Dr=-0.020/+0.354 |Dr|max=0.430 Df=-0.087 | g r=0.839 f=0.993 p=0.961(0.015) max=3.815 | Ld=+1.7329 base=-0.0303 drift=0.00366 path=0.956 cap=0.803 | Lg=+0.7206 | 44s
 3630 post m=4 hq=0.023 fail | Dr=-0.020/+0.370 |Dr|max=0.443 Df=-0.107 | g r=0.839 f=0.989 p=0.973(0.018) max=3.678 | Ld=+1.6700 base=-0.0984 drift=0.00387 path=1.01 cap=0.755 | Lg=+0.7517 | 44s
 3640 post m=5 hq=0.021 fail | Dr=-0.012/+0.382 |Dr|max=0.446 Df=-0.082 | g r=0.827 f=0.888 p=0.952(0.011) max=3.634 | Ld=+1.7678 base=-0.0962 drift=0.00412 path=1.07 cap=0.791 | Lg=+0.7519 | 45s
 3650 post m=3 hq=0.014 fail | Dr=-0.011/+0.391 |Dr|max=0.454 Df=-0.117 | g r=0.816 f=0.959 p=0.939(0.019) max=3.098 | Ld=+1.6511 base=-0.128 drift=0.0045 path=1.03 cap=0.749 | Lg=+0.7674 | 45s
 3660 post m=3 hq=0.026 fail | Dr=-0.001/+0.395 |Dr|max=0.449 Df=-0.133 | g r=0.799 f=0.906 p=0.918(0.027) max=3.116 | Ld=+1.8171 base=-0.0765 drift=0.00489 path=1.06 cap=0.832 | Lg=+0.7462 | 45s
 3670 post m=4 hq=0.012 fail | Dr=-0.007/+0.411 |Dr|max=0.485 Df=-0.107 | g r=0.808 f=0.882 p=0.944(0.021) max=3.171 | Ld=+1.6018 base=-0.0736 drift=0.00527 path=1 cap=0.669 | Lg=+0.7438 | 45s
 3680 post m=4 hq=0.043 fail | Dr=-0.013/+0.419 |Dr|max=0.508 Df=-0.132 | g r=0.810 f=0.946 p=0.944(0.033) max=3.388 | Ld=+1.4974 base=-0.127 drift=0.00586 path=1.05 cap=0.565 | Lg=+0.7688 | 45s
 3690 post m=5 hq=0.074 fail | Dr=-0.002/+0.409 |Dr|max=0.493 Df=-0.102 | g r=0.806 f=0.932 p=0.949(0.015) max=3.098 | Ld=+1.5005 base=-0.116 drift=0.00576 path=1.06 cap=0.55 | Lg=+0.7705 | 45s
 3700 post m=3 hq=0.008 fail | Dr=+0.000/+0.396 |Dr|max=0.500 Df=-0.130 | g r=0.809 f=0.871 p=0.923(0.011) max=3.426 | Ld=+1.5060 base=-0.116 drift=0.00603 path=1.01 cap=0.603 | Lg=+0.7622 | 45s
 3710 post m=3 hq=0.100 fail | Dr=-0.001/+0.391 |Dr|max=0.518 Df=-0.097 | g r=0.813 f=0.919 p=0.924(0.004) max=3.165 | Ld=+1.4433 base=-0.149 drift=0.00645 path=0.996 cap=0.59 | Lg=+0.7805 | 45s
 3720 post m=3 hq=0.014 fail | Dr=-0.004/+0.392 |Dr|max=0.535 Df=-0.104 | g r=0.815 f=0.913 p=0.935(0.012) max=3.039 | Ld=+1.4744 base=-0.12 drift=0.0068 path=1.04 cap=0.547 | Lg=+0.7770 | 46s
 3730 post m=2 hq=0.035 fail | Dr=+0.000/+0.390 |Dr|max=0.531 Df=-0.100 | g r=0.810 f=0.858 p=0.927(0.023) max=3.139 | Ld=+1.4563 base=-0.116 drift=0.00726 path=1.07 cap=0.495 | Lg=+0.7726 | 46s
 3740 post m=4 hq=0.023 fail | Dr=-0.003/+0.386 |Dr|max=0.545 Df=-0.106 | g r=0.810 f=0.919 p=0.932(0.008) max=3.159 | Ld=+1.6470 base=-0.0753 drift=0.00753 path=1.09 cap=0.62 | Lg=+0.7515 | 46s
 3750 post m=5 hq=0.014 fail | Dr=-0.005/+0.386 |Dr|max=0.558 Df=-0.139 | g r=0.810 f=0.933 p=0.927(0.011) max=2.706 | Ld=+1.4033 base=-0.108 drift=0.00775 path=0.965 cap=0.539 | Lg=+0.7751 | 46s
 3760 post m=2 hq=0.030 fail | Dr=-0.003/+0.383 |Dr|max=0.560 Df=-0.112 | g r=0.812 f=0.903 p=0.936(0.037) max=2.911 | Ld=+1.4835 base=-0.141 drift=0.00779 path=1.1 cap=0.514 | Lg=+0.7852 | 46s
 3770 post m=6 hq=0.035 fail | Dr=-0.002/+0.380 |Dr|max=0.565 Df=-0.130 | g r=0.815 f=0.860 p=0.925(0.022) max=2.932 | Ld=+1.4254 base=-0.129 drift=0.00778 path=0.947 cap=0.599 | Lg=+0.7755 | 46s
 3780 post m=5 hq=0.047 fail | Dr=-0.001/+0.377 |Dr|max=0.571 Df=-0.097 | g r=0.814 f=0.974 p=0.954(0.007) max=2.974 | Ld=+1.5691 base=-0.0934 drift=0.00816 path=1.1 cap=0.553 | Lg=+0.7567 | 46s
 3790 post m=5 hq=0.032 fail | Dr=+0.003/+0.382 |Dr|max=0.565 Df=-0.138 | g r=0.801 f=0.885 p=0.932(0.012) max=3.013 | Ld=+1.5478 base=-0.131 drift=0.00841 path=1.11 cap=0.561 | Lg=+0.7769 | 46s
 3800 post m=5 hq=0.036 fail | Dr=-0.002/+0.383 |Dr|max=0.590 Df=-0.129 | g r=0.799 f=0.864 p=0.923(0.017) max=3.263 | Ld=+1.3552 base=-0.163 drift=0.00888 path=0.951 cap=0.559 | Lg=+0.7896 | 47s
 3810 post m=6 hq=0.043 fail | Dr=-0.000/+0.391 |Dr|max=0.591 Df=-0.107 | g r=0.793 f=0.867 p=0.922(0.030) max=2.876 | Ld=+1.4619 base=-0.117 drift=0.0091 path=1.08 cap=0.486 | Lg=+0.7718 | 47s
 3820 post m=5 hq=0.032 fail | Dr=+0.005/+0.404 |Dr|max=0.588 Df=-0.129 | g r=0.787 f=0.886 p=0.914(0.033) max=2.989 | Ld=+1.4749 base=-0.126 drift=0.0094 path=1.07 cap=0.525 | Lg=+0.7888 | 47s
 3830 post m=4 hq=0.015 fail | Dr=+0.003/+0.412 |Dr|max=0.596 Df=-0.155 | g r=0.785 f=0.960 p=0.920(0.010) max=2.971 | Ld=+1.4297 base=-0.159 drift=0.00955 path=1.16 cap=0.424 | Lg=+0.7931 | 47s
 3840 post m=6 hq=0.044 fail | Dr=+0.012/+0.414 |Dr|max=0.580 Df=-0.016 | g r=0.783 f=0.898 p=0.929(0.013) max=2.825 | Ld=+1.4268 base=-0.0403 drift=0.00912 path=1.02 cap=0.435 | Lg=+0.7273 | 47s
 3850 post m=3 hq=0.009 fail | Dr=+0.020/+0.400 |Dr|max=0.554 Df=-0.008 | g r=0.782 f=0.856 p=0.909(0.018) max=2.602 | Ld=+1.4278 base=-0.038 drift=0.00824 path=1.05 cap=0.406 | Lg=+0.7290 | 47s
 3860 post m=5 hq=0.051 fail | Dr=+0.025/+0.389 |Dr|max=0.525 Df=+0.037 | g r=0.780 f=0.950 p=0.922(0.031) max=3.138 | Ld=+1.4568 base=-0.0243 drift=0.00745 path=1.07 cap=0.4 | Lg=+0.7244 | 47s
 3870 post m=5 hq=0.043 fail | Dr=+0.030/+0.380 |Dr|max=0.499 Df=+0.036 | g r=0.778 f=0.925 p=0.909(0.016) max=2.602 | Ld=+1.4794 base=0.0112 drift=0.0067 path=1.01 cap=0.455 | Lg=+0.7062 | 47s
 3880 post m=5 hq=0.049 fail | Dr=+0.038/+0.382 |Dr|max=0.469 Df=+0.026 | g r=0.775 f=0.897 p=0.891(0.028) max=2.829 | Ld=+1.3797 base=-0.0116 drift=0.00586 path=1.03 cap=0.36 | Lg=+0.7108 | 48s
 3890 post m=4 hq=0.053 fail | Dr=+0.042/+0.381 |Dr|max=0.446 Df=+0.048 | g r=0.773 f=0.907 p=0.894(0.012) max=3.007 | Ld=+1.4150 base=0.0186 drift=0.00541 path=1.02 cap=0.373 | Lg=+0.6991 | 48s
 3900 post m=6 hq=0.073 fail | Dr=+0.041/+0.370 |Dr|max=0.435 Df=+0.035 | g r=0.780 f=0.862 p=0.901(0.020) max=2.609 | Ld=+1.4480 base=-0.00459 drift=0.00498 path=1.09 cap=0.36 | Lg=+0.7094 | 48s
 3910 post m=4 hq=0.032 fail | Dr=+0.040/+0.363 |Dr|max=0.419 Df=-0.021 | g r=0.780 f=0.949 p=0.912(0.018) max=2.827 | Ld=+1.3645 base=-0.0292 drift=0.00467 path=1.02 cap=0.366 | Lg=+0.7161 | 48s
 3920 post m=5 hq=0.055 fail | Dr=+0.035/+0.346 |Dr|max=0.416 Df=+0.029 | g r=0.790 f=0.934 p=0.909(0.034) max=2.697 | Ld=+1.5004 base=-0.0141 drift=0.004 path=1.15 cap=0.36 | Lg=+0.7079 | 48s
 3930 post m=6 hq=0.085 fail | Dr=+0.038/+0.346 |Dr|max=0.388 Df=+0.019 | g r=0.783 f=0.876 p=0.896(0.021) max=2.756 | Ld=+1.4494 base=-0.000435 drift=0.00372 path=1.05 cap=0.394 | Lg=+0.7049 | 48s
 3940 post m=4 hq=0.038 fail | Dr=+0.033/+0.325 |Dr|max=0.385 Df=+0.006 | g r=0.785 f=0.942 p=0.915(0.009) max=2.661 | Ld=+1.4347 base=-0.0106 drift=0.0035 path=1.08 cap=0.365 | Lg=+0.7065 | 48s
 3950 post m=4 hq=0.083 fail | Dr=+0.032/+0.333 |Dr|max=0.376 Df=+0.006 | g r=0.778 f=0.826 p=0.888(0.018) max=3.228 | Ld=+1.3530 base=-0.0362 drift=0.00327 path=1.07 cap=0.314 | Lg=+0.7170 | 48s
 3960 post m=3 hq=0.051 fail | Dr=+0.029/+0.347 |Dr|max=0.373 Df=-0.011 | g r=0.773 f=0.874 p=0.921(0.005) max=2.759 | Ld=+1.3676 base=-0.0332 drift=0.00317 path=1.01 cap=0.383 | Lg=+0.7165 | 48s
 3970 post m=5 hq=0.063 fail | Dr=+0.028/+0.355 |Dr|max=0.361 Df=-0.001 | g r=0.768 f=0.861 p=0.905(0.014) max=2.734 | Ld=+1.3760 base=-0.0258 drift=0.00287 path=1.03 cap=0.369 | Lg=+0.7157 | 49s
 3980 post m=5 hq=0.079 fail | Dr=+0.025/+0.364 |Dr|max=0.364 Df=-0.000 | g r=0.767 f=0.847 p=0.896(0.013) max=3.057 | Ld=+1.4085 base=-0.0354 drift=0.00265 path=1.09 cap=0.351 | Lg=+0.7167 | 49s
 3990 post m=5 hq=0.046 fail | Dr=+0.022/+0.360 |Dr|max=0.360 Df=-0.005 | g r=0.765 f=0.891 p=0.916(0.019) max=3.020 | Ld=+1.4189 base=-0.0159 drift=0.0025 path=1.12 cap=0.312 | Lg=+0.7078 | 49s
 4000 post m=4 hq=0.084 fail | Dr=+0.021/+0.352 |Dr|max=0.352 Df=-0.007 | g r=0.762 f=0.890 p=0.909(0.009) max=2.888 | Ld=+1.3788 base=-0.0346 drift=0.00231 path=1.09 cap=0.317 | Lg=+0.7164 | 49s
 4010 post m=5 hq=0.135 fail | Dr=+0.020/+0.348 |Dr|max=0.348 Df=-0.034 | g r=0.763 f=0.882 p=0.902(0.006) max=2.792 | Ld=+1.2563 base=-0.0695 drift=0.002 path=0.966 cap=0.357 | Lg=+0.7309 | 49s
 4020 post m=4 hq=0.056 fail | Dr=+0.018/+0.338 |Dr|max=0.338 Df=-0.028 | g r=0.760 f=0.891 p=0.904(0.023) max=2.694 | Ld=+1.3967 base=-0.0303 drift=0.00181 path=1.06 cap=0.363 | Lg=+0.7182 | 49s
 4030 post m=4 hq=0.075 fail | Dr=+0.016/+0.333 |Dr|max=0.333 Df=-0.021 | g r=0.766 f=0.956 p=0.917(0.015) max=3.067 | Ld=+1.3678 base=-0.0429 drift=0.00175 path=1.07 cap=0.338 | Lg=+0.7207 | 49s
 4040 post m=4 hq=0.068 fail | Dr=+0.014/+0.330 |Dr|max=0.330 Df=-0.015 | g r=0.773 f=0.895 p=0.920(0.031) max=3.510 | Ld=+1.3554 base=-0.0452 drift=0.00162 path=1.04 cap=0.361 | Lg=+0.7211 | 49s
 4050 post m=4 hq=0.076 fail | Dr=+0.015/+0.324 |Dr|max=0.324 Df=-0.036 | g r=0.771 f=0.900 p=0.919(0.020) max=3.255 | Ld=+1.3178 base=-0.0523 drift=0.00143 path=1.01 cap=0.355 | Lg=+0.7254 | 49s
 4060 post m=5 hq=0.147 fail | Dr=+0.010/+0.316 |Dr|max=0.316 Df=-0.030 | g r=0.782 f=0.902 p=0.927(0.019) max=2.983 | Ld=+1.2750 base=-0.0656 drift=0.00129 path=0.99 cap=0.35 | Lg=+0.7284 | 50s
 4070 post m=5 hq=0.103 fail | Dr=+0.008/+0.311 |Dr|max=0.311 Df=-0.046 | g r=0.784 f=0.913 p=0.927(0.009) max=2.851 | Ld=+1.2621 base=-0.0525 drift=0.00114 path=0.95 cap=0.363 | Lg=+0.7217 | 50s
 4080 post m=4 hq=0.090 fail | Dr=+0.007/+0.306 |Dr|max=0.306 Df=-0.030 | g r=0.780 f=0.894 p=0.920(0.027) max=3.171 | Ld=+1.3759 base=-0.0224 drift=0.00105 path=1.05 cap=0.346 | Lg=+0.7089 | 50s
 4090 post m=5 hq=0.123 fail | Dr=+0.004/+0.300 |Dr|max=0.300 Df=-0.033 | g r=0.781 f=0.913 p=0.931(0.020) max=3.177 | Ld=+1.3141 base=-0.0443 drift=0.000964 path=0.976 cap=0.381 | Lg=+0.7203 | 50s
 4100 post m=5 hq=0.132 fail | Dr=+0.001/+0.296 |Dr|max=0.296 Df=-0.074 | g r=0.785 f=0.919 p=0.923(0.008) max=3.038 | Ld=+1.3721 base=-0.0411 drift=0.000894 path=0.992 cap=0.42 | Lg=+0.7144 | 50s
 4110 post m=4 hq=0.098 fail | Dr=+0.000/+0.292 |Dr|max=0.292 Df=-0.038 | g r=0.788 f=0.861 p=0.917(0.023) max=2.952 | Ld=+1.3267 base=-0.0521 drift=0.000854 path=1 cap=0.374 | Lg=+0.7229 | 50s
 4120 post m=4 hq=0.067 fail | Dr=-0.004/+0.288 |Dr|max=0.288 Df=-0.065 | g r=0.794 f=0.914 p=0.924(0.026) max=3.123 | Ld=+1.3026 base=-0.0452 drift=0.000838 path=0.998 cap=0.349 | Lg=+0.7181 | 50s
 4130 post m=4 hq=0.078 fail | Dr=-0.003/+0.285 |Dr|max=0.285 Df=-0.072 | g r=0.786 f=0.951 p=0.922(0.023) max=2.733 | Ld=+1.3517 base=-0.0387 drift=0.000766 path=1.03 cap=0.358 | Lg=+0.7143 | 50s
 4140 post m=5 hq=0.067 fail | Dr=-0.006/+0.282 |Dr|max=0.282 Df=-0.073 | g r=0.787 f=0.881 p=0.923(0.010) max=3.142 | Ld=+1.4063 base=-0.0625 drift=0.000732 path=1.03 cap=0.439 | Lg=+0.7279 | 51s
 4150 post m=6 hq=0.132 fail | Dr=-0.011/+0.280 |Dr|max=0.280 Df=-0.089 | g r=0.794 f=0.871 p=0.922(0.016) max=3.008 | Ld=+1.3275 base=-0.0703 drift=0.000675 path=0.989 cap=0.408 | Lg=+0.7292 | 51s
 4160 post m=5 hq=0.111 fail | Dr=-0.013/+0.279 |Dr|max=0.279 Df=-0.067 | g r=0.799 f=0.834 p=0.920(0.012) max=3.114 | Ld=+1.2871 base=-0.085 drift=0.000669 path=1.01 cap=0.357 | Lg=+0.7398 | 51s
 4170 post m=5 hq=0.091 fail | Dr=-0.011/+0.280 |Dr|max=0.280 Df=-0.075 | g r=0.796 f=0.887 p=0.932(0.015) max=2.920 | Ld=+1.3213 base=-0.0631 drift=0.000628 path=1.02 cap=0.364 | Lg=+0.7260 | 51s
 4180 post m=4 hq=0.101 fail | Dr=-0.009/+0.280 |Dr|max=0.280 Df=-0.060 | g r=0.791 f=0.883 p=0.911(0.007) max=2.964 | Ld=+1.3742 base=-0.069 drift=0.000628 path=1.08 cap=0.367 | Lg=+0.7317 | 51s
 4190 post m=5 hq=0.159 fail | Dr=-0.008/+0.277 |Dr|max=0.277 Df=-0.038 | g r=0.792 f=0.878 p=0.934(0.013) max=2.958 | Ld=+1.3265 base=-0.0364 drift=0.000611 path=1.02 cap=0.344 | Lg=+0.7125 | 51s
 4200 post m=4 hq=0.081 fail | Dr=-0.006/+0.274 |Dr|max=0.274 Df=-0.080 | g r=0.789 f=0.898 p=0.934(0.017) max=2.837 | Ld=+1.3433 base=-0.0586 drift=0.000605 path=1.02 cap=0.385 | Lg=+0.7262 | 51s
 4210 post m=4 hq=0.055 fail | Dr=-0.010/+0.269 |Dr|max=0.269 Df=-0.087 | g r=0.803 f=0.875 p=0.921(0.011) max=3.016 | Ld=+1.3309 base=-0.0841 drift=0.000566 path=0.968 cap=0.446 | Lg=+0.7406 | 51s
 4220 post m=4 hq=0.113 fail | Dr=-0.010/+0.262 |Dr|max=0.262 Df=-0.075 | g r=0.804 f=0.886 p=0.919(0.048) max=2.895 | Ld=+1.3664 base=-0.0722 drift=0.00059 path=0.973 cap=0.465 | Lg=+0.7356 | 52s
 4230 post m=4 hq=0.053 fail | Dr=-0.008/+0.255 |Dr|max=0.260 Df=-0.058 | g r=0.805 f=0.849 p=0.922(0.002) max=2.902 | Ld=+1.3044 base=-0.0686 drift=0.000575 path=0.923 cap=0.45 | Lg=+0.7306 | 52s
 4240 post m=3 hq=0.085 fail | Dr=-0.005/+0.249 |Dr|max=0.268 Df=-0.057 | g r=0.808 f=0.926 p=0.937(0.020) max=2.945 | Ld=+1.2694 base=-0.0504 drift=0.000544 path=0.952 cap=0.368 | Lg=+0.7260 | 52s
 4250 post m=3 hq=0.103 fail | Dr=-0.001/+0.243 |Dr|max=0.279 Df=-0.043 | g r=0.804 f=0.884 p=0.934(0.015) max=2.807 | Ld=+1.3408 base=-0.0723 drift=0.00056 path=1.05 cap=0.358 | Lg=+0.7311 | 52s
 4260 post m=5 hq=0.131 fail | Dr=+0.001/+0.233 |Dr|max=0.292 Df=-0.074 | g r=0.804 f=0.865 p=0.916(0.022) max=3.003 | Ld=+1.3598 base=-0.0672 drift=0.000638 path=1.03 cap=0.396 | Lg=+0.7352 | 52s
 4270 post m=4 hq=0.124 fail | Dr=+0.002/+0.219 |Dr|max=0.299 Df=-0.036 | g r=0.806 f=0.896 p=0.934(0.027) max=3.114 | Ld=+1.3308 base=-0.023 drift=0.000628 path=0.972 cap=0.381 | Lg=+0.7086 | 52s
 4280 post m=3 hq=0.079 fail | Dr=-0.001/+0.209 |Dr|max=0.302 Df=-0.075 | g r=0.813 f=0.959 p=0.928(0.019) max=2.780 | Ld=+1.2181 base=-0.0587 drift=0.000612 path=0.911 cap=0.365 | Lg=+0.7231 | 52s
 4290 post m=6 hq=0.127 fail | Dr=+0.001/+0.201 |Dr|max=0.305 Df=-0.071 | g r=0.802 f=0.862 p=0.917(0.023) max=2.729 | Ld=+1.3874 base=-0.08 drift=0.000628 path=1.04 cap=0.424 | Lg=+0.7348 | 52s
 4300 post m=3 hq=0.145 fail | Dr=+0.005/+0.198 |Dr|max=0.310 Df=-0.066 | g r=0.803 f=0.973 p=0.937(0.011) max=3.232 | Ld=+1.3155 base=-0.0482 drift=0.000659 path=1 cap=0.361 | Lg=+0.7198 | 52s
 4310 post m=6 hq=0.140 fail | Dr=+0.005/+0.188 |Dr|max=0.314 Df=-0.081 | g r=0.800 f=0.879 p=0.912(0.010) max=2.824 | Ld=+1.2608 base=-0.0774 drift=0.000653 path=0.895 cap=0.443 | Lg=+0.7378 | 53s
 4320 post m=5 hq=0.095 fail | Dr=-0.000/+0.177 |Dr|max=0.315 Df=-0.077 | g r=0.811 f=0.799 p=0.912(0.002) max=2.846 | Ld=+1.3299 base=-0.0509 drift=0.000704 path=0.989 cap=0.391 | Lg=+0.7206 | 53s
 4330 post m=4 hq=0.129 fail | Dr=-0.001/+0.181 |Dr|max=0.319 Df=-0.070 | g r=0.814 f=0.906 p=0.913(0.010) max=3.351 | Ld=+1.2795 base=-0.0472 drift=0.000646 path=0.937 cap=0.39 | Lg=+0.7192 | 53s
 4340 post m=3 hq=0.092 fail | Dr=-0.010/+0.179 |Dr|max=0.330 Df=-0.056 | g r=0.817 f=0.829 p=0.920(0.008) max=3.006 | Ld=+1.3405 base=-0.0536 drift=0.000743 path=0.964 cap=0.429 | Lg=+0.7232 | 53s
 4350 post m=5 hq=0.234 fail | Dr=-0.023/+0.177 |Dr|max=0.353 Df=-0.084 | g r=0.812 f=0.854 p=0.921(0.002) max=3.175 | Ld=+1.2816 base=-0.108 drift=0.000855 path=0.992 cap=0.397 | Lg=+0.7552 | 53s
 4360 post m=4 hq=0.093 fail | Dr=-0.031/+0.175 |Dr|max=0.365 Df=-0.108 | g r=0.815 f=0.851 p=0.928(0.029) max=2.903 | Ld=+1.3101 base=-0.0989 drift=0.000949 path=0.962 cap=0.446 | Lg=+0.7448 | 53s
 4370 post m=3 hq=0.082 fail | Dr=-0.028/+0.180 |Dr|max=0.367 Df=-0.088 | g r=0.815 f=0.908 p=0.930(0.023) max=2.968 | Ld=+1.2466 base=-0.0585 drift=0.00105 path=0.919 cap=0.385 | Lg=+0.7242 | 53s
 4380 post m=4 hq=0.170 fail | Dr=-0.025/+0.188 |Dr|max=0.370 Df=-0.095 | g r=0.815 f=0.864 p=0.920(0.014) max=3.105 | Ld=+1.3169 base=-0.0582 drift=0.00103 path=0.981 cap=0.393 | Lg=+0.7251 | 53s
 4390 post m=3 hq=0.189 fail | Dr=-0.021/+0.198 |Dr|max=0.374 Df=-0.086 | g r=0.820 f=0.856 p=0.931(0.017) max=3.196 | Ld=+1.2016 base=-0.0807 drift=0.00105 path=0.94 cap=0.341 | Lg=+0.7344 | 54s
 4400 post m=4 hq=0.121 fail | Dr=-0.018/+0.207 |Dr|max=0.384 Df=-0.088 | g r=0.818 f=0.877 p=0.932(0.014) max=3.055 | Ld=+1.2403 base=-0.0741 drift=0.00116 path=0.902 cap=0.411 | Lg=+0.7308 | 54s
 4410 post m=4 hq=0.110 fail | Dr=-0.025/+0.194 |Dr|max=0.394 Df=-0.078 | g r=0.829 f=0.845 p=0.925(0.026) max=2.726 | Ld=+1.2034 base=-0.0847 drift=0.00123 path=0.933 cap=0.354 | Lg=+0.7378 | 54s
 4420 post m=5 hq=0.096 fail | Dr=-0.028/+0.185 |Dr|max=0.402 Df=-0.085 | g r=0.832 f=0.835 p=0.928(0.017) max=3.402 | Ld=+1.2379 base=-0.0795 drift=0.00111 path=0.992 cap=0.324 | Lg=+0.7366 | 54s
 4430 post m=6 hq=0.214 fail | Dr=-0.024/+0.188 |Dr|max=0.405 Df=-0.117 | g r=0.817 f=0.876 p=0.927(0.015) max=3.342 | Ld=+1.3176 base=-0.0841 drift=0.00113 path=1.03 cap=0.368 | Lg=+0.7346 | 54s
 4440 post m=5 hq=0.170 fail | Dr=-0.023/+0.184 |Dr|max=0.407 Df=-0.127 | g r=0.818 f=0.813 p=0.917(0.019) max=2.845 | Ld=+1.3067 base=-0.0628 drift=0.00113 path=1 cap=0.365 | Lg=+0.7293 | 54s
 4450 post m=7 hq=0.198 fail | Dr=-0.022/+0.178 |Dr|max=0.401 Df=-0.131 | g r=0.818 f=0.853 p=0.928(0.014) max=2.872 | Ld=+1.3782 base=-0.098 drift=0.00111 path=1 cap=0.474 | Lg=+0.7449 | 54s
 4460 post m=4 hq=0.105 fail | Dr=-0.015/+0.183 |Dr|max=0.393 Df=-0.072 | g r=0.824 f=0.867 p=0.934(0.023) max=2.580 | Ld=+1.2382 base=-0.0795 drift=0.00103 path=0.961 cap=0.356 | Lg=+0.7358 | 54s
 4470 post m=4 hq=0.105 fail | Dr=-0.005/+0.199 |Dr|max=0.388 Df=-0.072 | g r=0.817 f=0.866 p=0.944(0.028) max=2.679 | Ld=+1.1601 base=-0.08 drift=0.00113 path=0.897 cap=0.342 | Lg=+0.7359 | 54s
 4480 post m=4 hq=0.123 fail | Dr=-0.008/+0.195 |Dr|max=0.386 Df=-0.072 | g r=0.827 f=0.907 p=0.938(0.027) max=2.665 | Ld=+1.2370 base=-0.0462 drift=0.00117 path=0.955 cap=0.328 | Lg=+0.7237 | 55s
 4490 post m=4 hq=0.133 fail | Dr=-0.004/+0.200 |Dr|max=0.388 Df=-0.053 | g r=0.824 f=0.820 p=0.935(0.025) max=2.781 | Ld=+1.1750 base=-0.0499 drift=0.00119 path=0.887 cap=0.336 | Lg=+0.7213 | 55s
 4500 post m=4 hq=0.066 fail | Dr=-0.004/+0.201 |Dr|max=0.389 Df=-0.069 | g r=0.820 f=0.830 p=0.942(0.031) max=2.766 | Ld=+1.2072 base=-0.084 drift=0.00113 path=0.976 cap=0.314 | Lg=+0.7391 | 55s
 4510 post m=4 hq=0.164 fail | Dr=-0.003/+0.201 |Dr|max=0.385 Df=-0.043 | g r=0.828 f=0.876 p=0.940(0.039) max=2.631 | Ld=+1.1588 base=-0.0676 drift=0.00115 path=0.895 cap=0.33 | Lg=+0.7328 | 55s
 4520 post m=4 hq=0.146 fail | Dr=+0.002/+0.209 |Dr|max=0.390 Df=-0.042 | g r=0.822 f=0.838 p=0.936(0.024) max=2.641 | Ld=+1.2259 base=-0.0706 drift=0.00126 path=0.987 cap=0.308 | Lg=+0.7330 | 55s
 4530 post m=4 hq=0.144 fail | Dr=+0.001/+0.212 |Dr|max=0.387 Df=-0.086 | g r=0.826 f=0.900 p=0.943(0.028) max=2.754 | Ld=+1.1862 base=-0.059 drift=0.0012 path=0.896 cap=0.348 | Lg=+0.7264 | 55s
 4540 post m=3 hq=0.114 fail | Dr=-0.004/+0.206 |Dr|max=0.382 Df=-0.077 | g r=0.831 f=0.897 p=0.949(0.034) max=2.814 | Ld=+1.2608 base=-0.0776 drift=0.00116 path=0.982 cap=0.356 | Lg=+0.7369 | 55s
 4550 post m=5 hq=0.176 fail | Dr=-0.005/+0.208 |Dr|max=0.376 Df=-0.075 | g r=0.828 f=0.883 p=0.919(0.013) max=2.874 | Ld=+1.2214 base=-0.0783 drift=0.00117 path=0.992 cap=0.307 | Lg=+0.7398 | 55s
 4560 post m=4 hq=0.137 fail | Dr=-0.006/+0.204 |Dr|max=0.374 Df=-0.062 | g r=0.835 f=0.848 p=0.923(0.010) max=3.029 | Ld=+1.1961 base=-0.0431 drift=0.00118 path=0.91 cap=0.328 | Lg=+0.7160 | 56s
 4570 post m=6 hq=0.198 fail | Dr=-0.006/+0.210 |Dr|max=0.378 Df=-0.085 | g r=0.827 f=0.878 p=0.927(0.007) max=2.786 | Ld=+1.3037 base=-0.0824 drift=0.00115 path=0.941 cap=0.444 | Lg=+0.7382 | 56s
 4580 post m=5 hq=0.288 fail | Dr=-0.004/+0.213 |Dr|max=0.371 Df=-0.090 | g r=0.828 f=0.846 p=0.915(0.020) max=3.011 | Ld=+1.2559 base=-0.0678 drift=0.00112 path=0.946 cap=0.376 | Lg=+0.7320 | 56s
 4590 post m=3 hq=0.109 fail | Dr=-0.002/+0.220 |Dr|max=0.368 Df=-0.067 | g r=0.827 f=0.888 p=0.932(0.024) max=2.525 | Ld=+1.1224 base=-0.111 drift=0.00112 path=0.929 cap=0.303 | Lg=+0.7508 | 56s
 4600 post m=3 hq=0.136 fail | Dr=-0.003/+0.226 |Dr|max=0.373 Df=-0.070 | g r=0.818 f=0.945 p=0.943(0.016) max=2.607 | Ld=+1.1813 base=-0.0705 drift=0.00125 path=0.946 cap=0.305 | Lg=+0.7329 | 56s
# COMPLETE 4600 updates in 56s; prehold 0/120; arrival=None
