# arm=lr_c1_g0.5 formulation=wgan + r1(1) + path-secant(10,t=0.5) + cap-all(10,c=1) [Dβ2=0.9, A2=0] {lr c×1 g×0.5} device=cuda:0 steps=4600
# step phase modes hq pass | Dr mean/max |Dr|max Df | grad-norm real fake path(min) max | loss_d terms | loss_g | sec
# init=batch_feature_zero hook=None differs_from_old=G,D,prior public_path_match=G,D,prior ema_D_equals_D=None sha G=615e9d129c1c D=e15f6122daf7 prior=2531df2c5ad8
   10 acq  m=0 hq=0.000 fail | Dr=+0.396/+0.844 |Dr|max=0.844 Df=+0.818 | g r=0.272 f=0.504 p=0.437(0.011) max=1.218 | Ld=+3.3018 base=0.541 r1=0.174 path=2.57 cap=0.0146 | Lg=+0.5701 | 1s
   20 acq  m=1 hq=0.007 fail | Dr=+0.668/+0.931 |Dr|max=0.931 Df=+0.381 | g r=0.541 f=0.762 p=0.748(0.019) max=2.050 | Ld=+1.6563 base=-0.353 r1=0.196 path=1.76 cap=0.0553 | Lg=+0.8927 | 1s
   30 acq  m=2 hq=0.054 fail | Dr=+0.319/+0.587 |Dr|max=0.587 Df=+0.122 | g r=0.582 f=0.719 p=0.660(0.016) max=2.149 | Ld=+1.1305 base=-0.258 r1=0.239 path=0.849 cap=0.3 | Lg=+0.8263 | 1s
   40 acq  m=1 hq=0.071 fail | Dr=+0.661/+1.252 |Dr|max=1.252 Df=+0.132 | g r=0.607 f=0.843 p=0.817(0.011) max=2.070 | Ld=+0.4326 base=-0.497 r1=0.147 path=0.717 cap=0.065 | Lg=+1.0605 | 1s
   50 acq  m=3 hq=0.054 fail | Dr=+0.680/+1.529 |Dr|max=1.529 Df=+0.088 | g r=0.753 f=0.757 p=0.717(0.013) max=2.202 | Ld=+0.8142 base=-0.902 r1=0.53 path=0.733 cap=0.453 | Lg=+1.1069 | 1s
   60 acq  m=4 hq=0.045 fail | Dr=+0.311/+0.516 |Dr|max=0.516 Df=+0.006 | g r=0.515 f=0.670 p=0.700(0.006) max=2.352 | Ld=+1.9467 base=-0.255 r1=0.229 path=1.74 cap=0.234 | Lg=+0.8837 | 1s
   70 acq  m=4 hq=0.089 fail | Dr=+0.512/+0.905 |Dr|max=0.905 Df=+0.002 | g r=0.442 f=0.703 p=0.737(0.014) max=2.176 | Ld=+0.5011 base=-0.383 r1=0.103 path=0.682 cap=0.0998 | Lg=+1.0024 | 1s
   80 acq  m=6 hq=0.115 fail | Dr=+0.526/+0.878 |Dr|max=0.878 Df=-0.027 | g r=0.268 f=0.594 p=0.603(0.016) max=1.738 | Ld=+0.5166 base=-0.581 r1=0.182 path=0.793 cap=0.123 | Lg=+1.0291 | 1s
   90 acq  m=5 hq=0.010 fail | Dr=+0.609/+1.422 |Dr|max=1.422 Df=-0.151 | g r=0.338 f=0.566 p=0.632(0.005) max=1.897 | Ld=+0.4890 base=-0.444 r1=0.146 path=0.679 cap=0.108 | Lg=+1.2564 | 2s
  100 acq  m=7 hq=0.023 fail | Dr=+0.168/+0.667 |Dr|max=0.738 Df=-0.493 | g r=0.420 f=0.664 p=0.669(0.014) max=2.051 | Ld=-0.1314 base=-0.837 r1=0.156 path=0.222 cap=0.328 | Lg=+1.1661 | 2s
  110 acq  m=7 hq=0.016 fail | Dr=+0.140/+0.756 |Dr|max=0.756 Df=-0.414 | g r=0.319 f=0.725 p=0.686(0.020) max=2.089 | Ld=+0.2641 base=-0.541 r1=0.158 path=0.51 cap=0.137 | Lg=+1.0415 | 2s
  120 acq  m=8 hq=0.137 fail | Dr=-0.131/+0.278 |Dr|max=0.510 Df=-0.596 | g r=0.390 f=0.636 p=0.638(0.021) max=1.948 | Ld=+0.2710 base=-0.54 r1=0.156 path=0.508 cap=0.147 | Lg=+0.9766 | 2s
  130 acq  m=8 hq=0.076 fail | Dr=-0.153/+0.453 |Dr|max=0.746 Df=-0.668 | g r=0.275 f=0.655 p=0.622(0.011) max=1.967 | Ld=+0.2042 base=-0.474 r1=0.189 path=0.391 cap=0.0978 | Lg=+1.0248 | 2s
  140 acq  m=8 hq=0.070 fail | Dr=+0.068/+0.592 |Dr|max=0.592 Df=-0.430 | g r=0.353 f=0.674 p=0.657(0.007) max=1.835 | Ld=+0.2766 base=-0.453 r1=0.155 path=0.309 cap=0.266 | Lg=+1.0621 | 2s
  150 acq  m=7 hq=0.103 fail | Dr=-0.174/+0.223 |Dr|max=0.721 Df=-0.685 | g r=0.365 f=0.745 p=0.714(0.013) max=2.175 | Ld=+0.0957 base=-0.447 r1=0.151 path=0.328 cap=0.0631 | Lg=+1.0409 | 2s
  160 acq  m=6 hq=0.040 fail | Dr=-0.257/+0.109 |Dr|max=0.723 Df=-0.659 | g r=0.403 f=0.753 p=0.724(0.010) max=2.100 | Ld=+0.6445 base=-0.484 r1=0.197 path=0.695 cap=0.236 | Lg=+1.0838 | 2s
  170 acq  m=8 hq=0.062 fail | Dr=+0.080/+0.589 |Dr|max=0.919 Df=-0.471 | g r=0.249 f=0.711 p=0.693(0.012) max=1.839 | Ld=-0.3402 base=-0.516 r1=0.0839 path=0.0618 cap=0.0304 | Lg=+1.1027 | 2s
  180 acq  m=8 hq=0.064 fail | Dr=+0.056/+0.490 |Dr|max=0.768 Df=-0.425 | g r=0.241 f=0.707 p=0.663(0.007) max=1.943 | Ld=-0.2233 base=-0.429 r1=0.0715 path=0.0664 cap=0.0678 | Lg=+1.0388 | 2s
  190 acq  m=7 hq=0.033 fail | Dr=+0.183/+0.487 |Dr|max=0.487 Df=-0.296 | g r=0.201 f=0.655 p=0.597(0.009) max=1.547 | Ld=-0.2565 base=-0.393 r1=0.075 path=0.0455 cap=0.0161 | Lg=+0.9633 | 3s
  200 acq  m=6 hq=0.036 fail | Dr=+0.066/+0.578 |Dr|max=0.691 Df=-0.387 | g r=0.203 f=0.690 p=0.634(0.009) max=1.676 | Ld=-0.2450 base=-0.435 r1=0.0925 path=0.0727 cap=0.025 | Lg=+1.0115 | 3s
  210 acq  m=6 hq=0.029 fail | Dr=+0.314/+0.667 |Dr|max=0.667 Df=-0.108 | g r=0.196 f=0.551 p=0.560(0.005) max=1.439 | Ld=-0.1421 base=-0.318 r1=0.125 path=0.0276 cap=0.0232 | Lg=+0.9416 | 3s
  220 acq  m=8 hq=0.028 fail | Dr=+0.293/+0.791 |Dr|max=0.791 Df=-0.204 | g r=0.206 f=0.664 p=0.653(0.013) max=1.650 | Ld=-0.3107 base=-0.394 r1=0.0495 path=0.021 cap=0.0124 | Lg=+1.0291 | 3s
  230 acq  m=5 hq=0.063 fail | Dr=+0.241/+0.537 |Dr|max=0.537 Df=-0.193 | g r=0.212 f=0.747 p=0.613(0.007) max=1.693 | Ld=-0.2806 base=-0.473 r1=0.0838 path=0.0779 cap=0.031 | Lg=+0.9953 | 3s
  240 acq  m=5 hq=0.130 fail | Dr=+0.134/+0.348 |Dr|max=0.348 Df=-0.221 | g r=0.232 f=0.643 p=0.595(0.010) max=1.591 | Ld=-0.2194 base=-0.437 r1=0.104 path=0.0875 cap=0.0266 | Lg=+0.9848 | 3s
  250 acq  m=6 hq=0.087 fail | Dr=+0.131/+0.565 |Dr|max=0.565 Df=-0.167 | g r=0.227 f=0.614 p=0.545(0.006) max=1.582 | Ld=-0.1553 base=-0.367 r1=0.0829 path=0.0859 cap=0.0432 | Lg=+0.9342 | 3s
  260 acq  m=8 hq=0.206 fail | Dr=+0.381/+0.786 |Dr|max=0.786 Df=+0.063 | g r=0.210 f=0.593 p=0.612(0.009) max=1.889 | Ld=-0.1164 base=-0.259 r1=0.0453 path=0.0771 cap=0.0201 | Lg=+0.9705 | 3s
  270 acq  m=6 hq=0.197 fail | Dr=+0.265/+0.606 |Dr|max=0.606 Df=-0.071 | g r=0.196 f=0.663 p=0.601(0.014) max=1.501 | Ld=-0.3091 base=-0.394 r1=0.0518 path=0.00904 cap=0.0244 | Lg=+0.9694 | 4s
  280 acq  m=4 hq=0.087 fail | Dr=+0.107/+1.175 |Dr|max=1.175 Df=-0.094 | g r=0.257 f=0.514 p=0.608(0.008) max=1.803 | Ld=+0.0750 base=-0.283 r1=0.0828 path=0.243 cap=0.0322 | Lg=+1.0969 | 4s
  290 acq  m=8 hq=0.084 fail | Dr=+0.396/+0.941 |Dr|max=0.941 Df=-0.004 | g r=0.188 f=0.750 p=0.621(0.007) max=1.543 | Ld=-0.2519 base=-0.326 r1=0.0498 path=0.00742 cap=0.0172 | Lg=+0.9572 | 4s
  300 acq  m=5 hq=0.068 fail | Dr=+0.374/+1.046 |Dr|max=1.046 Df=-0.012 | g r=0.215 f=0.644 p=0.608(0.004) max=1.623 | Ld=-0.2339 base=-0.314 r1=0.0598 path=0.0102 cap=0.01 | Lg=+0.9927 | 4s
  310 acq  m=7 hq=0.024 fail | Dr=+0.427/+1.096 |Dr|max=1.096 Df=+0.047 | g r=0.198 f=0.642 p=0.598(0.006) max=2.083 | Ld=-0.2506 base=-0.33 r1=0.0541 path=0.00728 cap=0.0181 | Lg=+0.9633 | 4s
  320 acq  m=8 hq=0.362 fail | Dr=+0.614/+1.291 |Dr|max=1.291 Df=+0.394 | g r=0.244 f=0.543 p=0.549(0.002) max=1.560 | Ld=-0.0973 base=-0.27 r1=0.109 path=0.0158 cap=0.048 | Lg=+0.8806 | 4s
  330 acq  m=8 hq=0.209 fail | Dr=+0.627/+1.026 |Dr|max=1.026 Df=+0.317 | g r=0.196 f=0.660 p=0.609(0.002) max=1.554 | Ld=-0.2223 base=-0.308 r1=0.0486 path=0.00943 cap=0.0279 | Lg=+0.9511 | 4s
  340 acq  m=5 hq=0.187 fail | Dr=+0.636/+1.367 |Dr|max=1.367 Df=+0.366 | g r=0.189 f=0.692 p=0.584(0.020) max=1.537 | Ld=-0.1418 base=-0.24 r1=0.045 path=0.0274 cap=0.0253 | Lg=+0.9043 | 4s
  350 acq  m=8 hq=0.328 fail | Dr=+0.551/+0.846 |Dr|max=0.846 Df=+0.385 | g r=0.172 f=0.561 p=0.534(0.011) max=1.823 | Ld=-0.1157 base=-0.226 r1=0.0465 path=0.0572 cap=0.00693 | Lg=+0.8568 | 4s
  360 acq  m=8 hq=0.441 fail | Dr=+0.875/+1.676 |Dr|max=1.676 Df=+0.684 | g r=0.158 f=0.459 p=0.542(0.006) max=1.411 | Ld=-0.1151 base=-0.157 r1=0.0298 path=0.00897 cap=0.00346 | Lg=+0.8839 | 4s
  370 acq  m=5 hq=0.230 fail | Dr=+0.640/+1.304 |Dr|max=1.304 Df=+0.348 | g r=0.164 f=0.634 p=0.571(0.010) max=1.576 | Ld=-0.1331 base=-0.188 r1=0.0367 path=0.0129 cap=0.00545 | Lg=+0.9104 | 4s
  380 acq  m=8 hq=0.403 fail | Dr=+0.990/+1.575 |Dr|max=1.575 Df=+0.799 | g r=0.133 f=0.405 p=0.553(0.005) max=1.509 | Ld=-0.1364 base=-0.172 r1=0.027 path=0.00354 cap=0.00481 | Lg=+0.8652 | 5s
  390 acq  m=7 hq=0.161 fail | Dr=+0.820/+1.598 |Dr|max=1.598 Df=+0.535 | g r=0.190 f=0.662 p=0.600(0.006) max=1.381 | Ld=-0.1497 base=-0.213 r1=0.0451 path=0.0118 cap=0.00623 | Lg=+0.9280 | 5s
  400 acq  m=7 hq=0.156 fail | Dr=+0.912/+1.583 |Dr|max=1.583 Df=+0.606 | g r=0.174 f=0.838 p=0.668(0.021) max=1.647 | Ld=-0.2777 base=-0.348 r1=0.0463 path=0.0145 cap=0.0094 | Lg=+1.0147 | 5s
  410 acq  m=8 hq=0.488 fail | Dr=+0.597/+1.129 |Dr|max=1.129 Df=+0.422 | g r=0.180 f=0.321 p=0.541(0.013) max=1.928 | Ld=-0.1374 base=-0.291 r1=0.0491 path=0.0109 cap=0.0935 | Lg=+0.9134 | 5s
  420 acq  m=8 hq=0.698 fail | Dr=+0.951/+2.067 |Dr|max=2.067 Df=+0.769 | g r=0.119 f=0.283 p=0.554(0.003) max=1.357 | Ld=-0.1294 base=-0.163 r1=0.0232 path=0.0098 cap=0.000946 | Lg=+0.9145 | 5s
  430 acq  m=8 hq=0.770 fail | Dr=+0.911/+1.787 |Dr|max=1.787 Df=+0.759 | g r=0.083 f=0.221 p=0.486(0.001) max=1.472 | Ld=-0.0912 base=-0.12 r1=0.0182 path=0.00863 cap=0.00215 | Lg=+0.8697 | 5s
  440 acq  m=8 hq=0.209 fail | Dr=+0.810/+1.620 |Dr|max=1.620 Df=+0.557 | g r=0.167 f=0.453 p=0.592(0.012) max=1.600 | Ld=-0.1302 base=-0.174 r1=0.0285 path=0.00831 cap=0.00717 | Lg=+0.9714 | 5s
  450 acq  m=8 hq=0.613 fail | Dr=+0.805/+1.746 |Dr|max=1.746 Df=+0.643 | g r=0.120 f=0.265 p=0.492(0.005) max=1.289 | Ld=-0.0386 base=-0.0957 r1=0.038 path=0.0157 cap=0.00338 | Lg=+0.8746 | 5s
  460 acq  m=8 hq=0.260 fail | Dr=+0.718/+1.614 |Dr|max=1.614 Df=+0.426 | g r=0.219 f=0.634 p=0.628(0.008) max=1.840 | Ld=-0.1278 base=-0.186 r1=0.0364 path=0.0213 cap=0.000369 | Lg=+0.9976 | 5s
  470 acq  m=8 hq=0.650 fail | Dr=+0.832/+1.820 |Dr|max=1.820 Df=+0.658 | g r=0.153 f=0.279 p=0.555(0.007) max=1.668 | Ld=-0.0941 base=-0.134 r1=0.026 path=0.0111 cap=0.00227 | Lg=+0.9125 | 5s
  480 acq  m=8 hq=0.762 fail | Dr=+0.673/+1.979 |Dr|max=1.979 Df=+0.514 | g r=0.083 f=0.185 p=0.493(0.003) max=1.621 | Ld=-0.1113 base=-0.142 r1=0.0176 path=0.0131 cap=0.000206 | Lg=+0.9407 | 5s
  490 acq  m=8 hq=0.763 fail | Dr=+0.801/+1.875 |Dr|max=1.875 Df=+0.646 | g r=0.168 f=0.242 p=0.524(0.003) max=1.341 | Ld=-0.0540 base=-0.116 r1=0.0353 path=0.0145 cap=0.0121 | Lg=+0.9292 | 6s
  500 acq  m=5 hq=0.254 fail | Dr=+1.021/+1.913 |Dr|max=1.913 Df=+0.770 | g r=0.211 f=0.448 p=0.519(0.009) max=1.506 | Ld=-0.0547 base=-0.181 r1=0.0855 path=0.0195 cap=0.0218 | Lg=+0.9082 | 6s
  510 acq  m=8 hq=0.794 fail | Dr=+0.940/+1.960 |Dr|max=1.960 Df=+0.800 | g r=0.154 f=0.215 p=0.521(0.007) max=1.272 | Ld=-0.0784 base=-0.13 r1=0.0174 path=0.0172 cap=0.0171 | Lg=+0.8896 | 6s
  520 acq  m=8 hq=0.537 fail | Dr=+0.645/+1.532 |Dr|max=1.532 Df=+0.504 | g r=0.125 f=0.325 p=0.469(0.007) max=1.297 | Ld=-0.0308 base=-0.101 r1=0.0307 path=0.0276 cap=0.0115 | Lg=+0.8700 | 6s
  530 acq  m=8 hq=0.600 fail | Dr=+0.730/+1.669 |Dr|max=1.669 Df=+0.570 | g r=0.144 f=0.307 p=0.512(0.008) max=1.553 | Ld=-0.1734 base=-0.266 r1=0.0493 path=0.022 cap=0.0213 | Lg=+0.9605 | 6s
  540 acq  m=8 hq=0.856 fail | Dr=+0.674/+1.845 |Dr|max=1.845 Df=+0.527 | g r=0.088 f=0.148 p=0.496(0.004) max=1.495 | Ld=-0.0841 base=-0.12 r1=0.0169 path=0.016 cap=0.00276 | Lg=+0.9147 | 6s
  550 acq  m=5 hq=0.423 fail | Dr=+0.682/+1.785 |Dr|max=1.785 Df=+0.452 | g r=0.144 f=0.444 p=0.553(0.008) max=1.557 | Ld=-0.0911 base=-0.17 r1=0.0229 path=0.0527 cap=0.00359 | Lg=+0.9216 | 6s
  560 acq  m=8 hq=0.744 fail | Dr=+0.941/+1.598 |Dr|max=1.598 Df=+0.808 | g r=0.107 f=0.217 p=0.504(0.001) max=1.378 | Ld=-0.0631 base=-0.0963 r1=0.0194 path=0.012 cap=0.00185 | Lg=+0.8523 | 6s
  570 acq  m=8 hq=0.862 fail | Dr=+0.974/+2.306 |Dr|max=2.306 Df=+0.812 | g r=0.083 f=0.138 p=0.534(0.002) max=1.357 | Ld=-0.0948 base=-0.122 r1=0.0141 path=0.00799 cap=0.0049 | Lg=+0.9636 | 6s
  580 acq  m=8 hq=0.822 fail | Dr=+1.032/+2.453 |Dr|max=2.453 Df=+0.875 | g r=0.104 f=0.147 p=0.542(0.003) max=1.350 | Ld=-0.1084 base=-0.142 r1=0.017 path=0.0138 cap=0.00277 | Lg=+0.9821 | 6s
  590 acq  m=8 hq=0.372 fail | Dr=+0.839/+1.933 |Dr|max=1.933 Df=+0.658 | g r=0.162 f=0.266 p=0.540(0.011) max=1.473 | Ld=-0.1068 base=-0.173 r1=0.019 path=0.0299 cap=0.0177 | Lg=+0.9635 | 6s
  600 acq  m=8 hq=0.515 fail | Dr=+0.851/+2.180 |Dr|max=2.180 Df=+0.664 | g r=0.162 f=0.276 p=0.560(0.009) max=1.495 | Ld=-0.1290 base=-0.183 r1=0.0289 path=0.0112 cap=0.0139 | Lg=+1.0207 | 6s
  610 acq  m=7 hq=0.564 fail | Dr=+0.827/+2.105 |Dr|max=2.105 Df=+0.659 | g r=0.100 f=0.350 p=0.517(0.003) max=1.323 | Ld=-0.0867 base=-0.109 r1=0.0128 path=0.0088 cap=0.000445 | Lg=+0.8999 | 6s
  620 acq  m=8 hq=0.869 fail | Dr=+0.553/+1.785 |Dr|max=1.785 Df=+0.427 | g r=0.096 f=0.154 p=0.472(0.004) max=1.206 | Ld=-0.0438 base=-0.0861 r1=0.0157 path=0.0168 cap=0.00991 | Lg=+0.9004 | 7s
  630 acq  m=8 hq=0.419 fail | Dr=+0.563/+1.997 |Dr|max=1.997 Df=+0.367 | g r=0.160 f=0.373 p=0.647(0.007) max=1.946 | Ld=-0.1065 base=-0.261 r1=0.0321 path=0.117 cap=0.00562 | Lg=+1.1412 | 7s
  640 acq  m=7 hq=0.393 fail | Dr=+0.652/+1.644 |Dr|max=1.644 Df=+0.464 | g r=0.149 f=0.426 p=0.533(0.010) max=1.405 | Ld=-0.0933 base=-0.179 r1=0.0203 path=0.0496 cap=0.0163 | Lg=+0.9516 | 7s
  650 acq  m=8 hq=0.874 fail | Dr=+0.675/+2.128 |Dr|max=2.128 Df=+0.535 | g r=0.100 f=0.145 p=0.507(0.001) max=1.524 | Ld=-0.0803 base=-0.129 r1=0.019 path=0.024 cap=0.00585 | Lg=+0.9720 | 7s
  660 acq  m=8 hq=0.862 fail | Dr=+0.938/+2.448 |Dr|max=2.448 Df=+0.812 | g r=0.112 f=0.146 p=0.517(0.005) max=1.366 | Ld=-0.0509 base=-0.0984 r1=0.0211 path=0.0229 cap=0.00354 | Lg=+0.9568 | 7s
  670 acq  m=8 hq=0.760 fail | Dr=+0.726/+1.208 |Dr|max=1.208 Df=+0.655 | g r=0.090 f=0.178 p=0.417(0.001) max=1.366 | Ld=-0.0333 base=-0.0642 r1=0.0149 path=0.00609 cap=0.0099 | Lg=+0.7606 | 7s
  680 acq  m=8 hq=0.911 PASS | Dr=+0.987/+2.134 |Dr|max=2.134 Df=+0.873 | g r=0.063 f=0.097 p=0.481(0.003) max=1.312 | Ld=-0.0416 base=-0.0615 r1=0.00805 path=0.00659 cap=0.00529 | Lg=+0.8496 | 7s
  690 acq  m=8 hq=0.873 fail | Dr=+0.827/+2.460 |Dr|max=2.460 Df=+0.670 | g r=0.107 f=0.143 p=0.579(0.002) max=1.585 | Ld=-0.1053 base=-0.128 r1=0.0148 path=0.00576 cap=0.00212 | Lg=+1.0431 | 7s
  700 acq  m=8 hq=0.877 fail | Dr=+0.729/+1.750 |Dr|max=1.750 Df=+0.616 | g r=0.094 f=0.132 p=0.436(0.003) max=1.395 | Ld=-0.0431 base=-0.097 r1=0.00907 path=0.0218 cap=0.0231 | Lg=+0.8715 | 7s
  710 acq  m=8 hq=0.884 fail | Dr=+0.679/+2.029 |Dr|max=2.029 Df=+0.553 | g r=0.097 f=0.136 p=0.501(0.002) max=1.256 | Ld=-0.0453 base=-0.0847 r1=0.0167 path=0.0222 cap=0.000483 | Lg=+0.9245 | 7s
  720 acq  m=8 hq=0.894 fail | Dr=+0.854/+2.229 |Dr|max=2.229 Df=+0.719 | g r=0.116 f=0.143 p=0.515(0.008) max=1.239 | Ld=-0.0665 base=-0.0998 r1=0.0197 path=0.00655 cap=0.00695 | Lg=+0.9420 | 7s
  730 acq  m=8 hq=0.903 PASS | Dr=+1.036/+2.642 |Dr|max=2.642 Df=+0.934 | g r=0.094 f=0.101 p=0.482(0.002) max=1.470 | Ld=-0.0492 base=-0.0794 r1=0.0105 path=0.0103 cap=0.00938 | Lg=+0.9545 | 7s
  740 acq  m=5 hq=0.240 fail | Dr=+1.006/+2.562 |Dr|max=2.562 Df=+0.800 | g r=0.171 f=0.435 p=0.554(0.003) max=2.180 | Ld=+0.1932 base=-0.279 r1=0.0419 path=0.133 cap=0.297 | Lg=+1.0380 | 7s
  750 acq  m=6 hq=0.438 fail | Dr=+0.844/+1.729 |Dr|max=1.729 Df=+0.696 | g r=0.119 f=0.350 p=0.487(0.007) max=1.266 | Ld=-0.0460 base=-0.106 r1=0.0295 path=0.00644 cap=0.0241 | Lg=+0.8238 | 8s
  760 acq  m=5 hq=0.190 fail | Dr=+0.760/+1.238 |Dr|max=1.238 Df=+0.534 | g r=0.189 f=0.502 p=0.557(0.015) max=1.771 | Ld=-0.2312 base=-0.307 r1=0.0366 path=0.0208 cap=0.0184 | Lg=+0.9661 | 8s
  770 acq  m=5 hq=0.511 fail | Dr=+0.832/+2.070 |Dr|max=2.070 Df=+0.665 | g r=0.100 f=0.253 p=0.522(0.001) max=1.303 | Ld=-0.0555 base=-0.098 r1=0.0133 path=0.0203 cap=0.00903 | Lg=+0.8937 | 8s
  780 acq  m=8 hq=0.659 fail | Dr=+0.994/+1.949 |Dr|max=1.949 Df=+0.892 | g r=0.109 f=0.270 p=0.459(0.003) max=1.212 | Ld=-0.0329 base=-0.0981 r1=0.0266 path=0.0111 cap=0.0275 | Lg=+0.8088 | 8s
  790 acq  m=8 hq=0.352 fail | Dr=+0.819/+1.626 |Dr|max=1.626 Df=+0.642 | g r=0.149 f=0.512 p=0.584(0.004) max=1.743 | Ld=-0.0924 base=-0.197 r1=0.0285 path=0.0481 cap=0.0276 | Lg=+0.9556 | 8s
  800 acq  m=8 hq=0.337 fail | Dr=+0.496/+1.159 |Dr|max=1.159 Df=+0.336 | g r=0.170 f=0.508 p=0.511(0.005) max=1.359 | Ld=-0.0947 base=-0.215 r1=0.0489 path=0.0313 cap=0.0402 | Lg=+0.8762 | 8s
  810 acq  m=7 hq=0.460 fail | Dr=+0.590/+1.753 |Dr|max=1.753 Df=+0.351 | g r=0.127 f=0.505 p=0.580(0.004) max=1.381 | Ld=-0.1129 base=-0.163 r1=0.0253 path=0.0198 cap=0.00546 | Lg=+0.9902 | 8s
  820 acq  m=8 hq=0.472 fail | Dr=+0.830/+2.482 |Dr|max=2.482 Df=+0.625 | g r=0.154 f=0.441 p=0.595(0.011) max=1.777 | Ld=-0.1589 base=-0.192 r1=0.0219 path=0.00587 cap=0.0059 | Lg=+1.0302 | 8s
  830 acq  m=8 hq=0.562 fail | Dr=+0.648/+1.798 |Dr|max=1.798 Df=+0.489 | g r=0.102 f=0.311 p=0.513(0.004) max=1.526 | Ld=-0.0900 base=-0.114 r1=0.018 path=0.00568 cap=0.000268 | Lg=+0.9069 | 8s
  840 acq  m=8 hq=0.737 fail | Dr=+0.718/+2.138 |Dr|max=2.138 Df=+0.602 | g r=0.096 f=0.267 p=0.481(0.005) max=1.351 | Ld=-0.0620 base=-0.1 r1=0.0253 path=0.0122 cap=0.000923 | Lg=+0.9413 | 8s
  850 acq  m=6 hq=0.516 fail | Dr=+0.517/+1.918 |Dr|max=1.918 Df=+0.371 | g r=0.096 f=0.338 p=0.487(0.004) max=1.260 | Ld=-0.0710 base=-0.098 r1=0.0157 path=0.0112 cap=0.000144 | Lg=+0.9284 | 8s
  860 acq  m=6 hq=0.262 fail | Dr=+0.564/+2.221 |Dr|max=2.221 Df=+0.317 | g r=0.145 f=0.583 p=0.628(0.002) max=1.623 | Ld=-0.1591 base=-0.208 r1=0.0271 path=0.0198 cap=0.00221 | Lg=+1.0446 | 8s
  870 acq  m=8 hq=0.907 PASS | Dr=+0.727/+2.217 |Dr|max=2.217 Df=+0.610 | g r=0.076 f=0.111 p=0.518(0.005) max=1.380 | Ld=-0.0642 base=-0.086 r1=0.0108 path=0.00962 cap=0.00137 | Lg=+0.9103 | 9s
  880 acq  m=8 hq=0.895 fail | Dr=+0.653/+1.863 |Dr|max=1.863 Df=+0.525 | g r=0.071 f=0.108 p=0.509(0.003) max=1.356 | Ld=-0.0467 base=-0.0692 r1=0.00886 path=0.012 cap=0.00159 | Lg=+0.9005 | 9s
  890 acq  m=8 hq=0.922 PASS | Dr=+0.788/+2.009 |Dr|max=2.009 Df=+0.663 | g r=0.081 f=0.106 p=0.503(0.002) max=1.525 | Ld=-0.0540 base=-0.0817 r1=0.0153 path=0.0117 cap=0.000634 | Lg=+0.9063 | 9s
  900 acq  m=8 hq=0.916 PASS | Dr=+0.468/+1.809 |Dr|max=1.809 Df=+0.368 | g r=0.143 f=0.146 p=0.453(0.011) max=1.182 | Ld=-0.0384 base=-0.111 r1=0.0393 path=0.0135 cap=0.0197 | Lg=+0.9097 | 9s
  910 acq  m=8 hq=0.926 PASS | Dr=+0.370/+2.026 |Dr|max=2.026 Df=+0.274 | g r=0.091 f=0.102 p=0.486(0.004) max=1.439 | Ld=-0.0632 base=-0.106 r1=0.00706 path=0.0299 cap=0.00548 | Lg=+0.9678 | 9s
  920 acq  m=8 hq=0.917 PASS | Dr=+0.831/+2.724 |Dr|max=2.724 Df=+0.718 | g r=0.105 f=0.118 p=0.552(0.006) max=1.497 | Ld=-0.0911 base=-0.105 r1=0.0103 path=0.00307 cap=0.000847 | Lg=+1.0441 | 9s
  930 acq  m=8 hq=0.851 fail | Dr=+0.528/+1.564 |Dr|max=1.564 Df=+0.427 | g r=0.119 f=0.111 p=0.463(0.003) max=1.287 | Ld=-0.0210 base=-0.0577 r1=0.0254 path=0.0109 cap=0.000412 | Lg=+0.9078 | 9s
  940 acq  m=8 hq=0.897 fail | Dr=+0.781/+2.569 |Dr|max=2.569 Df=+0.695 | g r=0.135 f=0.145 p=0.510(0.004) max=1.536 | Ld=-0.0128 base=-0.0851 r1=0.0166 path=0.0253 cap=0.0303 | Lg=+0.9365 | 9s
  950 acq  m=8 hq=0.932 PASS | Dr=+0.724/+2.740 |Dr|max=2.740 Df=+0.604 | g r=0.088 f=0.103 p=0.559(0.003) max=1.349 | Ld=-0.1023 base=-0.138 r1=0.00883 path=0.0253 cap=0.00166 | Lg=+1.0635 | 9s
  960 acq  m=8 hq=0.892 fail | Dr=+0.581/+2.265 |Dr|max=2.265 Df=+0.471 | g r=0.100 f=0.116 p=0.521(0.004) max=1.651 | Ld=-0.1454 base=-0.21 r1=0.0185 path=0.0218 cap=0.0242 | Lg=+0.9820 | 9s
  970 acq  m=8 hq=0.930 PASS | Dr=+0.582/+2.154 |Dr|max=2.154 Df=+0.489 | g r=0.091 f=0.106 p=0.489(0.008) max=1.170 | Ld=-0.0021 base=-0.0336 r1=0.0134 path=0.0169 cap=0.00128 | Lg=+0.8971 | 9s
  980 acq  m=8 hq=0.815 fail | Dr=+0.599/+2.413 |Dr|max=2.413 Df=+0.492 | g r=0.130 f=0.165 p=0.525(0.007) max=1.534 | Ld=-0.0805 base=-0.113 r1=0.00875 path=0.0124 cap=0.0109 | Lg=+1.0266 | 10s
  990 acq  m=8 hq=0.906 PASS | Dr=+0.430/+1.763 |Dr|max=1.763 Df=+0.366 | g r=0.113 f=0.140 p=0.430(0.002) max=1.855 | Ld=-0.0516 base=-0.129 r1=0.0265 path=0.0284 cap=0.0221 | Lg=+0.8888 | 10s
 1000 acq  m=8 hq=0.900 PASS | Dr=+0.704/+2.102 |Dr|max=2.102 Df=+0.619 | g r=0.107 f=0.120 p=0.446(0.001) max=1.218 | Ld=-0.0541 base=-0.124 r1=0.00863 path=0.0293 cap=0.0318 | Lg=+0.8816 | 10s
 1010 acq  m=8 hq=0.935 PASS | Dr=+0.832/+2.659 |Dr|max=2.659 Df=+0.728 | g r=0.065 f=0.075 p=0.521(0.007) max=1.230 | Ld=-0.0779 base=-0.0911 r1=0.00808 path=0.00492 cap=0.000264 | Lg=+0.9801 | 10s
 1020 acq  m=8 hq=0.930 PASS | Dr=+0.934/+2.978 |Dr|max=2.978 Df=+0.839 | g r=0.091 f=0.098 p=0.522(0.004) max=1.330 | Ld=-0.0777 base=-0.1 r1=0.00899 path=0.0101 cap=0.0033 | Lg=+0.9902 | 10s
 1030 acq  m=8 hq=0.914 PASS | Dr=+0.514/+2.271 |Dr|max=2.271 Df=+0.413 | g r=0.107 f=0.140 p=0.524(0.002) max=1.414 | Ld=-0.0405 base=-0.068 r1=0.0181 path=0.00898 cap=0.000415 | Lg=+0.9808 | 10s
 1040 acq  m=8 hq=0.936 PASS | Dr=+0.628/+2.006 |Dr|max=2.006 Df=+0.535 | g r=0.074 f=0.082 p=0.473(0.003) max=1.286 | Ld=-0.0147 base=-0.0488 r1=0.0104 path=0.0232 cap=0.0005 | Lg=+0.8723 | 10s
 1050 acq  m=8 hq=0.903 PASS | Dr=+0.676/+2.359 |Dr|max=2.359 Df=+0.579 | g r=0.076 f=0.103 p=0.530(0.004) max=1.352 | Ld=-0.0460 base=-0.0755 r1=0.00797 path=0.0212 cap=0.000289 | Lg=+0.9501 | 10s
 1060 acq  m=8 hq=0.938 PASS | Dr=+0.750/+2.315 |Dr|max=2.315 Df=+0.695 | g r=0.067 f=0.084 p=0.462(0.002) max=1.347 | Ld=-0.0037 base=-0.0348 r1=0.014 path=0.0163 cap=0.000787 | Lg=+0.8803 | 10s
 1070 acq  m=8 hq=0.957 PASS | Dr=+0.639/+2.090 |Dr|max=2.090 Df=+0.559 | g r=0.072 f=0.090 p=0.460(0.007) max=1.117 | Ld=+0.0145 base=-0.00158 r1=0.00672 path=0.00861 cap=0.00078 | Lg=+0.8528 | 11s
 1080 acq  m=8 hq=0.923 PASS | Dr=+0.560/+2.184 |Dr|max=2.184 Df=+0.484 | g r=0.081 f=0.088 p=0.512(0.001) max=1.268 | Ld=-0.0379 base=-0.0535 r1=0.00664 path=0.00666 cap=0.00224 | Lg=+0.8717 | 11s
 1090 acq  m=8 hq=0.905 PASS | Dr=+0.957/+2.968 |Dr|max=2.968 Df=+0.883 | g r=0.105 f=0.116 p=0.517(0.002) max=1.545 | Ld=-0.0329 base=-0.0552 r1=0.0139 path=0.00759 cap=0.000818 | Lg=+1.0007 | 11s
 1100 acq  m=8 hq=0.932 PASS | Dr=+0.725/+2.724 |Dr|max=2.724 Df=+0.619 | g r=0.050 f=0.068 p=0.530(0.002) max=1.375 | Ld=-0.0849 base=-0.0932 r1=0.00378 path=0.00371 cap=0.000783 | Lg=+1.0352 | 11s
 1110 acq  m=8 hq=0.948 PASS | Dr=+0.637/+2.073 |Dr|max=2.073 Df=+0.573 | g r=0.098 f=0.106 p=0.456(0.000) max=1.096 | Ld=+0.0205 base=-0.0124 r1=0.0166 path=0.0123 cap=0.00391 | Lg=+0.8469 | 11s
 1120 acq  m=8 hq=0.875 fail | Dr=+0.534/+2.307 |Dr|max=2.307 Df=+0.419 | g r=0.106 f=0.137 p=0.562(0.003) max=1.348 | Ld=-0.0791 base=-0.103 r1=0.0147 path=0.00666 cap=0.00251 | Lg=+0.9922 | 11s
 1130 acq  m=8 hq=0.937 PASS | Dr=+0.307/+1.236 |Dr|max=1.288 Df=+0.219 | g r=0.074 f=0.095 p=0.452(0.002) max=1.368 | Ld=-0.0194 base=-0.0387 r1=0.012 path=0.00706 cap=0.000144 | Lg=+0.8773 | 11s
 1140 acq  m=8 hq=0.902 PASS | Dr=+0.670/+2.623 |Dr|max=2.623 Df=+0.557 | g r=0.097 f=0.111 p=0.587(0.006) max=1.572 | Ld=-0.0713 base=-0.0873 r1=0.00722 path=0.00669 cap=0.00206 | Lg=+1.0108 | 11s
 1150 acq  m=8 hq=0.915 PASS | Dr=+0.590/+1.687 |Dr|max=1.687 Df=+0.499 | g r=0.100 f=0.102 p=0.478(0.003) max=1.553 | Ld=+0.0273 base=0.00133 r1=0.00964 path=0.0088 cap=0.00751 | Lg=+0.9008 | 11s
 1160 acq  m=8 hq=0.688 fail | Dr=+0.405/+1.726 |Dr|max=1.726 Df=+0.333 | g r=0.090 f=0.220 p=0.396(0.001) max=1.157 | Ld=-0.0386 base=-0.0687 r1=0.0164 path=0.00542 cap=0.00833 | Lg=+0.8521 | 12s
 1170 acq  m=8 hq=0.954 PASS | Dr=+0.507/+2.233 |Dr|max=2.233 Df=+0.435 | g r=0.065 f=0.078 p=0.461(0.004) max=1.208 | Ld=-0.0466 base=-0.0672 r1=0.0135 path=0.00673 cap=0.000419 | Lg=+0.9431 | 12s
 1180 acq  m=8 hq=0.940 PASS | Dr=+0.523/+2.349 |Dr|max=2.349 Df=+0.417 | g r=0.071 f=0.089 p=0.563(0.001) max=1.427 | Ld=-0.1002 base=-0.125 r1=0.00865 path=0.015 cap=0.00114 | Lg=+1.0464 | 12s
 1190 acq  m=8 hq=0.954 PASS | Dr=+0.559/+2.155 |Dr|max=2.155 Df=+0.463 | g r=0.052 f=0.062 p=0.502(0.001) max=1.410 | Ld=-0.0429 base=-0.0649 r1=0.00518 path=0.0158 cap=0.00111 | Lg=+0.9276 | 12s
 1200 acq  m=8 hq=0.963 PASS | Dr=+0.404/+1.789 |Dr|max=1.789 Df=+0.324 | g r=0.077 f=0.079 p=0.455(0.002) max=1.190 | Ld=-0.0048 base=-0.0272 r1=0.0112 path=0.00776 cap=0.00341 | Lg=+0.8649 | 12s
 1210 hold m=8 hq=0.916 PASS | Dr=+0.804/+2.894 |Dr|max=2.894 Df=+0.746 | g r=0.102 f=0.129 p=0.533(0.006) max=1.314 | Ld=-0.0848 base=-0.101 r1=0.0111 path=0.00534 cap=0.000103 | Lg=+1.0043 | 12s
 1220 hold m=8 hq=0.920 PASS | Dr=+0.497/+2.159 |Dr|max=2.159 Df=+0.421 | g r=0.090 f=0.108 p=0.465(0.011) max=1.200 | Ld=-0.0362 base=-0.0513 r1=0.00955 path=0.0054 cap=0.000142 | Lg=+0.9527 | 12s
 1230 hold m=8 hq=0.861 fail | Dr=+0.558/+2.221 |Dr|max=2.221 Df=+0.450 | g r=0.095 f=0.113 p=0.561(0.001) max=1.404 | Ld=-0.0816 base=-0.102 r1=0.00573 path=0.0124 cap=0.00219 | Lg=+1.0217 | 12s
 1240 hold m=8 hq=0.936 PASS | Dr=+0.553/+2.286 |Dr|max=2.286 Df=+0.463 | g r=0.092 f=0.107 p=0.528(0.004) max=1.328 | Ld=-0.0860 base=-0.104 r1=0.0064 path=0.00942 cap=0.00168 | Lg=+0.9670 | 12s
 1250 hold m=8 hq=0.924 PASS | Dr=+0.354/+2.013 |Dr|max=2.013 Df=+0.283 | g r=0.129 f=0.124 p=0.480(0.009) max=1.212 | Ld=-0.0912 base=-0.129 r1=0.0134 path=0.0119 cap=0.0126 | Lg=+0.9146 | 12s
 1260 hold m=8 hq=0.937 PASS | Dr=+0.395/+2.412 |Dr|max=2.412 Df=+0.306 | g r=0.079 f=0.092 p=0.543(0.005) max=1.417 | Ld=-0.0917 base=-0.11 r1=0.00463 path=0.0134 cap=0.000249 | Lg=+1.0106 | 13s
 1270 hold m=8 hq=0.953 PASS | Dr=+0.441/+2.025 |Dr|max=2.025 Df=+0.368 | g r=0.056 f=0.060 p=0.462(0.001) max=1.156 | Ld=-0.0395 base=-0.0514 r1=0.00733 path=0.00456 cap=5.26e-06 | Lg=+0.9191 | 13s
 1280 hold m=8 hq=0.951 PASS | Dr=+0.265/+1.678 |Dr|max=1.678 Df=+0.205 | g r=0.107 f=0.101 p=0.436(0.001) max=1.090 | Ld=+0.0298 base=-0.0155 r1=0.0207 path=0.0227 cap=0.00188 | Lg=+0.8699 | 13s
 1290 hold m=8 hq=0.937 PASS | Dr=+0.672/+2.419 |Dr|max=2.419 Df=+0.627 | g r=0.098 f=0.101 p=0.472(0.003) max=1.281 | Ld=+0.0085 base=-0.0115 r1=0.0082 path=0.00768 cap=0.00418 | Lg=+0.9208 | 13s
 1300 hold m=8 hq=0.959 PASS | Dr=+0.499/+1.940 |Dr|max=1.940 Df=+0.436 | g r=0.070 f=0.069 p=0.460(0.001) max=1.157 | Ld=+0.0060 base=-0.0106 r1=0.00539 path=0.00802 cap=0.00319 | Lg=+0.8525 | 13s
 1310 hold m=8 hq=0.934 PASS | Dr=+0.682/+2.743 |Dr|max=2.743 Df=+0.606 | g r=0.104 f=0.117 p=0.550(0.001) max=1.446 | Ld=-0.0842 base=-0.115 r1=0.00731 path=0.0174 cap=0.00632 | Lg=+1.0223 | 13s
 1320 hold m=5 hq=0.512 fail | Dr=+0.489/+1.978 |Dr|max=1.978 Df=+0.355 | g r=0.086 f=0.290 p=0.531(0.004) max=1.298 | Ld=-0.0125 base=-0.0418 r1=0.00865 path=0.0179 cap=0.00273 | Lg=+0.9605 | 13s
 1330 hold m=5 hq=0.165 fail | Dr=+0.429/+2.210 |Dr|max=2.210 Df=+0.257 | g r=0.166 f=0.510 p=0.634(0.006) max=1.639 | Ld=-0.1368 base=-0.207 r1=0.0341 path=0.0329 cap=0.00367 | Lg=+1.1064 | 13s
 1340 hold m=6 hq=0.217 fail | Dr=+0.622/+1.719 |Dr|max=1.719 Df=+0.468 | g r=0.147 f=0.600 p=0.525(0.012) max=1.231 | Ld=-0.1590 base=-0.219 r1=0.0279 path=0.0163 cap=0.0162 | Lg=+0.9088 | 13s
 1350 hold m=8 hq=0.432 fail | Dr=+0.499/+1.559 |Dr|max=1.559 Df=+0.364 | g r=0.114 f=0.447 p=0.507(0.004) max=1.219 | Ld=-0.0377 base=-0.0693 r1=0.0193 path=0.00666 cap=0.00563 | Lg=+0.8452 | 13s
 1360 hold m=6 hq=0.312 fail | Dr=+0.226/+0.923 |Dr|max=0.923 Df=+0.079 | g r=0.161 f=0.698 p=0.564(0.005) max=1.406 | Ld=-0.1236 base=-0.263 r1=0.0312 path=0.0938 cap=0.0144 | Lg=+0.9241 | 14s
 1370 hold m=6 hq=0.411 fail | Dr=+0.159/+0.779 |Dr|max=0.897 Df=-0.043 | g r=0.123 f=0.389 p=0.487(0.010) max=1.314 | Ld=-0.0811 base=-0.244 r1=0.0356 path=0.108 cap=0.0194 | Lg=+0.8826 | 14s
 1380 hold m=6 hq=0.172 fail | Dr=+0.442/+1.531 |Dr|max=1.531 Df=+0.272 | g r=0.131 f=0.586 p=0.552(0.002) max=1.292 | Ld=-0.0720 base=-0.115 r1=0.0307 path=0.0087 cap=0.00393 | Lg=+0.8823 | 14s
 1390 hold m=8 hq=0.395 fail | Dr=+0.436/+1.528 |Dr|max=1.528 Df=+0.252 | g r=0.112 f=0.495 p=0.534(0.005) max=1.270 | Ld=-0.0594 base=-0.0884 r1=0.0239 path=0.00394 cap=0.00121 | Lg=+0.8751 | 14s
 1400 hold m=8 hq=0.390 fail | Dr=+0.430/+1.483 |Dr|max=1.483 Df=+0.292 | g r=0.136 f=0.473 p=0.521(0.010) max=1.228 | Ld=-0.0383 base=-0.0827 r1=0.0282 path=0.0112 cap=0.00496 | Lg=+0.8565 | 14s
 1410 hold m=7 hq=0.116 fail | Dr=+0.615/+1.756 |Dr|max=1.756 Df=+0.379 | g r=0.142 f=0.614 p=0.583(0.005) max=1.332 | Ld=-0.1573 base=-0.198 r1=0.0281 path=0.00341 cap=0.00952 | Lg=+0.9289 | 14s
 1420 hold m=8 hq=0.526 fail | Dr=+0.477/+1.701 |Dr|max=1.701 Df=+0.383 | g r=0.107 f=0.331 p=0.476(0.002) max=1.283 | Ld=-0.0531 base=-0.0764 r1=0.0189 path=0.00439 cap=1.17e-05 | Lg=+0.8425 | 14s
 1430 hold m=8 hq=0.390 fail | Dr=+0.305/+1.408 |Dr|max=1.408 Df=+0.104 | g r=0.146 f=0.525 p=0.592(0.009) max=1.541 | Ld=-0.2242 base=-0.268 r1=0.0338 path=0.00277 cap=0.00684 | Lg=+1.0051 | 14s
 1440 hold m=8 hq=0.700 fail | Dr=+0.301/+1.389 |Dr|max=1.389 Df=+0.222 | g r=0.122 f=0.252 p=0.413(0.005) max=1.275 | Ld=-0.0129 base=-0.0613 r1=0.0347 path=0.00738 cap=0.00628 | Lg=+0.8117 | 14s
 1450 hold m=8 hq=0.914 PASS | Dr=+0.295/+1.365 |Dr|max=1.365 Df=+0.223 | g r=0.074 f=0.113 p=0.423(0.001) max=1.467 | Ld=-0.0243 base=-0.0435 r1=0.015 path=0.00357 cap=0.0006 | Lg=+0.8678 | 14s
 1460 hold m=8 hq=0.948 PASS | Dr=+0.330/+1.779 |Dr|max=1.779 Df=+0.271 | g r=0.073 f=0.089 p=0.426(0.001) max=1.171 | Ld=-0.0229 base=-0.046 r1=0.0167 path=0.00545 cap=0.00085 | Lg=+0.8929 | 15s
 1470 hold m=8 hq=0.949 PASS | Dr=+0.237/+1.714 |Dr|max=1.714 Df=+0.145 | g r=0.079 f=0.084 p=0.485(0.004) max=1.381 | Ld=-0.0685 base=-0.0875 r1=0.00789 path=0.0074 cap=0.00372 | Lg=+0.9537 | 15s
 1480 hold m=8 hq=0.955 PASS | Dr=+0.368/+1.910 |Dr|max=1.910 Df=+0.303 | g r=0.083 f=0.088 p=0.454(0.002) max=1.257 | Ld=-0.0169 base=-0.0309 r1=0.00782 path=0.00439 cap=0.00175 | Lg=+0.8651 | 15s
 1490 hold m=8 hq=0.923 PASS | Dr=+0.444/+1.513 |Dr|max=1.513 Df=+0.386 | g r=0.124 f=0.128 p=0.417(0.004) max=1.274 | Ld=-0.0091 base=-0.0511 r1=0.0181 path=0.0213 cap=0.00266 | Lg=+0.8509 | 15s
 1500 hold m=8 hq=0.961 PASS | Dr=+0.446/+1.878 |Dr|max=1.878 Df=+0.378 | g r=0.047 f=0.049 p=0.412(0.002) max=1.210 | Ld=-0.0336 base=-0.053 r1=0.00844 path=0.011 cap=2.91e-05 | Lg=+0.8924 | 15s
 1510 hold m=8 hq=0.972 PASS | Dr=+0.430/+1.701 |Dr|max=1.701 Df=+0.382 | g r=0.036 f=0.038 p=0.367(0.001) max=1.160 | Ld=-0.0041 base=-0.011 r1=0.00288 path=0.00367 cap=0.000335 | Lg=+0.8144 | 15s
 1520 hold m=8 hq=0.967 PASS | Dr=+0.030/+1.355 |Dr|max=1.557 Df=-0.028 | g r=0.092 f=0.098 p=0.417(0.005) max=1.160 | Ld=+0.0043 base=-0.0304 r1=0.0153 path=0.0139 cap=0.00551 | Lg=+0.8891 | 15s
 1530 hold m=8 hq=0.958 PASS | Dr=+0.768/+2.496 |Dr|max=2.496 Df=+0.727 | g r=0.087 f=0.095 p=0.449(0.004) max=1.636 | Ld=-0.0368 base=-0.0726 r1=0.0161 path=0.0187 cap=0.000989 | Lg=+0.9917 | 15s
 1540 hold m=8 hq=0.967 PASS | Dr=+0.330/+1.519 |Dr|max=1.519 Df=+0.271 | g r=0.038 f=0.042 p=0.398(0.001) max=1.147 | Ld=-0.0060 base=-0.0154 r1=0.00417 path=0.00522 cap=4.03e-05 | Lg=+0.8307 | 15s
 1550 hold m=8 hq=0.964 PASS | Dr=+0.303/+1.254 |Dr|max=1.254 Df=+0.250 | g r=0.063 f=0.072 p=0.386(0.003) max=1.157 | Ld=+0.0122 base=-0.00564 r1=0.0112 path=0.0059 cap=0.000699 | Lg=+0.7970 | 15s
 1560 hold m=8 hq=0.937 PASS | Dr=+0.366/+1.554 |Dr|max=1.554 Df=+0.294 | g r=0.076 f=0.080 p=0.424(0.002) max=1.211 | Ld=-0.0271 base=-0.0436 r1=0.00945 path=0.00677 cap=0.000324 | Lg=+0.8660 | 16s
 1570 hold m=8 hq=0.952 PASS | Dr=+0.509/+2.322 |Dr|max=2.322 Df=+0.441 | g r=0.056 f=0.060 p=0.480(0.000) max=1.310 | Ld=-0.0577 base=-0.0749 r1=0.00802 path=0.00829 cap=0.000903 | Lg=+0.9345 | 16s
 1580 hold m=8 hq=0.967 PASS | Dr=+0.599/+2.258 |Dr|max=2.258 Df=+0.555 | g r=0.075 f=0.075 p=0.483(0.000) max=1.352 | Ld=-0.0158 base=-0.0317 r1=0.00505 path=0.00944 cap=0.00141 | Lg=+0.9041 | 16s
 1590 hold m=8 hq=0.934 PASS | Dr=+0.277/+1.932 |Dr|max=1.932 Df=+0.226 | g r=0.095 f=0.091 p=0.466(0.003) max=1.176 | Ld=-0.0218 base=-0.0379 r1=0.01 path=0.00486 cap=0.00126 | Lg=+0.9218 | 16s
 1600 hold m=8 hq=0.960 PASS | Dr=+0.172/+1.150 |Dr|max=1.433 Df=+0.105 | g r=0.053 f=0.058 p=0.427(0.001) max=1.178 | Ld=-0.0335 base=-0.0458 r1=0.00334 path=0.00893 cap=2.61e-05 | Lg=+0.8515 | 16s
 1610 hold m=8 hq=0.939 PASS | Dr=+0.173/+1.448 |Dr|max=1.448 Df=+0.131 | g r=0.101 f=0.100 p=0.400(0.003) max=1.075 | Ld=+0.0200 base=-0.0173 r1=0.0115 path=0.0172 cap=0.00859 | Lg=+0.8402 | 16s
 1620 hold m=8 hq=0.972 PASS | Dr=+0.392/+1.776 |Dr|max=1.776 Df=+0.325 | g r=0.043 f=0.047 p=0.448(0.001) max=1.208 | Ld=-0.0454 base=-0.0597 r1=0.00244 path=0.0116 cap=0.000287 | Lg=+0.9033 | 16s
 1630 hold m=8 hq=0.956 PASS | Dr=+0.279/+1.605 |Dr|max=1.605 Df=+0.233 | g r=0.084 f=0.086 p=0.429(0.001) max=1.102 | Ld=-0.0062 base=-0.0289 r1=0.0127 path=0.00793 cap=0.00204 | Lg=+0.8495 | 16s
 1640 hold m=8 hq=0.977 PASS | Dr=+0.368/+1.681 |Dr|max=1.681 Df=+0.317 | g r=0.060 f=0.061 p=0.430(0.003) max=1.270 | Ld=-0.0167 base=-0.0374 r1=0.00565 path=0.015 cap=6.27e-05 | Lg=+0.8428 | 16s
 1650 hold m=8 hq=0.925 PASS | Dr=+0.090/+1.235 |Dr|max=1.235 Df=+0.052 | g r=0.121 f=0.123 p=0.381(0.007) max=1.202 | Ld=+0.0544 base=-0.0212 r1=0.0118 path=0.047 cap=0.0167 | Lg=+0.7977 | 16s
 1660 hold m=8 hq=0.969 PASS | Dr=+0.270/+1.282 |Dr|max=1.282 Df=+0.216 | g r=0.039 f=0.042 p=0.429(0.001) max=1.355 | Ld=-0.0349 base=-0.0449 r1=0.0024 path=0.00707 cap=0.00047 | Lg=+0.8257 | 17s
 1670 hold m=8 hq=0.960 PASS | Dr=+0.256/+1.214 |Dr|max=1.214 Df=+0.213 | g r=0.096 f=0.092 p=0.390(0.001) max=1.177 | Ld=+0.0270 base=0.0116 r1=0.011 path=0.00296 cap=0.00141 | Lg=+0.8011 | 17s
 1680 hold m=8 hq=0.949 PASS | Dr=+0.078/+1.103 |Dr|max=1.465 Df=+0.012 | g r=0.067 f=0.072 p=0.450(0.002) max=1.391 | Ld=-0.0116 base=-0.03 r1=0.00842 path=0.00904 cap=0.00092 | Lg=+0.8576 | 17s
 1690 hold m=8 hq=0.961 PASS | Dr=-0.027/+1.093 |Dr|max=1.340 Df=-0.077 | g r=0.052 f=0.053 p=0.378(0.001) max=1.014 | Ld=-0.0200 base=-0.0294 r1=0.00675 path=0.0026 | Lg=+0.8315 | 17s
 1700 hold m=8 hq=0.968 PASS | Dr=+0.261/+1.758 |Dr|max=1.758 Df=+0.212 | g r=0.061 f=0.063 p=0.440(0.001) max=1.151 | Ld=-0.0127 base=-0.0343 r1=0.00763 path=0.0138 cap=0.00012 | Lg=+0.8861 | 17s
 1710 hold m=8 hq=0.941 PASS | Dr=+0.246/+2.023 |Dr|max=2.023 Df=+0.191 | g r=0.051 f=0.055 p=0.491(0.000) max=1.317 | Ld=-0.0428 base=-0.0546 r1=0.00494 path=0.00626 cap=0.000586 | Lg=+0.9416 | 17s
 1720 hold m=8 hq=0.950 PASS | Dr=+0.147/+1.042 |Dr|max=1.042 Df=+0.110 | g r=0.053 f=0.054 p=0.362(0.001) max=1.096 | Ld=+0.0056 base=-0.0137 r1=0.00906 path=0.0102 | Lg=+0.7876 | 17s
 1730 hold m=8 hq=0.958 PASS | Dr=+0.247/+1.971 |Dr|max=1.971 Df=+0.212 | g r=0.081 f=0.078 p=0.464(0.002) max=1.213 | Ld=-0.0454 base=-0.065 r1=0.00823 path=0.0111 cap=0.000259 | Lg=+0.9139 | 17s
 1740 hold m=8 hq=0.867 fail | Dr=+0.126/+1.438 |Dr|max=1.438 Df=+0.105 | g r=0.082 f=0.088 p=0.419(0.004) max=1.243 | Ld=-0.0012 base=-0.042 r1=0.0127 path=0.0233 cap=0.00473 | Lg=+0.8660 | 17s
 1750 hold m=8 hq=0.964 PASS | Dr=+0.238/+1.612 |Dr|max=1.612 Df=+0.204 | g r=0.064 f=0.062 p=0.369(0.002) max=1.087 | Ld=-0.0267 base=-0.0381 r1=0.00283 path=0.00844 cap=0.000122 | Lg=+0.8426 | 17s
 1760 hold m=8 hq=0.970 PASS | Dr=+0.075/+1.152 |Dr|max=1.152 Df=+0.032 | g r=0.037 f=0.038 p=0.361(0.000) max=1.072 | Ld=-0.0167 base=-0.0251 r1=0.00248 path=0.00592 cap=1.02e-06 | Lg=+0.8042 | 18s
 1770 hold m=8 hq=0.965 PASS | Dr=+0.211/+1.649 |Dr|max=1.649 Df=+0.171 | g r=0.067 f=0.071 p=0.415(0.004) max=1.350 | Ld=-0.0046 base=-0.0165 r1=0.00544 path=0.0059 cap=0.000503 | Lg=+0.8718 | 18s
 1780 hold m=8 hq=0.940 PASS | Dr=+0.190/+1.686 |Dr|max=1.686 Df=+0.165 | g r=0.090 f=0.093 p=0.420(0.004) max=1.324 | Ld=-0.0063 base=-0.0277 r1=0.00712 path=0.0127 cap=0.00162 | Lg=+0.8656 | 18s
 1790 hold m=8 hq=0.888 fail | Dr=+0.083/+1.591 |Dr|max=1.591 Df=+0.043 | g r=0.102 f=0.098 p=0.447(0.001) max=1.154 | Ld=-0.0273 base=-0.0625 r1=0.0148 path=0.0135 cap=0.00685 | Lg=+0.8769 | 18s
 1800 hold m=8 hq=0.929 PASS | Dr=+0.257/+2.091 |Dr|max=2.091 Df=+0.211 | g r=0.071 f=0.079 p=0.463(0.003) max=1.296 | Ld=-0.0128 base=-0.03 r1=0.00908 path=0.00804 cap=9.2e-05 | Lg=+0.9711 | 18s
 1810 hold m=8 hq=0.876 fail | Dr=+0.035/+1.993 |Dr|max=2.086 Df=-0.025 | g r=0.089 f=0.096 p=0.525(0.005) max=1.463 | Ld=-0.0515 base=-0.0728 r1=0.00573 path=0.0154 cap=0.000152 | Lg=+1.0358 | 18s
 1820 hold m=8 hq=0.927 PASS | Dr=+0.463/+2.438 |Dr|max=2.438 Df=+0.439 | g r=0.090 f=0.104 p=0.511(0.005) max=1.468 | Ld=-0.0506 base=-0.0651 r1=0.00301 path=0.00929 cap=0.00222 | Lg=+0.9813 | 18s
 1830 hold m=8 hq=0.969 PASS | Dr=-0.071/+1.027 |Dr|max=1.630 Df=-0.122 | g r=0.060 f=0.061 p=0.419(0.001) max=1.088 | Ld=-0.0269 base=-0.0409 r1=0.00683 path=0.0072 cap=2.08e-05 | Lg=+0.8293 | 18s
 1840 hold m=8 hq=0.963 PASS | Dr=-0.140/+0.965 |Dr|max=1.667 Df=-0.195 | g r=0.072 f=0.072 p=0.434(0.006) max=1.216 | Ld=-0.0327 base=-0.0447 r1=0.0101 path=0.00177 cap=0.000118 | Lg=+0.8624 | 18s
 1850 hold m=8 hq=0.909 PASS | Dr=+0.175/+2.128 |Dr|max=2.128 Df=+0.132 | g r=0.079 f=0.076 p=0.485(0.001) max=1.640 | Ld=-0.0562 base=-0.0705 r1=0.00438 path=0.00767 cap=0.00219 | Lg=+1.0125 | 18s
 1860 hold m=8 hq=0.968 PASS | Dr=+0.049/+1.679 |Dr|max=1.679 Df=+0.014 | g r=0.067 f=0.065 p=0.460(0.002) max=1.322 | Ld=-0.0161 base=-0.0283 r1=0.00502 path=0.00603 cap=0.00112 | Lg=+0.9122 | 18s
 1870 hold m=8 hq=0.975 PASS | Dr=+0.176/+1.943 |Dr|max=1.943 Df=+0.127 | g r=0.052 f=0.054 p=0.513(0.002) max=1.433 | Ld=-0.0458 base=-0.0563 r1=0.00422 path=0.00605 cap=0.000223 | Lg=+0.9403 | 19s
 1880 hold m=8 hq=0.906 PASS | Dr=+0.409/+1.948 |Dr|max=1.948 Df=+0.394 | g r=0.074 f=0.078 p=0.447(0.002) max=1.373 | Ld=-0.0403 base=-0.0519 r1=0.00601 path=0.00393 cap=0.00162 | Lg=+0.9137 | 19s
 1890 hold m=8 hq=0.951 PASS | Dr=+0.141/+1.566 |Dr|max=1.566 Df=+0.097 | g r=0.057 f=0.055 p=0.410(0.001) max=1.231 | Ld=-0.0204 base=-0.0302 r1=0.00409 path=0.00477 cap=0.000928 | Lg=+0.8463 | 19s
 1900 hold m=8 hq=0.968 PASS | Dr=-0.099/+1.199 |Dr|max=1.578 Df=-0.149 | g r=0.085 f=0.091 p=0.412(0.004) max=1.220 | Ld=-0.0012 base=-0.0181 r1=0.00693 path=0.00943 cap=0.000526 | Lg=+0.8517 | 19s
 1910 hold m=8 hq=0.961 PASS | Dr=+0.017/+1.207 |Dr|max=1.542 Df=-0.034 | g r=0.042 f=0.045 p=0.385(0.001) max=1.133 | Ld=-0.0147 base=-0.0234 r1=0.00328 path=0.00533 cap=6.89e-05 | Lg=+0.8871 | 19s
 1920 hold m=8 hq=0.964 PASS | Dr=+0.193/+1.228 |Dr|max=1.228 Df=+0.147 | g r=0.051 f=0.053 p=0.371(0.003) max=1.185 | Ld=+0.0093 base=0.0012 r1=0.0028 path=0.00523 cap=5.65e-05 | Lg=+0.8284 | 19s
 1930 hold m=8 hq=0.927 PASS | Dr=+0.125/+2.018 |Dr|max=2.018 Df=+0.088 | g r=0.113 f=0.125 p=0.483(0.005) max=1.366 | Ld=-0.0512 base=-0.0735 r1=0.00936 path=0.0112 cap=0.00175 | Lg=+0.9829 | 19s
 1940 hold m=8 hq=0.974 PASS | Dr=+0.268/+1.726 |Dr|max=1.726 Df=+0.244 | g r=0.045 f=0.047 p=0.375(0.001) max=1.264 | Ld=-0.0058 base=-0.0132 r1=0.00305 path=0.00417 cap=0.000192 | Lg=+0.8495 | 19s
 1950 hold m=8 hq=0.972 PASS | Dr=+0.021/+1.313 |Dr|max=1.313 Df=-0.009 | g r=0.035 f=0.038 p=0.345(0.001) max=0.998 | Ld=+0.0166 base=0.0119 r1=0.0038 path=0.000869 cap=5.59e-06 | Lg=+0.8667 | 19s
 1960 hold m=8 hq=0.964 PASS | Dr=+0.254/+2.080 |Dr|max=2.080 Df=+0.218 | g r=0.070 f=0.071 p=0.434(0.001) max=1.371 | Ld=+0.0021 base=-0.00746 r1=0.00627 path=0.0025 cap=0.000779 | Lg=+0.9268 | 19s
 1970 hold m=8 hq=0.964 PASS | Dr=+0.060/+1.576 |Dr|max=1.650 Df=+0.013 | g r=0.059 f=0.062 p=0.428(0.002) max=1.116 | Ld=-0.0280 base=-0.0361 r1=0.00683 path=0.00121 cap=4.17e-05 | Lg=+0.8910 | 20s
 1980 hold m=8 hq=0.961 PASS | Dr=+0.096/+1.431 |Dr|max=1.431 Df=+0.071 | g r=0.048 f=0.058 p=0.367(0.001) max=1.389 | Ld=-0.0060 base=-0.0228 r1=0.00276 path=0.0141 cap=4.7e-09 | Lg=+0.8331 | 20s
 1990 hold m=8 hq=0.979 PASS | Dr=-0.024/+1.515 |Dr|max=1.515 Df=-0.050 | g r=0.050 f=0.050 p=0.379(0.001) max=1.039 | Ld=-0.0126 base=-0.0228 r1=0.00313 path=0.00457 cap=0.00245 | Lg=+0.8142 | 20s
 2000 hold m=8 hq=0.942 PASS | Dr=-0.156/+1.133 |Dr|max=1.495 Df=-0.201 | g r=0.092 f=0.094 p=0.397(0.002) max=1.366 | Ld=+0.0144 base=0.00014 r1=0.00685 path=0.00722 cap=0.000197 | Lg=+0.8717 | 20s
 2010 hold m=8 hq=0.954 PASS | Dr=-0.214/+1.384 |Dr|max=1.967 Df=-0.265 | g r=0.084 f=0.090 p=0.453(0.007) max=1.245 | Ld=-0.0367 base=-0.0498 r1=0.00582 path=0.00651 cap=0.000841 | Lg=+0.9470 | 20s
 2020 hold m=8 hq=0.943 PASS | Dr=+0.009/+1.851 |Dr|max=1.851 Df=-0.042 | g r=0.067 f=0.062 p=0.489(0.001) max=1.359 | Ld=-0.0573 base=-0.0656 r1=0.00463 path=0.00347 cap=0.000245 | Lg=+0.9646 | 20s
 2030 hold m=8 hq=0.978 PASS | Dr=-0.005/+1.558 |Dr|max=1.558 Df=-0.038 | g r=0.060 f=0.057 p=0.434(0.002) max=1.098 | Ld=-0.0311 base=-0.0462 r1=0.00381 path=0.00758 cap=0.00369 | Lg=+0.8933 | 20s
 2040 hold m=8 hq=0.889 fail | Dr=+0.145/+1.664 |Dr|max=1.664 Df=+0.117 | g r=0.113 f=0.108 p=0.427(0.004) max=1.113 | Ld=+0.0355 base=-0.00706 r1=0.019 path=0.0158 cap=0.00786 | Lg=+0.8863 | 20s
 2050 hold m=8 hq=0.962 PASS | Dr=+0.087/+1.649 |Dr|max=1.649 Df=+0.059 | g r=0.077 f=0.076 p=0.422(0.001) max=1.175 | Ld=-0.0206 base=-0.0341 r1=0.00368 path=0.00547 cap=0.00435 | Lg=+0.8692 | 20s
 2060 hold m=8 hq=0.975 PASS | Dr=+0.111/+1.315 |Dr|max=1.315 Df=+0.082 | g r=0.047 f=0.048 p=0.385(0.002) max=1.190 | Ld=+0.0045 base=-0.00961 r1=0.00387 path=0.00996 cap=0.000285 | Lg=+0.8195 | 21s
 2070 hold m=8 hq=0.966 PASS | Dr=-0.053/+0.993 |Dr|max=0.993 Df=-0.078 | g r=0.050 f=0.048 p=0.299(0.003) max=1.117 | Ld=+0.0186 base=0.00987 r1=0.0021 path=0.00663 cap=5.09e-07 | Lg=+0.7638 | 21s
 2080 hold m=8 hq=0.976 PASS | Dr=-0.041/+1.456 |Dr|max=1.456 Df=-0.071 | g r=0.056 f=0.051 p=0.366(0.001) max=1.038 | Ld=-0.0089 base=-0.0206 r1=0.00847 path=0.00327 cap=2.33e-05 | Lg=+0.8551 | 21s
 2090 hold m=8 hq=0.959 PASS | Dr=-0.167/+1.370 |Dr|max=1.531 Df=-0.196 | g r=0.060 f=0.054 p=0.381(0.002) max=1.126 | Ld=-0.0017 base=-0.029 r1=0.0137 path=0.0134 cap=0.000134 | Lg=+0.8873 | 21s
 2100 hold m=1 hq=0.105 fail | Dr=+0.006/+1.599 |Dr|max=1.626 Df=-0.259 | g r=0.141 f=0.436 p=0.558(0.002) max=1.589 | Ld=+3.0698 base=0.0742 r1=0.0243 path=2.97 cap=0.00205 | Lg=+1.0675 | 21s
 2110 hold m=6 hq=0.269 fail | Dr=+0.031/+0.933 |Dr|max=0.933 Df=-0.071 | g r=0.176 f=0.473 p=0.536(0.012) max=1.530 | Ld=+0.0415 base=-0.131 r1=0.0351 path=0.125 cap=0.0125 | Lg=+0.8887 | 21s
 2120 hold m=4 hq=0.136 fail | Dr=-0.047/+0.704 |Dr|max=0.918 Df=-0.331 | g r=0.134 f=0.550 p=0.552(0.002) max=1.563 | Ld=-0.0781 base=-0.133 r1=0.0226 path=0.0306 cap=0.00188 | Lg=+0.8323 | 21s
 2130 hold m=8 hq=0.462 fail | Dr=-0.053/+0.732 |Dr|max=1.038 Df=-0.128 | g r=0.113 f=0.397 p=0.469(0.004) max=1.323 | Ld=-0.0456 base=-0.0839 r1=0.0265 path=0.00439 cap=0.00737 | Lg=+0.7933 | 21s
 2140 hold m=5 hq=0.052 fail | Dr=-0.127/+0.932 |Dr|max=1.014 Df=-0.405 | g r=0.170 f=0.597 p=0.567(0.012) max=1.512 | Ld=-0.1751 base=-0.26 r1=0.0317 path=0.0445 cap=0.00884 | Lg=+0.9649 | 21s
 2150 hold m=5 hq=0.067 fail | Dr=-0.059/+0.691 |Dr|max=0.916 Df=-0.293 | g r=0.128 f=0.509 p=0.502(0.005) max=1.431 | Ld=-0.0960 base=-0.121 r1=0.0198 path=0.00449 cap=0.000383 | Lg=+0.8441 | 21s
 2160 hold m=6 hq=0.128 fail | Dr=-0.206/+0.405 |Dr|max=1.017 Df=-0.368 | g r=0.177 f=0.738 p=0.524(0.007) max=1.728 | Ld=-0.0493 base=-0.2 r1=0.0264 path=0.104 cap=0.0201 | Lg=+0.9144 | 22s
 2170 hold m=4 hq=0.063 fail | Dr=+0.026/+0.760 |Dr|max=0.837 Df=-0.188 | g r=0.147 f=0.650 p=0.482(0.010) max=1.425 | Ld=-0.0701 base=-0.143 r1=0.0451 path=0.0077 cap=0.02 | Lg=+0.8318 | 22s
 2180 hold m=6 hq=0.224 fail | Dr=+0.215/+0.954 |Dr|max=0.954 Df=+0.045 | g r=0.140 f=0.651 p=0.488(0.005) max=1.531 | Ld=-0.0698 base=-0.12 r1=0.0299 path=0.00537 cap=0.0153 | Lg=+0.8083 | 22s
 2190 hold m=8 hq=0.425 fail | Dr=+0.166/+0.768 |Dr|max=0.768 Df=+0.096 | g r=0.130 f=0.364 p=0.401(0.002) max=1.033 | Ld=-0.0012 base=-0.0515 r1=0.0304 path=0.0117 cap=0.00825 | Lg=+0.7623 | 22s
 2200 hold m=5 hq=0.274 fail | Dr=+0.030/+0.618 |Dr|max=0.800 Df=-0.141 | g r=0.173 f=0.508 p=0.509(0.004) max=1.378 | Ld=-0.0870 base=-0.145 r1=0.0454 path=0.0105 cap=0.00196 | Lg=+0.8614 | 22s
 2210 hold m=3 hq=0.006 fail | Dr=+0.157/+0.791 |Dr|max=0.791 Df=-0.058 | g r=0.156 f=0.708 p=0.474(0.010) max=1.318 | Ld=-0.0080 base=-0.0504 r1=0.0226 path=0.015 cap=0.00482 | Lg=+0.7958 | 22s
 2220 hold m=4 hq=0.184 fail | Dr=+0.117/+0.806 |Dr|max=0.806 Df=-0.074 | g r=0.131 f=0.602 p=0.491(0.002) max=1.298 | Ld=-0.0416 base=-0.0771 r1=0.0236 path=0.00796 cap=0.0039 | Lg=+0.7869 | 22s
 2230 hold m=5 hq=0.013 fail | Dr=+0.169/+0.853 |Dr|max=0.853 Df=-0.061 | g r=0.150 f=0.760 p=0.511(0.011) max=1.418 | Ld=-0.0432 base=-0.0877 r1=0.0303 path=0.00933 cap=0.00491 | Lg=+0.8116 | 22s
 2240 hold m=8 hq=0.580 fail | Dr=+0.053/+0.958 |Dr|max=0.958 Df=+0.015 | g r=0.110 f=0.289 p=0.402(0.006) max=1.312 | Ld=-0.0285 base=-0.0497 r1=0.0153 path=0.00508 cap=0.000899 | Lg=+0.8013 | 22s
 2250 hold m=8 hq=0.677 fail | Dr=+0.198/+1.193 |Dr|max=1.193 Df=+0.120 | g r=0.102 f=0.358 p=0.467(0.002) max=1.460 | Ld=-0.0902 base=-0.123 r1=0.0218 path=0.0106 cap=0.000436 | Lg=+0.8725 | 22s
 2260 hold m=8 hq=0.963 PASS | Dr=+0.157/+0.824 |Dr|max=0.824 Df=+0.127 | g r=0.048 f=0.056 p=0.354(0.001) max=1.116 | Ld=-0.0024 base=-0.0141 r1=0.00509 path=0.00655 cap=2.77e-05 | Lg=+0.7524 | 23s
 2270 hold m=8 hq=0.938 PASS | Dr=+0.151/+0.869 |Dr|max=0.869 Df=+0.135 | g r=0.091 f=0.102 p=0.336(0.001) max=1.009 | Ld=+0.0210 base=0.0111 r1=0.00763 path=0.00209 cap=0.000208 | Lg=+0.7449 | 23s
 2280 hold m=8 hq=0.969 PASS | Dr=+0.011/+0.744 |Dr|max=0.823 Df=-0.013 | g r=0.064 f=0.067 p=0.295(0.003) max=1.078 | Ld=-0.0115 base=-0.0185 r1=0.00581 path=0.00117 | Lg=+0.7597 | 23s
 2290 hold m=8 hq=0.969 PASS | Dr=+0.166/+1.283 |Dr|max=1.283 Df=+0.139 | g r=0.044 f=0.046 p=0.334(0.000) max=1.122 | Ld=-0.0080 base=-0.0159 r1=0.0037 path=0.00415 cap=5.6e-07 | Lg=+0.8001 | 23s
 2300 hold m=8 hq=0.981 PASS | Dr=-0.010/+0.724 |Dr|max=0.724 Df=-0.023 | g r=0.043 f=0.042 p=0.274(0.003) max=0.935 | Ld=+0.0126 base=-0.000397 r1=0.00724 path=0.00565 cap=6.41e-05 | Lg=+0.7355 | 23s
 2310 hold m=8 hq=0.982 PASS | Dr=-0.110/+0.325 |Dr|max=0.678 Df=-0.127 | g r=0.072 f=0.072 p=0.249(0.004) max=1.048 | Ld=+0.0504 base=0.0318 r1=0.0153 path=0.00333 cap=6.3e-05 | Lg=+0.7258 | 23s
 2320 hold m=8 hq=0.981 PASS | Dr=+0.103/+0.855 |Dr|max=0.855 Df=+0.082 | g r=0.077 f=0.079 p=0.308(0.003) max=1.355 | Ld=+0.0310 base=0.0241 r1=0.00592 path=0.000945 cap=2.05e-05 | Lg=+0.7533 | 23s
 2330 hold m=8 hq=0.967 PASS | Dr=+0.030/+0.882 |Dr|max=0.882 Df=+0.007 | g r=0.115 f=0.116 p=0.309(0.004) max=1.198 | Ld=+0.0366 base=0.0192 r1=0.0111 path=0.0063 cap=6.81e-05 | Lg=+0.7597 | 23s
 2340 hold m=8 hq=0.954 PASS | Dr=-0.041/+0.868 |Dr|max=1.266 Df=-0.075 | g r=0.117 f=0.122 p=0.337(0.004) max=1.041 | Ld=-0.0201 base=-0.0499 r1=0.0178 path=0.00368 cap=0.00839 | Lg=+0.8270 | 23s
 2350 hold m=8 hq=0.977 PASS | Dr=+0.029/+1.050 |Dr|max=1.270 Df=-0.006 | g r=0.045 f=0.044 p=0.328(0.001) max=1.087 | Ld=+0.0225 base=0.0181 r1=0.00283 path=0.0015 cap=8.06e-05 | Lg=+0.8250 | 23s
 2360 hold m=8 hq=0.920 PASS | Dr=+0.150/+0.997 |Dr|max=0.997 Df=+0.113 | g r=0.085 f=0.085 p=0.331(0.002) max=1.172 | Ld=+0.0290 base=0.0131 r1=0.0103 path=0.00425 cap=0.00128 | Lg=+0.7771 | 24s
 2370 hold m=8 hq=0.971 PASS | Dr=-0.031/+0.757 |Dr|max=1.045 Df=-0.072 | g r=0.071 f=0.069 p=0.323(0.001) max=1.145 | Ld=+0.0165 base=0.00651 r1=0.0044 path=0.00537 cap=0.000201 | Lg=+0.7919 | 24s
 2380 hold m=8 hq=0.984 PASS | Dr=-0.030/+0.873 |Dr|max=1.063 Df=-0.057 | g r=0.050 f=0.049 p=0.299(0.003) max=0.893 | Ld=-0.0052 base=-0.0111 r1=0.00449 path=0.00126 cap=0.000176 | Lg=+0.7743 | 24s
 2390 hold m=8 hq=0.972 PASS | Dr=-0.180/+0.122 |Dr|max=0.775 Df=-0.201 | g r=0.064 f=0.056 p=0.229(0.000) max=0.947 | Ld=+0.0182 base=0.0101 r1=0.00294 path=0.00515 cap=1.31e-06 | Lg=+0.7211 | 24s
 2400 hold m=8 hq=0.989 PASS | Dr=-0.110/+0.870 |Dr|max=1.177 Df=-0.135 | g r=0.045 f=0.044 p=0.301(0.001) max=0.960 | Ld=+0.0029 base=-0.00218 r1=0.00153 path=0.00352 | Lg=+0.7863 | 24s
# shift (1,0) after 2400; frozen copy on new target: m=0 hq=0.000
 2410 post m=4 hq=0.203 fail | Dr=+0.903/+1.171 |Dr|max=1.171 Df=+0.864 | g r=0.100 f=0.355 p=0.355(0.004) max=1.136 | Ld=+0.0983 base=-0.0375 r1=0.0213 path=0.114 cap=0.000306 | Lg=+0.7250 | 24s
 2420 post m=3 hq=0.241 fail | Dr=+0.901/+1.319 |Dr|max=1.319 Df=+0.689 | g r=0.191 f=0.427 p=0.509(0.008) max=1.538 | Ld=-0.0556 base=-0.145 r1=0.0244 path=0.0627 cap=0.00205 | Lg=+0.8423 | 24s
 2430 post m=8 hq=0.339 fail | Dr=+0.582/+0.864 |Dr|max=0.864 Df=+0.486 | g r=0.171 f=0.430 p=0.439(0.002) max=1.439 | Ld=+0.0177 base=-0.0472 r1=0.0297 path=0.0337 cap=0.00156 | Lg=+0.7732 | 24s
 2440 post m=4 hq=0.229 fail | Dr=-0.071/+0.556 |Dr|max=0.584 Df=-0.216 | g r=0.178 f=0.326 p=0.323(0.003) max=1.312 | Ld=+0.0327 base=-0.378 r1=0.124 path=0.0614 cap=0.225 | Lg=+0.8167 | 24s
 2450 post m=6 hq=0.217 fail | Dr=+0.650/+1.368 |Dr|max=1.368 Df=+0.533 | g r=0.144 f=0.560 p=0.482(0.002) max=1.845 | Ld=-0.1760 base=-0.219 r1=0.0268 path=0.0143 cap=0.00216 | Lg=+0.8929 | 24s
 2460 post m=8 hq=0.657 fail | Dr=+0.110/+0.436 |Dr|max=0.436 Df=+0.081 | g r=0.168 f=0.304 p=0.347(0.003) max=1.137 | Ld=+0.0073 base=-0.0597 r1=0.0313 path=0.0218 cap=0.0139 | Lg=+0.7367 | 24s
 2470 post m=8 hq=0.855 fail | Dr=+0.038/+0.618 |Dr|max=0.661 Df=+0.018 | g r=0.069 f=0.112 p=0.273(0.001) max=1.032 | Ld=+0.0062 base=-0.00509 r1=0.00754 path=0.00378 cap=1.95e-06 | Lg=+0.7546 | 25s
 2480 post m=8 hq=0.652 fail | Dr=+0.218/+0.561 |Dr|max=0.561 Df=+0.202 | g r=0.067 f=0.163 p=0.255(0.002) max=0.956 | Ld=+0.0021 base=-0.0103 r1=0.00723 path=0.00514 | Lg=+0.7175 | 25s
 2490 post m=8 hq=0.923 PASS | Dr=-0.064/+0.370 |Dr|max=0.647 Df=-0.085 | g r=0.049 f=0.069 p=0.240(0.001) max=1.040 | Ld=-0.0052 base=-0.0159 r1=0.00374 path=0.00692 | Lg=+0.7297 | 25s
 2500 post m=8 hq=0.948 PASS | Dr=+0.064/+0.773 |Dr|max=0.773 Df=+0.056 | g r=0.065 f=0.065 p=0.281(0.003) max=1.064 | Ld=-0.0137 base=-0.0193 r1=0.00343 path=0.00217 cap=9.86e-09 | Lg=+0.7661 | 25s
 2510 post m=8 hq=0.969 PASS | Dr=+0.088/+0.646 |Dr|max=0.646 Df=+0.081 | g r=0.041 f=0.048 p=0.245(0.001) max=1.068 | Ld=+0.0061 base=0.00053 r1=0.00249 path=0.00303 | Lg=+0.7309 | 25s
 2520 post m=8 hq=0.962 PASS | Dr=+0.014/+0.734 |Dr|max=0.734 Df=+0.001 | g r=0.052 f=0.052 p=0.247(0.002) max=1.133 | Ld=+0.0043 base=-0.0131 r1=0.0128 path=0.00452 cap=6.87e-07 | Lg=+0.7617 | 25s
 2530 post m=8 hq=0.957 PASS | Dr=+0.022/+1.196 |Dr|max=1.196 Df=+0.011 | g r=0.080 f=0.083 p=0.352(0.002) max=1.291 | Ld=-0.0277 base=-0.0367 r1=0.00613 path=0.00272 cap=0.000139 | Lg=+0.8120 | 25s
 2540 post m=8 hq=0.953 PASS | Dr=+0.137/+1.301 |Dr|max=1.301 Df=+0.134 | g r=0.068 f=0.069 p=0.299(0.004) max=0.999 | Ld=-0.0121 base=-0.0201 r1=0.00595 path=0.00202 cap=1.7e-08 | Lg=+0.8264 | 25s
 2550 post m=8 hq=0.969 PASS | Dr=-0.050/+0.686 |Dr|max=0.686 Df=-0.054 | g r=0.073 f=0.069 p=0.240(0.003) max=0.922 | Ld=+0.0353 base=0.00356 r1=0.0142 path=0.0175 cap=3.04e-05 | Lg=+0.7512 | 25s
 2560 post m=8 hq=0.944 PASS | Dr=+0.202/+0.988 |Dr|max=0.988 Df=+0.203 | g r=0.074 f=0.080 p=0.257(0.002) max=1.142 | Ld=+0.0267 base=-0.00671 r1=0.0104 path=0.023 cap=1.56e-06 | Lg=+0.7585 | 26s
 2570 post m=8 hq=0.976 PASS | Dr=-0.004/+0.570 |Dr|max=0.570 Df=-0.012 | g r=0.035 f=0.035 p=0.216(0.000) max=0.872 | Ld=+0.0361 base=0.0296 r1=0.00347 path=0.00284 cap=0.000156 | Lg=+0.7241 | 26s
 2580 post m=8 hq=0.966 PASS | Dr=-0.098/+0.607 |Dr|max=0.607 Df=-0.107 | g r=0.051 f=0.050 p=0.206(0.001) max=0.842 | Ld=+0.0243 base=0.00877 r1=0.0112 path=0.00431 | Lg=+0.7292 | 26s
 2590 post m=8 hq=0.962 PASS | Dr=+0.148/+1.102 |Dr|max=1.102 Df=+0.147 | g r=0.046 f=0.046 p=0.260(0.002) max=0.999 | Ld=-0.0062 base=-0.0145 r1=0.00302 path=0.00528 cap=1.2e-05 | Lg=+0.7774 | 26s
 2600 post m=8 hq=0.969 PASS | Dr=+0.188/+1.161 |Dr|max=1.161 Df=+0.172 | g r=0.042 f=0.041 p=0.287(0.002) max=1.144 | Ld=-0.0062 base=-0.0139 r1=0.002 path=0.00578 | Lg=+0.7902 | 26s
 2610 post m=8 hq=0.971 PASS | Dr=+0.171/+1.175 |Dr|max=1.175 Df=+0.166 | g r=0.057 f=0.059 p=0.281(0.001) max=0.973 | Ld=+0.0019 base=-0.00919 r1=0.00493 path=0.00607 cap=0.000113 | Lg=+0.7941 | 26s
 2620 post m=8 hq=0.983 PASS | Dr=+0.107/+0.788 |Dr|max=0.788 Df=+0.117 | g r=0.043 f=0.040 p=0.238(0.001) max=0.880 | Ld=+0.0081 base=0.00479 r1=0.00222 path=0.00111 | Lg=+0.7446 | 26s
 2630 post m=8 hq=0.983 PASS | Dr=+0.085/+0.628 |Dr|max=0.628 Df=+0.094 | g r=0.038 f=0.037 p=0.225(0.001) max=0.828 | Ld=-0.0045 base=-0.00904 r1=0.00159 path=0.00293 | Lg=+0.7208 | 26s
 2640 post m=8 hq=0.978 PASS | Dr=-0.056/+0.858 |Dr|max=0.858 Df=-0.062 | g r=0.024 f=0.024 p=0.269(0.000) max=1.093 | Ld=-0.0033 base=-0.0086 r1=0.0021 path=0.00321 cap=2.91e-05 | Lg=+0.7737 | 26s
 2650 post m=8 hq=0.977 PASS | Dr=-0.043/+0.463 |Dr|max=0.463 Df=-0.042 | g r=0.041 f=0.042 p=0.195(0.001) max=1.334 | Ld=+0.0319 base=0.0197 r1=0.00233 path=0.00983 | Lg=+0.7127 | 27s
 2660 post m=8 hq=0.982 PASS | Dr=+0.147/+1.561 |Dr|max=1.561 Df=+0.137 | g r=0.040 f=0.039 p=0.343(0.002) max=1.180 | Ld=-0.0177 base=-0.0245 r1=0.00207 path=0.00473 cap=3.8e-06 | Lg=+0.8358 | 27s
 2670 post m=8 hq=0.971 PASS | Dr=-0.015/+1.113 |Dr|max=1.113 Df=-0.030 | g r=0.050 f=0.047 p=0.290(0.001) max=1.028 | Ld=+0.0002 base=-0.0103 r1=0.00531 path=0.0052 cap=7.88e-07 | Lg=+0.8256 | 27s
 2680 post m=8 hq=0.846 fail | Dr=+0.031/+1.239 |Dr|max=1.239 Df=+0.037 | g r=0.121 f=0.103 p=0.321(0.001) max=0.873 | Ld=+0.0146 base=-0.00422 r1=0.0134 path=0.00496 cap=0.000465 | Lg=+0.8104 | 27s
 2690 post m=8 hq=0.969 PASS | Dr=-0.291/+0.878 |Dr|max=1.410 Df=-0.315 | g r=0.038 f=0.037 p=0.304(0.001) max=1.102 | Ld=-0.0261 base=-0.0348 r1=0.00265 path=0.00606 | Lg=+0.8562 | 27s
 2700 post m=8 hq=0.982 PASS | Dr=+0.058/+0.587 |Dr|max=0.587 Df=+0.049 | g r=0.038 f=0.035 p=0.204(0.001) max=0.909 | Ld=-0.0025 base=-0.00846 r1=0.00248 path=0.00344 | Lg=+0.7283 | 27s
 2710 post m=8 hq=0.981 PASS | Dr=+0.078/+1.135 |Dr|max=1.135 Df=+0.070 | g r=0.060 f=0.056 p=0.286(0.002) max=0.942 | Ld=+0.0098 base=-0.00899 r1=0.0126 path=0.00618 cap=4.17e-08 | Lg=+0.8044 | 27s
 2720 post m=8 hq=0.965 PASS | Dr=+0.118/+1.081 |Dr|max=1.081 Df=+0.108 | g r=0.046 f=0.040 p=0.258(0.000) max=0.932 | Ld=-0.0026 base=-0.0121 r1=0.0037 path=0.00578 cap=9.96e-06 | Lg=+0.7869 | 27s
 2730 post m=8 hq=0.981 PASS | Dr=+0.110/+1.155 |Dr|max=1.155 Df=+0.092 | g r=0.052 f=0.052 p=0.293(0.001) max=1.177 | Ld=-0.0023 base=-0.0107 r1=0.00555 path=0.00283 cap=2.74e-07 | Lg=+0.7976 | 27s
 2740 post m=8 hq=0.984 PASS | Dr=+0.249/+1.016 |Dr|max=1.016 Df=+0.240 | g r=0.049 f=0.049 p=0.246(0.002) max=1.164 | Ld=+0.0053 base=-0.000673 r1=0.00353 path=0.00237 cap=6.09e-05 | Lg=+0.7422 | 27s
 2750 post m=8 hq=0.954 PASS | Dr=-0.144/+0.813 |Dr|max=0.813 Df=-0.152 | g r=0.048 f=0.047 p=0.273(0.001) max=0.966 | Ld=+0.0465 base=0.0308 r1=0.00486 path=0.0109 cap=2.89e-06 | Lg=+0.7631 | 28s
 2760 post m=8 hq=0.982 PASS | Dr=+0.089/+0.913 |Dr|max=0.913 Df=+0.059 | g r=0.042 f=0.043 p=0.285(0.001) max=1.030 | Ld=+0.0024 base=-0.00475 r1=0.00218 path=0.00489 cap=8.88e-05 | Lg=+0.7676 | 28s
 2770 post m=8 hq=0.966 PASS | Dr=-0.032/+0.973 |Dr|max=1.431 Df=-0.079 | g r=0.070 f=0.074 p=0.364(0.003) max=1.226 | Ld=-0.0454 base=-0.0568 r1=0.00638 path=0.00496 | Lg=+0.8793 | 28s
 2780 post m=8 hq=0.980 PASS | Dr=+0.036/+0.981 |Dr|max=0.981 Df=+0.023 | g r=0.026 f=0.024 p=0.238(0.001) max=0.781 | Ld=-0.0069 base=-0.0128 r1=0.0037 path=0.00219 | Lg=+0.7731 | 28s
 2790 post m=8 hq=0.984 PASS | Dr=+0.012/+1.386 |Dr|max=1.386 Df=-0.000 | g r=0.040 f=0.036 p=0.336(0.001) max=1.119 | Ld=-0.0127 base=-0.0178 r1=0.00243 path=0.00265 cap=4.49e-05 | Lg=+0.8311 | 28s
 2800 post m=8 hq=0.956 PASS | Dr=+0.215/+0.791 |Dr|max=0.791 Df=+0.204 | g r=0.044 f=0.047 p=0.204(0.001) max=0.734 | Ld=+0.0430 base=0.0224 r1=0.00807 path=0.0125 cap=6.14e-06 | Lg=+0.7297 | 28s
 2810 post m=8 hq=0.982 PASS | Dr=-0.127/+0.664 |Dr|max=0.744 Df=-0.121 | g r=0.047 f=0.048 p=0.249(0.001) max=0.991 | Ld=+0.0170 base=0.00823 r1=0.00297 path=0.0058 | Lg=+0.7576 | 28s
 2820 post m=8 hq=0.938 PASS | Dr=+0.177/+1.020 |Dr|max=1.020 Df=+0.167 | g r=0.031 f=0.032 p=0.214(0.001) max=0.889 | Ld=+0.0033 base=-0.00261 r1=0.00157 path=0.00421 cap=0.000147 | Lg=+0.7531 | 28s
 2830 post m=8 hq=0.891 fail | Dr=-0.011/+0.488 |Dr|max=0.663 Df=-0.030 | g r=0.083 f=0.079 p=0.228(0.002) max=0.897 | Ld=+0.0048 base=-0.00428 r1=0.00422 path=0.00487 | Lg=+0.7302 | 28s
 2840 post m=8 hq=0.988 PASS | Dr=-0.005/+0.810 |Dr|max=0.810 Df=-0.013 | g r=0.030 f=0.027 p=0.222(0.002) max=0.913 | Ld=+0.0053 base=-6.38e-05 r1=0.00173 path=0.00366 cap=2.02e-06 | Lg=+0.7590 | 28s
 2850 post m=8 hq=0.983 PASS | Dr=+0.174/+0.859 |Dr|max=0.859 Df=+0.171 | g r=0.033 f=0.031 p=0.186(0.000) max=0.668 | Ld=+0.0238 base=0.0134 r1=0.00627 path=0.00404 | Lg=+0.7330 | 29s
 2860 post m=8 hq=0.989 PASS | Dr=-0.216/+0.344 |Dr|max=0.827 Df=-0.206 | g r=0.050 f=0.052 p=0.199(0.001) max=0.857 | Ld=+0.0163 base=0.0104 r1=0.00321 path=0.00271 | Lg=+0.7298 | 29s
 2870 post m=8 hq=0.989 PASS | Dr=-0.017/+0.604 |Dr|max=0.604 Df=-0.015 | g r=0.022 f=0.020 p=0.192(0.001) max=0.830 | Ld=+0.0101 base=0.0071 r1=0.00071 path=0.00225 | Lg=+0.7231 | 29s
 2880 post m=8 hq=0.987 PASS | Dr=-0.172/+0.773 |Dr|max=0.780 Df=-0.167 | g r=0.033 f=0.034 p=0.243(0.002) max=1.032 | Ld=-0.0225 base=-0.0255 r1=0.00155 path=0.00139 | Lg=+0.7743 | 29s
 2890 post m=8 hq=0.986 PASS | Dr=+0.144/+0.940 |Dr|max=0.940 Df=+0.137 | g r=0.030 f=0.030 p=0.217(0.002) max=0.805 | Ld=+0.0079 base=0.00356 r1=0.00109 path=0.00327 cap=1.26e-09 | Lg=+0.7427 | 29s
 2900 post m=8 hq=0.990 PASS | Dr=+0.006/+0.715 |Dr|max=0.715 Df=+0.002 | g r=0.024 f=0.023 p=0.204(0.001) max=0.839 | Ld=+0.0105 base=0.00661 r1=0.00116 path=0.00272 | Lg=+0.7329 | 29s
 2910 post m=8 hq=0.984 PASS | Dr=+0.064/+0.404 |Dr|max=0.404 Df=+0.061 | g r=0.042 f=0.041 p=0.163(0.001) max=1.129 | Ld=+0.0157 base=0.00761 r1=0.000971 path=0.00715 | Lg=+0.7088 | 29s
 2920 post m=8 hq=0.958 PASS | Dr=-0.275/+0.299 |Dr|max=0.818 Df=-0.273 | g r=0.052 f=0.068 p=0.217(0.000) max=1.152 | Ld=+0.0168 base=0.00929 r1=0.00342 path=0.00407 cap=2.07e-06 | Lg=+0.7203 | 29s
 2930 post m=8 hq=0.985 PASS | Dr=-0.054/+0.346 |Dr|max=0.591 Df=-0.070 | g r=0.060 f=0.056 p=0.179(0.003) max=0.869 | Ld=+0.0151 base=0.00739 r1=0.00547 path=0.00222 | Lg=+0.7215 | 29s
 2940 post m=8 hq=0.990 PASS | Dr=-0.025/+0.459 |Dr|max=0.459 Df=-0.027 | g r=0.028 f=0.028 p=0.173(0.001) max=0.739 | Ld=+0.0035 base=-0.00332 r1=0.00108 path=0.00578 | Lg=+0.7224 | 30s
 2950 post m=8 hq=0.958 PASS | Dr=-0.142/+0.312 |Dr|max=0.738 Df=-0.135 | g r=0.053 f=0.047 p=0.189(0.002) max=0.908 | Ld=+0.0081 base=0.00093 r1=0.00387 path=0.00326 | Lg=+0.7212 | 30s
 2960 post m=8 hq=0.991 PASS | Dr=-0.026/+0.493 |Dr|max=0.540 Df=-0.030 | g r=0.036 f=0.037 p=0.212(0.001) max=0.955 | Ld=+0.0075 base=0.00238 r1=0.00223 path=0.00283 cap=1.44e-05 | Lg=+0.7140 | 30s
 2970 post m=8 hq=0.986 PASS | Dr=+0.053/+0.939 |Dr|max=0.939 Df=+0.043 | g r=0.028 f=0.028 p=0.231(0.001) max=0.909 | Ld=-0.0204 base=-0.027 r1=0.00475 path=0.00173 cap=4.91e-05 | Lg=+0.7709 | 30s
 2980 post m=8 hq=0.986 PASS | Dr=-0.010/+0.895 |Dr|max=0.939 Df=-0.032 | g r=0.032 f=0.034 p=0.269(0.002) max=1.054 | Ld=-0.0068 base=-0.0136 r1=0.00101 path=0.00582 | Lg=+0.7678 | 30s
 2990 post m=8 hq=0.984 PASS | Dr=-0.219/+0.261 |Dr|max=0.514 Df=-0.224 | g r=0.028 f=0.027 p=0.154(0.000) max=0.721 | Ld=-0.0020 base=-0.00647 r1=0.00122 path=0.00326 | Lg=+0.7112 | 30s
 3000 post m=8 hq=0.950 PASS | Dr=-0.121/+1.223 |Dr|max=1.223 Df=-0.118 | g r=0.079 f=0.080 p=0.322(0.004) max=1.140 | Ld=-0.0059 base=-0.0129 r1=0.00277 path=0.0039 cap=0.000306 | Lg=+0.8185 | 30s
 3010 post m=8 hq=0.967 PASS | Dr=-0.043/+0.262 |Dr|max=0.262 Df=-0.050 | g r=0.030 f=0.027 p=0.155(0.000) max=1.264 | Ld=+0.0066 base=0.00275 r1=0.00135 path=0.00249 cap=2.88e-05 | Lg=+0.6942 | 30s
 3020 post m=8 hq=0.981 PASS | Dr=+0.413/+0.905 |Dr|max=0.905 Df=+0.395 | g r=0.056 f=0.055 p=0.210(0.002) max=0.974 | Ld=-0.0044 base=-0.00899 r1=0.00239 path=0.00217 | Lg=+0.7337 | 30s
 3030 post m=8 hq=0.979 PASS | Dr=-0.044/+0.231 |Dr|max=0.287 Df=-0.052 | g r=0.046 f=0.042 p=0.164(0.001) max=1.158 | Ld=+0.0143 base=0.0104 r1=0.00151 path=0.0023 cap=3.17e-05 | Lg=+0.7036 | 31s
 3040 post m=8 hq=0.981 PASS | Dr=+0.340/+0.651 |Dr|max=0.651 Df=+0.338 | g r=0.072 f=0.073 p=0.163(0.001) max=0.703 | Ld=+0.0105 base=0.0012 r1=0.0033 path=0.00596 | Lg=+0.7022 | 31s
 3050 post m=8 hq=0.991 PASS | Dr=+0.399/+0.928 |Dr|max=0.928 Df=+0.381 | g r=0.020 f=0.021 p=0.193(0.001) max=0.935 | Ld=+0.0002 base=-0.0017 r1=0.000715 path=0.00117 | Lg=+0.7223 | 31s
 3060 post m=8 hq=0.989 PASS | Dr=-0.120/+0.726 |Dr|max=0.786 Df=-0.134 | g r=0.065 f=0.060 p=0.242(0.002) max=0.750 | Ld=+0.0160 base=0.0103 r1=0.00279 path=0.00263 cap=0.000356 | Lg=+0.7613 | 31s
 3070 post m=8 hq=0.977 PASS | Dr=-0.080/+1.202 |Dr|max=1.202 Df=-0.082 | g r=0.097 f=0.095 p=0.343(0.004) max=1.162 | Ld=-0.0078 base=-0.0138 r1=0.00305 path=0.00251 cap=0.000532 | Lg=+0.8396 | 31s
 3080 post m=8 hq=0.987 PASS | Dr=-0.446/-0.101 |Dr|max=0.722 Df=-0.452 | g r=0.031 f=0.029 p=0.154(0.001) max=0.689 | Ld=+0.0290 base=0.0107 r1=0.00834 path=0.00993 | Lg=+0.7112 | 31s
 3090 post m=8 hq=0.985 PASS | Dr=-0.043/+1.279 |Dr|max=1.279 Df=-0.063 | g r=0.030 f=0.029 p=0.338(0.002) max=1.305 | Ld=-0.0234 base=-0.0251 r1=0.000609 path=0.00116 | Lg=+0.8878 | 31s
 3100 post m=8 hq=0.990 PASS | Dr=+0.007/+0.801 |Dr|max=0.801 Df=+0.002 | g r=0.020 f=0.018 p=0.197(0.000) max=1.014 | Ld=+0.0011 base=-0.00725 r1=0.000624 path=0.00745 cap=0.000265 | Lg=+0.7315 | 31s
 3110 post m=8 hq=0.698 fail | Dr=-0.264/+1.112 |Dr|max=1.692 Df=-0.287 | g r=0.143 f=0.133 p=0.411(0.005) max=1.354 | Ld=-0.0227 base=-0.0299 r1=0.00338 path=0.00305 cap=0.000771 | Lg=+0.8914 | 31s
 3120 post m=8 hq=0.988 PASS | Dr=-0.004/+1.113 |Dr|max=1.113 Df=-0.029 | g r=0.042 f=0.041 p=0.312(0.001) max=1.261 | Ld=+0.0014 base=-0.00574 r1=0.00202 path=0.00508 cap=8.62e-05 | Lg=+0.8188 | 32s
 3130 post m=6 hq=0.482 fail | Dr=-0.566/-0.191 |Dr|max=1.004 Df=-0.605 | g r=0.099 f=0.175 p=0.259(0.002) max=0.862 | Ld=+0.0543 base=0.0286 r1=0.0123 path=0.0133 cap=1.82e-05 | Lg=+0.7128 | 32s
 3140 post m=8 hq=0.502 fail | Dr=-0.071/+0.829 |Dr|max=1.020 Df=-0.133 | g r=0.080 f=0.253 p=0.368(0.002) max=1.165 | Ld=-0.0070 base=-0.0308 r1=0.0151 path=0.00853 cap=0.000258 | Lg=+0.7950 | 32s
 3150 post m=8 hq=0.917 PASS | Dr=-0.189/+0.304 |Dr|max=0.593 Df=-0.200 | g r=0.058 f=0.072 p=0.187(0.001) max=0.783 | Ld=+0.0056 base=-0.0106 r1=0.00526 path=0.0109 | Lg=+0.7104 | 32s
 3160 post m=8 hq=0.949 PASS | Dr=-0.102/+0.469 |Dr|max=0.721 Df=-0.117 | g r=0.040 f=0.049 p=0.208(0.002) max=0.935 | Ld=-0.0126 base=-0.0195 r1=0.00269 path=0.00412 | Lg=+0.7370 | 32s
 3170 post m=8 hq=0.960 PASS | Dr=-0.062/+0.540 |Dr|max=0.773 Df=-0.080 | g r=0.041 f=0.043 p=0.220(0.001) max=1.087 | Ld=+0.0013 base=-0.00292 r1=0.00296 path=0.00129 cap=1.12e-05 | Lg=+0.7401 | 32s
 3180 post m=8 hq=0.972 PASS | Dr=-0.070/+0.712 |Dr|max=0.712 Df=-0.080 | g r=0.037 f=0.039 p=0.218(0.001) max=1.096 | Ld=+0.0051 base=-0.00788 r1=0.00275 path=0.01 cap=0.000188 | Lg=+0.7361 | 32s
 3190 post m=8 hq=0.962 PASS | Dr=-0.013/+0.807 |Dr|max=1.177 Df=-0.047 | g r=0.070 f=0.078 p=0.314(0.003) max=1.283 | Ld=-0.0110 base=-0.0224 r1=0.00333 path=0.00808 | Lg=+0.8393 | 32s
 3200 post m=8 hq=0.974 PASS | Dr=+0.354/+1.131 |Dr|max=1.131 Df=+0.325 | g r=0.067 f=0.058 p=0.278(0.001) max=0.980 | Ld=+0.0443 base=0.023 r1=0.012 path=0.00841 cap=0.000864 | Lg=+0.8023 | 32s
 3210 post m=8 hq=0.971 PASS | Dr=-0.037/+0.470 |Dr|max=0.761 Df=-0.060 | g r=0.049 f=0.050 p=0.232(0.003) max=1.027 | Ld=+0.0469 base=0.0314 r1=0.00556 path=0.00993 | Lg=+0.7420 | 32s
 3220 post m=8 hq=0.975 PASS | Dr=+0.281/+1.053 |Dr|max=1.053 Df=+0.254 | g r=0.033 f=0.036 p=0.259(0.001) max=1.046 | Ld=-0.0142 base=-0.0185 r1=0.00195 path=0.00237 | Lg=+0.8005 | 33s
 3230 post m=8 hq=0.979 PASS | Dr=-0.085/+0.724 |Dr|max=0.724 Df=-0.092 | g r=0.028 f=0.027 p=0.194(0.001) max=0.685 | Ld=-0.0125 base=-0.0151 r1=0.000726 path=0.00191 | Lg=+0.7523 | 33s
 3240 post m=8 hq=0.982 PASS | Dr=+0.207/+0.670 |Dr|max=0.670 Df=+0.201 | g r=0.038 f=0.034 p=0.187(0.001) max=0.843 | Ld=+0.0226 base=0.00804 r1=0.00564 path=0.00889 | Lg=+0.7125 | 33s
 3250 post m=8 hq=0.974 PASS | Dr=+0.142/+0.563 |Dr|max=0.563 Df=+0.131 | g r=0.051 f=0.051 p=0.176(0.001) max=1.055 | Ld=+0.0076 base=0.00405 r1=0.0016 path=0.00196 | Lg=+0.7117 | 33s
 3260 post m=8 hq=0.986 PASS | Dr=-0.046/+0.257 |Dr|max=0.327 Df=-0.053 | g r=0.022 f=0.021 p=0.140(0.001) max=0.827 | Ld=+0.0007 base=-0.00238 r1=0.000866 path=0.00222 | Lg=+0.7016 | 33s
 3270 post m=8 hq=0.989 PASS | Dr=+0.102/+0.610 |Dr|max=0.610 Df=+0.085 | g r=0.027 f=0.027 p=0.210(0.000) max=1.119 | Ld=-0.0053 base=-0.00829 r1=0.000997 path=0.00202 cap=2.02e-05 | Lg=+0.7310 | 33s
 3280 post m=8 hq=0.887 fail | Dr=-0.093/+0.443 |Dr|max=0.557 Df=-0.100 | g r=0.067 f=0.068 p=0.192(0.001) max=0.969 | Ld=+0.0683 base=0.0425 r1=0.0141 path=0.00716 cap=0.00447 | Lg=+0.7215 | 33s
 3290 post m=8 hq=0.982 PASS | Dr=+0.272/+0.933 |Dr|max=0.933 Df=+0.252 | g r=0.029 f=0.029 p=0.222(0.001) max=1.084 | Ld=+0.0025 base=0.00038 r1=0.00136 path=0.000782 | Lg=+0.7771 | 33s
 3300 post m=8 hq=0.970 PASS | Dr=-0.023/+0.473 |Dr|max=0.527 Df=-0.035 | g r=0.026 f=0.025 p=0.166(0.001) max=0.807 | Ld=+0.0163 base=0.0101 r1=0.005 path=0.00117 | Lg=+0.7334 | 33s
 3310 post m=8 hq=0.985 PASS | Dr=+0.050/+0.807 |Dr|max=0.807 Df=+0.038 | g r=0.058 f=0.058 p=0.231(0.002) max=0.808 | Ld=+0.0021 base=-0.011 r1=0.00646 path=0.00665 | Lg=+0.7688 | 33s
 3320 post m=8 hq=0.982 PASS | Dr=-0.133/+0.324 |Dr|max=0.571 Df=-0.141 | g r=0.023 f=0.021 p=0.162(0.001) max=0.678 | Ld=+0.0166 base=0.0129 r1=0.00111 path=0.00262 | Lg=+0.7141 | 34s
 3330 post m=8 hq=0.935 PASS | Dr=-0.164/+0.299 |Dr|max=0.544 Df=-0.174 | g r=0.053 f=0.054 p=0.203(0.000) max=1.615 | Ld=+0.0044 base=-0.00196 r1=0.0032 path=0.00315 cap=8.36e-06 | Lg=+0.7161 | 34s
 3340 post m=8 hq=0.987 PASS | Dr=+0.058/+0.552 |Dr|max=0.552 Df=+0.044 | g r=0.024 f=0.021 p=0.155(0.001) max=0.886 | Ld=+0.0012 base=-0.00195 r1=0.0022 path=0.00091 | Lg=+0.7146 | 34s
 3350 post m=8 hq=0.990 PASS | Dr=-0.038/+0.436 |Dr|max=0.436 Df=-0.049 | g r=0.034 f=0.032 p=0.188(0.000) max=1.311 | Ld=+0.0068 base=0.000667 r1=0.00253 path=0.00351 cap=6.76e-05 | Lg=+0.7197 | 34s
 3360 post m=8 hq=0.986 PASS | Dr=-0.060/+0.428 |Dr|max=0.524 Df=-0.076 | g r=0.034 f=0.032 p=0.220(0.001) max=1.175 | Ld=-0.0012 base=-0.0055 r1=0.0012 path=0.00294 cap=0.000148 | Lg=+0.7257 | 34s
 3370 post m=8 hq=0.991 PASS | Dr=-0.205/+0.503 |Dr|max=0.870 Df=-0.221 | g r=0.021 f=0.021 p=0.197(0.001) max=0.839 | Ld=-0.0121 base=-0.0136 r1=0.000556 path=0.000914 | Lg=+0.7459 | 34s
 3380 post m=8 hq=0.990 PASS | Dr=-0.156/+0.404 |Dr|max=0.478 Df=-0.161 | g r=0.020 f=0.019 p=0.155(0.001) max=0.945 | Ld=-0.0039 base=-0.00702 r1=0.000745 path=0.00235 | Lg=+0.7270 | 34s
 3390 post m=8 hq=0.986 PASS | Dr=-0.151/+0.512 |Dr|max=0.547 Df=-0.158 | g r=0.016 f=0.016 p=0.172(0.001) max=0.999 | Ld=-0.0051 base=-0.00875 r1=0.000613 path=0.00309 | Lg=+0.7235 | 34s
 3400 post m=8 hq=0.980 PASS | Dr=-0.068/+0.541 |Dr|max=0.580 Df=-0.079 | g r=0.021 f=0.020 p=0.161(0.000) max=0.686 | Ld=+0.0098 base=0.00647 r1=0.000494 path=0.00286 | Lg=+0.7243 | 34s
 3410 post m=8 hq=0.983 PASS | Dr=-0.065/+0.902 |Dr|max=0.902 Df=-0.079 | g r=0.028 f=0.026 p=0.241(0.000) max=0.989 | Ld=+0.0014 base=-0.0089 r1=0.00178 path=0.00855 | Lg=+0.7749 | 34s
 3420 post m=8 hq=0.984 PASS | Dr=-0.000/+0.670 |Dr|max=0.670 Df=-0.014 | g r=0.015 f=0.013 p=0.192(0.000) max=0.856 | Ld=-0.0056 base=-0.00715 r1=0.000558 path=0.000993 | Lg=+0.7459 | 35s
 3430 post m=8 hq=0.990 PASS | Dr=+0.044/+0.862 |Dr|max=0.862 Df=+0.025 | g r=0.039 f=0.040 p=0.246(0.001) max=1.077 | Ld=+0.0089 base=0.00396 r1=0.0015 path=0.00339 cap=4.69e-05 | Lg=+0.7593 | 35s
 3440 post m=8 hq=0.972 PASS | Dr=-0.234/+0.461 |Dr|max=0.861 Df=-0.248 | g r=0.038 f=0.041 p=0.191(0.002) max=0.836 | Ld=+0.0012 base=-0.00346 r1=0.00332 path=0.00135 | Lg=+0.7531 | 35s
 3450 post m=8 hq=0.989 PASS | Dr=-0.129/+0.510 |Dr|max=0.767 Df=-0.146 | g r=0.018 f=0.018 p=0.187(0.001) max=0.814 | Ld=+0.0058 base=0.00297 r1=0.00083 path=0.00196 | Lg=+0.7361 | 35s
 3460 post m=8 hq=0.980 PASS | Dr=-0.002/+0.721 |Dr|max=0.721 Df=-0.019 | g r=0.017 f=0.015 p=0.199(0.000) max=0.921 | Ld=-0.0097 base=-0.0106 r1=0.000409 path=0.00053 | Lg=+0.7514 | 35s
 3470 post m=8 hq=0.985 PASS | Dr=-0.134/+0.816 |Dr|max=0.967 Df=-0.147 | g r=0.075 f=0.069 p=0.258(0.006) max=0.893 | Ld=+0.0134 base=0.00849 r1=0.00294 path=0.00198 cap=4.25e-06 | Lg=+0.7919 | 35s
 3480 post m=5 hq=0.440 fail | Dr=-0.120/+0.570 |Dr|max=0.782 Df=-0.217 | g r=0.102 f=0.265 p=0.266(0.003) max=1.276 | Ld=+0.0109 base=-0.0199 r1=0.0104 path=0.0189 cap=0.0014 | Lg=+0.7580 | 35s
 3490 post m=7 hq=0.195 fail | Dr=-0.238/+0.368 |Dr|max=0.758 Df=-0.368 | g r=0.265 f=0.593 p=0.566(0.006) max=1.814 | Ld=+0.2254 base=-0.0654 r1=0.0393 path=0.239 cap=0.0128 | Lg=+0.8475 | 35s
 3500 post m=8 hq=0.257 fail | Dr=-0.372/+0.359 |Dr|max=0.962 Df=-0.429 | g r=0.139 f=0.373 p=0.372(0.008) max=1.347 | Ld=-0.0215 base=-0.132 r1=0.0215 path=0.0876 cap=0.0012 | Lg=+0.8217 | 35s
 3510 post m=8 hq=0.450 fail | Dr=-0.131/+0.650 |Dr|max=0.932 Df=-0.202 | g r=0.136 f=0.419 p=0.459(0.006) max=1.492 | Ld=-0.0084 base=-0.085 r1=0.0234 path=0.0466 cap=0.00661 | Lg=+0.7959 | 35s
 3520 post m=8 hq=0.530 fail | Dr=-0.330/+0.376 |Dr|max=0.957 Df=-0.432 | g r=0.181 f=0.482 p=0.535(0.009) max=1.915 | Ld=-0.0384 base=-0.12 r1=0.0421 path=0.037 cap=0.00239 | Lg=+0.8135 | 36s
 3530 post m=8 hq=0.235 fail | Dr=-0.290/+0.568 |Dr|max=1.045 Df=-0.412 | g r=0.140 f=0.550 p=0.462(0.001) max=1.357 | Ld=-0.0249 base=-0.0845 r1=0.0292 path=0.0172 cap=0.0133 | Lg=+0.7943 | 36s
 3540 post m=8 hq=0.299 fail | Dr=-0.080/+1.077 |Dr|max=1.111 Df=-0.227 | g r=0.160 f=0.545 p=0.526(0.006) max=2.015 | Ld=-0.0977 base=-0.187 r1=0.0214 path=0.058 cap=0.0102 | Lg=+0.9072 | 36s
 3550 post m=6 hq=0.294 fail | Dr=-0.415/+0.544 |Dr|max=1.365 Df=-0.550 | g r=0.125 f=0.421 p=0.472(0.001) max=1.409 | Ld=-0.0513 base=-0.0797 r1=0.025 path=0.00284 cap=0.00057 | Lg=+0.8285 | 36s
 3560 post m=6 hq=0.244 fail | Dr=-0.369/+0.684 |Dr|max=1.276 Df=-0.590 | g r=0.193 f=0.622 p=0.556(0.009) max=1.890 | Ld=-0.0751 base=-0.256 r1=0.0508 path=0.101 cap=0.029 | Lg=+0.9395 | 36s
 3570 post m=7 hq=0.357 fail | Dr=-0.172/+0.748 |Dr|max=1.028 Df=-0.333 | g r=0.132 f=0.505 p=0.512(0.003) max=1.765 | Ld=-0.1000 base=-0.137 r1=0.0313 path=0.00205 cap=0.00401 | Lg=+0.8440 | 36s
 3580 post m=8 hq=0.599 fail | Dr=-0.132/+0.616 |Dr|max=0.836 Df=-0.180 | g r=0.102 f=0.293 p=0.374(0.002) max=1.137 | Ld=-0.0112 base=-0.0464 r1=0.0249 path=0.00997 cap=0.000455 | Lg=+0.7578 | 36s
 3590 post m=6 hq=0.315 fail | Dr=-0.254/+0.584 |Dr|max=0.914 Df=-0.341 | g r=0.125 f=0.275 p=0.396(0.006) max=1.274 | Ld=-0.0652 base=-0.115 r1=0.0277 path=0.00497 cap=0.0176 | Lg=+0.8255 | 36s
 3600 post m=8 hq=0.361 fail | Dr=-0.063/+0.930 |Dr|max=1.094 Df=-0.176 | g r=0.138 f=0.509 p=0.558(0.000) max=1.690 | Ld=-0.2198 base=-0.251 r1=0.0256 path=0.00374 cap=0.00146 | Lg=+0.9768 | 36s
 3610 post m=7 hq=0.447 fail | Dr=-0.148/+0.728 |Dr|max=0.768 Df=-0.257 | g r=0.104 f=0.399 p=0.467(0.004) max=1.501 | Ld=-0.0498 base=-0.0689 r1=0.0127 path=0.00583 cap=0.00059 | Lg=+0.8035 | 37s
 3620 post m=4 hq=0.363 fail | Dr=-0.058/+0.589 |Dr|max=0.592 Df=-0.164 | g r=0.100 f=0.463 p=0.392(0.011) max=1.125 | Ld=+0.0059 base=-0.0121 r1=0.0135 path=0.00447 cap=0.000114 | Lg=+0.7538 | 37s
 3630 post m=6 hq=0.329 fail | Dr=-0.388/+0.464 |Dr|max=1.246 Df=-0.526 | g r=0.143 f=0.518 p=0.422(0.001) max=1.316 | Ld=-0.0494 base=-0.0899 r1=0.0229 path=0.00912 cap=0.00844 | Lg=+0.8096 | 37s
 3640 post m=8 hq=0.878 fail | Dr=-0.189/+0.607 |Dr|max=0.805 Df=-0.202 | g r=0.078 f=0.130 p=0.321(0.001) max=1.095 | Ld=-0.0011 base=-0.0191 r1=0.0154 path=0.00259 cap=0.000121 | Lg=+0.7616 | 37s
 3650 post m=8 hq=0.968 PASS | Dr=-0.055/+0.482 |Dr|max=0.482 Df=-0.055 | g r=0.043 f=0.045 p=0.265(0.003) max=0.950 | Ld=+0.0112 base=0.00631 r1=0.00394 path=0.000921 | Lg=+0.7104 | 37s
 3660 post m=8 hq=0.979 PASS | Dr=+0.080/+0.393 |Dr|max=0.393 Df=+0.069 | g r=0.033 f=0.034 p=0.216(0.002) max=1.020 | Ld=-0.0012 base=-0.0061 r1=0.00376 path=0.00115 cap=2.59e-05 | Lg=+0.7085 | 37s
 3670 post m=8 hq=0.977 PASS | Dr=-0.138/+0.319 |Dr|max=0.704 Df=-0.156 | g r=0.062 f=0.062 p=0.239(0.002) max=0.933 | Ld=+0.0076 base=-0.0023 r1=0.00626 path=0.00365 | Lg=+0.7275 | 37s
 3680 post m=8 hq=0.984 PASS | Dr=-0.079/+0.320 |Dr|max=0.410 Df=-0.091 | g r=0.031 f=0.030 p=0.183(0.001) max=0.976 | Ld=-0.0005 base=-0.00511 r1=0.00189 path=0.00273 | Lg=+0.7009 | 37s
 3690 post m=8 hq=0.991 PASS | Dr=-0.028/+0.406 |Dr|max=0.652 Df=-0.044 | g r=0.046 f=0.046 p=0.212(0.000) max=0.968 | Ld=-0.0006 base=-0.0045 r1=0.00197 path=0.00193 | Lg=+0.7218 | 37s
 3700 post m=8 hq=0.983 PASS | Dr=-0.187/+0.533 |Dr|max=1.138 Df=-0.215 | g r=0.057 f=0.063 p=0.290(0.003) max=1.227 | Ld=-0.0130 base=-0.017 r1=0.00255 path=0.00081 cap=0.000692 | Lg=+0.7834 | 38s
 3710 post m=8 hq=0.986 PASS | Dr=-0.140/+0.588 |Dr|max=1.336 Df=-0.172 | g r=0.045 f=0.043 p=0.316(0.002) max=1.319 | Ld=-0.0149 base=-0.0242 r1=0.00118 path=0.00803 | Lg=+0.8402 | 38s
 3720 post m=8 hq=0.990 PASS | Dr=-0.102/+0.446 |Dr|max=0.787 Df=-0.119 | g r=0.028 f=0.026 p=0.204(0.000) max=1.061 | Ld=+0.0007 base=-0.00169 r1=0.000837 path=0.00158 | Lg=+0.7554 | 38s
 3730 post m=8 hq=0.969 PASS | Dr=-0.025/+0.263 |Dr|max=0.302 Df=-0.029 | g r=0.021 f=0.024 p=0.148(0.000) max=0.870 | Ld=-0.0047 base=-0.00699 r1=0.000909 path=0.00137 cap=2.63e-06 | Lg=+0.7044 | 38s
 3740 post m=8 hq=0.992 PASS | Dr=-0.039/+0.247 |Dr|max=0.549 Df=-0.056 | g r=0.026 f=0.024 p=0.175(0.001) max=1.028 | Ld=+0.0112 base=0.0048 r1=0.000844 path=0.00553 | Lg=+0.7175 | 38s
 3750 post m=8 hq=0.983 PASS | Dr=-0.071/+0.462 |Dr|max=0.813 Df=-0.093 | g r=0.046 f=0.047 p=0.222(0.002) max=0.935 | Ld=+0.0141 base=0.00585 r1=0.00718 path=0.00103 cap=9.26e-06 | Lg=+0.7522 | 38s
 3760 post m=8 hq=0.992 PASS | Dr=+0.081/+0.506 |Dr|max=0.506 Df=+0.066 | g r=0.019 f=0.017 p=0.191(0.000) max=0.867 | Ld=-0.0070 base=-0.0104 r1=0.000477 path=0.00296 | Lg=+0.7180 | 38s
 3770 post m=8 hq=0.988 PASS | Dr=-0.031/+0.685 |Dr|max=0.762 Df=-0.049 | g r=0.035 f=0.033 p=0.224(0.001) max=0.799 | Ld=-0.0022 base=-0.00476 r1=0.000725 path=0.00186 | Lg=+0.7538 | 38s
 3780 post m=8 hq=0.993 PASS | Dr=-0.071/+0.656 |Dr|max=1.026 Df=-0.098 | g r=0.044 f=0.044 p=0.236(0.001) max=1.043 | Ld=-0.0164 base=-0.0224 r1=0.00386 path=0.00223 | Lg=+0.7578 | 38s
 3790 post m=8 hq=0.953 PASS | Dr=-0.179/+0.327 |Dr|max=0.636 Df=-0.195 | g r=0.041 f=0.044 p=0.175(0.000) max=1.324 | Ld=-0.0037 base=-0.00521 r1=0.000926 path=0.000574 | Lg=+0.7153 | 38s
 3800 post m=8 hq=0.947 PASS | Dr=-0.146/+0.511 |Dr|max=0.892 Df=-0.164 | g r=0.077 f=0.070 p=0.222(0.004) max=0.862 | Ld=-0.0014 base=-0.0251 r1=0.0187 path=0.00357 cap=0.00133 | Lg=+0.7622 | 39s
 3810 post m=8 hq=0.983 PASS | Dr=-0.190/+0.343 |Dr|max=0.899 Df=-0.210 | g r=0.022 f=0.022 p=0.205(0.001) max=0.834 | Ld=+0.0062 base=0.00128 r1=0.00262 path=0.00229 | Lg=+0.7466 | 39s
 3820 post m=8 hq=0.974 PASS | Dr=+0.215/+0.790 |Dr|max=0.790 Df=+0.198 | g r=0.023 f=0.025 p=0.194(0.001) max=1.323 | Ld=-0.0047 base=-0.00601 r1=0.000309 path=0.00101 | Lg=+0.7225 | 39s
 3830 post m=8 hq=0.880 fail | Dr=-0.232/+0.007 |Dr|max=0.468 Df=-0.230 | g r=0.044 f=0.043 p=0.109(0.001) max=0.515 | Ld=+0.0076 base=-0.00487 r1=0.00208 path=0.0104 | Lg=+0.7032 | 39s
 3840 post m=8 hq=0.991 PASS | Dr=-0.238/+0.017 |Dr|max=0.437 Df=-0.238 | g r=0.020 f=0.019 p=0.098(0.000) max=0.899 | Ld=+0.0086 base=0.00633 r1=0.000697 path=0.00158 | Lg=+0.6973 | 39s
 3850 post m=8 hq=0.995 PASS | Dr=-0.055/+0.173 |Dr|max=0.218 Df=-0.060 | g r=0.013 f=0.013 p=0.103(0.000) max=0.700 | Ld=+0.0021 base=0.00114 r1=0.000478 path=0.000512 | Lg=+0.7008 | 39s
 3860 post m=8 hq=0.988 PASS | Dr=-0.256/-0.031 |Dr|max=0.532 Df=-0.262 | g r=0.020 f=0.018 p=0.100(0.000) max=0.505 | Ld=+0.0078 base=0.00551 r1=0.000697 path=0.00163 | Lg=+0.7018 | 39s
 3870 post m=8 hq=0.989 PASS | Dr=-0.356/+0.139 |Dr|max=1.068 Df=-0.374 | g r=0.025 f=0.024 p=0.185(0.001) max=1.244 | Ld=+0.0046 base=0.00239 r1=0.000848 path=0.00136 | Lg=+0.7465 | 39s
 3880 post m=8 hq=0.983 PASS | Dr=-0.171/+0.360 |Dr|max=1.116 Df=-0.195 | g r=0.036 f=0.033 p=0.217(0.001) max=1.256 | Ld=+0.0019 base=-0.00283 r1=0.00126 path=0.00339 cap=5.52e-05 | Lg=+0.7593 | 39s
 3890 post m=8 hq=0.987 PASS | Dr=-0.206/+0.344 |Dr|max=0.844 Df=-0.226 | g r=0.043 f=0.044 p=0.190(0.000) max=1.277 | Ld=-0.0002 base=-0.00416 r1=0.00108 path=0.0029 cap=6.8e-06 | Lg=+0.7310 | 39s
 3900 post m=8 hq=0.967 PASS | Dr=+0.023/+0.662 |Dr|max=0.794 Df=-0.001 | g r=0.085 f=0.085 p=0.232(0.001) max=1.279 | Ld=+0.0077 base=-0.00458 r1=0.0102 path=0.00199 cap=2.99e-05 | Lg=+0.7585 | 40s
 3910 post m=8 hq=0.971 PASS | Dr=-0.625/+0.742 |Dr|max=2.152 Df=-0.659 | g r=0.064 f=0.066 p=0.408(0.002) max=1.488 | Ld=-0.0214 base=-0.025 r1=0.00111 path=0.0025 cap=4.93e-06 | Lg=+0.9600 | 40s
 3920 post m=8 hq=0.978 PASS | Dr=-0.216/+0.113 |Dr|max=0.659 Df=-0.230 | g r=0.018 f=0.017 p=0.145(0.001) max=0.902 | Ld=+0.0075 base=0.00481 r1=0.000383 path=0.00232 | Lg=+0.7069 | 40s
 3930 post m=8 hq=0.812 fail | Dr=-0.461/+0.046 |Dr|max=1.018 Df=-0.478 | g r=0.091 f=0.089 p=0.200(0.000) max=0.903 | Ld=+0.1310 base=0.0137 r1=0.0643 path=0.0237 cap=0.0293 | Lg=+0.7344 | 40s
 3940 post m=8 hq=0.991 PASS | Dr=-0.258/+0.073 |Dr|max=0.480 Df=-0.266 | g r=0.042 f=0.039 p=0.137(0.001) max=1.256 | Ld=+0.0097 base=0.00494 r1=0.00215 path=0.00263 | Lg=+0.7015 | 40s
 3950 post m=8 hq=0.832 fail | Dr=-0.577/+1.048 |Dr|max=2.152 Df=-0.585 | g r=0.146 f=0.156 p=0.490(0.002) max=1.573 | Ld=-0.0317 base=-0.041 r1=0.00477 path=0.00308 cap=0.00152 | Lg=+1.0006 | 40s
 3960 post m=8 hq=0.965 PASS | Dr=+0.013/+0.860 |Dr|max=0.860 Df=-0.001 | g r=0.050 f=0.048 p=0.251(0.002) max=1.048 | Ld=-0.0161 base=-0.0202 r1=0.0023 path=0.00178 | Lg=+0.7724 | 40s
 3970 post m=8 hq=0.967 PASS | Dr=-0.113/+0.525 |Dr|max=0.525 Df=-0.116 | g r=0.039 f=0.040 p=0.196(0.000) max=0.974 | Ld=+0.0030 base=-0.00142 r1=0.00139 path=0.00302 | Lg=+0.7213 | 40s
 3980 post m=8 hq=0.984 PASS | Dr=-0.417/+0.153 |Dr|max=0.931 Df=-0.420 | g r=0.120 f=0.119 p=0.235(0.006) max=0.958 | Ld=+0.0625 base=0.0149 r1=0.0104 path=0.0117 cap=0.0256 | Lg=+0.7300 | 40s
 3990 post m=8 hq=0.983 PASS | Dr=-0.025/+0.698 |Dr|max=0.746 Df=-0.042 | g r=0.028 f=0.027 p=0.212(0.001) max=1.233 | Ld=-0.0037 base=-0.00639 r1=0.00158 path=0.00112 | Lg=+0.7661 | 40s
 4000 post m=8 hq=0.986 PASS | Dr=-0.066/+0.610 |Dr|max=0.913 Df=-0.091 | g r=0.028 f=0.030 p=0.246(0.001) max=1.258 | Ld=-0.0178 base=-0.0245 r1=0.00141 path=0.00537 | Lg=+0.7935 | 41s
 4010 post m=8 hq=0.990 PASS | Dr=-0.255/+0.582 |Dr|max=1.100 Df=-0.275 | g r=0.026 f=0.025 p=0.257(0.003) max=1.264 | Ld=-0.0167 base=-0.0192 r1=0.00128 path=0.00128 | Lg=+0.7948 | 41s
 4020 post m=8 hq=0.983 PASS | Dr=-0.044/+0.360 |Dr|max=0.560 Df=-0.058 | g r=0.017 f=0.018 p=0.149(0.001) max=1.177 | Ld=+0.0220 base=0.0179 r1=0.00204 path=0.00205 | Lg=+0.7272 | 41s
 4030 post m=8 hq=0.945 PASS | Dr=-0.165/+0.783 |Dr|max=1.196 Df=-0.184 | g r=0.093 f=0.091 p=0.321(0.004) max=1.013 | Ld=+0.0035 base=-0.0203 r1=0.0143 path=0.00946 cap=7.05e-05 | Lg=+0.8260 | 41s
 4040 post m=8 hq=0.975 PASS | Dr=+0.156/+1.203 |Dr|max=1.203 Df=+0.130 | g r=0.038 f=0.039 p=0.327(0.002) max=1.079 | Ld=-0.0174 base=-0.0359 r1=0.000911 path=0.0177 | Lg=+0.8885 | 41s
 4050 post m=8 hq=0.984 PASS | Dr=-0.155/+0.916 |Dr|max=1.389 Df=-0.186 | g r=0.052 f=0.046 p=0.362(0.001) max=1.324 | Ld=-0.0126 base=-0.0199 r1=0.00218 path=0.00411 cap=0.00103 | Lg=+0.8906 | 41s
 4060 post m=8 hq=0.979 PASS | Dr=+0.139/+0.936 |Dr|max=0.986 Df=+0.106 | g r=0.043 f=0.045 p=0.322(0.002) max=1.465 | Ld=-0.0081 base=-0.0127 r1=0.00117 path=0.00344 | Lg=+0.8135 | 41s
 4070 post m=8 hq=0.989 PASS | Dr=+0.069/+0.707 |Dr|max=0.808 Df=+0.045 | g r=0.023 f=0.024 p=0.221(0.002) max=0.862 | Ld=-0.0071 base=-0.0122 r1=0.0014 path=0.0037 cap=2.52e-06 | Lg=+0.7705 | 41s
 4080 post m=8 hq=0.951 PASS | Dr=+0.386/+1.026 |Dr|max=1.026 Df=+0.356 | g r=0.064 f=0.063 p=0.262(0.002) max=1.035 | Ld=+0.0267 base=0.00954 r1=0.015 path=0.0022 | Lg=+0.7656 | 41s
 4090 post m=8 hq=0.968 PASS | Dr=-0.010/+0.533 |Dr|max=0.736 Df=-0.032 | g r=0.047 f=0.052 p=0.228(0.001) max=1.208 | Ld=+0.0138 base=0.00464 r1=0.00316 path=0.00602 cap=1.29e-05 | Lg=+0.7498 | 41s
 4100 post m=8 hq=0.982 PASS | Dr=-0.105/+0.671 |Dr|max=0.936 Df=-0.123 | g r=0.032 f=0.033 p=0.244(0.001) max=0.917 | Ld=+0.0191 base=0.0148 r1=0.00346 path=0.000804 cap=4.42e-05 | Lg=+0.7761 | 42s
 4110 post m=8 hq=0.974 PASS | Dr=-0.118/+0.865 |Dr|max=1.134 Df=-0.138 | g r=0.084 f=0.077 p=0.309(0.002) max=1.052 | Ld=-0.0181 base=-0.0395 r1=0.00452 path=0.00848 cap=0.00839 | Lg=+0.8550 | 42s
 4120 post m=8 hq=0.937 PASS | Dr=-0.096/+1.433 |Dr|max=1.548 Df=-0.112 | g r=0.068 f=0.073 p=0.423(0.001) max=1.396 | Ld=-0.0315 base=-0.0341 r1=0.0019 path=0.000777 | Lg=+0.9344 | 42s
 4130 post m=8 hq=0.987 PASS | Dr=+0.009/+1.227 |Dr|max=1.260 Df=-0.013 | g r=0.030 f=0.029 p=0.344(0.000) max=1.067 | Ld=-0.0366 base=-0.0405 r1=0.00108 path=0.00277 | Lg=+0.8739 | 42s
 4140 post m=8 hq=0.987 PASS | Dr=+0.026/+0.714 |Dr|max=0.800 Df=+0.003 | g r=0.025 f=0.024 p=0.239(0.001) max=1.115 | Ld=+0.0250 base=0.0228 r1=0.00168 path=0.000561 | Lg=+0.7854 | 42s
 4150 post m=8 hq=0.682 fail | Dr=-0.607/+0.209 |Dr|max=1.611 Df=-0.626 | g r=0.060 f=0.066 p=0.271(0.001) max=0.916 | Ld=+0.0370 base=0.00233 r1=0.0266 path=0.00447 cap=0.0036 | Lg=+0.8107 | 42s
 4160 post m=8 hq=0.957 PASS | Dr=+0.081/+0.732 |Dr|max=0.732 Df=+0.061 | g r=0.068 f=0.069 p=0.239(0.002) max=0.786 | Ld=+0.0623 base=0.0341 r1=0.0138 path=0.012 cap=0.00242 | Lg=+0.7782 | 42s
 4170 post m=8 hq=0.981 PASS | Dr=+0.037/+0.603 |Dr|max=0.603 Df=+0.019 | g r=0.022 f=0.023 p=0.192(0.001) max=0.797 | Ld=+0.0200 base=0.0137 r1=0.00335 path=0.00293 | Lg=+0.7422 | 42s
 4180 post m=8 hq=0.926 PASS | Dr=-0.053/+0.226 |Dr|max=0.416 Df=-0.065 | g r=0.038 f=0.041 p=0.139(0.001) max=0.634 | Ld=+0.0360 base=0.0212 r1=0.00524 path=0.00963 | Lg=+0.7112 | 42s
 4190 post m=8 hq=0.989 PASS | Dr=+0.101/+0.915 |Dr|max=0.978 Df=+0.070 | g r=0.056 f=0.055 p=0.298(0.001) max=1.050 | Ld=-0.0144 base=-0.017 r1=0.00197 path=0.000602 | Lg=+0.8156 | 42s
 4200 post m=8 hq=0.991 PASS | Dr=-0.086/+0.383 |Dr|max=0.738 Df=-0.107 | g r=0.021 f=0.020 p=0.187(0.001) max=0.721 | Ld=+0.0032 base=-0.000953 r1=0.000577 path=0.0036 | Lg=+0.7435 | 43s
 4210 post m=8 hq=0.948 PASS | Dr=-0.155/+0.759 |Dr|max=1.237 Df=-0.187 | g r=0.059 f=0.056 p=0.291(0.001) max=1.007 | Ld=+0.0041 base=-0.00276 r1=0.00184 path=0.00475 cap=0.000267 | Lg=+0.8173 | 43s
 4220 post m=8 hq=0.985 PASS | Dr=+0.257/+1.254 |Dr|max=1.254 Df=+0.237 | g r=0.058 f=0.055 p=0.285(0.000) max=1.083 | Ld=-0.0073 base=-0.0166 r1=0.00456 path=0.00478 cap=2.44e-05 | Lg=+0.8030 | 43s
 4230 post m=8 hq=0.990 PASS | Dr=+0.018/+0.939 |Dr|max=0.939 Df=+0.000 | g r=0.043 f=0.042 p=0.245(0.001) max=0.973 | Ld=-0.0034 base=-0.0086 r1=0.003 path=0.00215 | Lg=+0.7693 | 43s
 4240 post m=8 hq=0.978 PASS | Dr=-0.064/+0.411 |Dr|max=0.619 Df=-0.083 | g r=0.044 f=0.044 p=0.182(0.001) max=1.218 | Ld=+0.0243 base=0.0207 r1=0.00125 path=0.00234 cap=2.22e-05 | Lg=+0.7217 | 43s
 4250 post m=8 hq=0.981 PASS | Dr=-0.078/+0.349 |Dr|max=0.589 Df=-0.096 | g r=0.037 f=0.039 p=0.175(0.001) max=0.826 | Ld=+0.0372 base=0.0298 r1=0.00301 path=0.00401 cap=0.000427 | Lg=+0.7257 | 43s
 4260 post m=8 hq=0.968 PASS | Dr=-0.271/+0.614 |Dr|max=1.316 Df=-0.294 | g r=0.071 f=0.071 p=0.298(0.005) max=0.985 | Ld=+0.0081 base=-0.00213 r1=0.00582 path=0.00442 | Lg=+0.7819 | 43s
 4270 post m=8 hq=0.989 PASS | Dr=+0.049/+0.974 |Dr|max=1.064 Df=+0.021 | g r=0.042 f=0.041 p=0.291(0.001) max=1.045 | Ld=-0.0110 base=-0.0249 r1=0.00297 path=0.0109 | Lg=+0.8232 | 43s
 4280 post m=8 hq=0.985 PASS | Dr=-0.050/+0.668 |Dr|max=0.903 Df=-0.074 | g r=0.029 f=0.029 p=0.249(0.001) max=0.839 | Ld=+0.0121 base=0.00478 r1=0.0034 path=0.00373 cap=0.0002 | Lg=+0.7836 | 43s
 4290 post m=8 hq=0.986 PASS | Dr=-0.110/+0.371 |Dr|max=0.650 Df=-0.130 | g r=0.023 f=0.023 p=0.168(0.002) max=0.922 | Ld=+0.0122 base=0.00583 r1=0.00231 path=0.00404 | Lg=+0.7238 | 43s
 4300 post m=8 hq=0.968 PASS | Dr=-0.256/+0.753 |Dr|max=1.379 Df=-0.275 | g r=0.039 f=0.041 p=0.311(0.001) max=1.140 | Ld=-0.0107 base=-0.0153 r1=0.000587 path=0.00399 | Lg=+0.8546 | 44s
 4310 post m=8 hq=0.985 PASS | Dr=+0.087/+0.818 |Dr|max=0.818 Df=+0.061 | g r=0.041 f=0.042 p=0.221(0.001) max=0.934 | Ld=-0.0141 base=-0.0192 r1=0.0019 path=0.00324 | Lg=+0.7587 | 44s
 4320 post m=8 hq=0.980 PASS | Dr=-0.131/+0.284 |Dr|max=0.654 Df=-0.146 | g r=0.019 f=0.017 p=0.165(0.001) max=0.745 | Ld=+0.0026 base=-0.00302 r1=0.00192 path=0.00366 | Lg=+0.7169 | 44s
 4330 post m=8 hq=0.989 PASS | Dr=-0.246/+0.215 |Dr|max=0.781 Df=-0.259 | g r=0.034 f=0.033 p=0.173(0.001) max=0.789 | Ld=+0.0002 base=-0.00187 r1=0.000888 path=0.00123 | Lg=+0.7278 | 44s
 4340 post m=8 hq=0.991 PASS | Dr=-0.323/-0.165 |Dr|max=0.416 Df=-0.326 | g r=0.029 f=0.027 p=0.090(0.001) max=0.361 | Ld=+0.0098 base=0.00489 r1=0.00245 path=0.00243 | Lg=+0.6936 | 44s
 4350 post m=8 hq=0.991 PASS | Dr=-0.127/-0.011 |Dr|max=0.391 Df=-0.126 | g r=0.014 f=0.014 p=0.095(0.000) max=0.508 | Ld=+0.0026 base=0.00023 r1=0.000298 path=0.00206 | Lg=+0.6992 | 44s
 4360 post m=8 hq=0.975 PASS | Dr=+0.196/+0.619 |Dr|max=0.619 Df=+0.185 | g r=0.021 f=0.022 p=0.147(0.001) max=0.732 | Ld=+0.0064 base=0.00315 r1=0.000826 path=0.0024 cap=1.74e-08 | Lg=+0.7092 | 44s
 4370 post m=8 hq=0.944 PASS | Dr=-0.111/+0.155 |Dr|max=0.360 Df=-0.112 | g r=0.057 f=0.062 p=0.122(0.001) max=0.756 | Ld=+0.0108 base=0.00471 r1=0.00392 path=0.00217 | Lg=+0.7032 | 44s
 4380 post m=8 hq=0.983 PASS | Dr=-0.144/+0.007 |Dr|max=0.300 Df=-0.139 | g r=0.022 f=0.021 p=0.062(0.000) max=0.464 | Ld=+0.0015 base=-0.000254 r1=0.000342 path=0.00143 | Lg=+0.6961 | 44s
 4390 post m=8 hq=0.984 PASS | Dr=-0.034/+0.299 |Dr|max=0.377 Df=-0.047 | g r=0.022 f=0.023 p=0.111(0.001) max=0.642 | Ld=+0.0034 base=-0.00252 r1=0.000495 path=0.00544 | Lg=+0.7088 | 44s
 4400 post m=8 hq=0.984 PASS | Dr=-0.215/+0.021 |Dr|max=0.505 Df=-0.226 | g r=0.015 f=0.014 p=0.093(0.000) max=0.442 | Ld=+0.0002 base=-0.00235 r1=0.000308 path=0.00222 | Lg=+0.7009 | 44s
 4410 post m=8 hq=0.971 PASS | Dr=+0.186/+0.508 |Dr|max=0.508 Df=+0.175 | g r=0.027 f=0.027 p=0.127(0.001) max=0.791 | Ld=+0.0011 base=-0.00278 r1=0.0026 path=0.00128 | Lg=+0.7069 | 45s
 4420 post m=8 hq=0.986 PASS | Dr=+0.120/+0.531 |Dr|max=0.531 Df=+0.109 | g r=0.017 f=0.017 p=0.160(0.001) max=0.991 | Ld=+0.0056 base=-0.00275 r1=0.000561 path=0.00774 | Lg=+0.7195 | 45s
 4430 post m=8 hq=0.992 PASS | Dr=-0.297/+0.345 |Dr|max=1.053 Df=-0.315 | g r=0.020 f=0.020 p=0.218(0.000) max=0.912 | Ld=-0.0121 base=-0.0136 r1=0.000546 path=0.000977 | Lg=+0.7637 | 45s
 4440 post m=8 hq=0.989 PASS | Dr=+0.043/+0.427 |Dr|max=0.427 Df=+0.035 | g r=0.018 f=0.018 p=0.135(0.000) max=0.555 | Ld=+0.0010 base=-0.000205 r1=0.000453 path=0.000786 | Lg=+0.7174 | 45s
 4450 post m=8 hq=0.979 PASS | Dr=+0.088/+0.939 |Dr|max=0.939 Df=+0.066 | g r=0.036 f=0.034 p=0.264(0.002) max=0.966 | Ld=-0.0117 base=-0.017 r1=0.00198 path=0.00333 | Lg=+0.7916 | 45s
 4460 post m=8 hq=0.986 PASS | Dr=-0.110/+0.335 |Dr|max=0.518 Df=-0.119 | g r=0.030 f=0.027 p=0.151(0.001) max=0.700 | Ld=+0.0130 base=0.00996 r1=0.00104 path=0.00202 | Lg=+0.7144 | 45s
 4470 post m=8 hq=0.980 PASS | Dr=-0.097/+0.148 |Dr|max=0.281 Df=-0.100 | g r=0.027 f=0.026 p=0.104(0.000) max=0.688 | Ld=+0.0085 base=0.00262 r1=0.00146 path=0.00445 | Lg=+0.6972 | 45s
 4480 post m=8 hq=0.988 PASS | Dr=+0.122/+0.357 |Dr|max=0.357 Df=+0.122 | g r=0.031 f=0.032 p=0.118(0.001) max=1.078 | Ld=+0.0164 base=0.00458 r1=0.000402 path=0.0114 | Lg=+0.7039 | 45s
 4490 post m=8 hq=0.993 PASS | Dr=-0.113/+0.089 |Dr|max=0.218 Df=-0.112 | g r=0.017 f=0.016 p=0.087(0.000) max=0.628 | Ld=+0.0046 base=0.00203 r1=0.000643 path=0.00196 | Lg=+0.6965 | 45s
 4500 post m=8 hq=0.979 PASS | Dr=-0.122/+0.269 |Dr|max=0.391 Df=-0.120 | g r=0.044 f=0.042 p=0.119(0.001) max=0.602 | Ld=+0.0140 base=0.00943 r1=0.00346 path=0.00106 | Lg=+0.7060 | 46s
 4510 post m=8 hq=0.926 PASS | Dr=-0.172/+0.366 |Dr|max=0.576 Df=-0.174 | g r=0.068 f=0.073 p=0.163(0.005) max=0.717 | Ld=+0.0571 base=0.0171 r1=0.0203 path=0.00307 cap=0.0167 | Lg=+0.7272 | 46s
 4520 post m=8 hq=0.973 PASS | Dr=-0.042/+0.272 |Dr|max=0.272 Df=-0.043 | g r=0.015 f=0.015 p=0.100(0.000) max=0.860 | Ld=+0.0072 base=0.00439 r1=0.000433 path=0.00233 | Lg=+0.6966 | 46s
 4530 post m=8 hq=0.981 PASS | Dr=-0.189/+0.096 |Dr|max=0.495 Df=-0.198 | g r=0.026 f=0.026 p=0.112(0.000) max=0.671 | Ld=+0.0079 base=0.00638 r1=0.000837 path=0.000723 | Lg=+0.7056 | 46s
 4540 post m=8 hq=0.971 PASS | Dr=+0.205/+0.403 |Dr|max=0.403 Df=+0.198 | g r=0.028 f=0.028 p=0.100(0.001) max=0.834 | Ld=+0.0065 base=0.00386 r1=0.00135 path=0.00134 | Lg=+0.6996 | 46s
 4550 post m=8 hq=0.981 PASS | Dr=-0.090/+0.392 |Dr|max=0.654 Df=-0.103 | g r=0.046 f=0.044 p=0.168(0.001) max=0.691 | Ld=+0.0349 base=0.0284 r1=0.00191 path=0.00466 | Lg=+0.7191 | 46s
 4560 post m=8 hq=0.988 PASS | Dr=+0.031/+0.393 |Dr|max=0.393 Df=+0.022 | g r=0.037 f=0.034 p=0.137(0.001) max=0.894 | Ld=+0.0030 base=0.0014 r1=0.000875 path=0.000761 | Lg=+0.7080 | 46s
 4570 post m=8 hq=0.994 PASS | Dr=-0.176/+0.210 |Dr|max=0.582 Df=-0.185 | g r=0.017 f=0.017 p=0.136(0.001) max=0.650 | Ld=+0.0113 base=0.00378 r1=0.000766 path=0.00676 | Lg=+0.7162 | 46s
 4580 post m=8 hq=0.993 PASS | Dr=-0.069/+0.250 |Dr|max=0.433 Df=-0.078 | g r=0.013 f=0.012 p=0.117(0.000) max=0.549 | Ld=+0.0017 base=-0.00208 r1=0.000285 path=0.00351 | Lg=+0.7091 | 46s
 4590 post m=8 hq=0.989 PASS | Dr=+0.497/+0.835 |Dr|max=0.835 Df=+0.491 | g r=0.034 f=0.032 p=0.173(0.001) max=1.201 | Ld=+0.0010 base=-0.00315 r1=0.000453 path=0.00374 | Lg=+0.7056 | 46s
 4600 post m=8 hq=0.991 PASS | Dr=+0.044/+0.175 |Dr|max=0.175 Df=+0.038 | g r=0.020 f=0.019 p=0.102(0.001) max=0.448 | Ld=+0.0117 base=0.00772 r1=0.00106 path=0.00295 | Lg=+0.6947 | 47s
# COMPLETE 4600 updates in 47s; prehold 86/120; arrival=90
