# arm=lr_c0.5_g0.5 formulation=wgan + r1(1) + path-secant(10,t=0.5) + cap-all(10,c=1) [Dβ2=0.9, A2=0] {lr c×0.5 g×0.5} device=cuda:0 steps=4600
# step phase modes hq pass | Dr mean/max |Dr|max Df | grad-norm real fake path(min) max | loss_d terms | loss_g | sec
   10 acq  m=0 hq=0.000 fail | Dr=+0.309/+0.636 |Dr|max=0.636 Df=+0.252 | g r=0.361 f=0.550 p=0.549(0.004) max=1.894 | Ld=+5.2446 base=-0.00967 r1=0.336 path=4.8 cap=0.118 | Lg=+0.7597 | 1s
   20 acq  m=0 hq=0.000 fail | Dr=-0.004/+0.523 |Dr|max=0.523 Df=-0.157 | g r=0.562 f=0.842 p=0.784(0.021) max=2.571 | Ld=+4.0141 base=-0.142 r1=0.261 path=3.69 cap=0.21 | Lg=+0.7884 | 1s
   30 acq  m=0 hq=0.000 fail | Dr=+0.132/+0.618 |Dr|max=0.618 Df=-0.072 | g r=0.535 f=0.754 p=0.682(0.014) max=2.165 | Ld=+3.5400 base=-0.204 r1=0.283 path=3.3 cap=0.159 | Lg=+0.8548 | 1s
   40 acq  m=1 hq=0.029 fail | Dr=+0.004/+0.416 |Dr|max=0.438 Df=-0.222 | g r=0.374 f=0.704 p=0.598(0.007) max=2.437 | Ld=+1.9639 base=-0.162 r1=0.221 path=1.86 cap=0.0465 | Lg=+0.8433 | 1s
   50 acq  m=2 hq=0.064 fail | Dr=+0.085/+0.350 |Dr|max=0.350 Df=-0.226 | g r=0.372 f=0.735 p=0.584(0.005) max=2.128 | Ld=+2.0758 base=-0.256 r1=0.183 path=2.02 cap=0.133 | Lg=+0.9379 | 1s
   60 acq  m=2 hq=0.201 fail | Dr=+0.295/+0.795 |Dr|max=0.795 Df=-0.245 | g r=0.266 f=0.604 p=0.611(0.004) max=1.991 | Ld=-0.0976 base=-0.53 r1=0.115 path=0.245 cap=0.0719 | Lg=+1.0430 | 1s
   70 acq  m=1 hq=0.108 fail | Dr=+0.423/+1.089 |Dr|max=1.089 Df=-0.394 | g r=0.277 f=0.487 p=0.628(0.002) max=2.497 | Ld=-0.3453 base=-0.715 r1=0.146 path=0.113 cap=0.111 | Lg=+1.1570 | 1s
   80 acq  m=2 hq=0.076 fail | Dr=+0.820/+1.581 |Dr|max=1.581 Df=-0.345 | g r=0.312 f=0.700 p=0.760(0.017) max=2.716 | Ld=-0.4987 base=-1.02 r1=0.108 path=0.337 cap=0.0771 | Lg=+1.5254 | 1s
   90 acq  m=1 hq=0.083 fail | Dr=+1.013/+2.076 |Dr|max=2.076 Df=-0.336 | g r=0.381 f=0.833 p=0.885(0.031) max=3.048 | Ld=-0.1505 base=-1.34 r1=0.211 path=0.774 cap=0.209 | Lg=+1.7934 | 1s
  100 acq  m=6 hq=0.038 fail | Dr=-0.281/+0.191 |Dr|max=0.634 Df=-0.455 | g r=0.379 f=0.577 p=0.606(0.005) max=1.921 | Ld=+6.6758 base=-0.00962 r1=0.28 path=6.32 cap=0.0864 | Lg=+0.8097 | 1s
  110 acq  m=8 hq=0.052 fail | Dr=-0.269/-0.127 |Dr|max=0.493 Df=-0.598 | g r=0.242 f=0.583 p=0.593(0.010) max=1.917 | Ld=+0.2491 base=-0.313 r1=0.105 path=0.419 cap=0.0376 | Lg=+0.8786 | 2s
  120 acq  m=7 hq=0.086 fail | Dr=-0.162/-0.013 |Dr|max=0.393 Df=-0.501 | g r=0.414 f=0.665 p=0.642(0.012) max=1.951 | Ld=+0.2381 base=-0.301 r1=0.171 path=0.296 cap=0.072 | Lg=+0.8803 | 2s
  130 acq  m=8 hq=0.124 fail | Dr=-0.215/+0.010 |Dr|max=0.396 Df=-0.546 | g r=0.241 f=0.619 p=0.596(0.001) max=1.772 | Ld=-0.0084 base=-0.332 r1=0.0883 path=0.206 cap=0.0293 | Lg=+0.8885 | 2s
  140 acq  m=8 hq=0.107 fail | Dr=-0.206/-0.098 |Dr|max=0.357 Df=-0.547 | g r=0.232 f=0.686 p=0.601(0.012) max=1.870 | Ld=-0.0808 base=-0.35 r1=0.0884 path=0.131 cap=0.0498 | Lg=+0.8973 | 2s
  150 acq  m=5 hq=0.063 fail | Dr=-0.194/-0.091 |Dr|max=0.519 Df=-0.545 | g r=0.254 f=0.582 p=0.574(0.015) max=1.601 | Ld=+0.0903 base=-0.276 r1=0.112 path=0.233 cap=0.022 | Lg=+0.8826 | 2s
  160 acq  m=4 hq=0.064 fail | Dr=-0.105/+0.180 |Dr|max=0.445 Df=-0.489 | g r=0.314 f=0.697 p=0.636(0.007) max=1.853 | Ld=-0.0950 base=-0.33 r1=0.096 path=0.0929 cap=0.0463 | Lg=+0.9385 | 2s
  170 acq  m=4 hq=0.018 fail | Dr=-0.313/-0.047 |Dr|max=0.596 Df=-0.692 | g r=0.291 f=0.611 p=0.586(0.008) max=1.672 | Ld=-0.1074 base=-0.373 r1=0.0815 path=0.134 cap=0.0502 | Lg=+0.9217 | 2s
  180 acq  m=8 hq=0.043 fail | Dr=-0.148/+0.220 |Dr|max=0.487 Df=-0.523 | g r=0.255 f=0.728 p=0.613(0.005) max=1.678 | Ld=-0.1466 base=-0.358 r1=0.12 path=0.0376 cap=0.0535 | Lg=+0.9012 | 2s
  190 acq  m=8 hq=0.206 fail | Dr=-0.161/+0.105 |Dr|max=0.402 Df=-0.466 | g r=0.291 f=0.632 p=0.620(0.008) max=1.804 | Ld=-0.1921 base=-0.359 r1=0.0766 path=0.0618 cap=0.0287 | Lg=+0.9858 | 2s
  200 acq  m=8 hq=0.107 fail | Dr=-0.074/+0.388 |Dr|max=0.528 Df=-0.451 | g r=0.238 f=0.732 p=0.640(0.005) max=1.819 | Ld=-0.2008 base=-0.357 r1=0.0694 path=0.0437 cap=0.0436 | Lg=+0.9996 | 2s
  210 acq  m=8 hq=0.199 fail | Dr=-0.074/+0.322 |Dr|max=0.634 Df=-0.389 | g r=0.214 f=0.630 p=0.584(0.008) max=1.735 | Ld=-0.2114 base=-0.326 r1=0.0803 path=0.0123 cap=0.0225 | Lg=+0.9342 | 3s
  220 acq  m=4 hq=0.097 fail | Dr=+0.055/+0.550 |Dr|max=0.559 Df=-0.385 | g r=0.190 f=0.519 p=0.553(0.003) max=1.627 | Ld=-0.2332 base=-0.332 r1=0.0496 path=0.0259 cap=0.0228 | Lg=+0.9481 | 3s
  230 acq  m=1 hq=0.004 fail | Dr=-0.160/+0.082 |Dr|max=0.767 Df=-0.591 | g r=0.201 f=0.608 p=0.555(0.013) max=1.529 | Ld=-0.2066 base=-0.405 r1=0.0703 path=0.102 cap=0.0264 | Lg=+0.9831 | 3s
  240 acq  m=6 hq=0.212 fail | Dr=+0.090/+0.591 |Dr|max=0.591 Df=-0.241 | g r=0.193 f=0.624 p=0.591(0.004) max=1.528 | Ld=-0.3141 base=-0.403 r1=0.0644 path=0.0156 cap=0.00885 | Lg=+0.9823 | 3s
  250 acq  m=5 hq=0.097 fail | Dr=+0.110/+0.501 |Dr|max=0.531 Df=-0.221 | g r=0.191 f=0.700 p=0.597(0.010) max=1.604 | Ld=-0.2074 base=-0.335 r1=0.0565 path=0.0226 cap=0.0486 | Lg=+0.8962 | 3s
  260 acq  m=7 hq=0.248 fail | Dr=+0.084/+0.646 |Dr|max=0.833 Df=-0.234 | g r=0.163 f=0.619 p=0.579(0.002) max=1.754 | Ld=-0.2104 base=-0.271 r1=0.0404 path=0.00949 cap=0.0105 | Lg=+0.9040 | 3s
  270 acq  m=3 hq=0.079 fail | Dr=-0.042/+0.780 |Dr|max=0.807 Df=-0.418 | g r=0.177 f=0.562 p=0.542(0.003) max=1.635 | Ld=-0.2187 base=-0.34 r1=0.0533 path=0.0377 cap=0.0308 | Lg=+0.9575 | 3s
  280 acq  m=2 hq=0.031 fail | Dr=-0.016/+0.607 |Dr|max=0.910 Df=-0.373 | g r=0.217 f=0.602 p=0.551(0.009) max=1.575 | Ld=-0.1715 base=-0.312 r1=0.0624 path=0.0659 cap=0.0127 | Lg=+0.9547 | 3s
  290 acq  m=5 hq=0.151 fail | Dr=+0.069/+0.657 |Dr|max=0.687 Df=-0.296 | g r=0.171 f=0.710 p=0.580(0.006) max=1.548 | Ld=-0.2234 base=-0.344 r1=0.0574 path=0.0392 cap=0.0239 | Lg=+0.9322 | 3s
  300 acq  m=5 hq=0.053 fail | Dr=+0.102/+0.771 |Dr|max=0.974 Df=-0.298 | g r=0.201 f=0.637 p=0.616(0.008) max=1.580 | Ld=-0.2554 base=-0.352 r1=0.0506 path=0.0247 cap=0.0218 | Lg=+0.9729 | 3s
  310 acq  m=6 hq=0.173 fail | Dr=+0.179/+0.788 |Dr|max=0.788 Df=-0.134 | g r=0.237 f=0.693 p=0.613(0.005) max=1.670 | Ld=-0.2835 base=-0.392 r1=0.0564 path=0.0263 cap=0.0254 | Lg=+0.9893 | 4s
  320 acq  m=7 hq=0.128 fail | Dr=+0.199/+0.863 |Dr|max=0.863 Df=-0.120 | g r=0.167 f=0.675 p=0.596(0.002) max=1.575 | Ld=-0.2447 base=-0.369 r1=0.0654 path=0.0383 cap=0.0208 | Lg=+0.9853 | 4s
  330 acq  m=8 hq=0.207 fail | Dr=+0.256/+1.001 |Dr|max=1.001 Df=-0.043 | g r=0.183 f=0.701 p=0.612(0.007) max=1.643 | Ld=-0.2718 base=-0.357 r1=0.0475 path=0.0111 cap=0.0267 | Lg=+0.9631 | 4s
  340 acq  m=8 hq=0.228 fail | Dr=+0.279/+1.141 |Dr|max=1.141 Df=-0.001 | g r=0.148 f=0.606 p=0.566(0.007) max=1.560 | Ld=-0.1909 base=-0.255 r1=0.0506 path=0.00619 cap=0.00774 | Lg=+0.9221 | 4s
  350 acq  m=8 hq=0.506 fail | Dr=+0.152/+1.179 |Dr|max=1.179 Df=-0.091 | g r=0.174 f=0.462 p=0.598(0.003) max=1.625 | Ld=-0.3222 base=-0.464 r1=0.0635 path=0.0178 cap=0.0602 | Lg=+1.0091 | 4s
  360 acq  m=7 hq=0.370 fail | Dr=+0.289/+1.015 |Dr|max=1.015 Df=+0.029 | g r=0.179 f=0.592 p=0.571(0.006) max=1.743 | Ld=-0.1163 base=-0.236 r1=0.0649 path=0.036 cap=0.0185 | Lg=+0.8888 | 4s
  370 acq  m=5 hq=0.144 fail | Dr=+0.229/+1.025 |Dr|max=1.025 Df=-0.114 | g r=0.189 f=0.602 p=0.590(0.006) max=1.577 | Ld=-0.2188 base=-0.314 r1=0.052 path=0.029 cap=0.0145 | Lg=+0.9731 | 4s
  380 acq  m=7 hq=0.348 fail | Dr=+0.193/+1.074 |Dr|max=1.074 Df=-0.095 | g r=0.161 f=0.553 p=0.573(0.004) max=1.465 | Ld=-0.2243 base=-0.294 r1=0.0249 path=0.0187 cap=0.0258 | Lg=+0.9438 | 4s
  390 acq  m=6 hq=0.262 fail | Dr=+0.081/+1.390 |Dr|max=1.420 Df=-0.237 | g r=0.206 f=0.599 p=0.630(0.009) max=1.853 | Ld=-0.3025 base=-0.433 r1=0.0457 path=0.049 cap=0.036 | Lg=+1.1215 | 4s
  400 acq  m=8 hq=0.317 fail | Dr=+0.289/+1.269 |Dr|max=1.269 Df=+0.036 | g r=0.160 f=0.552 p=0.591(0.004) max=1.601 | Ld=-0.1978 base=-0.287 r1=0.0435 path=0.0257 cap=0.0199 | Lg=+0.9500 | 4s
  410 acq  m=3 hq=0.103 fail | Dr=+0.107/+0.860 |Dr|max=1.201 Df=-0.230 | g r=0.193 f=0.540 p=0.606(0.007) max=1.523 | Ld=-0.2654 base=-0.372 r1=0.041 path=0.0259 cap=0.0401 | Lg=+1.0095 | 4s
  420 acq  m=8 hq=0.601 fail | Dr=+0.294/+1.076 |Dr|max=1.076 Df=+0.096 | g r=0.133 f=0.352 p=0.589(0.004) max=1.477 | Ld=-0.2144 base=-0.304 r1=0.0364 path=0.0393 cap=0.0136 | Lg=+0.9581 | 5s
  430 acq  m=7 hq=0.500 fail | Dr=+0.093/+0.817 |Dr|max=1.015 Df=-0.102 | g r=0.156 f=0.405 p=0.513(0.004) max=1.495 | Ld=-0.0913 base=-0.238 r1=0.0571 path=0.0543 cap=0.0351 | Lg=+0.9037 | 5s
  440 acq  m=8 hq=0.743 fail | Dr=+0.183/+1.222 |Dr|max=1.222 Df=-0.020 | g r=0.089 f=0.269 p=0.547(0.001) max=1.498 | Ld=-0.1533 base=-0.224 r1=0.0286 path=0.0301 cap=0.0117 | Lg=+0.9532 | 5s
  450 acq  m=8 hq=0.414 fail | Dr=+0.116/+1.127 |Dr|max=1.542 Df=-0.119 | g r=0.162 f=0.472 p=0.568(0.005) max=1.596 | Ld=-0.1607 base=-0.234 r1=0.0302 path=0.0229 cap=0.0203 | Lg=+0.9838 | 5s
  460 acq  m=7 hq=0.286 fail | Dr=+0.149/+1.304 |Dr|max=1.304 Df=-0.123 | g r=0.212 f=0.462 p=0.595(0.004) max=1.610 | Ld=-0.2001 base=-0.285 r1=0.0384 path=0.0185 cap=0.0279 | Lg=+0.9809 | 5s
  470 acq  m=8 hq=0.658 fail | Dr=+0.105/+1.066 |Dr|max=1.439 Df=-0.075 | g r=0.149 f=0.336 p=0.557(0.001) max=1.479 | Ld=-0.1869 base=-0.267 r1=0.0247 path=0.0296 cap=0.0261 | Lg=+0.9447 | 5s
  480 acq  m=8 hq=0.549 fail | Dr=+0.049/+1.066 |Dr|max=1.176 Df=-0.133 | g r=0.159 f=0.332 p=0.530(0.009) max=1.517 | Ld=-0.1074 base=-0.204 r1=0.0326 path=0.0408 cap=0.0227 | Lg=+0.9056 | 5s
  490 acq  m=8 hq=0.759 fail | Dr=+0.129/+1.070 |Dr|max=1.396 Df=-0.045 | g r=0.109 f=0.236 p=0.540(0.002) max=1.434 | Ld=-0.1644 base=-0.225 r1=0.0235 path=0.0278 cap=0.00928 | Lg=+0.9491 | 5s
  500 acq  m=8 hq=0.574 fail | Dr=+0.063/+1.254 |Dr|max=1.601 Df=-0.125 | g r=0.168 f=0.337 p=0.569(0.005) max=1.507 | Ld=-0.1329 base=-0.213 r1=0.038 path=0.0263 cap=0.0157 | Lg=+1.0131 | 5s
  510 acq  m=8 hq=0.798 fail | Dr=+0.066/+1.200 |Dr|max=1.374 Df=-0.107 | g r=0.106 f=0.239 p=0.534(0.003) max=1.500 | Ld=-0.1584 base=-0.202 r1=0.0204 path=0.0138 cap=0.00915 | Lg=+0.9738 | 5s
  520 acq  m=6 hq=0.336 fail | Dr=-0.017/+0.865 |Dr|max=1.279 Df=-0.249 | g r=0.139 f=0.444 p=0.529(0.002) max=1.405 | Ld=-0.1117 base=-0.216 r1=0.0308 path=0.0491 cap=0.0248 | Lg=+0.9373 | 6s
  530 acq  m=8 hq=0.309 fail | Dr=+0.069/+1.019 |Dr|max=1.387 Df=-0.122 | g r=0.145 f=0.523 p=0.557(0.004) max=1.578 | Ld=-0.1523 base=-0.21 r1=0.0291 path=0.0194 cap=0.00942 | Lg=+0.9329 | 6s
  540 acq  m=8 hq=0.555 fail | Dr=+0.245/+1.287 |Dr|max=1.287 Df=+0.081 | g r=0.168 f=0.436 p=0.548(0.004) max=1.535 | Ld=-0.2033 base=-0.299 r1=0.0425 path=0.0243 cap=0.0294 | Lg=+0.9476 | 6s
  550 acq  m=6 hq=0.031 fail | Dr=+0.314/+1.035 |Dr|max=1.035 Df=+0.069 | g r=0.151 f=0.602 p=0.570(0.004) max=1.580 | Ld=-0.2047 base=-0.283 r1=0.0434 path=0.017 cap=0.0178 | Lg=+0.9347 | 6s
  560 acq  m=8 hq=0.417 fail | Dr=+0.281/+1.148 |Dr|max=1.148 Df=+0.093 | g r=0.120 f=0.470 p=0.541(0.007) max=1.359 | Ld=-0.1466 base=-0.189 r1=0.0241 path=0.00896 cap=0.00962 | Lg=+0.8665 | 6s
  570 acq  m=8 hq=0.471 fail | Dr=+0.199/+1.190 |Dr|max=1.190 Df=+0.054 | g r=0.141 f=0.468 p=0.527(0.007) max=1.316 | Ld=-0.1243 base=-0.189 r1=0.0281 path=0.0147 cap=0.0223 | Lg=+0.8775 | 6s
  580 acq  m=6 hq=0.301 fail | Dr=+0.103/+0.816 |Dr|max=0.954 Df=-0.100 | g r=0.121 f=0.543 p=0.532(0.004) max=1.527 | Ld=-0.1028 base=-0.139 r1=0.0221 path=0.00977 cap=0.00462 | Lg=+0.8584 | 6s
  590 acq  m=5 hq=0.280 fail | Dr=+0.070/+0.884 |Dr|max=0.899 Df=-0.127 | g r=0.135 f=0.576 p=0.500(0.007) max=1.284 | Ld=-0.1162 base=-0.171 r1=0.0349 path=0.00778 cap=0.0119 | Lg=+0.8560 | 6s
  600 acq  m=8 hq=0.365 fail | Dr=+0.213/+1.117 |Dr|max=1.117 Df=+0.047 | g r=0.142 f=0.575 p=0.523(0.004) max=1.368 | Ld=-0.1463 base=-0.199 r1=0.0342 path=0.00987 cap=0.00823 | Lg=+0.8619 | 6s
  610 acq  m=6 hq=0.433 fail | Dr=+0.248/+0.894 |Dr|max=0.894 Df=+0.040 | g r=0.121 f=0.542 p=0.541(0.003) max=1.396 | Ld=-0.1470 base=-0.203 r1=0.025 path=0.0243 cap=0.00635 | Lg=+0.8699 | 6s
  620 acq  m=5 hq=0.382 fail | Dr=+0.173/+0.984 |Dr|max=0.984 Df=-0.043 | g r=0.132 f=0.416 p=0.515(0.008) max=1.631 | Ld=-0.1224 base=-0.156 r1=0.0183 path=0.0118 cap=0.00362 | Lg=+0.8638 | 7s
  630 acq  m=6 hq=0.433 fail | Dr=+0.135/+1.100 |Dr|max=1.124 Df=+0.009 | g r=0.126 f=0.415 p=0.540(0.002) max=1.328 | Ld=-0.1047 base=-0.146 r1=0.0174 path=0.0185 cap=0.00498 | Lg=+0.8780 | 7s
  640 acq  m=8 hq=0.572 fail | Dr=+0.156/+0.974 |Dr|max=0.974 Df=+0.049 | g r=0.121 f=0.382 p=0.522(0.004) max=1.310 | Ld=-0.0712 base=-0.114 r1=0.0248 path=0.0161 cap=0.00199 | Lg=+0.8291 | 7s
  650 acq  m=8 hq=0.568 fail | Dr=+0.039/+0.976 |Dr|max=1.322 Df=-0.073 | g r=0.116 f=0.376 p=0.523(0.004) max=1.307 | Ld=-0.1397 base=-0.179 r1=0.0222 path=0.009 cap=0.00766 | Lg=+0.8851 | 7s
  660 acq  m=8 hq=0.736 fail | Dr=+0.138/+1.003 |Dr|max=1.003 Df=+0.052 | g r=0.091 f=0.229 p=0.496(0.002) max=1.231 | Ld=-0.0963 base=-0.14 r1=0.0218 path=0.0138 cap=0.00786 | Lg=+0.8464 | 7s
  670 acq  m=5 hq=0.197 fail | Dr=+0.163/+0.962 |Dr|max=0.962 Df=-0.033 | g r=0.139 f=0.709 p=0.581(0.005) max=1.472 | Ld=-0.1853 base=-0.229 r1=0.0274 path=0.00791 cap=0.00868 | Lg=+0.9124 | 7s
  680 acq  m=3 hq=0.258 fail | Dr=+0.089/+0.820 |Dr|max=0.820 Df=-0.115 | g r=0.122 f=0.547 p=0.513(0.001) max=1.286 | Ld=-0.1294 base=-0.169 r1=0.0223 path=0.013 cap=0.00454 | Lg=+0.8592 | 7s
  690 acq  m=8 hq=0.616 fail | Dr=-0.002/+0.666 |Dr|max=0.712 Df=-0.090 | g r=0.129 f=0.342 p=0.458(0.007) max=1.227 | Ld=-0.0256 base=-0.0723 r1=0.0347 path=0.0108 cap=0.00118 | Lg=+0.7987 | 7s
  700 acq  m=7 hq=0.493 fail | Dr=+0.101/+0.960 |Dr|max=0.960 Df=-0.048 | g r=0.109 f=0.394 p=0.506(0.002) max=1.360 | Ld=-0.0715 base=-0.0983 r1=0.0182 path=0.00526 cap=0.00335 | Lg=+0.8549 | 7s
  710 acq  m=7 hq=0.537 fail | Dr=+0.151/+1.084 |Dr|max=1.084 Df=+0.022 | g r=0.113 f=0.388 p=0.494(0.004) max=1.419 | Ld=-0.0641 base=-0.0964 r1=0.0211 path=0.00743 cap=0.00371 | Lg=+0.8346 | 7s
  720 acq  m=8 hq=0.788 fail | Dr=+0.094/+1.132 |Dr|max=1.189 Df=+0.019 | g r=0.122 f=0.235 p=0.500(0.001) max=1.371 | Ld=-0.0662 base=-0.103 r1=0.0211 path=0.0109 cap=0.00436 | Lg=+0.8534 | 8s
  730 acq  m=7 hq=0.403 fail | Dr=+0.216/+1.352 |Dr|max=1.352 Df=+0.099 | g r=0.112 f=0.419 p=0.553(0.002) max=1.424 | Ld=-0.0961 base=-0.134 r1=0.0206 path=0.00711 cap=0.0099 | Lg=+0.9075 | 8s
  740 acq  m=8 hq=0.716 fail | Dr=+0.283/+1.305 |Dr|max=1.305 Df=+0.205 | g r=0.109 f=0.278 p=0.532(0.006) max=1.328 | Ld=-0.1112 base=-0.166 r1=0.0226 path=0.0105 cap=0.0213 | Lg=+0.8557 | 8s
  750 acq  m=8 hq=0.867 fail | Dr=+0.182/+1.128 |Dr|max=1.128 Df=+0.115 | g r=0.097 f=0.154 p=0.526(0.004) max=1.324 | Ld=-0.0497 base=-0.0752 r1=0.0156 path=0.00512 cap=0.00477 | Lg=+0.8557 | 8s
  760 acq  m=8 hq=0.922 PASS | Dr=+0.153/+1.472 |Dr|max=1.472 Df=+0.090 | g r=0.075 f=0.108 p=0.532(0.001) max=1.349 | Ld=-0.0727 base=-0.0972 r1=0.0178 path=0.00351 cap=0.00324 | Lg=+0.8950 | 8s
  770 acq  m=8 hq=0.924 PASS | Dr=+0.001/+1.192 |Dr|max=1.317 Df=-0.065 | g r=0.076 f=0.100 p=0.477(0.003) max=1.273 | Ld=-0.0580 base=-0.0925 r1=0.0125 path=0.0117 cap=0.0102 | Lg=+0.8655 | 8s
  780 acq  m=8 hq=0.900 PASS | Dr=+0.065/+1.370 |Dr|max=1.370 Df=-0.000 | g r=0.066 f=0.111 p=0.505(0.002) max=1.313 | Ld=-0.0716 base=-0.1 r1=0.0145 path=0.0128 cap=0.00129 | Lg=+0.8750 | 8s
  790 acq  m=8 hq=0.922 PASS | Dr=-0.031/+1.014 |Dr|max=1.400 Df=-0.097 | g r=0.084 f=0.107 p=0.495(0.002) max=1.311 | Ld=-0.0881 base=-0.119 r1=0.0113 path=0.0137 cap=0.00568 | Lg=+0.8920 | 8s
  800 acq  m=8 hq=0.923 PASS | Dr=+0.007/+1.044 |Dr|max=1.208 Df=-0.060 | g r=0.064 f=0.089 p=0.484(0.002) max=1.288 | Ld=-0.0343 base=-0.0639 r1=0.0106 path=0.0179 cap=0.00113 | Lg=+0.8485 | 8s
  810 acq  m=8 hq=0.920 PASS | Dr=-0.116/+0.981 |Dr|max=1.345 Df=-0.178 | g r=0.085 f=0.107 p=0.479(0.001) max=1.426 | Ld=-0.0039 base=-0.0339 r1=0.00968 path=0.0142 cap=0.00609 | Lg=+0.8530 | 8s
  820 acq  m=8 hq=0.916 PASS | Dr=+0.008/+1.147 |Dr|max=1.149 Df=-0.050 | g r=0.088 f=0.112 p=0.474(0.003) max=1.263 | Ld=-0.0518 base=-0.0938 r1=0.00955 path=0.0273 cap=0.00519 | Lg=+0.8407 | 8s
  830 acq  m=8 hq=0.921 PASS | Dr=-0.058/+0.850 |Dr|max=1.045 Df=-0.120 | g r=0.094 f=0.107 p=0.438(0.003) max=1.246 | Ld=-0.0230 base=-0.0671 r1=0.0115 path=0.0162 cap=0.0165 | Lg=+0.8259 | 9s
  840 acq  m=8 hq=0.906 PASS | Dr=-0.063/+0.962 |Dr|max=0.962 Df=-0.137 | g r=0.093 f=0.101 p=0.466(0.006) max=1.369 | Ld=-0.0298 base=-0.0563 r1=0.00706 path=0.0167 cap=0.00275 | Lg=+0.8415 | 9s
  850 acq  m=8 hq=0.893 fail | Dr=-0.100/+1.036 |Dr|max=1.064 Df=-0.169 | g r=0.090 f=0.142 p=0.460(0.003) max=1.446 | Ld=-0.0757 base=-0.11 r1=0.0099 path=0.0156 cap=0.00844 | Lg=+0.8488 | 9s
  860 acq  m=8 hq=0.917 PASS | Dr=-0.107/+0.914 |Dr|max=1.029 Df=-0.174 | g r=0.078 f=0.100 p=0.450(0.001) max=1.384 | Ld=-0.0553 base=-0.0759 r1=0.00759 path=0.00948 cap=0.00353 | Lg=+0.8384 | 9s
  870 acq  m=8 hq=0.895 fail | Dr=-0.068/+1.394 |Dr|max=1.398 Df=-0.119 | g r=0.095 f=0.116 p=0.458(0.001) max=1.242 | Ld=-0.0641 base=-0.0926 r1=0.0127 path=0.0151 cap=0.000589 | Lg=+0.8779 | 9s
  880 acq  m=8 hq=0.591 fail | Dr=-0.113/+0.864 |Dr|max=1.474 Df=-0.210 | g r=0.115 f=0.292 p=0.547(0.001) max=1.919 | Ld=-0.1030 base=-0.177 r1=0.0136 path=0.0553 cap=0.00495 | Lg=+0.9434 | 9s
  890 acq  m=8 hq=0.615 fail | Dr=-0.177/+0.661 |Dr|max=0.908 Df=-0.263 | g r=0.079 f=0.289 p=0.457(0.003) max=1.234 | Ld=-0.0633 base=-0.0861 r1=0.0133 path=0.00718 cap=0.00226 | Lg=+0.8143 | 9s
  900 acq  m=8 hq=0.720 fail | Dr=-0.063/+0.646 |Dr|max=0.939 Df=-0.124 | g r=0.121 f=0.238 p=0.491(0.001) max=1.516 | Ld=-0.0337 base=-0.108 r1=0.0173 path=0.0496 cap=0.00779 | Lg=+0.8579 | 9s
  910 acq  m=8 hq=0.931 PASS | Dr=-0.006/+0.855 |Dr|max=0.923 Df=-0.070 | g r=0.055 f=0.077 p=0.466(0.000) max=1.270 | Ld=-0.0601 base=-0.0704 r1=0.00541 path=0.00159 cap=0.00329 | Lg=+0.8125 | 9s
  920 acq  m=8 hq=0.927 PASS | Dr=-0.025/+1.175 |Dr|max=1.175 Df=-0.096 | g r=0.087 f=0.097 p=0.482(0.001) max=1.306 | Ld=-0.0291 base=-0.0429 r1=0.00775 path=0.0036 cap=0.00238 | Lg=+0.8251 | 9s
  930 acq  m=8 hq=0.923 PASS | Dr=-0.109/+0.745 |Dr|max=1.113 Df=-0.183 | g r=0.076 f=0.092 p=0.491(0.001) max=1.268 | Ld=-0.0734 base=-0.0899 r1=0.00972 path=0.00407 cap=0.00271 | Lg=+0.8663 | 10s
  940 acq  m=8 hq=0.894 fail | Dr=-0.081/+1.144 |Dr|max=1.469 Df=-0.144 | g r=0.100 f=0.123 p=0.504(0.003) max=1.403 | Ld=-0.0886 base=-0.107 r1=0.00752 path=0.00903 cap=0.002 | Lg=+0.8703 | 10s
  950 acq  m=8 hq=0.943 PASS | Dr=-0.002/+1.072 |Dr|max=1.072 Df=-0.061 | g r=0.066 f=0.076 p=0.447(0.002) max=1.395 | Ld=-0.0498 base=-0.0681 r1=0.0148 path=0.00231 cap=0.00116 | Lg=+0.8514 | 10s
  960 acq  m=8 hq=0.941 PASS | Dr=-0.019/+1.229 |Dr|max=1.229 Df=-0.092 | g r=0.066 f=0.078 p=0.487(0.002) max=1.330 | Ld=-0.0912 base=-0.106 r1=0.00517 path=0.00709 cap=0.00264 | Lg=+0.8559 | 10s
  970 acq  m=8 hq=0.933 PASS | Dr=-0.103/+1.082 |Dr|max=1.433 Df=-0.148 | g r=0.086 f=0.094 p=0.437(0.002) max=1.250 | Ld=-0.0481 base=-0.0715 r1=0.0155 path=0.00662 cap=0.00132 | Lg=+0.8742 | 10s
  980 acq  m=8 hq=0.929 PASS | Dr=-0.009/+0.985 |Dr|max=1.185 Df=-0.087 | g r=0.078 f=0.082 p=0.485(0.002) max=1.324 | Ld=-0.1057 base=-0.125 r1=0.00701 path=0.00647 cap=0.00538 | Lg=+0.8723 | 10s
  990 acq  m=8 hq=0.948 PASS | Dr=-0.054/+0.932 |Dr|max=0.959 Df=-0.121 | g r=0.058 f=0.064 p=0.444(0.002) max=1.261 | Ld=-0.0492 base=-0.0753 r1=0.00554 path=0.0155 cap=0.00503 | Lg=+0.8423 | 10s
 1000 acq  m=8 hq=0.909 PASS | Dr=-0.085/+1.062 |Dr|max=1.267 Df=-0.142 | g r=0.077 f=0.095 p=0.457(0.005) max=1.258 | Ld=-0.0377 base=-0.0642 r1=0.0101 path=0.0103 cap=0.00612 | Lg=+0.8550 | 10s
 1010 acq  m=8 hq=0.936 PASS | Dr=-0.054/+1.220 |Dr|max=1.579 Df=-0.094 | g r=0.065 f=0.083 p=0.474(0.003) max=1.398 | Ld=-0.0778 base=-0.0981 r1=0.00772 path=0.0102 cap=0.00244 | Lg=+0.8884 | 10s
 1020 acq  m=8 hq=0.939 PASS | Dr=-0.069/+0.994 |Dr|max=1.330 Df=-0.114 | g r=0.069 f=0.080 p=0.455(0.002) max=1.290 | Ld=-0.0468 base=-0.0615 r1=0.00648 path=0.00637 cap=0.00193 | Lg=+0.8584 | 10s
 1030 acq  m=8 hq=0.931 PASS | Dr=+0.023/+1.194 |Dr|max=1.194 Df=-0.028 | g r=0.062 f=0.070 p=0.427(0.002) max=1.252 | Ld=-0.0057 base=-0.0308 r1=0.00466 path=0.0195 cap=0.000903 | Lg=+0.8351 | 11s
 1040 acq  m=8 hq=0.928 PASS | Dr=-0.008/+0.849 |Dr|max=0.996 Df=-0.072 | g r=0.071 f=0.084 p=0.477(0.004) max=1.338 | Ld=-0.0869 base=-0.109 r1=0.00605 path=0.0145 cap=0.00176 | Lg=+0.8647 | 11s
 1050 acq  m=8 hq=0.929 PASS | Dr=-0.024/+1.078 |Dr|max=1.251 Df=-0.073 | g r=0.049 f=0.063 p=0.449(0.002) max=1.257 | Ld=-0.0539 base=-0.0649 r1=0.00479 path=0.00341 cap=0.00274 | Lg=+0.8660 | 11s
 1060 acq  m=8 hq=0.914 PASS | Dr=-0.134/+1.198 |Dr|max=1.597 Df=-0.174 | g r=0.078 f=0.092 p=0.452(0.003) max=1.311 | Ld=-0.0445 base=-0.0821 r1=0.0134 path=0.0201 cap=0.00406 | Lg=+0.8736 | 11s
 1070 acq  m=8 hq=0.903 PASS | Dr=-0.084/+1.284 |Dr|max=1.681 Df=-0.124 | g r=0.060 f=0.080 p=0.482(0.005) max=1.413 | Ld=-0.0834 base=-0.104 r1=0.00496 path=0.0111 cap=0.00473 | Lg=+0.8994 | 11s
 1080 acq  m=8 hq=0.892 fail | Dr=-0.202/+1.516 |Dr|max=1.791 Df=-0.229 | g r=0.084 f=0.106 p=0.475(0.001) max=1.417 | Ld=-0.0502 base=-0.0706 r1=0.0103 path=0.00785 cap=0.00234 | Lg=+0.9270 | 11s
 1090 acq  m=8 hq=0.571 fail | Dr=-0.094/+1.278 |Dr|max=1.278 Df=-0.176 | g r=0.084 f=0.220 p=0.497(0.003) max=1.321 | Ld=-0.0531 base=-0.0696 r1=0.00579 path=0.0102 cap=0.000513 | Lg=+0.8785 | 11s
 1100 acq  m=7 hq=0.446 fail | Dr=-0.096/+0.975 |Dr|max=1.079 Df=-0.195 | g r=0.108 f=0.327 p=0.482(0.003) max=1.418 | Ld=-0.0615 base=-0.105 r1=0.0152 path=0.0121 cap=0.0166 | Lg=+0.8654 | 11s
 1110 acq  m=6 hq=0.491 fail | Dr=+0.133/+1.147 |Dr|max=1.147 Df=+0.001 | g r=0.120 f=0.328 p=0.518(0.006) max=1.533 | Ld=-0.0729 base=-0.14 r1=0.016 path=0.0311 cap=0.02 | Lg=+0.8359 | 11s
 1120 acq  m=8 hq=0.939 PASS | Dr=+0.314/+1.082 |Dr|max=1.082 Df=+0.268 | g r=0.049 f=0.073 p=0.444(0.002) max=1.200 | Ld=-0.0361 base=-0.05 r1=0.00656 path=0.00489 cap=0.00246 | Lg=+0.7945 | 11s
 1130 acq  m=8 hq=0.888 fail | Dr=+0.293/+1.118 |Dr|max=1.118 Df=+0.243 | g r=0.089 f=0.098 p=0.456(0.005) max=1.213 | Ld=-0.0239 base=-0.0425 r1=0.00658 path=0.00899 cap=0.00306 | Lg=+0.8030 | 12s
 1140 acq  m=8 hq=0.957 PASS | Dr=+0.154/+1.234 |Dr|max=1.234 Df=+0.106 | g r=0.057 f=0.065 p=0.429(0.001) max=1.139 | Ld=-0.0024 base=-0.0229 r1=0.00794 path=0.0106 cap=0.00197 | Lg=+0.8199 | 12s
 1150 acq  m=8 hq=0.928 PASS | Dr=+0.048/+0.986 |Dr|max=0.986 Df=-0.003 | g r=0.069 f=0.083 p=0.481(0.003) max=1.243 | Ld=-0.0266 base=-0.0357 r1=0.00519 path=0.00219 cap=0.00171 | Lg=+0.8589 | 12s
 1160 acq  m=8 hq=0.943 PASS | Dr=+0.137/+1.082 |Dr|max=1.082 Df=+0.087 | g r=0.078 f=0.082 p=0.463(0.004) max=1.267 | Ld=-0.0130 base=-0.0424 r1=0.00837 path=0.0135 cap=0.00752 | Lg=+0.8310 | 12s
 1170 acq  m=8 hq=0.932 PASS | Dr=+0.096/+1.226 |Dr|max=1.226 Df=+0.058 | g r=0.070 f=0.074 p=0.460(0.004) max=1.305 | Ld=-0.0323 base=-0.0484 r1=0.00683 path=0.00398 cap=0.00533 | Lg=+0.8273 | 12s
 1180 acq  m=8 hq=0.953 PASS | Dr=+0.036/+1.278 |Dr|max=1.278 Df=+0.000 | g r=0.048 f=0.056 p=0.438(0.002) max=1.357 | Ld=+0.0181 base=-0.0017 r1=0.00743 path=0.0113 cap=0.00109 | Lg=+0.8152 | 12s
 1190 acq  m=8 hq=0.930 PASS | Dr=-0.054/+0.846 |Dr|max=1.203 Df=-0.086 | g r=0.059 f=0.066 p=0.436(0.000) max=1.206 | Ld=-0.0026 base=-0.0282 r1=0.0067 path=0.0152 cap=0.0037 | Lg=+0.8137 | 12s
 1200 acq  m=8 hq=0.944 PASS | Dr=-0.021/+0.855 |Dr|max=1.126 Df=-0.063 | g r=0.060 f=0.065 p=0.466(0.001) max=1.311 | Ld=-0.0259 base=-0.0654 r1=0.00431 path=0.0334 cap=0.00178 | Lg=+0.8432 | 12s
 1210 hold m=8 hq=0.925 PASS | Dr=-0.012/+1.467 |Dr|max=1.467 Df=-0.046 | g r=0.083 f=0.104 p=0.448(0.003) max=1.338 | Ld=-0.0672 base=-0.0911 r1=0.008 path=0.0143 cap=0.00165 | Lg=+0.8741 | 12s
 1220 hold m=8 hq=0.961 PASS | Dr=-0.059/+0.880 |Dr|max=1.075 Df=-0.110 | g r=0.057 f=0.063 p=0.477(0.002) max=1.499 | Ld=-0.0509 base=-0.0659 r1=0.00331 path=0.0114 cap=0.000324 | Lg=+0.8368 | 12s
 1230 hold m=8 hq=0.929 PASS | Dr=-0.012/+0.881 |Dr|max=0.907 Df=-0.055 | g r=0.046 f=0.059 p=0.445(0.002) max=1.172 | Ld=-0.0429 base=-0.0474 r1=0.00258 path=0.00127 cap=0.000707 | Lg=+0.8390 | 13s
 1240 hold m=8 hq=0.947 PASS | Dr=+0.056/+1.243 |Dr|max=1.243 Df=+0.025 | g r=0.054 f=0.062 p=0.453(0.005) max=1.283 | Ld=-0.0387 base=-0.0469 r1=0.00355 path=0.00163 cap=0.00308 | Lg=+0.8535 | 13s
 1250 hold m=8 hq=0.944 PASS | Dr=-0.027/+0.823 |Dr|max=0.956 Df=-0.073 | g r=0.068 f=0.071 p=0.466(0.000) max=1.183 | Ld=-0.0723 base=-0.0885 r1=0.00681 path=0.00809 cap=0.00127 | Lg=+0.8574 | 13s
 1260 hold m=8 hq=0.949 PASS | Dr=-0.052/+0.983 |Dr|max=0.983 Df=-0.094 | g r=0.053 f=0.058 p=0.441(0.001) max=1.194 | Ld=-0.0220 base=-0.0448 r1=0.00884 path=0.0113 cap=0.0027 | Lg=+0.8220 | 13s
 1270 hold m=8 hq=0.942 PASS | Dr=-0.007/+1.267 |Dr|max=1.267 Df=-0.051 | g r=0.046 f=0.056 p=0.455(0.002) max=1.218 | Ld=-0.0379 base=-0.0458 r1=0.00384 path=0.00151 cap=0.00256 | Lg=+0.8362 | 13s
 1280 hold m=8 hq=0.958 PASS | Dr=+0.048/+1.210 |Dr|max=1.210 Df=+0.004 | g r=0.058 f=0.065 p=0.462(0.002) max=1.242 | Ld=-0.0724 base=-0.0899 r1=0.00467 path=0.0116 cap=0.00124 | Lg=+0.8560 | 13s
 1290 hold m=8 hq=0.917 PASS | Dr=+0.039/+1.298 |Dr|max=1.298 Df=+0.002 | g r=0.062 f=0.068 p=0.443(0.001) max=1.334 | Ld=-0.0489 base=-0.0591 r1=0.00381 path=0.00351 cap=0.00295 | Lg=+0.8414 | 13s
 1300 hold m=8 hq=0.925 PASS | Dr=-0.023/+1.074 |Dr|max=1.074 Df=-0.061 | g r=0.049 f=0.064 p=0.444(0.001) max=1.196 | Ld=-0.0157 base=-0.0305 r1=0.00426 path=0.00975 cap=0.000779 | Lg=+0.8136 | 13s
 1310 hold m=8 hq=0.952 PASS | Dr=+0.012/+1.014 |Dr|max=1.016 Df=-0.038 | g r=0.035 f=0.041 p=0.435(0.002) max=1.193 | Ld=-0.0632 base=-0.0741 r1=0.00307 path=0.00659 cap=0.00125 | Lg=+0.8403 | 13s
 1320 hold m=8 hq=0.965 PASS | Dr=-0.054/+0.956 |Dr|max=0.956 Df=-0.084 | g r=0.049 f=0.054 p=0.390(0.001) max=1.108 | Ld=-0.0148 base=-0.0251 r1=0.00298 path=0.00553 cap=0.00172 | Lg=+0.8004 | 13s
 1330 hold m=8 hq=0.938 PASS | Dr=-0.014/+1.089 |Dr|max=1.089 Df=-0.038 | g r=0.050 f=0.060 p=0.435(0.003) max=1.342 | Ld=-0.0435 base=-0.0517 r1=0.00337 path=0.00419 cap=0.000648 | Lg=+0.8368 | 14s
 1340 hold m=8 hq=0.954 PASS | Dr=-0.029/+0.743 |Dr|max=0.838 Df=-0.058 | g r=0.049 f=0.052 p=0.398(0.003) max=1.289 | Ld=-0.0042 base=-0.0177 r1=0.00733 path=0.00569 cap=0.00042 | Lg=+0.7919 | 14s
 1350 hold m=8 hq=0.969 PASS | Dr=+0.001/+0.607 |Dr|max=0.881 Df=-0.030 | g r=0.031 f=0.033 p=0.379(0.002) max=1.156 | Ld=+0.0093 base=-0.00169 r1=0.00206 path=0.00833 cap=0.000589 | Lg=+0.7842 | 14s
 1360 hold m=8 hq=0.962 PASS | Dr=+0.008/+1.095 |Dr|max=1.167 Df=-0.016 | g r=0.050 f=0.052 p=0.456(0.002) max=1.195 | Ld=-0.0375 base=-0.0434 r1=0.00267 path=0.00155 cap=0.00172 | Lg=+0.8391 | 14s
 1370 hold m=8 hq=0.947 PASS | Dr=+0.074/+1.101 |Dr|max=1.101 Df=+0.040 | g r=0.049 f=0.052 p=0.451(0.001) max=1.163 | Ld=-0.0388 base=-0.0505 r1=0.00626 path=0.00505 cap=0.000446 | Lg=+0.8360 | 14s
 1380 hold m=8 hq=0.589 fail | Dr=-0.066/+1.336 |Dr|max=1.336 Df=-0.135 | g r=0.074 f=0.178 p=0.473(0.001) max=1.284 | Ld=-0.0504 base=-0.0688 r1=0.0071 path=0.00977 cap=0.00155 | Lg=+0.8635 | 14s
 1390 hold m=7 hq=0.163 fail | Dr=-0.029/+0.590 |Dr|max=1.079 Df=-0.179 | g r=0.107 f=0.512 p=0.494(0.001) max=1.407 | Ld=-0.0458 base=-0.0864 r1=0.0213 path=0.0129 cap=0.00636 | Lg=+0.8093 | 14s
 1400 hold m=4 hq=0.254 fail | Dr=-0.055/+0.759 |Dr|max=0.913 Df=-0.178 | g r=0.099 f=0.484 p=0.462(0.002) max=1.342 | Ld=-0.0835 base=-0.12 r1=0.0151 path=0.0193 cap=0.00173 | Lg=+0.8245 | 14s
 1410 hold m=6 hq=0.153 fail | Dr=-0.014/+0.810 |Dr|max=0.926 Df=-0.160 | g r=0.120 f=0.571 p=0.507(0.002) max=1.374 | Ld=-0.0854 base=-0.139 r1=0.0265 path=0.0135 cap=0.0141 | Lg=+0.8340 | 14s
 1420 hold m=8 hq=0.455 fail | Dr=+0.328/+0.903 |Dr|max=0.903 Df=+0.256 | g r=0.123 f=0.463 p=0.508(0.006) max=1.393 | Ld=-0.0889 base=-0.123 r1=0.0239 path=0.00836 cap=0.00215 | Lg=+0.8300 | 14s
 1430 hold m=8 hq=0.391 fail | Dr=+0.221/+0.888 |Dr|max=0.888 Df=+0.131 | g r=0.131 f=0.491 p=0.520(0.001) max=1.371 | Ld=-0.0638 base=-0.118 r1=0.026 path=0.0202 cap=0.00779 | Lg=+0.8203 | 15s
 1440 hold m=7 hq=0.239 fail | Dr=+0.466/+1.379 |Dr|max=1.379 Df=+0.373 | g r=0.122 f=0.576 p=0.534(0.003) max=1.314 | Ld=-0.1369 base=-0.173 r1=0.0311 path=0.00318 cap=0.00232 | Lg=+0.8481 | 15s
 1450 hold m=8 hq=0.344 fail | Dr=+0.013/+0.653 |Dr|max=0.653 Df=-0.103 | g r=0.133 f=0.524 p=0.508(0.003) max=1.396 | Ld=-0.0964 base=-0.167 r1=0.0365 path=0.0235 cap=0.0111 | Lg=+0.8100 | 15s
 1460 hold m=6 hq=0.042 fail | Dr=+0.153/+0.886 |Dr|max=0.886 Df=-0.056 | g r=0.119 f=0.724 p=0.547(0.003) max=1.368 | Ld=-0.0837 base=-0.114 r1=0.024 path=0.00553 cap=0.0012 | Lg=+0.7964 | 15s
 1470 hold m=6 hq=0.486 fail | Dr=+0.132/+0.479 |Dr|max=0.479 Df=+0.037 | g r=0.109 f=0.386 p=0.468(0.003) max=1.328 | Ld=-0.0423 base=-0.0833 r1=0.0232 path=0.0158 cap=0.00197 | Lg=+0.7670 | 15s
 1480 hold m=8 hq=0.651 fail | Dr=+0.026/+0.662 |Dr|max=0.662 Df=-0.009 | g r=0.099 f=0.369 p=0.449(0.005) max=1.183 | Ld=-0.0349 base=-0.0629 r1=0.0229 path=0.00441 cap=0.000761 | Lg=+0.7591 | 15s
 1490 hold m=6 hq=0.152 fail | Dr=+0.096/+0.618 |Dr|max=0.618 Df=-0.019 | g r=0.120 f=0.629 p=0.475(0.007) max=1.203 | Ld=-0.0492 base=-0.0911 r1=0.0254 path=0.00791 cap=0.00858 | Lg=+0.7788 | 15s
 1500 hold m=6 hq=0.377 fail | Dr=+0.064/+0.446 |Dr|max=0.446 Df=-0.024 | g r=0.112 f=0.530 p=0.471(0.001) max=1.242 | Ld=-0.0410 base=-0.0686 r1=0.0214 path=0.00315 cap=0.00309 | Lg=+0.7594 | 15s
 1510 hold m=4 hq=0.095 fail | Dr=+0.033/+0.693 |Dr|max=0.693 Df=-0.171 | g r=0.132 f=0.658 p=0.501(0.002) max=1.216 | Ld=-0.0712 base=-0.112 r1=0.0308 path=0.0033 cap=0.0068 | Lg=+0.8077 | 15s
 1520 hold m=7 hq=0.358 fail | Dr=+0.115/+0.614 |Dr|max=0.614 Df=+0.025 | g r=0.108 f=0.526 p=0.471(0.001) max=1.239 | Ld=-0.0501 base=-0.0738 r1=0.0221 path=0.000936 cap=0.000646 | Lg=+0.7704 | 15s
 1530 hold m=6 hq=0.454 fail | Dr=+0.234/+0.941 |Dr|max=0.941 Df=+0.169 | g r=0.103 f=0.488 p=0.485(0.005) max=1.256 | Ld=-0.0196 base=-0.0432 r1=0.021 path=0.00228 cap=0.000377 | Lg=+0.7628 | 16s
 1540 hold m=6 hq=0.536 fail | Dr=+0.208/+1.060 |Dr|max=1.060 Df=+0.142 | g r=0.099 f=0.424 p=0.485(0.005) max=1.277 | Ld=-0.0330 base=-0.0588 r1=0.0215 path=0.00205 cap=0.0023 | Lg=+0.7627 | 16s
 1550 hold m=6 hq=0.423 fail | Dr=+0.196/+0.790 |Dr|max=0.790 Df=+0.079 | g r=0.113 f=0.638 p=0.512(0.006) max=1.341 | Ld=-0.1141 base=-0.145 r1=0.0243 path=0.00497 cap=0.00172 | Lg=+0.8286 | 16s
 1560 hold m=8 hq=0.694 fail | Dr=+0.206/+1.147 |Dr|max=1.147 Df=+0.157 | g r=0.081 f=0.297 p=0.445(0.001) max=1.252 | Ld=-0.0202 base=-0.0384 r1=0.0122 path=0.00382 cap=0.00212 | Lg=+0.7732 | 16s
 1570 hold m=8 hq=0.673 fail | Dr=+0.062/+0.630 |Dr|max=0.630 Df=+0.024 | g r=0.079 f=0.272 p=0.413(0.002) max=1.156 | Ld=-0.0226 base=-0.0447 r1=0.0141 path=0.00361 cap=0.00429 | Lg=+0.7501 | 16s
 1580 hold m=6 hq=0.579 fail | Dr=+0.131/+1.098 |Dr|max=1.098 Df=+0.053 | g r=0.079 f=0.292 p=0.450(0.001) max=1.208 | Ld=-0.0463 base=-0.0606 r1=0.0111 path=0.00307 cap=0.000152 | Lg=+0.7838 | 16s
 1590 hold m=8 hq=0.869 fail | Dr=+0.152/+1.071 |Dr|max=1.071 Df=+0.130 | g r=0.081 f=0.148 p=0.466(0.002) max=1.311 | Ld=-0.0388 base=-0.0641 r1=0.0165 path=0.00124 cap=0.00747 | Lg=+0.7952 | 16s
 1600 hold m=8 hq=0.965 PASS | Dr=+0.083/+1.185 |Dr|max=1.185 Df=+0.071 | g r=0.051 f=0.063 p=0.437(0.001) max=1.109 | Ld=+0.0107 base=0.00266 r1=0.0055 path=0.00206 cap=0.000462 | Lg=+0.7749 | 16s
 1610 hold m=8 hq=0.968 PASS | Dr=+0.068/+1.028 |Dr|max=1.028 Df=+0.051 | g r=0.069 f=0.073 p=0.424(0.002) max=1.166 | Ld=-0.0214 base=-0.0434 r1=0.0162 path=0.00545 cap=0.00031 | Lg=+0.7873 | 16s
 1620 hold m=8 hq=0.976 PASS | Dr=+0.182/+0.934 |Dr|max=0.934 Df=+0.154 | g r=0.058 f=0.059 p=0.443(0.000) max=1.254 | Ld=-0.0380 base=-0.049 r1=0.00831 path=0.00123 cap=0.00139 | Lg=+0.7876 | 16s
 1630 hold m=8 hq=0.972 PASS | Dr=+0.038/+1.350 |Dr|max=1.350 Df=+0.046 | g r=0.073 f=0.079 p=0.411(0.003) max=1.215 | Ld=+0.0051 base=-0.00646 r1=0.00739 path=0.00287 cap=0.00126 | Lg=+0.8066 | 16s
 1640 hold m=8 hq=0.979 PASS | Dr=+0.132/+1.134 |Dr|max=1.134 Df=+0.126 | g r=0.038 f=0.037 p=0.361(0.002) max=1.096 | Ld=+0.0094 base=0.00392 r1=0.00445 path=0.000909 cap=0.0001 | Lg=+0.7672 | 17s
 1650 hold m=8 hq=0.982 PASS | Dr=+0.169/+1.038 |Dr|max=1.038 Df=+0.151 | g r=0.044 f=0.042 p=0.380(0.001) max=1.134 | Ld=-0.0214 base=-0.0256 r1=0.00279 path=0.000534 cap=0.000835 | Lg=+0.7812 | 17s
 1660 hold m=8 hq=0.985 PASS | Dr=+0.101/+1.028 |Dr|max=1.028 Df=+0.090 | g r=0.043 f=0.041 p=0.412(0.002) max=1.240 | Ld=-0.0257 base=-0.0309 r1=0.00387 path=0.00108 cap=0.000221 | Lg=+0.7978 | 17s
 1670 hold m=8 hq=0.988 PASS | Dr=+0.203/+1.654 |Dr|max=1.654 Df=+0.192 | g r=0.055 f=0.057 p=0.442(0.003) max=1.259 | Ld=-0.0534 base=-0.0573 r1=0.00259 path=0.00122 cap=0.000143 | Lg=+0.8553 | 17s
 1680 hold m=8 hq=0.981 PASS | Dr=+0.093/+1.041 |Dr|max=1.041 Df=+0.083 | g r=0.040 f=0.038 p=0.401(0.002) max=1.067 | Ld=-0.0289 base=-0.0322 r1=0.00235 path=0.000949 cap=2.35e-05 | Lg=+0.8030 | 17s
 1690 hold m=8 hq=0.982 PASS | Dr=+0.041/+1.200 |Dr|max=1.200 Df=+0.025 | g r=0.058 f=0.061 p=0.398(0.001) max=1.207 | Ld=-0.0274 base=-0.0349 r1=0.00506 path=0.00182 cap=0.00062 | Lg=+0.8279 | 17s
 1700 hold m=8 hq=0.990 PASS | Dr=+0.154/+1.590 |Dr|max=1.590 Df=+0.157 | g r=0.043 f=0.044 p=0.398(0.000) max=1.319 | Ld=-0.0098 base=-0.0149 r1=0.004 path=0.00071 cap=0.000402 | Lg=+0.8271 | 17s
 1710 hold m=8 hq=0.989 PASS | Dr=+0.061/+1.179 |Dr|max=1.179 Df=+0.053 | g r=0.035 f=0.034 p=0.401(0.002) max=1.146 | Ld=-0.0115 base=-0.0164 r1=0.00279 path=0.00187 cap=0.000222 | Lg=+0.8295 | 17s
 1720 hold m=8 hq=0.986 PASS | Dr=+0.117/+0.703 |Dr|max=0.703 Df=+0.101 | g r=0.031 f=0.029 p=0.335(0.001) max=1.092 | Ld=+0.0063 base=0.00185 r1=0.00242 path=0.00179 cap=0.000201 | Lg=+0.7581 | 17s
 1730 hold m=8 hq=0.982 PASS | Dr=+0.235/+1.510 |Dr|max=1.510 Df=+0.226 | g r=0.053 f=0.045 p=0.385(0.001) max=1.256 | Ld=-0.0049 base=-0.0109 r1=0.00356 path=0.00192 cap=0.00048 | Lg=+0.7934 | 17s
 1740 hold m=8 hq=0.982 PASS | Dr=+0.183/+1.440 |Dr|max=1.440 Df=+0.166 | g r=0.045 f=0.043 p=0.384(0.001) max=1.354 | Ld=-0.0238 base=-0.0296 r1=0.00427 path=0.000924 cap=0.000651 | Lg=+0.8381 | 18s
 1750 hold m=8 hq=0.969 PASS | Dr=+0.159/+1.525 |Dr|max=1.525 Df=+0.124 | g r=0.074 f=0.076 p=0.447(0.003) max=1.311 | Ld=-0.0395 base=-0.0544 r1=0.00844 path=0.00568 cap=0.00078 | Lg=+0.8569 | 18s
 1760 hold m=8 hq=0.978 PASS | Dr=+0.068/+1.323 |Dr|max=1.323 Df=+0.061 | g r=0.051 f=0.046 p=0.420(0.001) max=1.120 | Ld=-0.0105 base=-0.0182 r1=0.0036 path=0.000689 cap=0.00338 | Lg=+0.8313 | 18s
 1770 hold m=8 hq=0.984 PASS | Dr=+0.025/+0.997 |Dr|max=0.997 Df=+0.008 | g r=0.037 f=0.037 p=0.397(0.000) max=1.104 | Ld=+0.0133 base=-0.00369 r1=0.00311 path=0.0137 cap=0.000238 | Lg=+0.7912 | 18s
 1780 hold m=8 hq=0.982 PASS | Dr=+0.012/+1.182 |Dr|max=1.182 Df=+0.006 | g r=0.049 f=0.050 p=0.383(0.003) max=1.173 | Ld=-0.0252 base=-0.03 r1=0.0034 path=0.00134 cap=0.000145 | Lg=+0.8186 | 18s
 1790 hold m=8 hq=0.983 PASS | Dr=-0.005/+1.418 |Dr|max=1.418 Df=+0.002 | g r=0.048 f=0.045 p=0.412(0.001) max=1.220 | Ld=-0.0229 base=-0.0263 r1=0.00195 path=0.00134 cap=0.000139 | Lg=+0.8382 | 18s
 1800 hold m=8 hq=0.972 PASS | Dr=-0.029/+0.858 |Dr|max=0.858 Df=-0.054 | g r=0.041 f=0.041 p=0.386(0.001) max=1.124 | Ld=-0.0221 base=-0.0268 r1=0.00365 path=0.001 cap=5.44e-05 | Lg=+0.8043 | 18s
 1810 hold m=8 hq=0.978 PASS | Dr=+0.069/+1.166 |Dr|max=1.166 Df=+0.050 | g r=0.050 f=0.050 p=0.385(0.001) max=1.195 | Ld=-0.0188 base=-0.0247 r1=0.00232 path=0.00331 cap=0.000265 | Lg=+0.8054 | 18s
 1820 hold m=8 hq=0.985 PASS | Dr=+0.044/+0.964 |Dr|max=0.964 Df=+0.028 | g r=0.042 f=0.040 p=0.378(0.002) max=1.115 | Ld=+0.0178 base=0.0128 r1=0.00298 path=0.00103 cap=0.00101 | Lg=+0.7783 | 18s
 1830 hold m=8 hq=0.983 PASS | Dr=-0.012/+0.949 |Dr|max=0.969 Df=-0.031 | g r=0.045 f=0.042 p=0.375(0.002) max=1.133 | Ld=+0.0152 base=0.00334 r1=0.00442 path=0.00693 cap=0.000492 | Lg=+0.7807 | 18s
 1840 hold m=8 hq=0.974 PASS | Dr=-0.055/+1.160 |Dr|max=1.160 Df=-0.065 | g r=0.051 f=0.053 p=0.375(0.002) max=1.112 | Ld=+0.0005 base=-0.0153 r1=0.00545 path=0.00715 cap=0.00315 | Lg=+0.8081 | 19s
 1850 hold m=8 hq=0.983 PASS | Dr=+0.064/+1.165 |Dr|max=1.165 Df=+0.046 | g r=0.040 f=0.038 p=0.379(0.002) max=1.227 | Ld=-0.0138 base=-0.0164 r1=0.0021 path=0.00046 cap=3.33e-06 | Lg=+0.7892 | 19s
 1860 hold m=8 hq=0.978 PASS | Dr=+0.083/+1.108 |Dr|max=1.108 Df=+0.064 | g r=0.042 f=0.045 p=0.407(0.001) max=1.203 | Ld=-0.0049 base=-0.0119 r1=0.00324 path=0.00358 cap=0.000162 | Lg=+0.7971 | 19s
 1870 hold m=8 hq=0.978 PASS | Dr=+0.101/+1.021 |Dr|max=1.021 Df=+0.093 | g r=0.034 f=0.036 p=0.391(0.001) max=1.092 | Ld=-0.0088 base=-0.0168 r1=0.00295 path=0.00503 cap=2.27e-06 | Lg=+0.8001 | 19s
 1880 hold m=8 hq=0.981 PASS | Dr=+0.079/+1.281 |Dr|max=1.281 Df=+0.073 | g r=0.039 f=0.040 p=0.371(0.001) max=1.197 | Ld=-0.0151 base=-0.0204 r1=0.00174 path=0.00345 cap=0.000136 | Lg=+0.7976 | 19s
 1890 hold m=8 hq=0.974 PASS | Dr=-0.089/+1.533 |Dr|max=1.770 Df=-0.080 | g r=0.097 f=0.088 p=0.480(0.002) max=1.393 | Ld=-0.0454 base=-0.0661 r1=0.0124 path=0.00746 cap=0.000798 | Lg=+0.9175 | 19s
 1900 hold m=8 hq=0.971 PASS | Dr=+0.131/+1.295 |Dr|max=1.295 Df=+0.111 | g r=0.028 f=0.033 p=0.382(0.001) max=1.225 | Ld=-0.0240 base=-0.029 r1=0.00169 path=0.00295 cap=0.000332 | Lg=+0.8110 | 19s
 1910 hold m=8 hq=0.968 PASS | Dr=+0.101/+0.940 |Dr|max=0.940 Df=+0.072 | g r=0.030 f=0.032 p=0.364(0.002) max=1.060 | Ld=-0.0064 base=-0.0248 r1=0.00316 path=0.0152 cap=3.1e-05 | Lg=+0.7802 | 19s
 1920 hold m=8 hq=0.970 PASS | Dr=+0.150/+1.410 |Dr|max=1.410 Df=+0.150 | g r=0.048 f=0.051 p=0.359(0.000) max=1.112 | Ld=-0.0008 base=-0.0105 r1=0.00287 path=0.00644 cap=0.000465 | Lg=+0.7859 | 19s
 1930 hold m=8 hq=0.936 PASS | Dr=+0.087/+1.256 |Dr|max=1.256 Df=+0.074 | g r=0.087 f=0.088 p=0.369(0.003) max=1.179 | Ld=+0.0098 base=-0.0134 r1=0.0147 path=0.00818 cap=0.000324 | Lg=+0.8131 | 19s
 1940 hold m=8 hq=0.971 PASS | Dr=+0.207/+1.122 |Dr|max=1.122 Df=+0.199 | g r=0.031 f=0.033 p=0.334(0.000) max=1.133 | Ld=-0.0368 base=-0.0418 r1=0.00183 path=0.00314 cap=9.88e-06 | Lg=+0.7914 | 19s
 1950 hold m=8 hq=0.971 PASS | Dr=+0.247/+1.395 |Dr|max=1.395 Df=+0.251 | g r=0.030 f=0.034 p=0.365(0.001) max=1.140 | Ld=-0.0191 base=-0.0261 r1=0.00367 path=0.00327 cap=3.7e-05 | Lg=+0.8198 | 20s
 1960 hold m=8 hq=0.975 PASS | Dr=+0.170/+1.184 |Dr|max=1.184 Df=+0.159 | g r=0.035 f=0.038 p=0.363(0.002) max=1.042 | Ld=+0.0093 base=0.00158 r1=0.00247 path=0.00497 cap=0.000305 | Lg=+0.7625 | 20s
 1970 hold m=8 hq=0.976 PASS | Dr=+0.215/+0.945 |Dr|max=0.945 Df=+0.192 | g r=0.032 f=0.033 p=0.325(0.001) max=0.944 | Ld=-0.0027 base=-0.00569 r1=0.00208 path=0.000935 cap=7.61e-06 | Lg=+0.7512 | 20s
 1980 hold m=8 hq=0.980 PASS | Dr=+0.117/+0.869 |Dr|max=0.869 Df=+0.114 | g r=0.037 f=0.038 p=0.338(0.000) max=1.099 | Ld=-0.0208 base=-0.0268 r1=0.00133 path=0.00468 cap=2.89e-05 | Lg=+0.7667 | 20s
 1990 hold m=8 hq=0.975 PASS | Dr=+0.166/+1.603 |Dr|max=1.603 Df=+0.179 | g r=0.051 f=0.052 p=0.376(0.003) max=1.145 | Ld=-0.0162 base=-0.0232 r1=0.00486 path=0.00134 cap=0.000735 | Lg=+0.8224 | 20s
 2000 hold m=8 hq=0.982 PASS | Dr=+0.181/+0.821 |Dr|max=0.821 Df=+0.171 | g r=0.035 f=0.036 p=0.315(0.001) max=0.959 | Ld=+0.0335 base=0.0269 r1=0.00259 path=0.00352 cap=0.000447 | Lg=+0.7439 | 20s
 2010 hold m=8 hq=0.979 PASS | Dr=+0.280/+1.505 |Dr|max=1.505 Df=+0.290 | g r=0.036 f=0.040 p=0.330(0.001) max=1.075 | Ld=+0.0108 base=0.00475 r1=0.00254 path=0.00295 cap=0.000545 | Lg=+0.7772 | 20s
 2020 hold m=8 hq=0.981 PASS | Dr=+0.180/+1.235 |Dr|max=1.235 Df=+0.182 | g r=0.042 f=0.045 p=0.341(0.000) max=1.114 | Ld=-0.0111 base=-0.0181 r1=0.00573 path=0.00129 cap=4.2e-05 | Lg=+0.7813 | 20s
 2030 hold m=8 hq=0.980 PASS | Dr=+0.170/+1.535 |Dr|max=1.535 Df=+0.178 | g r=0.032 f=0.037 p=0.325(0.001) max=1.111 | Ld=+0.0230 base=0.0144 r1=0.00214 path=0.00605 cap=0.000414 | Lg=+0.8138 | 20s
 2040 hold m=8 hq=0.968 PASS | Dr=+0.187/+1.487 |Dr|max=1.487 Df=+0.195 | g r=0.043 f=0.045 p=0.299(0.001) max=1.062 | Ld=+0.0401 base=0.0256 r1=0.00505 path=0.00673 cap=0.00271 | Lg=+0.8002 | 20s
 2050 hold m=8 hq=0.981 PASS | Dr=+0.151/+1.481 |Dr|max=1.481 Df=+0.164 | g r=0.051 f=0.050 p=0.350(0.000) max=1.136 | Ld=-0.0180 base=-0.0215 r1=0.00228 path=0.00118 cap=9.97e-05 | Lg=+0.8191 | 21s
 2060 hold m=8 hq=0.978 PASS | Dr=+0.170/+1.447 |Dr|max=1.447 Df=+0.196 | g r=0.036 f=0.039 p=0.378(0.001) max=1.252 | Ld=-0.0269 base=-0.0302 r1=0.00149 path=0.00187 cap=7.7e-06 | Lg=+0.8556 | 21s
 2070 hold m=8 hq=0.981 PASS | Dr=+0.062/+1.438 |Dr|max=1.438 Df=+0.081 | g r=0.028 f=0.030 p=0.303(0.000) max=1.295 | Ld=+0.0009 base=-0.00359 r1=0.0013 path=0.00293 cap=0.000252 | Lg=+0.7801 | 21s
 2080 hold m=8 hq=0.982 PASS | Dr=-0.018/+1.013 |Dr|max=1.013 Df=-0.018 | g r=0.022 f=0.022 p=0.251(0.001) max=0.946 | Ld=+0.0241 base=0.0221 r1=0.00115 path=0.000888 cap=4.43e-06 | Lg=+0.7259 | 21s
 2090 hold m=8 hq=0.983 PASS | Dr=+0.209/+1.643 |Dr|max=1.643 Df=+0.203 | g r=0.039 f=0.038 p=0.333(0.003) max=1.411 | Ld=-0.0214 base=-0.0264 r1=0.00184 path=0.00291 cap=0.000189 | Lg=+0.8083 | 21s
 2100 hold m=8 hq=0.984 PASS | Dr=+0.163/+1.145 |Dr|max=1.145 Df=+0.157 | g r=0.029 f=0.030 p=0.322(0.001) max=1.008 | Ld=+0.0042 base=-0.00276 r1=0.00161 path=0.00529 cap=1.42e-05 | Lg=+0.7591 | 21s
 2110 hold m=8 hq=0.985 PASS | Dr=+0.121/+0.902 |Dr|max=0.902 Df=+0.113 | g r=0.024 f=0.026 p=0.290(0.001) max=0.972 | Ld=+0.0078 base=0.00427 r1=0.00117 path=0.00239 | Lg=+0.7421 | 21s
 2120 hold m=8 hq=0.982 PASS | Dr=+0.229/+1.464 |Dr|max=1.464 Df=+0.232 | g r=0.047 f=0.048 p=0.308(0.001) max=1.136 | Ld=+0.0015 base=-0.00383 r1=0.00438 path=0.000742 cap=0.000203 | Lg=+0.7823 | 21s
 2130 hold m=8 hq=0.982 PASS | Dr=+0.038/+0.870 |Dr|max=0.870 Df=+0.020 | g r=0.040 f=0.042 p=0.319(0.002) max=0.958 | Ld=-0.0022 base=-0.00725 r1=0.00421 path=0.000606 cap=0.00019 | Lg=+0.7766 | 21s
 2140 hold m=8 hq=0.976 PASS | Dr=+0.093/+1.537 |Dr|max=1.537 Df=+0.085 | g r=0.041 f=0.042 p=0.333(0.001) max=1.145 | Ld=-0.0013 base=-0.00684 r1=0.00317 path=0.00235 cap=3.21e-05 | Lg=+0.8365 | 21s
 2150 hold m=8 hq=0.980 PASS | Dr=+0.109/+1.460 |Dr|max=1.460 Df=+0.114 | g r=0.041 f=0.043 p=0.358(0.001) max=1.224 | Ld=-0.0200 base=-0.0227 r1=0.00195 path=0.000581 cap=0.000179 | Lg=+0.8027 | 22s
 2160 hold m=8 hq=0.973 PASS | Dr=+0.061/+0.984 |Dr|max=0.984 Df=+0.055 | g r=0.030 f=0.031 p=0.338(0.001) max=1.125 | Ld=+0.0061 base=0.00275 r1=0.00197 path=0.00135 cap=1.23e-05 | Lg=+0.7549 | 22s
 2170 hold m=8 hq=0.986 PASS | Dr=+0.049/+1.135 |Dr|max=1.135 Df=+0.045 | g r=0.030 f=0.031 p=0.328(0.001) max=1.121 | Ld=-0.0041 base=-0.00817 r1=0.00165 path=0.00234 cap=9.14e-05 | Lg=+0.7728 | 22s
 2180 hold m=8 hq=0.984 PASS | Dr=+0.128/+1.317 |Dr|max=1.317 Df=+0.132 | g r=0.033 f=0.035 p=0.312(0.001) max=1.128 | Ld=+0.0293 base=0.0255 r1=0.00244 path=0.000864 cap=0.000493 | Lg=+0.7633 | 22s
 2190 hold m=8 hq=0.958 PASS | Dr=+0.126/+1.772 |Dr|max=1.772 Df=+0.134 | g r=0.076 f=0.082 p=0.356(0.001) max=1.163 | Ld=-0.0040 base=-0.0128 r1=0.00294 path=0.00193 cap=0.00399 | Lg=+0.8670 | 22s
 2200 hold m=8 hq=0.978 PASS | Dr=+0.198/+2.135 |Dr|max=2.135 Df=+0.198 | g r=0.039 f=0.039 p=0.400(0.001) max=1.407 | Ld=-0.0373 base=-0.0505 r1=0.00174 path=0.0107 cap=0.000715 | Lg=+0.9460 | 22s
 2210 hold m=8 hq=0.982 PASS | Dr=+0.121/+1.449 |Dr|max=1.449 Df=+0.119 | g r=0.043 f=0.047 p=0.298(0.001) max=0.988 | Ld=+0.0791 base=0.0598 r1=0.0119 path=0.0072 cap=0.000224 | Lg=+0.7862 | 22s
 2220 hold m=8 hq=0.981 PASS | Dr=+0.077/+1.715 |Dr|max=1.715 Df=+0.072 | g r=0.037 f=0.038 p=0.345(0.001) max=1.227 | Ld=-0.0062 base=-0.0128 r1=0.00344 path=0.0029 cap=0.000316 | Lg=+0.8640 | 22s
 2230 hold m=8 hq=0.982 PASS | Dr=+0.147/+1.749 |Dr|max=1.749 Df=+0.143 | g r=0.029 f=0.028 p=0.354(0.002) max=1.214 | Ld=-0.0292 base=-0.0347 r1=0.00209 path=0.00336 cap=3.3e-05 | Lg=+0.8740 | 22s
 2240 hold m=8 hq=0.985 PASS | Dr=+0.129/+1.498 |Dr|max=1.498 Df=+0.114 | g r=0.042 f=0.042 p=0.394(0.001) max=1.149 | Ld=+0.0214 base=0.0075 r1=0.00544 path=0.00844 cap=6.49e-05 | Lg=+0.8007 | 22s
 2250 hold m=8 hq=0.975 PASS | Dr=+0.173/+1.372 |Dr|max=1.372 Df=+0.166 | g r=0.054 f=0.058 p=0.365(0.001) max=1.044 | Ld=+0.0405 base=0.0292 r1=0.00605 path=0.00486 cap=0.000394 | Lg=+0.7883 | 22s
 2260 hold m=8 hq=0.989 PASS | Dr=+0.163/+1.313 |Dr|max=1.313 Df=+0.174 | g r=0.034 f=0.036 p=0.354(0.002) max=1.191 | Ld=-0.0305 base=-0.0331 r1=0.00108 path=0.00144 cap=3.86e-05 | Lg=+0.8095 | 23s
 2270 hold m=8 hq=0.983 PASS | Dr=+0.205/+1.785 |Dr|max=1.785 Df=+0.234 | g r=0.040 f=0.042 p=0.389(0.002) max=1.320 | Ld=-0.0588 base=-0.0609 r1=0.00131 path=0.00074 cap=2.87e-05 | Lg=+0.9041 | 23s
 2280 hold m=8 hq=0.981 PASS | Dr=+0.055/+1.309 |Dr|max=1.309 Df=+0.075 | g r=0.081 f=0.084 p=0.359(0.005) max=1.232 | Ld=+0.0207 base=0.012 r1=0.00439 path=0.00378 cap=0.000565 | Lg=+0.8410 | 23s
 2290 hold m=8 hq=0.991 PASS | Dr=+0.180/+1.775 |Dr|max=1.775 Df=+0.205 | g r=0.051 f=0.052 p=0.385(0.001) max=1.245 | Ld=-0.0433 base=-0.0466 r1=0.00205 path=0.00118 cap=0.000116 | Lg=+0.9232 | 23s
 2300 hold m=8 hq=0.717 fail | Dr=+0.094/+1.774 |Dr|max=1.774 Df=+0.151 | g r=0.087 f=0.121 p=0.462(0.002) max=1.316 | Ld=-0.0220 base=-0.0335 r1=0.00399 path=0.00305 cap=0.00445 | Lg=+0.9203 | 23s
 2310 hold m=8 hq=0.978 PASS | Dr=+0.168/+1.647 |Dr|max=1.647 Df=+0.190 | g r=0.031 f=0.032 p=0.326(0.000) max=1.104 | Ld=-0.0127 base=-0.0203 r1=0.00175 path=0.00583 cap=2.02e-06 | Lg=+0.8326 | 23s
 2320 hold m=8 hq=0.987 PASS | Dr=+0.024/+0.910 |Dr|max=0.910 Df=+0.032 | g r=0.023 f=0.023 p=0.259(0.000) max=0.875 | Ld=-0.0028 base=-0.0105 r1=0.00107 path=0.00665 | Lg=+0.7577 | 23s
 2330 hold m=8 hq=0.990 PASS | Dr=+0.024/+0.814 |Dr|max=0.814 Df=+0.031 | g r=0.027 f=0.026 p=0.238(0.002) max=0.887 | Ld=+0.0077 base=0.00421 r1=0.000822 path=0.00271 | Lg=+0.7396 | 23s
 2340 hold m=8 hq=0.989 PASS | Dr=+0.124/+0.945 |Dr|max=0.945 Df=+0.119 | g r=0.040 f=0.037 p=0.253(0.002) max=0.851 | Ld=-0.0016 base=-0.00473 r1=0.00169 path=0.00145 | Lg=+0.7351 | 23s
 2350 hold m=8 hq=0.990 PASS | Dr=+0.264/+1.577 |Dr|max=1.577 Df=+0.263 | g r=0.042 f=0.041 p=0.300(0.001) max=1.130 | Ld=-0.0067 base=-0.0101 r1=0.00171 path=0.00164 cap=8.66e-05 | Lg=+0.7990 | 23s
 2360 hold m=8 hq=0.987 PASS | Dr=+0.145/+1.203 |Dr|max=1.203 Df=+0.145 | g r=0.054 f=0.057 p=0.291(0.004) max=1.044 | Ld=+0.0365 base=0.0318 r1=0.00367 path=0.000663 cap=0.00042 | Lg=+0.7552 | 24s
 2370 hold m=8 hq=0.991 PASS | Dr=+0.196/+1.715 |Dr|max=1.715 Df=+0.198 | g r=0.041 f=0.040 p=0.314(0.002) max=1.249 | Ld=-0.0174 base=-0.0208 r1=0.00232 path=0.000817 cap=0.000326 | Lg=+0.8176 | 24s
 2380 hold m=8 hq=0.991 PASS | Dr=+0.130/+1.072 |Dr|max=1.072 Df=+0.130 | g r=0.023 f=0.023 p=0.281(0.001) max=0.913 | Ld=+0.0020 base=-0.00147 r1=0.00252 path=0.00095 | Lg=+0.7409 | 24s
 2390 hold m=8 hq=0.917 PASS | Dr=-0.105/+1.338 |Dr|max=1.338 Df=-0.100 | g r=0.056 f=0.047 p=0.336(0.003) max=1.059 | Ld=-0.0008 base=-0.00992 r1=0.00599 path=0.00133 cap=0.00179 | Lg=+0.8441 | 24s
 2400 hold m=8 hq=0.991 PASS | Dr=+0.059/+0.892 |Dr|max=0.892 Df=+0.049 | g r=0.016 f=0.015 p=0.254(0.000) max=0.865 | Ld=+0.0077 base=0.00603 r1=0.00056 path=0.00107 | Lg=+0.7574 | 24s
# shift (1,0) after 2400; frozen copy on new target: m=0 hq=0.000
 2410 post m=6 hq=0.064 fail | Dr=+0.350/+1.276 |Dr|max=1.276 Df=-0.071 | g r=0.173 f=0.317 p=0.480(0.002) max=1.799 | Ld=+0.3210 base=-0.366 r1=0.0555 path=0.609 cap=0.0223 | Lg=+0.9880 | 24s
 2420 post m=5 hq=0.138 fail | Dr=+0.152/+0.560 |Dr|max=0.560 Df=+0.086 | g r=0.280 f=0.730 p=0.627(0.012) max=1.573 | Ld=+1.0620 base=-0.0737 r1=0.15 path=0.918 cap=0.0683 | Lg=+0.7508 | 24s
 2430 post m=4 hq=0.107 fail | Dr=+0.590/+0.898 |Dr|max=0.898 Df=+0.366 | g r=0.176 f=0.621 p=0.483(0.003) max=1.358 | Ld=+0.2170 base=-0.221 r1=0.0789 path=0.291 cap=0.0683 | Lg=+0.8419 | 24s
 2440 post m=3 hq=0.124 fail | Dr=+1.107/+2.292 |Dr|max=2.292 Df=+0.501 | g r=0.211 f=0.596 p=0.613(0.011) max=1.902 | Ld=-0.2131 base=-0.521 r1=0.0527 path=0.227 cap=0.0278 | Lg=+1.1503 | 24s
 2450 post m=4 hq=0.250 fail | Dr=-0.097/+0.145 |Dr|max=0.332 Df=-0.280 | g r=0.205 f=0.418 p=0.474(0.002) max=1.418 | Ld=+0.4151 base=-0.204 r1=0.0683 path=0.489 cap=0.0622 | Lg=+0.7886 | 24s
 2460 post m=7 hq=0.323 fail | Dr=-0.646/-0.197 |Dr|max=1.125 Df=-0.841 | g r=0.339 f=0.445 p=0.490(0.003) max=1.427 | Ld=+0.2187 base=-0.298 r1=0.115 path=0.3 cap=0.101 | Lg=+0.8446 | 25s
 2470 post m=4 hq=0.220 fail | Dr=-0.549/-0.146 |Dr|max=1.328 Df=-0.866 | g r=0.203 f=0.584 p=0.512(0.003) max=1.801 | Ld=-0.1246 base=-0.308 r1=0.0504 path=0.127 cap=0.00609 | Lg=+0.9324 | 25s
 2480 post m=5 hq=0.219 fail | Dr=-0.768/-0.375 |Dr|max=1.722 Df=-1.096 | g r=0.207 f=0.579 p=0.521(0.008) max=1.548 | Ld=-0.1487 base=-0.274 r1=0.0771 path=0.0176 cap=0.0309 | Lg=+0.9202 | 25s
 2490 post m=6 hq=0.263 fail | Dr=-0.668/-0.142 |Dr|max=1.584 Df=-1.099 | g r=0.260 f=0.669 p=0.630(0.007) max=1.707 | Ld=+0.0127 base=-0.234 r1=0.0903 path=0.0737 cap=0.0822 | Lg=+1.0089 | 25s
 2500 post m=4 hq=0.296 fail | Dr=-0.949/-0.043 |Dr|max=2.426 Df=-1.477 | g r=0.203 f=0.454 p=0.544(0.007) max=1.509 | Ld=-0.2528 base=-0.438 r1=0.0853 path=0.0606 cap=0.0387 | Lg=+1.0699 | 25s
 2510 post m=3 hq=0.168 fail | Dr=-1.219/-0.352 |Dr|max=2.238 Df=-1.714 | g r=0.235 f=0.522 p=0.561(0.017) max=1.686 | Ld=-0.4340 base=-0.777 r1=0.086 path=0.155 cap=0.103 | Lg=+1.1540 | 25s
 2520 post m=6 hq=0.311 fail | Dr=-0.473/+0.586 |Dr|max=1.879 Df=-1.067 | g r=0.193 f=0.641 p=0.620(0.012) max=1.605 | Ld=-0.3606 base=-0.469 r1=0.058 path=0.0412 cap=0.00955 | Lg=+1.1202 | 25s
 2530 post m=6 hq=0.517 fail | Dr=-0.798/+0.445 |Dr|max=2.683 Df=-1.427 | g r=0.192 f=0.457 p=0.634(0.005) max=1.677 | Ld=-0.3798 base=-0.586 r1=0.064 path=0.104 cap=0.0391 | Lg=+1.1989 | 25s
 2540 post m=4 hq=0.387 fail | Dr=-0.610/+1.068 |Dr|max=2.988 Df=-1.405 | g r=0.220 f=0.507 p=0.733(0.005) max=1.824 | Ld=-0.4219 base=-0.652 r1=0.0573 path=0.151 cap=0.0215 | Lg=+1.5333 | 25s
 2550 post m=5 hq=0.147 fail | Dr=-0.505/+0.736 |Dr|max=2.047 Df=-1.163 | g r=0.250 f=0.637 p=0.652(0.006) max=1.565 | Ld=-0.4459 base=-0.714 r1=0.0994 path=0.0723 cap=0.0961 | Lg=+1.2449 | 25s
 2560 post m=6 hq=0.151 fail | Dr=-0.590/+0.598 |Dr|max=2.081 Df=-1.135 | g r=0.239 f=0.659 p=0.651(0.002) max=1.686 | Ld=-0.1305 base=-0.319 r1=0.103 path=0.0432 cap=0.0428 | Lg=+1.1171 | 26s
 2570 post m=5 hq=0.120 fail | Dr=-0.289/+0.799 |Dr|max=1.821 Df=-0.887 | g r=0.222 f=0.646 p=0.645(0.003) max=1.770 | Ld=-0.3221 base=-0.511 r1=0.0725 path=0.0371 cap=0.0789 | Lg=+1.1614 | 26s
 2580 post m=7 hq=0.448 fail | Dr=-0.602/+0.721 |Dr|max=2.587 Df=-1.097 | g r=0.237 f=0.470 p=0.659(0.013) max=1.650 | Ld=-0.4129 base=-0.583 r1=0.0603 path=0.0456 cap=0.0642 | Lg=+1.2722 | 26s
 2590 post m=2 hq=0.206 fail | Dr=-0.346/+1.087 |Dr|max=2.192 Df=-0.955 | g r=0.207 f=0.586 p=0.651(0.021) max=1.642 | Ld=-0.3576 base=-0.488 r1=0.0444 path=0.0396 cap=0.0467 | Lg=+1.2104 | 26s
 2600 post m=7 hq=0.409 fail | Dr=-0.288/+0.989 |Dr|max=2.021 Df=-0.829 | g r=0.192 f=0.498 p=0.638(0.004) max=1.660 | Ld=-0.3461 base=-0.446 r1=0.0502 path=0.0217 cap=0.0278 | Lg=+1.1806 | 26s
 2610 post m=7 hq=0.558 fail | Dr=-0.188/+1.075 |Dr|max=1.937 Df=-0.709 | g r=0.177 f=0.416 p=0.629(0.006) max=1.651 | Ld=-0.3090 base=-0.471 r1=0.0644 path=0.056 cap=0.0416 | Lg=+1.1627 | 26s
 2620 post m=8 hq=0.571 fail | Dr=-0.015/+1.110 |Dr|max=1.455 Df=-0.469 | g r=0.152 f=0.395 p=0.583(0.004) max=1.612 | Ld=-0.2423 base=-0.408 r1=0.0485 path=0.0757 cap=0.0416 | Lg=+1.0715 | 26s
 2630 post m=7 hq=0.625 fail | Dr=+0.083/+1.112 |Dr|max=1.288 Df=-0.314 | g r=0.154 f=0.367 p=0.558(0.015) max=1.586 | Ld=-0.2366 base=-0.402 r1=0.0411 path=0.0831 cap=0.0416 | Lg=+1.0196 | 26s
 2640 post m=8 hq=0.690 fail | Dr=+0.091/+1.451 |Dr|max=1.451 Df=-0.256 | g r=0.191 f=0.255 p=0.532(0.006) max=1.507 | Ld=-0.1723 base=-0.356 r1=0.0419 path=0.0791 cap=0.0629 | Lg=+1.0286 | 26s
 2650 post m=7 hq=0.326 fail | Dr=+0.054/+1.386 |Dr|max=1.721 Df=-0.382 | g r=0.203 f=0.549 p=0.663(0.016) max=1.801 | Ld=-0.1762 base=-0.298 r1=0.05 path=0.0587 cap=0.013 | Lg=+1.1943 | 26s
 2660 post m=8 hq=0.557 fail | Dr=+0.139/+1.436 |Dr|max=1.572 Df=-0.242 | g r=0.170 f=0.448 p=0.620(0.002) max=1.604 | Ld=-0.2190 base=-0.335 r1=0.045 path=0.0405 cap=0.031 | Lg=+1.1424 | 27s
 2670 post m=8 hq=0.652 fail | Dr=+0.178/+1.551 |Dr|max=1.551 Df=-0.190 | g r=0.150 f=0.366 p=0.598(0.003) max=1.555 | Ld=-0.2111 base=-0.306 r1=0.0362 path=0.0534 cap=0.00499 | Lg=+1.0810 | 27s
 2680 post m=6 hq=0.329 fail | Dr=+0.104/+0.796 |Dr|max=1.030 Df=-0.282 | g r=0.166 f=0.449 p=0.566(0.002) max=1.832 | Ld=-0.0626 base=-0.285 r1=0.0387 path=0.151 cap=0.0329 | Lg=+0.9359 | 27s
 2690 post m=8 hq=0.701 fail | Dr=-0.054/+1.332 |Dr|max=1.779 Df=-0.376 | g r=0.139 f=0.343 p=0.567(0.003) max=1.496 | Ld=-0.1837 base=-0.298 r1=0.0416 path=0.0551 cap=0.018 | Lg=+1.0572 | 27s
 2700 post m=8 hq=0.718 fail | Dr=+0.129/+1.476 |Dr|max=1.481 Df=-0.180 | g r=0.147 f=0.351 p=0.549(0.011) max=1.440 | Ld=-0.1434 base=-0.234 r1=0.0323 path=0.0527 cap=0.00552 | Lg=+1.0087 | 27s
 2710 post m=8 hq=0.743 fail | Dr=+0.172/+1.698 |Dr|max=1.698 Df=-0.159 | g r=0.133 f=0.283 p=0.565(0.003) max=1.654 | Ld=-0.2267 base=-0.301 r1=0.0342 path=0.0247 cap=0.0151 | Lg=+1.0942 | 27s
 2720 post m=8 hq=0.803 fail | Dr=+0.034/+1.792 |Dr|max=1.836 Df=-0.302 | g r=0.108 f=0.209 p=0.570(0.009) max=1.605 | Ld=-0.1913 base=-0.26 r1=0.0238 path=0.0382 cap=0.0068 | Lg=+1.0933 | 27s
 2730 post m=8 hq=0.685 fail | Dr=+0.217/+2.080 |Dr|max=2.080 Df=-0.120 | g r=0.137 f=0.245 p=0.581(0.006) max=1.441 | Ld=-0.1932 base=-0.241 r1=0.0246 path=0.0184 cap=0.00491 | Lg=+1.1620 | 27s
 2740 post m=8 hq=0.657 fail | Dr=+0.262/+2.062 |Dr|max=2.062 Df=-0.081 | g r=0.131 f=0.281 p=0.595(0.001) max=1.476 | Ld=-0.1465 base=-0.232 r1=0.0216 path=0.0571 cap=0.00715 | Lg=+1.0859 | 27s
 2750 post m=8 hq=0.809 fail | Dr=+0.274/+1.822 |Dr|max=1.822 Df=+0.005 | g r=0.138 f=0.219 p=0.525(0.010) max=1.410 | Ld=-0.1145 base=-0.195 r1=0.0226 path=0.0451 cap=0.0132 | Lg=+0.9828 | 27s
 2760 post m=8 hq=0.777 fail | Dr=+0.269/+2.144 |Dr|max=2.144 Df=-0.050 | g r=0.117 f=0.185 p=0.580(0.001) max=1.490 | Ld=-0.1552 base=-0.185 r1=0.0183 path=0.0104 cap=0.00157 | Lg=+1.1209 | 27s
 2770 post m=8 hq=0.814 fail | Dr=+0.101/+1.742 |Dr|max=1.854 Df=-0.207 | g r=0.109 f=0.229 p=0.570(0.003) max=1.587 | Ld=-0.1952 base=-0.264 r1=0.0348 path=0.0266 cap=0.00748 | Lg=+1.1270 | 28s
 2780 post m=8 hq=0.819 fail | Dr=+0.291/+1.906 |Dr|max=1.906 Df=-0.009 | g r=0.117 f=0.213 p=0.561(0.001) max=1.506 | Ld=-0.1552 base=-0.242 r1=0.0192 path=0.0509 cap=0.0167 | Lg=+1.1116 | 28s
 2790 post m=8 hq=0.857 fail | Dr=+0.295/+2.037 |Dr|max=2.037 Df=+0.021 | g r=0.105 f=0.154 p=0.536(0.003) max=1.479 | Ld=-0.1829 base=-0.246 r1=0.0169 path=0.028 cap=0.018 | Lg=+1.1140 | 28s
 2800 post m=8 hq=0.798 fail | Dr=+0.172/+1.438 |Dr|max=1.438 Df=-0.086 | g r=0.100 f=0.211 p=0.467(0.003) max=1.503 | Ld=-0.0707 base=-0.151 r1=0.0273 path=0.0261 cap=0.0274 | Lg=+0.9467 | 28s
 2810 post m=8 hq=0.818 fail | Dr=+0.202/+1.875 |Dr|max=1.875 Df=-0.055 | g r=0.110 f=0.141 p=0.526(0.000) max=1.391 | Ld=-0.1496 base=-0.208 r1=0.0223 path=0.0231 cap=0.0127 | Lg=+1.0281 | 28s
 2820 post m=8 hq=0.809 fail | Dr=+0.283/+2.041 |Dr|max=2.041 Df=+0.033 | g r=0.122 f=0.196 p=0.572(0.005) max=1.411 | Ld=-0.1640 base=-0.23 r1=0.0237 path=0.0323 cap=0.00972 | Lg=+1.1038 | 28s
 2830 post m=6 hq=0.695 fail | Dr=+0.130/+1.729 |Dr|max=1.996 Df=-0.186 | g r=0.109 f=0.324 p=0.598(0.008) max=1.783 | Ld=-0.1960 base=-0.285 r1=0.0215 path=0.0553 cap=0.0119 | Lg=+1.0989 | 28s
 2840 post m=8 hq=0.823 fail | Dr=+0.320/+1.919 |Dr|max=1.919 Df=+0.108 | g r=0.141 f=0.182 p=0.517(0.010) max=1.508 | Ld=-0.1159 base=-0.188 r1=0.0172 path=0.0354 cap=0.0196 | Lg=+1.0122 | 28s
 2850 post m=8 hq=0.887 fail | Dr=+0.417/+1.784 |Dr|max=1.784 Df=+0.194 | g r=0.171 f=0.211 p=0.533(0.003) max=1.548 | Ld=-0.0970 base=-0.17 r1=0.0281 path=0.0334 cap=0.0119 | Lg=+0.9871 | 28s
 2860 post m=8 hq=0.861 fail | Dr=+0.340/+1.754 |Dr|max=1.754 Df=+0.101 | g r=0.083 f=0.190 p=0.503(0.003) max=1.502 | Ld=-0.1358 base=-0.185 r1=0.0155 path=0.0267 cap=0.00705 | Lg=+0.9759 | 28s
 2870 post m=8 hq=0.728 fail | Dr=+0.154/+2.089 |Dr|max=2.089 Df=-0.100 | g r=0.154 f=0.230 p=0.581(0.007) max=1.500 | Ld=-0.1348 base=-0.215 r1=0.0176 path=0.0543 cap=0.00804 | Lg=+1.1239 | 29s
 2880 post m=8 hq=0.675 fail | Dr=+0.149/+2.183 |Dr|max=2.183 Df=-0.102 | g r=0.128 f=0.192 p=0.578(0.004) max=1.535 | Ld=-0.1753 base=-0.246 r1=0.0345 path=0.0267 cap=0.00936 | Lg=+1.2022 | 29s
 2890 post m=8 hq=0.729 fail | Dr=+0.013/+1.841 |Dr|max=1.841 Df=-0.238 | g r=0.103 f=0.234 p=0.545(0.005) max=1.473 | Ld=-0.2041 base=-0.255 r1=0.0147 path=0.0279 cap=0.00806 | Lg=+1.1205 | 29s
 2900 post m=8 hq=0.831 fail | Dr=+0.144/+1.899 |Dr|max=1.899 Df=-0.084 | g r=0.118 f=0.149 p=0.505(0.004) max=1.322 | Ld=-0.1521 base=-0.196 r1=0.0203 path=0.0119 cap=0.0115 | Lg=+1.0548 | 29s
 2910 post m=8 hq=0.886 fail | Dr=+0.215/+1.485 |Dr|max=1.485 Df=+0.003 | g r=0.156 f=0.187 p=0.512(0.004) max=1.537 | Ld=-0.0451 base=-0.111 r1=0.0242 path=0.0338 cap=0.00799 | Lg=+0.9469 | 29s
 2920 post m=8 hq=0.816 fail | Dr=+0.318/+1.831 |Dr|max=1.831 Df=+0.116 | g r=0.105 f=0.140 p=0.487(0.005) max=1.232 | Ld=-0.0866 base=-0.128 r1=0.0126 path=0.0254 cap=0.00346 | Lg=+0.9748 | 29s
 2930 post m=8 hq=0.864 fail | Dr=+0.375/+1.790 |Dr|max=1.790 Df=+0.167 | g r=0.094 f=0.155 p=0.497(0.004) max=1.421 | Ld=-0.1311 base=-0.196 r1=0.0175 path=0.038 cap=0.00961 | Lg=+0.9833 | 29s
 2940 post m=8 hq=0.870 fail | Dr=+0.234/+1.706 |Dr|max=1.706 Df=+0.030 | g r=0.075 f=0.144 p=0.475(0.004) max=1.329 | Ld=-0.1258 base=-0.174 r1=0.0173 path=0.0218 cap=0.00863 | Lg=+0.9576 | 29s
 2950 post m=8 hq=0.890 fail | Dr=+0.262/+1.565 |Dr|max=1.565 Df=+0.082 | g r=0.095 f=0.119 p=0.462(0.004) max=1.374 | Ld=-0.0449 base=-0.099 r1=0.0233 path=0.0243 cap=0.00647 | Lg=+0.9313 | 29s
 2960 post m=8 hq=0.931 PASS | Dr=+0.257/+1.705 |Dr|max=1.705 Df=+0.067 | g r=0.061 f=0.089 p=0.476(0.002) max=1.381 | Ld=-0.0826 base=-0.115 r1=0.00748 path=0.0225 cap=0.00256 | Lg=+0.9436 | 29s
 2970 post m=8 hq=0.858 fail | Dr=+0.226/+1.556 |Dr|max=1.556 Df=+0.049 | g r=0.105 f=0.140 p=0.491(0.007) max=1.396 | Ld=-0.1232 base=-0.175 r1=0.0208 path=0.0238 cap=0.0068 | Lg=+0.9825 | 30s
 2980 post m=8 hq=0.926 PASS | Dr=+0.180/+1.856 |Dr|max=1.856 Df=-0.032 | g r=0.093 f=0.121 p=0.517(0.002) max=1.548 | Ld=-0.1292 base=-0.168 r1=0.0134 path=0.0188 cap=0.00662 | Lg=+1.0438 | 30s
 2990 post m=8 hq=0.654 fail | Dr=+0.312/+1.936 |Dr|max=1.936 Df=+0.116 | g r=0.095 f=0.174 p=0.517(0.002) max=1.423 | Ld=-0.1258 base=-0.172 r1=0.0162 path=0.0205 cap=0.00993 | Lg=+0.9992 | 30s
 3000 post m=8 hq=0.868 fail | Dr=+0.219/+1.703 |Dr|max=1.703 Df=+0.036 | g r=0.087 f=0.138 p=0.499(0.002) max=1.260 | Ld=-0.1132 base=-0.164 r1=0.0141 path=0.0241 cap=0.0122 | Lg=+0.9750 | 30s
 3010 post m=8 hq=0.914 PASS | Dr=+0.231/+2.050 |Dr|max=2.050 Df=+0.027 | g r=0.078 f=0.115 p=0.510(0.001) max=1.473 | Ld=-0.1739 base=-0.244 r1=0.0129 path=0.0453 cap=0.0117 | Lg=+1.0263 | 30s
 3020 post m=8 hq=0.789 fail | Dr=+0.124/+2.072 |Dr|max=2.072 Df=-0.078 | g r=0.083 f=0.102 p=0.525(0.005) max=1.500 | Ld=-0.1374 base=-0.173 r1=0.012 path=0.0191 cap=0.00451 | Lg=+1.0878 | 30s
 3030 post m=8 hq=0.834 fail | Dr=+0.284/+1.710 |Dr|max=1.710 Df=+0.115 | g r=0.080 f=0.117 p=0.471(0.001) max=1.347 | Ld=-0.0572 base=-0.116 r1=0.0128 path=0.0337 cap=0.0118 | Lg=+0.9411 | 30s
 3040 post m=8 hq=0.905 PASS | Dr=+0.299/+1.971 |Dr|max=1.971 Df=+0.119 | g r=0.092 f=0.113 p=0.475(0.001) max=1.782 | Ld=-0.0831 base=-0.117 r1=0.011 path=0.0122 cap=0.0106 | Lg=+1.0145 | 30s
 3050 post m=8 hq=0.724 fail | Dr=+0.344/+2.088 |Dr|max=2.088 Df=+0.158 | g r=0.088 f=0.160 p=0.502(0.002) max=1.328 | Ld=-0.1098 base=-0.163 r1=0.0113 path=0.0381 cap=0.00336 | Lg=+1.0092 | 30s
 3060 post m=8 hq=0.683 fail | Dr=+0.284/+1.599 |Dr|max=1.599 Df=+0.113 | g r=0.079 f=0.227 p=0.448(0.001) max=1.587 | Ld=-0.1354 base=-0.196 r1=0.0157 path=0.0203 cap=0.0249 | Lg=+0.9308 | 30s
 3070 post m=8 hq=0.824 fail | Dr=+0.187/+1.825 |Dr|max=1.825 Df=+0.011 | g r=0.099 f=0.187 p=0.490(0.002) max=1.450 | Ld=-0.0914 base=-0.159 r1=0.0142 path=0.0244 cap=0.0294 | Lg=+0.9849 | 31s
 3080 post m=8 hq=0.817 fail | Dr=+0.254/+1.878 |Dr|max=1.878 Df=+0.083 | g r=0.111 f=0.179 p=0.484(0.008) max=1.422 | Ld=-0.0851 base=-0.121 r1=0.0155 path=0.0108 cap=0.00932 | Lg=+0.9737 | 31s
 3090 post m=8 hq=0.904 PASS | Dr=+0.289/+2.069 |Dr|max=2.069 Df=+0.110 | g r=0.076 f=0.098 p=0.502(0.001) max=1.490 | Ld=-0.1038 base=-0.134 r1=0.0102 path=0.0156 cap=0.00462 | Lg=+1.0418 | 31s
 3100 post m=8 hq=0.917 PASS | Dr=+0.402/+1.859 |Dr|max=1.859 Df=+0.254 | g r=0.065 f=0.086 p=0.491(0.003) max=1.333 | Ld=-0.1062 base=-0.129 r1=0.00775 path=0.013 cap=0.00256 | Lg=+0.9580 | 31s
 3110 post m=8 hq=0.900 PASS | Dr=+0.455/+2.091 |Dr|max=2.091 Df=+0.303 | g r=0.078 f=0.096 p=0.486(0.005) max=1.308 | Ld=-0.1160 base=-0.144 r1=0.00838 path=0.0121 cap=0.00804 | Lg=+0.9958 | 31s
 3120 post m=8 hq=0.934 PASS | Dr=+0.390/+1.996 |Dr|max=1.996 Df=+0.231 | g r=0.065 f=0.079 p=0.483(0.002) max=1.438 | Ld=-0.0944 base=-0.128 r1=0.00916 path=0.0231 cap=0.00123 | Lg=+0.9936 | 31s
 3130 post m=8 hq=0.916 PASS | Dr=+0.416/+1.889 |Dr|max=1.889 Df=+0.279 | g r=0.104 f=0.122 p=0.462(0.001) max=1.363 | Ld=-0.0574 base=-0.101 r1=0.0157 path=0.0238 cap=0.00392 | Lg=+0.9323 | 31s
 3140 post m=8 hq=0.932 PASS | Dr=+0.224/+1.989 |Dr|max=1.989 Df=+0.061 | g r=0.091 f=0.097 p=0.497(0.001) max=1.428 | Ld=-0.1045 base=-0.156 r1=0.0154 path=0.0346 cap=0.00128 | Lg=+1.0464 | 31s
 3150 post m=8 hq=0.940 PASS | Dr=+0.370/+1.759 |Dr|max=1.759 Df=+0.238 | g r=0.087 f=0.093 p=0.449(0.001) max=1.253 | Ld=-0.0526 base=-0.0849 r1=0.0138 path=0.017 cap=0.00144 | Lg=+0.9137 | 31s
 3160 post m=8 hq=0.876 fail | Dr=+0.415/+2.071 |Dr|max=2.071 Df=+0.265 | g r=0.086 f=0.090 p=0.462(0.004) max=1.326 | Ld=-0.0819 base=-0.12 r1=0.0165 path=0.0193 cap=0.00249 | Lg=+1.0081 | 31s
 3170 post m=7 hq=0.516 fail | Dr=+0.067/+1.839 |Dr|max=1.839 Df=-0.114 | g r=0.097 f=0.241 p=0.503(0.007) max=1.595 | Ld=-0.0267 base=-0.091 r1=0.0258 path=0.0306 cap=0.00797 | Lg=+1.0064 | 31s
 3180 post m=8 hq=0.831 fail | Dr=+0.323/+1.835 |Dr|max=1.835 Df=+0.180 | g r=0.104 f=0.189 p=0.471(0.003) max=1.454 | Ld=-0.1252 base=-0.154 r1=0.0141 path=0.0103 cap=0.00451 | Lg=+0.9720 | 32s
 3190 post m=8 hq=0.735 fail | Dr=+0.254/+2.157 |Dr|max=2.157 Df=+0.089 | g r=0.090 f=0.153 p=0.519(0.002) max=1.564 | Ld=-0.1852 base=-0.214 r1=0.016 path=0.00824 cap=0.00446 | Lg=+1.1058 | 32s
 3200 post m=8 hq=0.924 PASS | Dr=+0.240/+1.850 |Dr|max=1.850 Df=+0.098 | g r=0.076 f=0.104 p=0.449(0.002) max=1.376 | Ld=-0.0277 base=-0.0666 r1=0.0148 path=0.0133 cap=0.0108 | Lg=+0.9432 | 32s
 3210 post m=8 hq=0.833 fail | Dr=+0.198/+2.032 |Dr|max=2.032 Df=+0.051 | g r=0.092 f=0.109 p=0.489(0.003) max=1.486 | Ld=-0.0946 base=-0.13 r1=0.0098 path=0.0138 cap=0.012 | Lg=+0.9615 | 32s
 3220 post m=8 hq=0.928 PASS | Dr=+0.229/+1.811 |Dr|max=1.811 Df=+0.090 | g r=0.090 f=0.114 p=0.475(0.000) max=1.824 | Ld=-0.0718 base=-0.113 r1=0.0163 path=0.024 cap=0.000825 | Lg=+0.9680 | 32s
 3230 post m=8 hq=0.903 PASS | Dr=+0.290/+2.047 |Dr|max=2.047 Df=+0.154 | g r=0.081 f=0.095 p=0.446(0.001) max=1.497 | Ld=-0.0999 base=-0.121 r1=0.00596 path=0.00586 cap=0.00972 | Lg=+0.9710 | 32s
 3240 post m=8 hq=0.877 fail | Dr=+0.448/+2.162 |Dr|max=2.162 Df=+0.322 | g r=0.094 f=0.106 p=0.451(0.002) max=1.283 | Ld=-0.0134 base=-0.0545 r1=0.0138 path=0.0257 cap=0.00168 | Lg=+0.9263 | 32s
 3250 post m=8 hq=0.937 PASS | Dr=+0.474/+1.822 |Dr|max=1.822 Df=+0.355 | g r=0.062 f=0.081 p=0.452(0.001) max=1.600 | Ld=-0.0738 base=-0.0919 r1=0.0057 path=0.00945 cap=0.00295 | Lg=+0.9339 | 32s
 3260 post m=8 hq=0.943 PASS | Dr=+0.334/+2.113 |Dr|max=2.113 Df=+0.192 | g r=0.065 f=0.089 p=0.479(0.004) max=1.411 | Ld=-0.1016 base=-0.125 r1=0.0104 path=0.0125 cap=0.000424 | Lg=+0.9883 | 32s
 3270 post m=8 hq=0.927 PASS | Dr=+0.329/+1.590 |Dr|max=1.590 Df=+0.220 | g r=0.080 f=0.109 p=0.429(0.005) max=1.612 | Ld=-0.0263 base=-0.0515 r1=0.00741 path=0.0149 cap=0.00285 | Lg=+0.9115 | 33s
 3280 post m=8 hq=0.822 fail | Dr=+0.314/+1.721 |Dr|max=1.721 Df=+0.198 | g r=0.102 f=0.175 p=0.479(0.002) max=1.554 | Ld=-0.0873 base=-0.134 r1=0.0103 path=0.0255 cap=0.0111 | Lg=+0.9130 | 33s
 3290 post m=8 hq=0.790 fail | Dr=+0.258/+1.780 |Dr|max=1.780 Df=+0.107 | g r=0.094 f=0.190 p=0.520(0.002) max=1.422 | Ld=-0.0984 base=-0.136 r1=0.0142 path=0.0114 cap=0.0116 | Lg=+0.9427 | 33s
 3300 post m=8 hq=0.940 PASS | Dr=+0.325/+2.157 |Dr|max=2.157 Df=+0.188 | g r=0.059 f=0.080 p=0.489(0.002) max=1.356 | Ld=-0.1120 base=-0.136 r1=0.00633 path=0.0143 cap=0.00325 | Lg=+0.9993 | 33s
 3310 post m=8 hq=0.931 PASS | Dr=+0.331/+1.949 |Dr|max=1.949 Df=+0.209 | g r=0.067 f=0.093 p=0.486(0.006) max=1.361 | Ld=-0.0762 base=-0.0985 r1=0.00497 path=0.0144 cap=0.003 | Lg=+0.9409 | 33s
 3320 post m=8 hq=0.930 PASS | Dr=+0.387/+1.953 |Dr|max=1.953 Df=+0.270 | g r=0.070 f=0.090 p=0.429(0.003) max=1.252 | Ld=-0.0216 base=-0.0467 r1=0.011 path=0.00904 cap=0.00495 | Lg=+0.9108 | 33s
 3330 post m=8 hq=0.842 fail | Dr=+0.389/+1.568 |Dr|max=1.568 Df=+0.275 | g r=0.079 f=0.193 p=0.450(0.003) max=1.594 | Ld=-0.0304 base=-0.0626 r1=0.0249 path=0.00676 cap=0.000495 | Lg=+0.8611 | 33s
 3340 post m=8 hq=0.911 PASS | Dr=+0.569/+1.966 |Dr|max=1.966 Df=+0.467 | g r=0.081 f=0.107 p=0.463(0.005) max=1.236 | Ld=-0.0719 base=-0.104 r1=0.00807 path=0.0178 cap=0.00658 | Lg=+0.8906 | 33s
 3350 post m=8 hq=0.938 PASS | Dr=+0.361/+2.014 |Dr|max=2.014 Df=+0.250 | g r=0.046 f=0.064 p=0.455(0.001) max=1.274 | Ld=-0.0562 base=-0.0697 r1=0.00379 path=0.00654 cap=0.00316 | Lg=+0.9494 | 33s
 3360 post m=8 hq=0.906 PASS | Dr=+0.313/+1.699 |Dr|max=1.699 Df=+0.215 | g r=0.078 f=0.094 p=0.435(0.001) max=1.243 | Ld=-0.0366 base=-0.0684 r1=0.011 path=0.0175 cap=0.00341 | Lg=+0.8854 | 33s
 3370 post m=8 hq=0.954 PASS | Dr=+0.531/+1.986 |Dr|max=1.986 Df=+0.427 | g r=0.052 f=0.062 p=0.448(0.001) max=1.203 | Ld=-0.0622 base=-0.0793 r1=0.00472 path=0.00856 cap=0.00383 | Lg=+0.9102 | 34s
 3380 post m=8 hq=0.936 PASS | Dr=+0.532/+1.973 |Dr|max=1.973 Df=+0.432 | g r=0.053 f=0.064 p=0.458(0.003) max=1.420 | Ld=-0.0604 base=-0.0798 r1=0.00468 path=0.007 cap=0.00772 | Lg=+0.9109 | 34s
 3390 post m=8 hq=0.903 PASS | Dr=+0.482/+2.193 |Dr|max=2.193 Df=+0.371 | g r=0.071 f=0.082 p=0.471(0.001) max=1.289 | Ld=-0.0781 base=-0.115 r1=0.00892 path=0.0167 cap=0.0111 | Lg=+0.9560 | 34s
 3400 post m=8 hq=0.608 fail | Dr=+0.402/+1.615 |Dr|max=1.615 Df=+0.299 | g r=0.109 f=0.216 p=0.479(0.005) max=1.266 | Ld=-0.0186 base=-0.241 r1=0.041 path=0.0244 cap=0.157 | Lg=+0.9014 | 34s
 3410 post m=8 hq=0.922 PASS | Dr=+0.384/+1.822 |Dr|max=1.822 Df=+0.279 | g r=0.070 f=0.092 p=0.489(0.004) max=1.306 | Ld=-0.0464 base=-0.067 r1=0.007 path=0.00991 cap=0.00368 | Lg=+0.9236 | 34s
 3420 post m=8 hq=0.959 PASS | Dr=+0.385/+1.859 |Dr|max=1.859 Df=+0.287 | g r=0.054 f=0.062 p=0.456(0.001) max=1.622 | Ld=-0.0224 base=-0.0479 r1=0.0064 path=0.0132 cap=0.00586 | Lg=+0.9130 | 34s
 3430 post m=8 hq=0.846 fail | Dr=+0.326/+1.826 |Dr|max=1.826 Df=+0.228 | g r=0.085 f=0.127 p=0.474(0.002) max=1.360 | Ld=-0.0235 base=-0.0452 r1=0.0122 path=0.00877 cap=0.000804 | Lg=+0.9080 | 34s
 3440 post m=8 hq=0.940 PASS | Dr=+0.281/+1.743 |Dr|max=1.743 Df=+0.185 | g r=0.061 f=0.090 p=0.460(0.001) max=1.258 | Ld=-0.0567 base=-0.0763 r1=0.0102 path=0.00854 cap=0.000978 | Lg=+0.8875 | 34s
 3450 post m=8 hq=0.861 fail | Dr=+0.383/+1.740 |Dr|max=1.740 Df=+0.292 | g r=0.091 f=0.143 p=0.478(0.003) max=1.198 | Ld=-0.0997 base=-0.119 r1=0.00808 path=0.00341 cap=0.00791 | Lg=+0.8666 | 34s
 3460 post m=8 hq=0.529 fail | Dr=+0.387/+1.757 |Dr|max=1.757 Df=+0.247 | g r=0.105 f=0.281 p=0.562(0.002) max=1.572 | Ld=-0.1082 base=-0.168 r1=0.0219 path=0.0343 cap=0.00367 | Lg=+0.9647 | 34s
 3470 post m=8 hq=0.745 fail | Dr=+0.417/+2.008 |Dr|max=2.008 Df=+0.297 | g r=0.086 f=0.202 p=0.495(0.006) max=1.353 | Ld=-0.1218 base=-0.137 r1=0.00734 path=0.0048 cap=0.00327 | Lg=+0.9628 | 35s
 3480 post m=8 hq=0.691 fail | Dr=+0.401/+1.677 |Dr|max=1.677 Df=+0.291 | g r=0.087 f=0.230 p=0.478(0.002) max=1.300 | Ld=-0.0355 base=-0.0729 r1=0.0174 path=0.0197 cap=0.000375 | Lg=+0.8735 | 35s
 3490 post m=8 hq=0.858 fail | Dr=+0.436/+1.933 |Dr|max=1.933 Df=+0.333 | g r=0.072 f=0.144 p=0.463(0.004) max=1.300 | Ld=-0.0302 base=-0.0578 r1=0.0136 path=0.0138 cap=0.000249 | Lg=+0.9326 | 35s
 3500 post m=8 hq=0.859 fail | Dr=+0.353/+1.757 |Dr|max=1.757 Df=+0.263 | g r=0.072 f=0.145 p=0.437(0.006) max=1.379 | Ld=-0.0083 base=-0.0343 r1=0.0137 path=0.011 cap=0.00134 | Lg=+0.8593 | 35s
 3510 post m=8 hq=0.946 PASS | Dr=+0.484/+2.126 |Dr|max=2.126 Df=+0.390 | g r=0.050 f=0.066 p=0.441(0.000) max=1.310 | Ld=-0.0383 base=-0.0591 r1=0.00546 path=0.0147 cap=0.000735 | Lg=+0.9397 | 35s
 3520 post m=8 hq=0.853 fail | Dr=+0.428/+1.772 |Dr|max=1.772 Df=+0.349 | g r=0.070 f=0.133 p=0.409(0.002) max=1.141 | Ld=-0.0375 base=-0.0674 r1=0.0151 path=0.0141 cap=0.000668 | Lg=+0.8660 | 35s
 3530 post m=8 hq=0.823 fail | Dr=+0.235/+1.726 |Dr|max=1.726 Df=+0.138 | g r=0.078 f=0.195 p=0.456(0.002) max=1.270 | Ld=-0.0572 base=-0.0886 r1=0.0117 path=0.018 cap=0.00156 | Lg=+0.9223 | 35s
 3540 post m=8 hq=0.949 PASS | Dr=+0.307/+1.608 |Dr|max=1.608 Df=+0.237 | g r=0.051 f=0.078 p=0.408(0.002) max=1.230 | Ld=-0.0496 base=-0.0567 r1=0.0056 path=0.00114 cap=0.000428 | Lg=+0.8435 | 35s
 3550 post m=8 hq=0.945 PASS | Dr=+0.405/+1.696 |Dr|max=1.696 Df=+0.330 | g r=0.056 f=0.073 p=0.434(0.001) max=1.291 | Ld=-0.0441 base=-0.0606 r1=0.00909 path=0.00643 cap=0.001 | Lg=+0.8854 | 35s
 3560 post m=8 hq=0.971 PASS | Dr=+0.382/+1.646 |Dr|max=1.646 Df=+0.318 | g r=0.066 f=0.072 p=0.403(0.002) max=1.125 | Ld=+0.0098 base=-0.0174 r1=0.00716 path=0.016 cap=0.00407 | Lg=+0.8374 | 36s
 3570 post m=8 hq=0.932 PASS | Dr=+0.298/+2.126 |Dr|max=2.126 Df=+0.207 | g r=0.073 f=0.076 p=0.466(0.005) max=1.335 | Ld=-0.0805 base=-0.0972 r1=0.00749 path=0.00696 cap=0.00225 | Lg=+0.9704 | 36s
 3580 post m=8 hq=0.967 PASS | Dr=+0.455/+1.754 |Dr|max=1.754 Df=+0.382 | g r=0.046 f=0.051 p=0.389(0.001) max=1.355 | Ld=-0.0155 base=-0.0302 r1=0.0044 path=0.00955 cap=0.000705 | Lg=+0.8620 | 36s
 3590 post m=8 hq=0.949 PASS | Dr=+0.412/+1.878 |Dr|max=1.878 Df=+0.338 | g r=0.061 f=0.065 p=0.413(0.002) max=1.115 | Ld=-0.0398 base=-0.0545 r1=0.00413 path=0.00567 cap=0.00484 | Lg=+0.8948 | 36s
 3600 post m=8 hq=0.943 PASS | Dr=+0.505/+1.996 |Dr|max=1.996 Df=+0.429 | g r=0.068 f=0.075 p=0.430(0.002) max=1.240 | Ld=-0.0411 base=-0.058 r1=0.00516 path=0.00868 cap=0.0031 | Lg=+0.8995 | 36s
 3610 post m=6 hq=0.618 fail | Dr=+0.559/+1.673 |Dr|max=1.673 Df=+0.420 | g r=0.099 f=0.243 p=0.440(0.003) max=1.292 | Ld=-0.0190 base=-0.0612 r1=0.00518 path=0.033 cap=0.00397 | Lg=+0.8473 | 36s
 3620 post m=8 hq=0.790 fail | Dr=+0.564/+1.899 |Dr|max=1.899 Df=+0.465 | g r=0.071 f=0.201 p=0.436(0.001) max=1.306 | Ld=-0.0403 base=-0.0581 r1=0.0117 path=0.00384 cap=0.00224 | Lg=+0.8719 | 36s
 3630 post m=8 hq=0.944 PASS | Dr=+0.523/+1.903 |Dr|max=1.903 Df=+0.435 | g r=0.070 f=0.102 p=0.450(0.000) max=1.378 | Ld=-0.0438 base=-0.0579 r1=0.00903 path=0.00321 cap=0.0019 | Lg=+0.8701 | 36s
 3640 post m=8 hq=0.964 PASS | Dr=+0.521/+1.704 |Dr|max=1.704 Df=+0.452 | g r=0.054 f=0.070 p=0.404(0.003) max=1.127 | Ld=+0.0053 base=-0.0104 r1=0.00579 path=0.00665 cap=0.00328 | Lg=+0.8232 | 36s
 3650 post m=8 hq=0.975 PASS | Dr=+0.531/+1.710 |Dr|max=1.710 Df=+0.460 | g r=0.050 f=0.057 p=0.383(0.000) max=1.132 | Ld=+0.0116 base=-0.00288 r1=0.00346 path=0.00573 cap=0.00533 | Lg=+0.8426 | 37s
 3660 post m=8 hq=0.968 PASS | Dr=+0.641/+1.993 |Dr|max=1.993 Df=+0.568 | g r=0.054 f=0.065 p=0.429(0.001) max=1.269 | Ld=-0.0551 base=-0.0633 r1=0.00543 path=0.00237 cap=0.000383 | Lg=+0.8887 | 37s
 3670 post m=8 hq=0.974 PASS | Dr=+0.607/+1.798 |Dr|max=1.798 Df=+0.536 | g r=0.066 f=0.073 p=0.441(0.003) max=1.170 | Ld=-0.0252 base=-0.0349 r1=0.00609 path=0.00347 cap=0.000139 | Lg=+0.8701 | 37s
 3680 post m=8 hq=0.970 PASS | Dr=+0.832/+1.785 |Dr|max=1.785 Df=+0.791 | g r=0.061 f=0.067 p=0.443(0.001) max=1.336 | Ld=-0.0322 base=-0.042 r1=0.00309 path=0.0059 cap=0.000846 | Lg=+0.8093 | 37s
 3690 post m=8 hq=0.970 PASS | Dr=+0.674/+1.563 |Dr|max=1.563 Df=+0.618 | g r=0.038 f=0.042 p=0.389(0.001) max=1.142 | Ld=-0.0078 base=-0.0182 r1=0.00432 path=0.00596 cap=9.27e-05 | Lg=+0.8159 | 37s
 3700 post m=8 hq=0.964 PASS | Dr=+0.682/+1.453 |Dr|max=1.453 Df=+0.636 | g r=0.054 f=0.055 p=0.398(0.002) max=1.097 | Ld=-0.0275 base=-0.0358 r1=0.00534 path=0.00284 cap=7.35e-05 | Lg=+0.8152 | 37s
 3710 post m=8 hq=0.868 fail | Dr=+0.619/+1.757 |Dr|max=1.757 Df=+0.554 | g r=0.059 f=0.075 p=0.447(0.004) max=1.276 | Ld=-0.0485 base=-0.0643 r1=0.00543 path=0.00918 cap=0.00116 | Lg=+0.8875 | 37s
 3720 post m=8 hq=0.472 fail | Dr=+0.450/+1.635 |Dr|max=1.635 Df=+0.338 | g r=0.083 f=0.317 p=0.474(0.003) max=1.368 | Ld=-0.0449 base=-0.0822 r1=0.0171 path=0.0146 cap=0.00561 | Lg=+0.9078 | 37s
 3730 post m=8 hq=0.723 fail | Dr=+0.439/+1.276 |Dr|max=1.276 Df=+0.359 | g r=0.068 f=0.260 p=0.395(0.001) max=1.202 | Ld=+0.0119 base=-0.00364 r1=0.0111 path=0.00413 cap=0.000356 | Lg=+0.7739 | 37s
 3740 post m=8 hq=0.632 fail | Dr=+0.442/+1.378 |Dr|max=1.378 Df=+0.349 | g r=0.075 f=0.295 p=0.428(0.000) max=1.223 | Ld=-0.0205 base=-0.0424 r1=0.0128 path=0.00334 cap=0.00568 | Lg=+0.8217 | 37s
 3750 post m=7 hq=0.611 fail | Dr=+0.486/+1.761 |Dr|max=1.761 Df=+0.371 | g r=0.086 f=0.328 p=0.486(0.003) max=1.465 | Ld=-0.1177 base=-0.147 r1=0.0204 path=0.00668 cap=0.00168 | Lg=+0.9634 | 38s
 3760 post m=8 hq=0.872 fail | Dr=+0.544/+1.466 |Dr|max=1.466 Df=+0.476 | g r=0.065 f=0.140 p=0.401(0.003) max=1.102 | Ld=-0.0349 base=-0.0481 r1=0.0103 path=0.00233 cap=0.000587 | Lg=+0.8335 | 38s
 3770 post m=8 hq=0.958 PASS | Dr=+0.488/+1.569 |Dr|max=1.569 Df=+0.429 | g r=0.053 f=0.076 p=0.384(0.001) max=1.127 | Ld=+0.0034 base=-0.00858 r1=0.00555 path=0.00421 cap=0.00221 | Lg=+0.8393 | 38s
 3780 post m=8 hq=0.963 PASS | Dr=+0.515/+1.493 |Dr|max=1.493 Df=+0.455 | g r=0.042 f=0.052 p=0.369(0.001) max=1.068 | Ld=+0.0097 base=-0.00969 r1=0.00721 path=0.0119 cap=0.000232 | Lg=+0.8016 | 38s
 3790 post m=8 hq=0.963 PASS | Dr=+0.553/+1.599 |Dr|max=1.599 Df=+0.485 | g r=0.052 f=0.059 p=0.407(0.001) max=1.179 | Ld=-0.0334 base=-0.0552 r1=0.00662 path=0.0144 cap=0.000813 | Lg=+0.8376 | 38s
 3800 post m=8 hq=0.963 PASS | Dr=+0.441/+1.654 |Dr|max=1.654 Df=+0.368 | g r=0.042 f=0.042 p=0.392(0.001) max=1.125 | Ld=-0.0029 base=-0.0167 r1=0.00416 path=0.00785 cap=0.00172 | Lg=+0.8784 | 38s
 3810 post m=8 hq=0.944 PASS | Dr=+0.499/+1.673 |Dr|max=1.673 Df=+0.425 | g r=0.066 f=0.067 p=0.425(0.002) max=1.187 | Ld=-0.0468 base=-0.0729 r1=0.00961 path=0.0155 cap=0.000946 | Lg=+0.9326 | 38s
 3820 post m=8 hq=0.964 PASS | Dr=+0.607/+1.729 |Dr|max=1.729 Df=+0.546 | g r=0.045 f=0.050 p=0.450(0.002) max=1.247 | Ld=-0.0543 base=-0.0641 r1=0.00339 path=0.00624 cap=0.000217 | Lg=+0.9087 | 38s
 3830 post m=8 hq=0.969 PASS | Dr=+0.684/+1.588 |Dr|max=1.588 Df=+0.651 | g r=0.052 f=0.059 p=0.393(0.003) max=1.172 | Ld=-0.0211 base=-0.0337 r1=0.00322 path=0.00936 cap=8.79e-07 | Lg=+0.8060 | 38s
 3840 post m=8 hq=0.925 PASS | Dr=+0.870/+1.768 |Dr|max=1.768 Df=+0.811 | g r=0.062 f=0.069 p=0.458(0.004) max=1.261 | Ld=-0.0873 base=-0.1 r1=0.00315 path=0.00918 cap=0.000302 | Lg=+0.8766 | 39s
 3850 post m=8 hq=0.972 PASS | Dr=+0.610/+1.562 |Dr|max=1.562 Df=+0.548 | g r=0.053 f=0.054 p=0.418(0.001) max=1.317 | Ld=-0.0183 base=-0.0454 r1=0.00531 path=0.0207 cap=0.00108 | Lg=+0.8578 | 39s
 3860 post m=8 hq=0.938 PASS | Dr=+0.633/+1.714 |Dr|max=1.714 Df=+0.578 | g r=0.082 f=0.085 p=0.418(0.001) max=1.232 | Ld=-0.0368 base=-0.0634 r1=0.00721 path=0.0155 cap=0.00384 | Lg=+0.8600 | 39s
 3870 post m=8 hq=0.926 PASS | Dr=+0.528/+1.769 |Dr|max=1.769 Df=+0.462 | g r=0.064 f=0.078 p=0.427(0.002) max=1.333 | Ld=-0.0350 base=-0.0545 r1=0.00562 path=0.0124 cap=0.00154 | Lg=+0.8982 | 39s
 3880 post m=8 hq=0.962 PASS | Dr=+0.536/+1.695 |Dr|max=1.695 Df=+0.478 | g r=0.037 f=0.044 p=0.409(0.000) max=1.142 | Ld=-0.0476 base=-0.0563 r1=0.00292 path=0.00575 cap=1.48e-05 | Lg=+0.8842 | 39s
 3890 post m=8 hq=0.971 PASS | Dr=+0.770/+1.729 |Dr|max=1.729 Df=+0.716 | g r=0.047 f=0.054 p=0.393(0.003) max=1.438 | Ld=-0.0031 base=-0.0209 r1=0.00335 path=0.0143 cap=0.000159 | Lg=+0.8202 | 39s
 3900 post m=8 hq=0.953 PASS | Dr=+0.689/+1.540 |Dr|max=1.540 Df=+0.638 | g r=0.038 f=0.047 p=0.351(0.001) max=1.035 | Ld=-0.0033 base=-0.00921 r1=0.00334 path=0.00258 | Lg=+0.7957 | 39s
 3910 post m=8 hq=0.873 fail | Dr=+0.557/+1.682 |Dr|max=1.682 Df=+0.509 | g r=0.054 f=0.076 p=0.381(0.001) max=1.209 | Ld=-0.0245 base=-0.0377 r1=0.00987 path=0.0033 cap=1.35e-05 | Lg=+0.8580 | 39s
 3920 post m=6 hq=0.549 fail | Dr=+0.762/+1.700 |Dr|max=1.700 Df=+0.661 | g r=0.087 f=0.326 p=0.477(0.004) max=1.460 | Ld=-0.0753 base=-0.109 r1=0.0129 path=0.0184 cap=0.00204 | Lg=+0.8997 | 39s
 3930 post m=8 hq=0.546 fail | Dr=+0.736/+1.362 |Dr|max=1.362 Df=+0.649 | g r=0.082 f=0.297 p=0.423(0.001) max=1.563 | Ld=-0.0594 base=-0.0874 r1=0.0162 path=0.00604 cap=0.00584 | Lg=+0.8229 | 39s
 3940 post m=8 hq=0.817 fail | Dr=+0.501/+1.283 |Dr|max=1.283 Df=+0.425 | g r=0.075 f=0.224 p=0.455(0.005) max=1.227 | Ld=-0.0584 base=-0.0741 r1=0.0086 path=0.0067 cap=0.000464 | Lg=+0.8124 | 40s
 3950 post m=8 hq=0.966 PASS | Dr=+0.528/+1.627 |Dr|max=1.627 Df=+0.461 | g r=0.051 f=0.064 p=0.429(0.002) max=1.329 | Ld=-0.0672 base=-0.0757 r1=0.00484 path=0.00269 cap=0.00102 | Lg=+0.8837 | 40s
 3960 post m=8 hq=0.970 PASS | Dr=+0.767/+1.593 |Dr|max=1.593 Df=+0.715 | g r=0.044 f=0.051 p=0.374(0.001) max=1.249 | Ld=-0.0247 base=-0.0371 r1=0.00395 path=0.0084 cap=8.16e-05 | Lg=+0.8035 | 40s
 3970 post m=8 hq=0.964 PASS | Dr=+0.764/+1.571 |Dr|max=1.571 Df=+0.723 | g r=0.055 f=0.064 p=0.371(0.002) max=1.193 | Ld=-0.0256 base=-0.0317 r1=0.00403 path=0.00197 cap=0.000142 | Lg=+0.7837 | 40s
 3980 post m=8 hq=0.929 PASS | Dr=+0.917/+1.683 |Dr|max=1.683 Df=+0.872 | g r=0.083 f=0.095 p=0.394(0.004) max=1.267 | Ld=-0.0285 base=-0.041 r1=0.00835 path=0.00403 cap=4.53e-05 | Lg=+0.8073 | 40s
 3990 post m=8 hq=0.969 PASS | Dr=+0.616/+1.416 |Dr|max=1.416 Df=+0.567 | g r=0.054 f=0.064 p=0.387(0.002) max=1.224 | Ld=-0.0062 base=-0.0206 r1=0.00489 path=0.00932 cap=0.000239 | Lg=+0.8107 | 40s
 4000 post m=8 hq=0.878 fail | Dr=+0.544/+1.631 |Dr|max=1.631 Df=+0.495 | g r=0.064 f=0.067 p=0.393(0.001) max=1.224 | Ld=-0.0202 base=-0.0296 r1=0.00687 path=0.00149 cap=0.000958 | Lg=+0.8578 | 40s
 4010 post m=8 hq=0.960 PASS | Dr=+0.609/+1.699 |Dr|max=1.699 Df=+0.558 | g r=0.052 f=0.064 p=0.376(0.001) max=1.250 | Ld=-0.0607 base=-0.0674 r1=0.00421 path=0.00238 cap=4.35e-05 | Lg=+0.8591 | 40s
 4020 post m=8 hq=0.745 fail | Dr=+0.464/+1.340 |Dr|max=1.340 Df=+0.395 | g r=0.069 f=0.210 p=0.443(0.001) max=1.330 | Ld=-0.0785 base=-0.0958 r1=0.00834 path=0.00766 cap=0.00135 | Lg=+0.8484 | 40s
 4030 post m=8 hq=0.962 PASS | Dr=+0.416/+1.421 |Dr|max=1.421 Df=+0.358 | g r=0.045 f=0.057 p=0.403(0.000) max=1.264 | Ld=-0.0179 base=-0.0284 r1=0.00562 path=0.00364 cap=0.00115 | Lg=+0.8590 | 40s
 4040 post m=8 hq=0.848 fail | Dr=+0.445/+1.634 |Dr|max=1.634 Df=+0.390 | g r=0.079 f=0.097 p=0.409(0.003) max=1.308 | Ld=-0.0279 base=-0.0418 r1=0.00642 path=0.00478 cap=0.00266 | Lg=+0.8702 | 41s
 4050 post m=8 hq=0.945 PASS | Dr=+0.512/+1.552 |Dr|max=1.552 Df=+0.456 | g r=0.055 f=0.069 p=0.378(0.000) max=1.219 | Ld=-0.0174 base=-0.0279 r1=0.0036 path=0.00531 cap=0.00162 | Lg=+0.8528 | 41s
 4060 post m=8 hq=0.890 fail | Dr=+0.670/+1.656 |Dr|max=1.656 Df=+0.622 | g r=0.063 f=0.083 p=0.415(0.002) max=1.251 | Ld=-0.0498 base=-0.0611 r1=0.00486 path=0.00551 cap=0.000972 | Lg=+0.8558 | 41s
 4070 post m=6 hq=0.609 fail | Dr=+0.609/+1.317 |Dr|max=1.317 Df=+0.522 | g r=0.061 f=0.232 p=0.387(0.001) max=1.244 | Ld=-0.0215 base=-0.0468 r1=0.00791 path=0.0121 cap=0.00522 | Lg=+0.8235 | 41s
 4080 post m=8 hq=0.665 fail | Dr=+0.684/+1.453 |Dr|max=1.453 Df=+0.608 | g r=0.059 f=0.266 p=0.405(0.001) max=1.246 | Ld=-0.0472 base=-0.0633 r1=0.0121 path=0.00216 cap=0.00188 | Lg=+0.7971 | 41s
 4090 post m=7 hq=0.411 fail | Dr=+0.839/+1.556 |Dr|max=1.556 Df=+0.716 | g r=0.088 f=0.508 p=0.491(0.004) max=1.305 | Ld=-0.0732 base=-0.0898 r1=0.0129 path=0.0029 cap=0.000804 | Lg=+0.8374 | 41s
 4100 post m=8 hq=0.532 fail | Dr=+0.467/+1.455 |Dr|max=1.455 Df=+0.315 | g r=0.131 f=0.461 p=0.535(0.005) max=1.537 | Ld=-0.1196 base=-0.171 r1=0.0285 path=0.0212 cap=0.00139 | Lg=+0.9643 | 41s
 4110 post m=8 hq=0.531 fail | Dr=+0.651/+1.300 |Dr|max=1.300 Df=+0.566 | g r=0.092 f=0.323 p=0.419(0.003) max=1.150 | Ld=-0.0741 base=-0.0957 r1=0.0141 path=0.00425 cap=0.00321 | Lg=+0.8123 | 41s
 4120 post m=8 hq=0.951 PASS | Dr=+0.644/+1.641 |Dr|max=1.641 Df=+0.590 | g r=0.050 f=0.076 p=0.388(0.002) max=1.282 | Ld=-0.0628 base=-0.0698 r1=0.00473 path=0.00155 cap=0.000705 | Lg=+0.8268 | 41s
 4130 post m=8 hq=0.954 PASS | Dr=+0.701/+1.473 |Dr|max=1.473 Df=+0.660 | g r=0.056 f=0.077 p=0.394(0.001) max=1.263 | Ld=-0.0026 base=-0.0118 r1=0.00607 path=0.00281 cap=0.00037 | Lg=+0.7835 | 41s
 4140 post m=8 hq=0.960 PASS | Dr=+0.728/+1.408 |Dr|max=1.408 Df=+0.692 | g r=0.075 f=0.089 p=0.392(0.003) max=1.271 | Ld=-0.0309 base=-0.0422 r1=0.0068 path=0.00278 cap=0.00175 | Lg=+0.8055 | 41s
 4150 post m=8 hq=0.963 PASS | Dr=+0.739/+1.270 |Dr|max=1.270 Df=+0.709 | g r=0.051 f=0.058 p=0.338(0.000) max=1.061 | Ld=+0.0165 base=0.0112 r1=0.00342 path=0.00143 cap=0.000518 | Lg=+0.7435 | 42s
 4160 post m=8 hq=0.962 PASS | Dr=+0.543/+1.256 |Dr|max=1.256 Df=+0.506 | g r=0.047 f=0.060 p=0.340(0.002) max=1.139 | Ld=+0.0002 base=-0.0101 r1=0.00597 path=0.00433 cap=4.8e-05 | Lg=+0.7855 | 42s
 4170 post m=8 hq=0.899 fail | Dr=+0.614/+1.428 |Dr|max=1.428 Df=+0.574 | g r=0.057 f=0.084 p=0.341(0.000) max=1.000 | Ld=+0.0074 base=-0.00463 r1=0.00613 path=0.00551 cap=0.000405 | Lg=+0.7871 | 42s
 4180 post m=8 hq=0.958 PASS | Dr=+0.655/+1.462 |Dr|max=1.462 Df=+0.620 | g r=0.044 f=0.057 p=0.345(0.002) max=1.065 | Ld=-0.0146 base=-0.0199 r1=0.00336 path=0.00192 | Lg=+0.7876 | 42s
 4190 post m=8 hq=0.909 PASS | Dr=+0.828/+1.786 |Dr|max=1.786 Df=+0.816 | g r=0.064 f=0.076 p=0.364(0.001) max=1.193 | Ld=-0.0119 base=-0.0178 r1=0.00366 path=0.00214 cap=4.21e-06 | Lg=+0.7630 | 42s
 4200 post m=6 hq=0.524 fail | Dr=+0.699/+1.538 |Dr|max=1.538 Df=+0.704 | g r=0.070 f=0.304 p=0.445(0.002) max=1.388 | Ld=-0.0340 base=-0.0459 r1=0.0092 path=0.00182 cap=0.000898 | Lg=+0.8300 | 42s
 4210 post m=8 hq=0.628 fail | Dr=+0.435/+1.469 |Dr|max=1.469 Df=+0.354 | g r=0.075 f=0.266 p=0.410(0.002) max=1.265 | Ld=-0.0727 base=-0.0923 r1=0.0155 path=0.00109 cap=0.00303 | Lg=+0.8267 | 42s
 4220 post m=8 hq=0.646 fail | Dr=+0.463/+1.231 |Dr|max=1.231 Df=+0.393 | g r=0.064 f=0.237 p=0.383(0.001) max=1.146 | Ld=-0.0262 base=-0.0434 r1=0.0124 path=0.00471 cap=9.65e-05 | Lg=+0.7833 | 42s
 4230 post m=4 hq=0.236 fail | Dr=+0.747/+1.488 |Dr|max=1.488 Df=+0.594 | g r=0.111 f=0.440 p=0.558(0.004) max=1.539 | Ld=-0.1165 base=-0.154 r1=0.0261 path=0.00922 cap=0.00241 | Lg=+0.8545 | 42s
 4240 post m=6 hq=0.357 fail | Dr=+0.620/+1.317 |Dr|max=1.317 Df=+0.505 | g r=0.116 f=0.427 p=0.431(0.001) max=1.273 | Ld=-0.0565 base=-0.1 r1=0.024 path=0.0119 cap=0.00782 | Lg=+0.7808 | 42s
 4250 post m=7 hq=0.273 fail | Dr=+0.524/+1.080 |Dr|max=1.080 Df=+0.399 | g r=0.135 f=0.545 p=0.509(0.002) max=1.243 | Ld=-0.1114 base=-0.142 r1=0.0287 path=0.000916 cap=0.00068 | Lg=+0.8185 | 43s
 4260 post m=8 hq=0.639 fail | Dr=+0.537/+1.008 |Dr|max=1.008 Df=+0.463 | g r=0.119 f=0.304 p=0.436(0.002) max=1.281 | Ld=-0.1024 base=-0.159 r1=0.0325 path=0.00584 cap=0.0182 | Lg=+0.8091 | 43s
 4270 post m=8 hq=0.854 fail | Dr=+0.466/+1.097 |Dr|max=1.097 Df=+0.423 | g r=0.077 f=0.152 p=0.425(0.000) max=1.219 | Ld=-0.0248 base=-0.0406 r1=0.0143 path=0.00102 cap=0.000467 | Lg=+0.7631 | 43s
 4280 post m=8 hq=0.936 PASS | Dr=+0.463/+1.029 |Dr|max=1.029 Df=+0.435 | g r=0.053 f=0.089 p=0.362(0.004) max=1.082 | Ld=-0.0134 base=-0.02 r1=0.00584 path=0.000764 cap=1.89e-05 | Lg=+0.7439 | 43s
 4290 post m=8 hq=0.962 PASS | Dr=+0.566/+1.178 |Dr|max=1.178 Df=+0.540 | g r=0.046 f=0.067 p=0.352(0.002) max=1.180 | Ld=-0.0160 base=-0.0208 r1=0.0039 path=0.000912 cap=4.52e-05 | Lg=+0.7293 | 43s
 4300 post m=8 hq=0.961 PASS | Dr=+0.640/+1.019 |Dr|max=1.019 Df=+0.635 | g r=0.038 f=0.049 p=0.307(0.001) max=1.061 | Ld=-0.0014 base=-0.00523 r1=0.00281 path=0.00102 cap=9.23e-07 | Lg=+0.7153 | 43s
 4310 post m=8 hq=0.962 PASS | Dr=+0.650/+1.412 |Dr|max=1.412 Df=+0.642 | g r=0.036 f=0.048 p=0.317(0.001) max=1.142 | Ld=-0.0131 base=-0.0154 r1=0.00187 path=0.000479 cap=1.92e-07 | Lg=+0.7246 | 43s
 4320 post m=8 hq=0.974 PASS | Dr=+0.581/+1.165 |Dr|max=1.165 Df=+0.576 | g r=0.028 f=0.035 p=0.255(0.000) max=0.985 | Ld=+0.0151 base=0.0129 r1=0.00161 path=0.000601 | Lg=+0.7127 | 43s
 4330 post m=8 hq=0.968 PASS | Dr=+0.676/+1.581 |Dr|max=1.581 Df=+0.683 | g r=0.051 f=0.053 p=0.290(0.000) max=1.172 | Ld=-0.0025 base=-0.00734 r1=0.00305 path=0.00175 cap=1.53e-05 | Lg=+0.7573 | 43s
 4340 post m=8 hq=0.970 PASS | Dr=+0.390/+1.026 |Dr|max=1.026 Df=+0.389 | g r=0.045 f=0.048 p=0.253(0.001) max=0.834 | Ld=+0.0145 base=0.00521 r1=0.00748 path=0.00183 | Lg=+0.7350 | 43s
 4350 post m=8 hq=0.979 PASS | Dr=+0.613/+1.582 |Dr|max=1.582 Df=+0.619 | g r=0.032 f=0.037 p=0.303(0.000) max=1.051 | Ld=+0.0031 base=0.000754 r1=0.00139 path=0.000936 cap=3.12e-05 | Lg=+0.7719 | 43s
 4360 post m=8 hq=0.977 PASS | Dr=+0.324/+0.856 |Dr|max=0.856 Df=+0.321 | g r=0.032 f=0.034 p=0.236(0.001) max=0.925 | Ld=+0.0039 base=0.000552 r1=0.00257 path=0.000788 cap=6.39e-06 | Lg=+0.7334 | 44s
 4370 post m=8 hq=0.974 PASS | Dr=+0.336/+0.781 |Dr|max=0.781 Df=+0.331 | g r=0.030 f=0.032 p=0.223(0.000) max=0.959 | Ld=+0.0059 base=0.00223 r1=0.00164 path=0.00199 | Lg=+0.7091 | 44s
 4380 post m=8 hq=0.975 PASS | Dr=+0.244/+0.664 |Dr|max=0.664 Df=+0.237 | g r=0.030 f=0.032 p=0.248(0.002) max=0.902 | Ld=-0.0039 base=-0.00643 r1=0.00112 path=0.00142 | Lg=+0.7144 | 44s
 4390 post m=8 hq=0.966 PASS | Dr=+0.365/+1.279 |Dr|max=1.279 Df=+0.369 | g r=0.032 f=0.037 p=0.338(0.002) max=1.257 | Ld=-0.0203 base=-0.0232 r1=0.00184 path=0.00091 cap=8.09e-05 | Lg=+0.8037 | 44s
 4400 post m=8 hq=0.976 PASS | Dr=+0.418/+0.977 |Dr|max=0.977 Df=+0.413 | g r=0.046 f=0.051 p=0.319(0.002) max=1.201 | Ld=-0.0140 base=-0.0188 r1=0.00393 path=0.000805 cap=6.07e-07 | Lg=+0.7456 | 44s
 4410 post m=8 hq=0.952 PASS | Dr=+0.438/+1.202 |Dr|max=1.202 Df=+0.441 | g r=0.041 f=0.043 p=0.280(0.000) max=1.162 | Ld=-0.0013 base=-0.00985 r1=0.00347 path=0.00507 | Lg=+0.7569 | 44s
 4420 post m=8 hq=0.975 PASS | Dr=+0.396/+1.217 |Dr|max=1.217 Df=+0.401 | g r=0.044 f=0.046 p=0.322(0.000) max=1.262 | Ld=-0.0174 base=-0.0201 r1=0.00182 path=0.000809 cap=5.83e-05 | Lg=+0.7843 | 44s
 4430 post m=8 hq=0.980 PASS | Dr=+0.003/+0.678 |Dr|max=0.697 Df=-0.021 | g r=0.037 f=0.038 p=0.287(0.001) max=1.296 | Ld=-0.0108 base=-0.013 r1=0.00136 path=0.000856 cap=2.73e-06 | Lg=+0.7745 | 44s
 4440 post m=8 hq=0.979 PASS | Dr=+0.108/+0.732 |Dr|max=0.758 Df=+0.088 | g r=0.037 f=0.038 p=0.307(0.001) max=1.224 | Ld=-0.0167 base=-0.0188 r1=0.00146 path=0.000603 cap=9.96e-05 | Lg=+0.7880 | 44s
 4450 post m=8 hq=0.986 PASS | Dr=+0.022/+0.977 |Dr|max=1.037 Df=+0.004 | g r=0.031 f=0.031 p=0.313(0.001) max=1.206 | Ld=-0.0107 base=-0.0135 r1=0.00104 path=0.00179 cap=5.7e-06 | Lg=+0.8308 | 44s
 4460 post m=8 hq=0.984 PASS | Dr=+0.284/+0.926 |Dr|max=0.926 Df=+0.283 | g r=0.034 f=0.036 p=0.222(0.001) max=0.962 | Ld=-0.0069 base=-0.013 r1=0.00336 path=0.00274 | Lg=+0.7343 | 45s
 4470 post m=8 hq=0.986 PASS | Dr=+0.430/+1.316 |Dr|max=1.316 Df=+0.436 | g r=0.046 f=0.048 p=0.276(0.001) max=1.148 | Ld=+0.0245 base=0.022 r1=0.00166 path=0.000793 cap=0.000123 | Lg=+0.7672 | 45s
 4480 post m=8 hq=0.952 PASS | Dr=+0.386/+1.198 |Dr|max=1.198 Df=+0.397 | g r=0.033 f=0.042 p=0.282(0.001) max=1.007 | Ld=-0.0157 base=-0.0193 r1=0.00219 path=0.00141 | Lg=+0.7870 | 45s
 4490 post m=8 hq=0.985 PASS | Dr=+0.281/+0.689 |Dr|max=0.689 Df=+0.273 | g r=0.020 f=0.020 p=0.216(0.001) max=1.079 | Ld=+0.0031 base=0.000597 r1=0.000801 path=0.00169 cap=5.94e-06 | Lg=+0.7175 | 45s
 4500 post m=8 hq=0.989 PASS | Dr=+0.145/+0.584 |Dr|max=0.584 Df=+0.136 | g r=0.016 f=0.015 p=0.160(0.001) max=0.849 | Ld=+0.0221 base=0.0189 r1=0.000917 path=0.0023 cap=1.22e-05 | Lg=+0.7038 | 45s
 4510 post m=8 hq=0.988 PASS | Dr=+0.058/+0.506 |Dr|max=0.506 Df=+0.056 | g r=0.028 f=0.027 p=0.183(0.001) max=0.814 | Ld=+0.0186 base=0.0125 r1=0.00223 path=0.00392 | Lg=+0.7196 | 45s
 4520 post m=8 hq=0.980 PASS | Dr=+0.288/+1.339 |Dr|max=1.339 Df=+0.298 | g r=0.033 f=0.033 p=0.263(0.002) max=1.022 | Ld=+0.0120 base=0.00804 r1=0.00165 path=0.00136 cap=0.000934 | Lg=+0.7797 | 45s
 4530 post m=8 hq=0.991 PASS | Dr=+0.275/+0.640 |Dr|max=0.640 Df=+0.266 | g r=0.019 f=0.020 p=0.205(0.000) max=0.959 | Ld=+0.0201 base=0.0176 r1=0.000936 path=0.00148 cap=0.000143 | Lg=+0.7137 | 45s
 4540 post m=8 hq=0.990 PASS | Dr=+0.114/+0.741 |Dr|max=0.741 Df=+0.095 | g r=0.033 f=0.033 p=0.204(0.002) max=0.922 | Ld=+0.0150 base=0.0122 r1=0.00174 path=0.000539 cap=0.000518 | Lg=+0.7147 | 45s
 4550 post m=8 hq=0.979 PASS | Dr=+0.137/+0.951 |Dr|max=0.951 Df=+0.113 | g r=0.053 f=0.050 p=0.229(0.002) max=0.914 | Ld=+0.0385 base=0.0253 r1=0.0095 path=0.00206 cap=0.00164 | Lg=+0.7316 | 45s
 4560 post m=8 hq=0.991 PASS | Dr=+0.182/+1.093 |Dr|max=1.093 Df=+0.156 | g r=0.028 f=0.027 p=0.230(0.001) max=1.103 | Ld=-0.0125 base=-0.0142 r1=0.00117 path=0.000556 | Lg=+0.7366 | 46s
 4570 post m=8 hq=0.993 PASS | Dr=+0.088/+1.059 |Dr|max=1.059 Df=+0.060 | g r=0.033 f=0.032 p=0.221(0.001) max=0.951 | Ld=+0.0020 base=-0.00323 r1=0.00271 path=0.00248 | Lg=+0.7260 | 46s
 4580 post m=8 hq=0.987 PASS | Dr=+0.232/+0.642 |Dr|max=0.642 Df=+0.222 | g r=0.017 f=0.017 p=0.161(0.000) max=0.736 | Ld=+0.0113 base=0.0091 r1=0.000412 path=0.00174 | Lg=+0.6999 | 46s
 4590 post m=8 hq=0.989 PASS | Dr=+0.267/+0.728 |Dr|max=0.728 Df=+0.260 | g r=0.035 f=0.034 p=0.197(0.000) max=0.844 | Ld=+0.0104 base=0.00802 r1=0.00131 path=0.00106 | Lg=+0.7152 | 46s
 4600 post m=8 hq=0.992 PASS | Dr=+0.184/+0.669 |Dr|max=0.669 Df=+0.170 | g r=0.026 f=0.025 p=0.208(0.000) max=0.990 | Ld=+0.0054 base=0.00389 r1=0.000884 path=0.000588 cap=1.2e-05 | Lg=+0.7273 | 46s
# COMPLETE 4600 updates in 46s; prehold 97/120; arrival=560
