# arm=lr_c0.5_g2 formulation=wgan + r1(1) + path-secant(10,t=0.5) + cap-all(10,c=1) [Dβ2=0.9, A2=0] {lr c×0.5 g×2} device=cuda:0 steps=4600
# step phase modes hq pass | Dr mean/max |Dr|max Df | grad-norm real fake path(min) max | loss_d terms | loss_g | sec
# init=batch_feature_zero hook=None differs_from_old=G,D,prior public_path_match=G,D,prior ema_D_equals_D=None sha G=615e9d129c1c D=e15f6122daf7 prior=2531df2c5ad8
   10 acq  m=0 hq=0.000 fail | Dr=+0.188/+0.288 |Dr|max=0.288 Df=-0.016 | g r=0.333 f=0.570 p=0.487(0.007) max=1.233 | Ld=+1.6461 base=-0.18 r1=0.142 path=1.68 cap=0.000158 | Lg=+0.8133 | 1s
   20 acq  m=0 hq=0.000 fail | Dr=+0.382/+0.619 |Dr|max=0.619 Df=+0.322 | g r=0.333 f=0.622 p=0.576(0.007) max=1.808 | Ld=+6.8969 base=-0.119 r1=0.106 path=6.89 cap=0.0228 | Lg=+0.8212 | 1s
   30 acq  m=2 hq=0.007 fail | Dr=+0.196/+0.592 |Dr|max=0.592 Df=+0.204 | g r=0.413 f=0.675 p=0.674(0.001) max=2.188 | Ld=+4.8673 base=-0.00635 r1=0.247 path=4.41 cap=0.214 | Lg=+0.7119 | 1s
   40 acq  m=2 hq=0.038 fail | Dr=+0.083/+0.334 |Dr|max=0.334 Df=-0.001 | g r=0.400 f=0.557 p=0.585(0.013) max=1.904 | Ld=+6.3347 base=-0.0665 r1=0.198 path=6.15 cap=0.0512 | Lg=+0.7524 | 1s
   50 acq  m=0 hq=0.000 fail | Dr=+0.252/+0.453 |Dr|max=0.453 Df=+0.032 | g r=0.440 f=0.685 p=0.766(0.010) max=2.199 | Ld=+8.2745 base=-0.235 r1=0.372 path=8.01 cap=0.125 | Lg=+0.8276 | 1s
   60 acq  m=1 hq=0.003 fail | Dr=+0.200/+0.636 |Dr|max=0.636 Df=-0.053 | g r=0.647 f=0.848 p=0.824(0.005) max=2.204 | Ld=+18.8322 base=-0.261 r1=0.281 path=18.6 cap=0.193 | Lg=+0.9583 | 1s
   70 acq  m=0 hq=0.000 fail | Dr=+0.224/+0.534 |Dr|max=0.534 Df=-0.140 | g r=0.616 f=0.625 p=0.807(0.017) max=2.477 | Ld=+7.1423 base=-0.336 r1=0.657 path=6.41 cap=0.407 | Lg=+0.9206 | 1s
   80 acq  m=1 hq=0.007 fail | Dr=-0.036/+0.407 |Dr|max=0.595 Df=-0.274 | g r=0.550 f=0.782 p=0.847(0.003) max=2.525 | Ld=+15.1858 base=-0.236 r1=0.294 path=14.8 cap=0.288 | Lg=+1.2280 | 1s
   90 acq  m=2 hq=0.009 fail | Dr=-0.064/+0.130 |Dr|max=0.337 Df=-0.342 | g r=0.441 f=0.740 p=0.702(0.015) max=2.269 | Ld=+4.0957 base=-0.258 r1=0.285 path=3.94 cap=0.13 | Lg=+0.9528 | 2s
  100 acq  m=2 hq=0.003 fail | Dr=+0.091/+0.459 |Dr|max=0.459 Df=-0.157 | g r=0.636 f=0.788 p=0.726(0.012) max=2.199 | Ld=+1.6951 base=-0.36 r1=0.268 path=1.39 cap=0.402 | Lg=+0.8923 | 2s
  110 acq  m=0 hq=0.000 fail | Dr=-0.142/+0.231 |Dr|max=0.927 Df=-0.376 | g r=0.482 f=0.878 p=0.766(0.009) max=2.458 | Ld=+15.2190 base=-0.343 r1=0.31 path=15 cap=0.232 | Lg=+1.0263 | 2s
  120 acq  m=1 hq=0.004 fail | Dr=-0.115/+0.163 |Dr|max=0.576 Df=-0.445 | g r=0.301 f=0.502 p=0.501(0.012) max=1.623 | Ld=+0.4829 base=-0.0948 r1=0.16 path=0.3 cap=0.119 | Lg=+0.8156 | 2s
  130 acq  m=3 hq=0.189 fail | Dr=+0.323/+0.729 |Dr|max=0.729 Df=-0.210 | g r=0.315 f=0.651 p=0.620(0.007) max=1.948 | Ld=+0.2254 base=-0.613 r1=0.158 path=0.519 cap=0.161 | Lg=+1.0684 | 2s
  140 acq  m=3 hq=0.066 fail | Dr=-0.074/+0.355 |Dr|max=0.480 Df=-0.474 | g r=0.376 f=0.660 p=0.628(0.009) max=1.979 | Ld=+1.5057 base=-0.46 r1=0.172 path=1.68 cap=0.113 | Lg=+0.9658 | 2s
  150 acq  m=1 hq=0.208 fail | Dr=+0.071/+0.389 |Dr|max=0.462 Df=-0.478 | g r=0.283 f=0.605 p=0.618(0.008) max=2.206 | Ld=+0.4608 base=-0.639 r1=0.206 path=0.731 cap=0.162 | Lg=+1.0895 | 2s
  160 acq  m=2 hq=0.065 fail | Dr=+0.053/+0.633 |Dr|max=0.633 Df=-0.544 | g r=0.379 f=0.630 p=0.677(0.001) max=2.723 | Ld=+1.6870 base=-0.784 r1=0.386 path=1.38 cap=0.702 | Lg=+1.2042 | 2s
  170 acq  m=0 hq=0.000 fail | Dr=+0.057/+0.909 |Dr|max=0.976 Df=-1.017 | g r=0.398 f=0.634 p=0.768(0.027) max=2.419 | Ld=-0.5964 base=-1.54 r1=0.26 path=0.217 cap=0.467 | Lg=+1.9665 | 2s
  180 acq  m=1 hq=0.010 fail | Dr=-0.052/+0.772 |Dr|max=1.150 Df=-0.699 | g r=0.531 f=0.632 p=0.792(0.010) max=3.115 | Ld=+11.0374 base=-0.861 r1=0.547 path=10.6 cap=0.719 | Lg=+1.9838 | 3s
  190 acq  m=1 hq=0.000 fail | Dr=-0.123/+0.135 |Dr|max=0.656 Df=-0.806 | g r=0.394 f=0.714 p=0.772(0.014) max=2.462 | Ld=+0.6198 base=-0.625 r1=0.265 path=0.805 cap=0.175 | Lg=+1.1964 | 3s
  200 acq  m=2 hq=0.001 fail | Dr=-0.206/-0.060 |Dr|max=0.552 Df=-0.814 | g r=0.485 f=0.744 p=0.798(0.008) max=2.316 | Ld=+0.9038 base=-0.497 r1=0.242 path=1.05 cap=0.11 | Lg=+1.1750 | 3s
  210 acq  m=1 hq=0.002 fail | Dr=-0.342/+0.293 |Dr|max=1.030 Df=-0.921 | g r=0.356 f=0.689 p=0.707(0.009) max=2.295 | Ld=+0.8082 base=-0.809 r1=0.196 path=1.05 cap=0.369 | Lg=+2.1767 | 3s
  220 acq  m=3 hq=0.008 fail | Dr=-0.021/+0.220 |Dr|max=0.424 Df=-0.652 | g r=0.265 f=0.653 p=0.658(0.005) max=2.011 | Ld=-0.4222 base=-0.634 r1=0.12 path=0.0238 cap=0.0676 | Lg=+1.0862 | 3s
  230 acq  m=7 hq=0.031 fail | Dr=-0.053/+0.475 |Dr|max=0.518 Df=-0.719 | g r=0.263 f=0.759 p=0.685(0.007) max=2.110 | Ld=-0.4541 base=-0.67 r1=0.119 path=0.0144 cap=0.0822 | Lg=+1.1399 | 3s
  240 acq  m=0 hq=0.000 fail | Dr=-0.016/+0.461 |Dr|max=0.616 Df=-0.909 | g r=0.294 f=0.599 p=0.699(0.018) max=2.049 | Ld=-0.5438 base=-0.853 r1=0.145 path=0.0644 cap=0.0999 | Lg=+1.3639 | 3s
  250 acq  m=2 hq=0.053 fail | Dr=+0.157/+0.746 |Dr|max=0.746 Df=-0.490 | g r=0.331 f=0.671 p=0.635(0.020) max=2.142 | Ld=-0.4225 base=-0.687 r1=0.127 path=0.0239 cap=0.114 | Lg=+1.1929 | 3s
  260 acq  m=1 hq=0.007 fail | Dr=-0.009/+0.744 |Dr|max=0.744 Df=-0.523 | g r=0.369 f=0.491 p=0.590(0.001) max=2.378 | Ld=+0.5576 base=-0.603 r1=0.0981 path=1.02 cap=0.0456 | Lg=+1.1634 | 4s
  270 acq  m=6 hq=0.149 fail | Dr=+0.237/+0.735 |Dr|max=0.735 Df=-0.310 | g r=0.247 f=0.755 p=0.661(0.009) max=2.446 | Ld=-0.3906 base=-0.66 r1=0.114 path=0.085 cap=0.0706 | Lg=+1.1329 | 4s
  280 acq  m=5 hq=0.177 fail | Dr=+0.266/+0.706 |Dr|max=0.706 Df=-0.306 | g r=0.304 f=0.644 p=0.664(0.011) max=2.022 | Ld=-0.3625 base=-0.601 r1=0.103 path=0.0209 cap=0.115 | Lg=+1.0713 | 4s
  290 acq  m=3 hq=0.019 fail | Dr=+0.242/+0.789 |Dr|max=0.789 Df=-0.418 | g r=0.463 f=0.595 p=0.687(0.014) max=2.253 | Ld=+1.1417 base=-0.605 r1=0.417 path=0.883 cap=0.447 | Lg=+1.1755 | 4s
  300 acq  m=3 hq=0.051 fail | Dr=+0.401/+0.956 |Dr|max=0.956 Df=-0.188 | g r=0.260 f=0.692 p=0.654(0.013) max=1.806 | Ld=-0.3074 base=-0.516 r1=0.0751 path=0.0875 cap=0.0462 | Lg=+1.0282 | 4s
  310 acq  m=5 hq=0.035 fail | Dr=+0.360/+0.992 |Dr|max=0.992 Df=-0.245 | g r=0.248 f=0.723 p=0.631(0.004) max=1.958 | Ld=-0.3923 base=-0.584 r1=0.0847 path=0.00928 cap=0.098 | Lg=+1.0749 | 4s
  320 acq  m=3 hq=0.231 fail | Dr=+0.182/+0.533 |Dr|max=0.651 Df=-0.352 | g r=0.227 f=0.593 p=0.602(0.013) max=1.834 | Ld=-0.2012 base=-0.493 r1=0.11 path=0.0262 cap=0.156 | Lg=+1.0131 | 4s
  330 acq  m=3 hq=0.023 fail | Dr=+0.274/+0.952 |Dr|max=0.952 Df=-0.396 | g r=0.319 f=0.825 p=0.705(0.007) max=2.307 | Ld=-0.1633 base=-0.514 r1=0.132 path=0.179 cap=0.0399 | Lg=+1.1692 | 4s
  340 acq  m=2 hq=0.206 fail | Dr=+0.301/+1.067 |Dr|max=1.067 Df=-0.297 | g r=0.322 f=0.549 p=0.604(0.010) max=2.636 | Ld=-0.4755 base=-0.718 r1=0.0738 path=0.059 cap=0.11 | Lg=+1.1534 | 5s
  350 acq  m=3 hq=0.058 fail | Dr=+0.205/+0.971 |Dr|max=1.280 Df=-0.476 | g r=0.321 f=0.726 p=0.693(0.005) max=2.488 | Ld=-0.3519 base=-0.571 r1=0.0903 path=0.0553 cap=0.0738 | Lg=+1.2899 | 5s
  360 acq  m=3 hq=0.209 fail | Dr=+0.071/+0.701 |Dr|max=0.857 Df=-0.600 | g r=0.380 f=0.740 p=0.757(0.019) max=2.266 | Ld=+1.0802 base=-0.47 r1=0.124 path=1.39 cap=0.0367 | Lg=+1.3097 | 5s
  370 acq  m=4 hq=0.169 fail | Dr=+0.418/+1.062 |Dr|max=1.062 Df=-0.191 | g r=0.242 f=0.639 p=0.685(0.006) max=1.939 | Ld=-0.5625 base=-0.705 r1=0.08 path=0.0119 cap=0.0503 | Lg=+1.2258 | 5s
  380 acq  m=6 hq=0.271 fail | Dr=+0.372/+0.785 |Dr|max=0.817 Df=-0.301 | g r=0.332 f=0.708 p=0.763(0.012) max=2.297 | Ld=-0.3384 base=-0.681 r1=0.118 path=0.161 cap=0.0641 | Lg=+1.3736 | 5s
  390 acq  m=3 hq=0.006 fail | Dr=+0.158/+0.877 |Dr|max=0.877 Df=-0.257 | g r=0.327 f=0.645 p=0.619(0.011) max=1.917 | Ld=-0.1703 base=-0.613 r1=0.0808 path=0.299 cap=0.0624 | Lg=+1.2607 | 5s
  400 acq  m=4 hq=0.274 fail | Dr=+0.488/+1.019 |Dr|max=1.019 Df=-0.351 | g r=0.267 f=0.492 p=0.675(0.006) max=1.804 | Ld=-0.5974 base=-0.776 r1=0.0764 path=0.0522 cap=0.0498 | Lg=+1.2701 | 5s
  410 acq  m=6 hq=0.162 fail | Dr=+0.481/+1.085 |Dr|max=1.085 Df=-0.095 | g r=0.213 f=0.624 p=0.636(0.006) max=1.801 | Ld=-0.4030 base=-0.609 r1=0.0845 path=0.0457 cap=0.0763 | Lg=+1.1134 | 5s
  420 acq  m=5 hq=0.053 fail | Dr=+0.454/+1.034 |Dr|max=1.034 Df=-0.143 | g r=0.238 f=0.692 p=0.695(0.008) max=1.868 | Ld=-0.3871 base=-0.55 r1=0.103 path=0.0228 cap=0.0372 | Lg=+1.1618 | 5s
  430 acq  m=7 hq=0.219 fail | Dr=+0.456/+0.846 |Dr|max=0.846 Df=-0.071 | g r=0.221 f=0.655 p=0.708(0.007) max=1.887 | Ld=-0.4252 base=-0.603 r1=0.0832 path=0.0296 cap=0.065 | Lg=+1.1461 | 6s
  440 acq  m=7 hq=0.120 fail | Dr=+0.514/+1.065 |Dr|max=1.065 Df=-0.022 | g r=0.203 f=0.670 p=0.666(0.011) max=1.892 | Ld=-0.3568 base=-0.495 r1=0.077 path=0.0169 cap=0.0441 | Lg=+1.1057 | 6s
  450 acq  m=8 hq=0.180 fail | Dr=+0.513/+1.087 |Dr|max=1.087 Df=+0.039 | g r=0.226 f=0.713 p=0.688(0.010) max=1.814 | Ld=-0.3034 base=-0.498 r1=0.117 path=0.0351 cap=0.0424 | Lg=+1.1136 | 6s
  460 acq  m=6 hq=0.029 fail | Dr=+0.368/+0.859 |Dr|max=1.023 Df=-0.234 | g r=0.278 f=0.680 p=0.743(0.011) max=2.223 | Ld=-0.2661 base=-0.552 r1=0.0829 path=0.162 cap=0.0407 | Lg=+1.2847 | 6s
  470 acq  m=4 hq=0.184 fail | Dr=+0.530/+1.122 |Dr|max=1.122 Df=-0.013 | g r=0.250 f=0.600 p=0.655(0.003) max=1.813 | Ld=-0.3503 base=-0.504 r1=0.0703 path=0.0452 cap=0.0378 | Lg=+1.1540 | 6s
  480 acq  m=6 hq=0.203 fail | Dr=+0.660/+1.159 |Dr|max=1.159 Df=+0.183 | g r=0.184 f=0.683 p=0.647(0.010) max=1.589 | Ld=-0.3359 base=-0.448 r1=0.0555 path=0.0212 cap=0.0351 | Lg=+1.0216 | 6s
  490 acq  m=5 hq=0.230 fail | Dr=+0.645/+1.343 |Dr|max=1.343 Df=+0.077 | g r=0.219 f=0.545 p=0.637(0.004) max=1.690 | Ld=-0.3351 base=-0.429 r1=0.0472 path=0.0263 cap=0.0202 | Lg=+1.0764 | 6s
  500 acq  m=8 hq=0.327 fail | Dr=+0.584/+1.197 |Dr|max=1.197 Df=+0.107 | g r=0.193 f=0.605 p=0.654(0.003) max=1.544 | Ld=-0.3289 base=-0.443 r1=0.0668 path=0.0227 cap=0.0249 | Lg=+1.0665 | 6s
  510 acq  m=8 hq=0.125 fail | Dr=+0.529/+1.260 |Dr|max=1.260 Df=+0.124 | g r=0.236 f=0.672 p=0.644(0.005) max=1.750 | Ld=-0.2374 base=-0.414 r1=0.114 path=0.0181 cap=0.0451 | Lg=+1.0663 | 7s
  520 acq  m=7 hq=0.427 fail | Dr=+0.652/+1.405 |Dr|max=1.405 Df=+0.264 | g r=0.198 f=0.520 p=0.631(0.008) max=1.735 | Ld=-0.3348 base=-0.458 r1=0.0444 path=0.0269 cap=0.0523 | Lg=+1.0634 | 7s
  530 acq  m=7 hq=0.356 fail | Dr=+0.654/+1.321 |Dr|max=1.321 Df=+0.220 | g r=0.195 f=0.607 p=0.638(0.002) max=1.661 | Ld=-0.2757 base=-0.362 r1=0.0447 path=0.0185 cap=0.023 | Lg=+0.9890 | 7s
  540 acq  m=7 hq=0.250 fail | Dr=+0.665/+1.268 |Dr|max=1.268 Df=+0.224 | g r=0.192 f=0.779 p=0.752(0.006) max=1.783 | Ld=-0.3872 base=-0.571 r1=0.0936 path=0.0623 cap=0.028 | Lg=+1.2692 | 7s
  550 acq  m=8 hq=0.236 fail | Dr=+0.720/+1.631 |Dr|max=1.631 Df=+0.307 | g r=0.205 f=0.594 p=0.671(0.004) max=1.692 | Ld=-0.3876 base=-0.492 r1=0.0517 path=0.0208 cap=0.0316 | Lg=+1.1762 | 7s
  560 acq  m=8 hq=0.356 fail | Dr=+0.817/+1.809 |Dr|max=1.809 Df=+0.424 | g r=0.212 f=0.527 p=0.633(0.003) max=1.695 | Ld=-0.2611 base=-0.363 r1=0.055 path=0.0203 cap=0.0265 | Lg=+1.0605 | 7s
  570 acq  m=7 hq=0.348 fail | Dr=+0.745/+1.679 |Dr|max=1.679 Df=+0.363 | g r=0.177 f=0.469 p=0.626(0.011) max=1.581 | Ld=-0.4095 base=-0.52 r1=0.0506 path=0.015 cap=0.0453 | Lg=+1.1336 | 7s
  580 acq  m=8 hq=0.427 fail | Dr=+0.762/+1.695 |Dr|max=1.695 Df=+0.374 | g r=0.151 f=0.498 p=0.632(0.012) max=1.532 | Ld=-0.2573 base=-0.347 r1=0.046 path=0.0134 cap=0.0308 | Lg=+1.0189 | 7s
  590 acq  m=2 hq=0.168 fail | Dr=+0.677/+1.508 |Dr|max=1.508 Df=+0.213 | g r=0.228 f=0.578 p=0.592(0.003) max=1.498 | Ld=-0.2650 base=-0.367 r1=0.048 path=0.0396 cap=0.0144 | Lg=+1.0392 | 7s
  600 acq  m=8 hq=0.383 fail | Dr=+0.737/+1.731 |Dr|max=1.731 Df=+0.378 | g r=0.174 f=0.518 p=0.621(0.005) max=1.480 | Ld=-0.2570 base=-0.336 r1=0.0392 path=0.0276 cap=0.0122 | Lg=+1.0477 | 8s
  610 acq  m=7 hq=0.209 fail | Dr=+0.739/+1.765 |Dr|max=1.765 Df=+0.365 | g r=0.197 f=0.569 p=0.635(0.008) max=1.724 | Ld=-0.2269 base=-0.349 r1=0.0508 path=0.0532 cap=0.0182 | Lg=+1.0638 | 8s
  620 acq  m=6 hq=0.237 fail | Dr=+0.834/+1.800 |Dr|max=1.800 Df=+0.403 | g r=0.216 f=0.625 p=0.651(0.002) max=1.656 | Ld=-0.2719 base=-0.351 r1=0.0312 path=0.0295 cap=0.018 | Lg=+1.0476 | 8s
  630 acq  m=7 hq=0.321 fail | Dr=+0.775/+1.674 |Dr|max=1.674 Df=+0.398 | g r=0.152 f=0.481 p=0.586(0.004) max=1.463 | Ld=-0.2176 base=-0.299 r1=0.0357 path=0.0204 cap=0.0256 | Lg=+0.9691 | 8s
  640 acq  m=8 hq=0.393 fail | Dr=+0.700/+1.870 |Dr|max=1.870 Df=+0.386 | g r=0.192 f=0.423 p=0.593(0.004) max=1.604 | Ld=-0.2660 base=-0.355 r1=0.0368 path=0.0205 cap=0.032 | Lg=+1.0374 | 8s
  650 acq  m=8 hq=0.560 fail | Dr=+0.824/+2.028 |Dr|max=2.028 Df=+0.519 | g r=0.148 f=0.306 p=0.608(0.009) max=1.669 | Ld=-0.2501 base=-0.345 r1=0.0443 path=0.0365 cap=0.0141 | Lg=+1.0594 | 8s
  660 acq  m=7 hq=0.440 fail | Dr=+0.738/+1.985 |Dr|max=1.985 Df=+0.362 | g r=0.155 f=0.422 p=0.621(0.004) max=1.619 | Ld=-0.2591 base=-0.341 r1=0.0346 path=0.0311 cap=0.0162 | Lg=+1.0300 | 8s
  670 acq  m=8 hq=0.668 fail | Dr=+0.686/+2.007 |Dr|max=2.007 Df=+0.379 | g r=0.171 f=0.335 p=0.610(0.005) max=1.549 | Ld=-0.1794 base=-0.263 r1=0.0443 path=0.0193 cap=0.0204 | Lg=+1.0282 | 8s
  680 acq  m=8 hq=0.620 fail | Dr=+0.756/+2.017 |Dr|max=2.017 Df=+0.434 | g r=0.141 f=0.329 p=0.603(0.006) max=1.641 | Ld=-0.2086 base=-0.3 r1=0.031 path=0.0364 cap=0.024 | Lg=+1.0142 | 9s
  690 acq  m=8 hq=0.368 fail | Dr=+0.817/+1.829 |Dr|max=1.829 Df=+0.493 | g r=0.184 f=0.528 p=0.633(0.004) max=1.469 | Ld=-0.1616 base=-0.282 r1=0.0446 path=0.0481 cap=0.0281 | Lg=+0.9831 | 9s
  700 acq  m=7 hq=0.345 fail | Dr=+0.782/+1.763 |Dr|max=1.763 Df=+0.452 | g r=0.149 f=0.554 p=0.625(0.007) max=1.412 | Ld=-0.2608 base=-0.339 r1=0.0297 path=0.0256 cap=0.0226 | Lg=+0.9878 | 9s
  710 acq  m=7 hq=0.365 fail | Dr=+0.770/+1.758 |Dr|max=1.758 Df=+0.458 | g r=0.142 f=0.512 p=0.588(0.005) max=1.434 | Ld=-0.1187 base=-0.244 r1=0.0481 path=0.0446 cap=0.0328 | Lg=+0.9469 | 9s
  720 acq  m=8 hq=0.547 fail | Dr=+0.859/+1.818 |Dr|max=1.818 Df=+0.580 | g r=0.134 f=0.428 p=0.628(0.007) max=1.397 | Ld=-0.1971 base=-0.303 r1=0.041 path=0.0388 cap=0.0264 | Lg=+0.9589 | 9s
  730 acq  m=6 hq=0.221 fail | Dr=+0.723/+2.052 |Dr|max=2.052 Df=+0.357 | g r=0.138 f=0.522 p=0.638(0.002) max=1.396 | Ld=-0.2309 base=-0.317 r1=0.0382 path=0.0374 cap=0.0108 | Lg=+1.0511 | 9s
  740 acq  m=7 hq=0.434 fail | Dr=+1.028/+2.165 |Dr|max=2.165 Df=+0.692 | g r=0.121 f=0.454 p=0.649(0.005) max=1.493 | Ld=-0.2475 base=-0.328 r1=0.0279 path=0.0298 cap=0.0226 | Lg=+1.0309 | 9s
  750 acq  m=6 hq=0.314 fail | Dr=+0.767/+1.917 |Dr|max=1.917 Df=+0.408 | g r=0.142 f=0.508 p=0.635(0.003) max=1.576 | Ld=-0.1682 base=-0.265 r1=0.0338 path=0.0277 cap=0.0356 | Lg=+0.9389 | 9s
  760 acq  m=7 hq=0.480 fail | Dr=+0.621/+2.265 |Dr|max=2.265 Df=+0.310 | g r=0.146 f=0.381 p=0.668(0.000) max=1.854 | Ld=-0.2306 base=-0.315 r1=0.0296 path=0.0401 cap=0.0151 | Lg=+1.1450 | 10s
  770 acq  m=8 hq=0.706 fail | Dr=+0.880/+1.909 |Dr|max=1.909 Df=+0.645 | g r=0.122 f=0.298 p=0.610(0.001) max=1.387 | Ld=-0.1636 base=-0.253 r1=0.0365 path=0.0213 cap=0.0315 | Lg=+0.9408 | 10s
  780 acq  m=8 hq=0.488 fail | Dr=+0.851/+1.957 |Dr|max=1.957 Df=+0.566 | g r=0.124 f=0.470 p=0.649(0.005) max=1.430 | Ld=-0.1721 base=-0.251 r1=0.0346 path=0.0228 cap=0.0213 | Lg=+0.9792 | 10s
  790 acq  m=8 hq=0.440 fail | Dr=+0.924/+2.162 |Dr|max=2.162 Df=+0.609 | g r=0.115 f=0.497 p=0.624(0.005) max=1.424 | Ld=-0.1843 base=-0.237 r1=0.0229 path=0.0253 cap=0.00486 | Lg=+0.9533 | 10s
  800 acq  m=8 hq=0.615 fail | Dr=+0.862/+2.167 |Dr|max=2.167 Df=+0.616 | g r=0.127 f=0.338 p=0.644(0.002) max=1.468 | Ld=-0.2089 base=-0.263 r1=0.0236 path=0.0229 cap=0.00734 | Lg=+1.0061 | 10s
  810 acq  m=8 hq=0.474 fail | Dr=+0.733/+1.883 |Dr|max=1.883 Df=+0.479 | g r=0.172 f=0.483 p=0.657(0.006) max=1.602 | Ld=-0.1757 base=-0.282 r1=0.0407 path=0.0469 cap=0.0187 | Lg=+1.0441 | 10s
  820 acq  m=8 hq=0.682 fail | Dr=+0.860/+1.967 |Dr|max=1.967 Df=+0.637 | g r=0.110 f=0.284 p=0.588(0.013) max=1.306 | Ld=-0.1275 base=-0.187 r1=0.0235 path=0.0211 cap=0.0147 | Lg=+0.9468 | 10s
  830 acq  m=8 hq=0.755 fail | Dr=+0.832/+2.228 |Dr|max=2.228 Df=+0.602 | g r=0.104 f=0.208 p=0.571(0.003) max=1.398 | Ld=-0.1802 base=-0.249 r1=0.0219 path=0.0278 cap=0.0194 | Lg=+0.9902 | 10s
  840 acq  m=8 hq=0.740 fail | Dr=+0.739/+2.019 |Dr|max=2.019 Df=+0.523 | g r=0.111 f=0.200 p=0.599(0.002) max=1.488 | Ld=-0.1583 base=-0.242 r1=0.0346 path=0.0416 cap=0.00715 | Lg=+0.9631 | 11s
  850 acq  m=8 hq=0.834 fail | Dr=+0.779/+1.907 |Dr|max=1.907 Df=+0.578 | g r=0.098 f=0.187 p=0.551(0.002) max=1.302 | Ld=-0.1417 base=-0.194 r1=0.018 path=0.0192 cap=0.0155 | Lg=+0.9258 | 11s
  860 acq  m=8 hq=0.749 fail | Dr=+0.777/+2.150 |Dr|max=2.150 Df=+0.554 | g r=0.100 f=0.187 p=0.584(0.003) max=1.449 | Ld=-0.1475 base=-0.217 r1=0.0198 path=0.0412 cap=0.0082 | Lg=+0.9742 | 11s
  870 acq  m=8 hq=0.816 fail | Dr=+0.692/+1.975 |Dr|max=1.975 Df=+0.503 | g r=0.135 f=0.193 p=0.570(0.004) max=1.562 | Ld=-0.1473 base=-0.22 r1=0.025 path=0.0359 cap=0.0117 | Lg=+0.9752 | 11s
  880 acq  m=8 hq=0.835 fail | Dr=+0.688/+1.988 |Dr|max=1.988 Df=+0.500 | g r=0.126 f=0.150 p=0.568(0.009) max=1.416 | Ld=-0.1281 base=-0.195 r1=0.0287 path=0.0274 cap=0.0108 | Lg=+0.9335 | 11s
  890 acq  m=8 hq=0.724 fail | Dr=+0.788/+1.883 |Dr|max=1.883 Df=+0.599 | g r=0.082 f=0.175 p=0.544(0.002) max=1.482 | Ld=-0.1547 base=-0.217 r1=0.0185 path=0.0262 cap=0.0176 | Lg=+0.9107 | 11s
  900 acq  m=7 hq=0.624 fail | Dr=+0.744/+1.753 |Dr|max=1.753 Df=+0.545 | g r=0.110 f=0.274 p=0.577(0.007) max=1.448 | Ld=-0.0785 base=-0.136 r1=0.0194 path=0.0299 cap=0.00764 | Lg=+0.8861 | 11s
  910 acq  m=8 hq=0.916 PASS | Dr=+0.713/+1.828 |Dr|max=1.828 Df=+0.534 | g r=0.091 f=0.115 p=0.535(0.001) max=1.319 | Ld=-0.0612 base=-0.103 r1=0.0146 path=0.0171 cap=0.0104 | Lg=+0.8919 | 11s
  920 acq  m=8 hq=0.873 fail | Dr=+0.767/+1.751 |Dr|max=1.751 Df=+0.604 | g r=0.102 f=0.146 p=0.562(0.009) max=1.387 | Ld=-0.1140 base=-0.175 r1=0.00984 path=0.0406 cap=0.0105 | Lg=+0.8982 | 12s
  930 acq  m=8 hq=0.911 PASS | Dr=+0.710/+2.063 |Dr|max=2.063 Df=+0.526 | g r=0.121 f=0.134 p=0.579(0.004) max=1.623 | Ld=-0.1391 base=-0.204 r1=0.0135 path=0.0363 cap=0.0153 | Lg=+0.9624 | 12s
  940 acq  m=8 hq=0.928 PASS | Dr=+0.755/+1.969 |Dr|max=1.969 Df=+0.586 | g r=0.072 f=0.078 p=0.549(0.001) max=1.298 | Ld=-0.1002 base=-0.139 r1=0.00688 path=0.023 cap=0.00859 | Lg=+0.9078 | 12s
  950 acq  m=8 hq=0.898 fail | Dr=+0.675/+1.741 |Dr|max=1.741 Df=+0.543 | g r=0.119 f=0.132 p=0.540(0.004) max=1.311 | Ld=-0.0709 base=-0.133 r1=0.0163 path=0.0305 cap=0.0156 | Lg=+0.8706 | 12s
  960 acq  m=8 hq=0.907 PASS | Dr=+0.781/+1.748 |Dr|max=1.748 Df=+0.646 | g r=0.075 f=0.100 p=0.535(0.003) max=1.352 | Ld=-0.0705 base=-0.122 r1=0.0098 path=0.0357 cap=0.00554 | Lg=+0.8743 | 12s
  970 acq  m=8 hq=0.942 PASS | Dr=+0.639/+1.646 |Dr|max=1.646 Df=+0.497 | g r=0.070 f=0.081 p=0.523(0.002) max=1.241 | Ld=-0.0867 base=-0.121 r1=0.00847 path=0.0201 cap=0.00565 | Lg=+0.8558 | 12s
  980 acq  m=8 hq=0.930 PASS | Dr=+0.638/+1.642 |Dr|max=1.642 Df=+0.485 | g r=0.096 f=0.107 p=0.529(0.005) max=1.398 | Ld=-0.0581 base=-0.091 r1=0.00913 path=0.018 cap=0.00577 | Lg=+0.8750 | 12s
  990 acq  m=8 hq=0.937 PASS | Dr=+0.634/+1.466 |Dr|max=1.466 Df=+0.499 | g r=0.067 f=0.074 p=0.536(0.001) max=1.365 | Ld=-0.0949 base=-0.115 r1=0.00835 path=0.00795 cap=0.00357 | Lg=+0.8752 | 13s
 1000 acq  m=8 hq=0.935 PASS | Dr=+0.634/+1.636 |Dr|max=1.636 Df=+0.492 | g r=0.101 f=0.107 p=0.523(0.001) max=1.332 | Ld=-0.1032 base=-0.138 r1=0.013 path=0.0152 cap=0.00656 | Lg=+0.8752 | 13s
 1010 acq  m=4 hq=0.193 fail | Dr=+0.598/+1.766 |Dr|max=1.766 Df=+0.339 | g r=0.195 f=0.562 p=0.677(0.009) max=1.639 | Ld=+0.0562 base=-0.261 r1=0.0349 path=0.259 cap=0.0231 | Lg=+1.0377 | 13s
 1020 acq  m=4 hq=0.143 fail | Dr=+0.249/+1.198 |Dr|max=1.198 Df=-0.035 | g r=0.131 f=0.617 p=0.580(0.004) max=1.449 | Ld=-0.1717 base=-0.212 r1=0.0265 path=0.00887 cap=0.00519 | Lg=+0.9253 | 13s
 1030 acq  m=8 hq=0.305 fail | Dr=+0.335/+1.028 |Dr|max=1.028 Df=+0.188 | g r=0.156 f=0.467 p=0.563(0.004) max=1.482 | Ld=-0.0764 base=-0.164 r1=0.0211 path=0.06 cap=0.00685 | Lg=+0.8812 | 13s
 1040 acq  m=8 hq=0.512 fail | Dr=+0.461/+1.330 |Dr|max=1.330 Df=+0.279 | g r=0.102 f=0.430 p=0.546(0.002) max=1.293 | Ld=-0.0939 base=-0.127 r1=0.0211 path=0.00515 cap=0.00633 | Lg=+0.8455 | 13s
 1050 acq  m=7 hq=0.300 fail | Dr=+0.517/+1.387 |Dr|max=1.387 Df=+0.297 | g r=0.143 f=0.568 p=0.583(0.007) max=1.484 | Ld=-0.1953 base=-0.262 r1=0.0311 path=0.0149 cap=0.0211 | Lg=+0.9017 | 13s
 1060 acq  m=4 hq=0.282 fail | Dr=+0.404/+1.419 |Dr|max=1.419 Df=+0.247 | g r=0.128 f=0.501 p=0.546(0.005) max=1.289 | Ld=-0.0755 base=-0.12 r1=0.0303 path=0.00513 cap=0.00926 | Lg=+0.8856 | 13s
 1070 acq  m=7 hq=0.229 fail | Dr=+0.527/+1.181 |Dr|max=1.181 Df=+0.321 | g r=0.103 f=0.452 p=0.541(0.004) max=1.387 | Ld=-0.0750 base=-0.125 r1=0.032 path=0.00693 cap=0.0112 | Lg=+0.8209 | 14s
 1080 acq  m=7 hq=0.303 fail | Dr=+0.535/+1.710 |Dr|max=1.710 Df=+0.341 | g r=0.119 f=0.490 p=0.546(0.006) max=1.372 | Ld=-0.0945 base=-0.128 r1=0.0163 path=0.0123 cap=0.00479 | Lg=+0.8664 | 14s
 1090 acq  m=8 hq=0.670 fail | Dr=+0.673/+1.721 |Dr|max=1.721 Df=+0.547 | g r=0.082 f=0.259 p=0.517(0.004) max=1.284 | Ld=-0.0750 base=-0.0938 r1=0.0116 path=0.00508 cap=0.00214 | Lg=+0.8420 | 14s
 1100 acq  m=8 hq=0.903 PASS | Dr=+0.534/+1.762 |Dr|max=1.762 Df=+0.423 | g r=0.073 f=0.117 p=0.475(0.002) max=1.435 | Ld=-0.0520 base=-0.0708 r1=0.0132 path=0.00415 cap=0.00144 | Lg=+0.8434 | 14s
 1110 acq  m=8 hq=0.905 PASS | Dr=+0.505/+1.745 |Dr|max=1.745 Df=+0.398 | g r=0.077 f=0.103 p=0.483(0.003) max=1.189 | Ld=-0.0492 base=-0.0781 r1=0.0119 path=0.0133 cap=0.00376 | Lg=+0.8657 | 14s
 1120 acq  m=8 hq=0.934 PASS | Dr=+0.591/+1.808 |Dr|max=1.808 Df=+0.474 | g r=0.081 f=0.093 p=0.503(0.001) max=1.251 | Ld=-0.0714 base=-0.101 r1=0.0133 path=0.015 cap=0.00108 | Lg=+0.8708 | 14s
 1130 acq  m=8 hq=0.927 PASS | Dr=+0.586/+1.769 |Dr|max=1.769 Df=+0.469 | g r=0.104 f=0.118 p=0.498(0.004) max=1.333 | Ld=-0.0799 base=-0.112 r1=0.0132 path=0.012 cap=0.00683 | Lg=+0.8513 | 14s
 1140 acq  m=8 hq=0.947 PASS | Dr=+0.509/+1.436 |Dr|max=1.436 Df=+0.412 | g r=0.077 f=0.087 p=0.468(0.005) max=1.273 | Ld=-0.0420 base=-0.101 r1=0.0123 path=0.0319 cap=0.015 | Lg=+0.8135 | 14s
 1150 acq  m=8 hq=0.937 PASS | Dr=+0.407/+1.888 |Dr|max=1.888 Df=+0.287 | g r=0.068 f=0.077 p=0.483(0.001) max=1.325 | Ld=-0.0472 base=-0.0735 r1=0.0102 path=0.00967 cap=0.00641 | Lg=+0.9001 | 15s
 1160 acq  m=8 hq=0.960 PASS | Dr=+0.547/+1.663 |Dr|max=1.663 Df=+0.442 | g r=0.075 f=0.082 p=0.482(0.002) max=1.210 | Ld=-0.0843 base=-0.0995 r1=0.00696 path=0.00397 cap=0.00428 | Lg=+0.8463 | 15s
 1170 acq  m=8 hq=0.927 PASS | Dr=+0.590/+1.487 |Dr|max=1.487 Df=+0.504 | g r=0.074 f=0.091 p=0.483(0.002) max=1.317 | Ld=-0.0472 base=-0.0699 r1=0.00689 path=0.0143 cap=0.00147 | Lg=+0.8415 | 15s
 1180 acq  m=8 hq=0.942 PASS | Dr=+0.455/+1.717 |Dr|max=1.717 Df=+0.345 | g r=0.073 f=0.090 p=0.523(0.002) max=1.341 | Ld=-0.1055 base=-0.129 r1=0.00984 path=0.0108 cap=0.00274 | Lg=+0.8855 | 15s
 1190 acq  m=8 hq=0.921 PASS | Dr=+0.364/+1.481 |Dr|max=1.481 Df=+0.272 | g r=0.073 f=0.072 p=0.448(0.001) max=1.325 | Ld=-0.0438 base=-0.073 r1=0.00933 path=0.0166 cap=0.00324 | Lg=+0.8402 | 15s
 1200 acq  m=8 hq=0.956 PASS | Dr=+0.423/+1.656 |Dr|max=1.656 Df=+0.318 | g r=0.065 f=0.063 p=0.470(0.001) max=1.357 | Ld=-0.0440 base=-0.0651 r1=0.00428 path=0.0159 cap=0.000962 | Lg=+0.8398 | 15s
 1210 hold m=8 hq=0.930 PASS | Dr=+0.596/+1.450 |Dr|max=1.450 Df=+0.506 | g r=0.062 f=0.066 p=0.488(0.003) max=1.345 | Ld=-0.0522 base=-0.0688 r1=0.00612 path=0.00928 cap=0.0012 | Lg=+0.8286 | 15s
 1220 hold m=8 hq=0.947 PASS | Dr=+0.521/+1.568 |Dr|max=1.568 Df=+0.420 | g r=0.077 f=0.076 p=0.479(0.001) max=1.167 | Ld=-0.0088 base=-0.0258 r1=0.00836 path=0.00589 cap=0.00273 | Lg=+0.8470 | 15s
 1230 hold m=8 hq=0.943 PASS | Dr=+0.475/+1.852 |Dr|max=1.852 Df=+0.369 | g r=0.082 f=0.100 p=0.493(0.002) max=1.435 | Ld=-0.0815 base=-0.0996 r1=0.00761 path=0.00799 cap=0.00248 | Lg=+0.8589 | 16s
 1240 hold m=8 hq=0.958 PASS | Dr=+0.401/+1.424 |Dr|max=1.424 Df=+0.313 | g r=0.078 f=0.079 p=0.479(0.004) max=1.195 | Ld=-0.0244 base=-0.0713 r1=0.00787 path=0.0349 cap=0.00406 | Lg=+0.8328 | 16s
 1250 hold m=8 hq=0.962 PASS | Dr=+0.469/+1.507 |Dr|max=1.507 Df=+0.372 | g r=0.060 f=0.064 p=0.483(0.002) max=1.175 | Ld=-0.0360 base=-0.0533 r1=0.00878 path=0.00684 cap=0.00173 | Lg=+0.8191 | 16s
 1260 hold m=8 hq=0.955 PASS | Dr=+0.340/+1.400 |Dr|max=1.400 Df=+0.250 | g r=0.061 f=0.062 p=0.459(0.001) max=1.264 | Ld=-0.0380 base=-0.055 r1=0.0122 path=0.00305 cap=0.00174 | Lg=+0.8228 | 16s
 1270 hold m=8 hq=0.956 PASS | Dr=+0.463/+1.364 |Dr|max=1.364 Df=+0.373 | g r=0.065 f=0.074 p=0.488(0.003) max=1.328 | Ld=-0.0822 base=-0.1 r1=0.00472 path=0.0119 cap=0.00118 | Lg=+0.8381 | 16s
 1280 hold m=8 hq=0.922 PASS | Dr=+0.395/+1.508 |Dr|max=1.508 Df=+0.308 | g r=0.118 f=0.121 p=0.488(0.002) max=1.407 | Ld=-0.0149 base=-0.0372 r1=0.0113 path=0.00978 cap=0.00115 | Lg=+0.8330 | 16s
 1290 hold m=8 hq=0.957 PASS | Dr=+0.427/+1.314 |Dr|max=1.314 Df=+0.347 | g r=0.079 f=0.082 p=0.458(0.002) max=1.428 | Ld=-0.0361 base=-0.0523 r1=0.00457 path=0.0101 cap=0.00148 | Lg=+0.8258 | 16s
 1300 hold m=8 hq=0.957 PASS | Dr=+0.336/+1.403 |Dr|max=1.403 Df=+0.250 | g r=0.080 f=0.078 p=0.453(0.002) max=1.337 | Ld=-0.0528 base=-0.0697 r1=0.00484 path=0.00897 cap=0.00316 | Lg=+0.8412 | 17s
 1310 hold m=8 hq=0.964 PASS | Dr=+0.435/+1.335 |Dr|max=1.335 Df=+0.362 | g r=0.076 f=0.076 p=0.388(0.005) max=1.134 | Ld=+0.0083 base=-0.00756 r1=0.00909 path=0.00607 cap=0.000701 | Lg=+0.7818 | 17s
 1320 hold m=8 hq=0.927 PASS | Dr=+0.358/+1.518 |Dr|max=1.518 Df=+0.287 | g r=0.080 f=0.086 p=0.405(0.002) max=1.263 | Ld=-0.0336 base=-0.0709 r1=0.0103 path=0.02 cap=0.00706 | Lg=+0.8018 | 17s
 1330 hold m=8 hq=0.952 PASS | Dr=+0.431/+1.314 |Dr|max=1.314 Df=+0.371 | g r=0.058 f=0.064 p=0.445(0.000) max=1.206 | Ld=-0.0320 base=-0.045 r1=0.00689 path=0.00589 cap=0.000177 | Lg=+0.8054 | 17s
 1340 hold m=8 hq=0.972 PASS | Dr=+0.394/+1.486 |Dr|max=1.486 Df=+0.318 | g r=0.062 f=0.063 p=0.422(0.002) max=1.252 | Ld=-0.0203 base=-0.0352 r1=0.00569 path=0.00878 cap=0.000428 | Lg=+0.8079 | 17s
 1350 hold m=8 hq=0.938 PASS | Dr=+0.253/+1.783 |Dr|max=1.783 Df=+0.171 | g r=0.064 f=0.069 p=0.396(0.003) max=1.282 | Ld=-0.0352 base=-0.0507 r1=0.00673 path=0.00463 cap=0.00412 | Lg=+0.8495 | 17s
 1360 hold m=8 hq=0.968 PASS | Dr=+0.390/+1.611 |Dr|max=1.611 Df=+0.323 | g r=0.096 f=0.095 p=0.456(0.004) max=1.387 | Ld=-0.0365 base=-0.0502 r1=0.00813 path=0.00225 cap=0.00326 | Lg=+0.8408 | 17s
 1370 hold m=8 hq=0.962 PASS | Dr=+0.351/+1.385 |Dr|max=1.385 Df=+0.280 | g r=0.041 f=0.050 p=0.403(0.002) max=1.231 | Ld=-0.0349 base=-0.0461 r1=0.00337 path=0.00751 cap=0.000307 | Lg=+0.8021 | 17s
 1380 hold m=8 hq=0.965 PASS | Dr=+0.332/+1.573 |Dr|max=1.573 Df=+0.258 | g r=0.055 f=0.058 p=0.455(0.000) max=1.434 | Ld=-0.0455 base=-0.0553 r1=0.00338 path=0.00471 cap=0.00165 | Lg=+0.8331 | 18s
 1390 hold m=8 hq=0.937 PASS | Dr=+0.388/+1.336 |Dr|max=1.336 Df=+0.306 | g r=0.051 f=0.061 p=0.439(0.001) max=1.191 | Ld=-0.0701 base=-0.0828 r1=0.00713 path=0.00502 cap=0.000531 | Lg=+0.8374 | 18s
 1400 hold m=8 hq=0.962 PASS | Dr=+0.457/+1.332 |Dr|max=1.332 Df=+0.375 | g r=0.067 f=0.068 p=0.446(0.003) max=1.142 | Ld=-0.0415 base=-0.0584 r1=0.0112 path=0.0053 cap=0.000436 | Lg=+0.8273 | 18s
 1410 hold m=8 hq=0.977 PASS | Dr=+0.368/+1.479 |Dr|max=1.479 Df=+0.290 | g r=0.060 f=0.059 p=0.432(0.003) max=1.381 | Ld=-0.0549 base=-0.0654 r1=0.00496 path=0.00427 cap=0.00128 | Lg=+0.8008 | 18s
 1420 hold m=8 hq=0.960 PASS | Dr=+0.459/+1.200 |Dr|max=1.200 Df=+0.384 | g r=0.054 f=0.051 p=0.443(0.003) max=1.200 | Ld=-0.0377 base=-0.0537 r1=0.00586 path=0.00838 cap=0.00177 | Lg=+0.8181 | 18s
 1430 hold m=8 hq=0.959 PASS | Dr=+0.397/+1.333 |Dr|max=1.333 Df=+0.327 | g r=0.063 f=0.064 p=0.441(0.002) max=1.262 | Ld=-0.0462 base=-0.0708 r1=0.00745 path=0.0161 cap=0.0011 | Lg=+0.8002 | 18s
 1440 hold m=8 hq=0.973 PASS | Dr=+0.443/+1.167 |Dr|max=1.167 Df=+0.374 | g r=0.050 f=0.050 p=0.458(0.002) max=1.296 | Ld=-0.0268 base=-0.0396 r1=0.00439 path=0.00391 cap=0.00454 | Lg=+0.8179 | 18s
 1450 hold m=8 hq=0.885 fail | Dr=+0.403/+1.138 |Dr|max=1.138 Df=+0.330 | g r=0.056 f=0.061 p=0.449(0.003) max=1.282 | Ld=-0.0323 base=-0.0489 r1=0.00662 path=0.00633 cap=0.00362 | Lg=+0.8031 | 18s
 1460 hold m=8 hq=0.929 PASS | Dr=+0.440/+1.573 |Dr|max=1.573 Df=+0.394 | g r=0.069 f=0.078 p=0.470(0.002) max=1.258 | Ld=-0.0513 base=-0.081 r1=0.0116 path=0.0158 cap=0.00224 | Lg=+0.8609 | 18s
 1470 hold m=8 hq=0.963 PASS | Dr=+0.265/+1.448 |Dr|max=1.448 Df=+0.191 | g r=0.063 f=0.065 p=0.436(0.002) max=1.269 | Ld=-0.0475 base=-0.057 r1=0.00379 path=0.0045 cap=0.00126 | Lg=+0.8241 | 19s
 1480 hold m=8 hq=0.975 PASS | Dr=+0.260/+1.372 |Dr|max=1.372 Df=+0.202 | g r=0.040 f=0.046 p=0.386(0.001) max=1.368 | Ld=-0.0491 base=-0.0614 r1=0.00246 path=0.00689 cap=0.003 | Lg=+0.8151 | 19s
 1490 hold m=8 hq=0.976 PASS | Dr=+0.321/+1.436 |Dr|max=1.436 Df=+0.258 | g r=0.045 f=0.048 p=0.393(0.001) max=1.263 | Ld=-0.0355 base=-0.0481 r1=0.0041 path=0.00509 cap=0.00333 | Lg=+0.8145 | 19s
 1500 hold m=8 hq=0.960 PASS | Dr=+0.512/+1.102 |Dr|max=1.102 Df=+0.446 | g r=0.066 f=0.068 p=0.404(0.001) max=1.228 | Ld=-0.0222 base=-0.0368 r1=0.00545 path=0.00836 cap=0.000735 | Lg=+0.8004 | 19s
 1510 hold m=8 hq=0.971 PASS | Dr=+0.465/+1.180 |Dr|max=1.180 Df=+0.403 | g r=0.043 f=0.040 p=0.410(0.002) max=1.172 | Ld=-0.0105 base=-0.0242 r1=0.00594 path=0.00755 cap=0.000211 | Lg=+0.7774 | 19s
 1520 hold m=8 hq=0.953 PASS | Dr=+0.522/+1.277 |Dr|max=1.277 Df=+0.460 | g r=0.061 f=0.054 p=0.456(0.000) max=1.334 | Ld=-0.0347 base=-0.0493 r1=0.00323 path=0.0106 cap=0.000802 | Lg=+0.8017 | 19s
 1530 hold m=8 hq=0.910 PASS | Dr=+0.551/+1.354 |Dr|max=1.354 Df=+0.495 | g r=0.094 f=0.113 p=0.462(0.001) max=1.434 | Ld=+0.0201 base=-0.1 r1=0.00453 path=0.112 cap=0.00403 | Lg=+0.8430 | 19s
 1540 hold m=5 hq=0.300 fail | Dr=+0.424/+1.174 |Dr|max=1.174 Df=+0.334 | g r=0.108 f=0.352 p=0.461(0.001) max=1.913 | Ld=+0.0020 base=-0.0703 r1=0.0111 path=0.0595 cap=0.00166 | Lg=+0.8469 | 19s
 1550 hold m=6 hq=0.101 fail | Dr=+0.293/+1.130 |Dr|max=1.130 Df=+0.018 | g r=0.183 f=0.746 p=0.604(0.003) max=1.589 | Ld=-0.0387 base=-0.224 r1=0.0341 path=0.146 cap=0.00546 | Lg=+0.9243 | 20s
 1560 hold m=5 hq=0.271 fail | Dr=+0.419/+1.266 |Dr|max=1.266 Df=+0.157 | g r=0.153 f=0.492 p=0.519(0.005) max=1.496 | Ld=-0.1495 base=-0.263 r1=0.0439 path=0.0277 cap=0.0414 | Lg=+0.9098 | 20s
 1570 hold m=4 hq=0.073 fail | Dr=+0.357/+0.945 |Dr|max=0.945 Df=+0.060 | g r=0.177 f=0.664 p=0.524(0.003) max=1.329 | Ld=-0.1915 base=-0.301 r1=0.0562 path=0.00733 cap=0.0459 | Lg=+0.9121 | 20s
 1580 hold m=4 hq=0.124 fail | Dr=+0.431/+0.863 |Dr|max=0.863 Df=+0.201 | g r=0.194 f=0.625 p=0.584(0.007) max=1.434 | Ld=-0.2414 base=-0.307 r1=0.0505 path=0.00479 cap=0.0101 | Lg=+0.8954 | 20s
 1590 hold m=6 hq=0.271 fail | Dr=+0.469/+1.084 |Dr|max=1.084 Df=+0.293 | g r=0.176 f=0.716 p=0.564(0.005) max=1.435 | Ld=-0.2214 base=-0.278 r1=0.0416 path=0.00701 cap=0.00768 | Lg=+0.9106 | 20s
 1600 hold m=6 hq=0.122 fail | Dr=+0.470/+1.058 |Dr|max=1.058 Df=+0.197 | g r=0.140 f=0.740 p=0.541(0.003) max=1.307 | Ld=-0.1732 base=-0.217 r1=0.0358 path=0.00557 cap=0.00235 | Lg=+0.8522 | 20s
 1610 hold m=8 hq=0.557 fail | Dr=+0.553/+0.910 |Dr|max=0.910 Df=+0.443 | g r=0.159 f=0.476 p=0.555(0.002) max=1.505 | Ld=-0.1844 base=-0.239 r1=0.0424 path=0.00286 cap=0.00897 | Lg=+0.8714 | 20s
 1620 hold m=8 hq=0.611 fail | Dr=+0.421/+1.164 |Dr|max=1.164 Df=+0.336 | g r=0.107 f=0.312 p=0.446(0.002) max=1.284 | Ld=-0.0763 base=-0.101 r1=0.0224 path=0.00106 cap=0.00118 | Lg=+0.7867 | 20s
 1630 hold m=8 hq=0.422 fail | Dr=+0.368/+1.180 |Dr|max=1.180 Df=+0.265 | g r=0.101 f=0.431 p=0.429(0.002) max=1.517 | Ld=-0.1069 base=-0.127 r1=0.0185 path=0.00115 cap=0.000429 | Lg=+0.8257 | 21s
 1640 hold m=7 hq=0.106 fail | Dr=+0.390/+1.387 |Dr|max=1.387 Df=+0.213 | g r=0.136 f=0.673 p=0.508(0.007) max=1.647 | Ld=-0.0982 base=-0.139 r1=0.0222 path=0.0165 cap=0.00165 | Lg=+0.8470 | 21s
 1650 hold m=8 hq=0.340 fail | Dr=+0.408/+1.177 |Dr|max=1.177 Df=+0.267 | g r=0.153 f=0.572 p=0.561(0.004) max=1.482 | Ld=-0.1455 base=-0.196 r1=0.031 path=0.00839 cap=0.0116 | Lg=+0.8731 | 21s
 1660 hold m=6 hq=0.164 fail | Dr=+0.391/+1.429 |Dr|max=1.429 Df=+0.207 | g r=0.137 f=0.475 p=0.523(0.003) max=1.340 | Ld=-0.1176 base=-0.159 r1=0.0339 path=0.00252 cap=0.00504 | Lg=+0.8673 | 21s
 1670 hold m=8 hq=0.508 fail | Dr=+0.400/+1.423 |Dr|max=1.423 Df=+0.314 | g r=0.125 f=0.378 p=0.459(0.007) max=1.425 | Ld=-0.0600 base=-0.0943 r1=0.0252 path=0.0085 cap=0.000621 | Lg=+0.8307 | 21s
 1680 hold m=8 hq=0.616 fail | Dr=+0.522/+1.600 |Dr|max=1.600 Df=+0.447 | g r=0.124 f=0.341 p=0.488(0.001) max=1.285 | Ld=-0.1335 base=-0.174 r1=0.0273 path=0.0062 cap=0.00692 | Lg=+0.8490 | 21s
 1690 hold m=8 hq=0.777 fail | Dr=+0.543/+1.391 |Dr|max=1.391 Df=+0.487 | g r=0.128 f=0.270 p=0.467(0.003) max=1.328 | Ld=-0.1104 base=-0.159 r1=0.0288 path=0.00684 cap=0.0134 | Lg=+0.8291 | 21s
 1700 hold m=8 hq=0.762 fail | Dr=+0.469/+1.594 |Dr|max=1.594 Df=+0.412 | g r=0.079 f=0.191 p=0.447(0.003) max=1.413 | Ld=-0.0317 base=-0.0583 r1=0.0163 path=0.00912 cap=0.00114 | Lg=+0.7770 | 21s
 1710 hold m=8 hq=0.779 fail | Dr=+0.392/+1.461 |Dr|max=1.461 Df=+0.341 | g r=0.074 f=0.182 p=0.424(0.002) max=1.379 | Ld=-0.0474 base=-0.0638 r1=0.012 path=0.00382 cap=0.00059 | Lg=+0.8028 | 22s
 1720 hold m=8 hq=0.868 fail | Dr=+0.391/+1.438 |Dr|max=1.438 Df=+0.361 | g r=0.078 f=0.138 p=0.435(0.002) max=1.353 | Ld=-0.0399 base=-0.0619 r1=0.012 path=0.00923 cap=0.000803 | Lg=+0.8168 | 22s
 1730 hold m=8 hq=0.910 PASS | Dr=+0.379/+1.408 |Dr|max=1.408 Df=+0.354 | g r=0.114 f=0.148 p=0.441(0.006) max=1.449 | Ld=-0.0253 base=-0.0534 r1=0.0171 path=0.00641 cap=0.00454 | Lg=+0.8092 | 22s
 1740 hold m=8 hq=0.941 PASS | Dr=+0.350/+1.607 |Dr|max=1.607 Df=+0.338 | g r=0.069 f=0.079 p=0.466(0.004) max=1.439 | Ld=-0.0735 base=-0.0871 r1=0.00712 path=0.00452 cap=0.00195 | Lg=+0.9062 | 22s
 1750 hold m=8 hq=0.963 PASS | Dr=+0.354/+1.110 |Dr|max=1.110 Df=+0.318 | g r=0.065 f=0.063 p=0.358(0.000) max=1.268 | Ld=+0.0021 base=-0.0092 r1=0.00662 path=0.0038 cap=0.000927 | Lg=+0.7692 | 22s
 1760 hold m=8 hq=0.974 PASS | Dr=+0.151/+1.422 |Dr|max=1.422 Df=+0.114 | g r=0.066 f=0.069 p=0.377(0.001) max=1.279 | Ld=-0.0436 base=-0.0638 r1=0.00443 path=0.0157 cap=2.4e-05 | Lg=+0.8538 | 22s
 1770 hold m=8 hq=0.974 PASS | Dr=+0.253/+1.399 |Dr|max=1.399 Df=+0.217 | g r=0.054 f=0.053 p=0.362(0.002) max=1.193 | Ld=+0.0091 base=-0.000628 r1=0.00442 path=0.0047 cap=0.000593 | Lg=+0.7979 | 22s
 1780 hold m=8 hq=0.973 PASS | Dr=+0.337/+1.087 |Dr|max=1.087 Df=+0.319 | g r=0.065 f=0.061 p=0.393(0.001) max=1.253 | Ld=-0.0328 base=-0.0397 r1=0.00479 path=0.00208 cap=3.81e-05 | Lg=+0.8063 | 22s
 1790 hold m=8 hq=0.979 PASS | Dr=+0.204/+1.470 |Dr|max=1.470 Df=+0.165 | g r=0.079 f=0.077 p=0.400(0.002) max=1.175 | Ld=-0.0082 base=-0.0244 r1=0.005 path=0.00866 cap=0.00255 | Lg=+0.8288 | 23s
 1800 hold m=8 hq=0.982 PASS | Dr=+0.259/+0.906 |Dr|max=0.906 Df=+0.226 | g r=0.050 f=0.047 p=0.343(0.002) max=1.069 | Ld=+0.0065 base=-0.00684 r1=0.00613 path=0.00718 cap=4.5e-05 | Lg=+0.7416 | 23s
 1810 hold m=8 hq=0.980 PASS | Dr=+0.261/+1.196 |Dr|max=1.196 Df=+0.223 | g r=0.065 f=0.067 p=0.372(0.002) max=1.130 | Ld=+0.0118 base=-0.000722 r1=0.00612 path=0.00542 cap=0.000949 | Lg=+0.7853 | 23s
 1820 hold m=8 hq=0.966 PASS | Dr=+0.217/+1.268 |Dr|max=1.268 Df=+0.184 | g r=0.105 f=0.099 p=0.443(0.005) max=1.152 | Ld=-0.0437 base=-0.0605 r1=0.00885 path=0.00649 cap=0.0015 | Lg=+0.8395 | 23s
 1830 hold m=8 hq=0.977 PASS | Dr=+0.151/+1.329 |Dr|max=1.329 Df=+0.106 | g r=0.095 f=0.098 p=0.408(0.001) max=1.125 | Ld=+0.0007 base=-0.0101 r1=0.00787 path=0.00271 cap=0.00022 | Lg=+0.8398 | 23s
 1840 hold m=8 hq=0.979 PASS | Dr=+0.142/+1.144 |Dr|max=1.144 Df=+0.106 | g r=0.084 f=0.083 p=0.409(0.002) max=1.099 | Ld=+0.0360 base=0.0174 r1=0.01 path=0.00684 cap=0.0017 | Lg=+0.7899 | 23s
 1850 hold m=8 hq=0.983 PASS | Dr=+0.236/+0.869 |Dr|max=0.869 Df=+0.208 | g r=0.041 f=0.039 p=0.366(0.001) max=1.277 | Ld=-0.0235 base=-0.029 r1=0.00416 path=0.00134 cap=3.38e-05 | Lg=+0.7689 | 23s
 1860 hold m=8 hq=0.987 PASS | Dr=+0.199/+0.965 |Dr|max=0.965 Df=+0.171 | g r=0.043 f=0.042 p=0.408(0.000) max=1.188 | Ld=-0.0024 base=-0.0126 r1=0.0038 path=0.00591 cap=0.000555 | Lg=+0.7885 | 24s
 1870 hold m=8 hq=0.987 PASS | Dr=+0.322/+1.040 |Dr|max=1.040 Df=+0.301 | g r=0.041 f=0.039 p=0.401(0.002) max=1.264 | Ld=-0.0010 base=-0.0131 r1=0.00683 path=0.00498 cap=0.000269 | Lg=+0.7845 | 24s
 1880 hold m=8 hq=0.967 PASS | Dr=+0.317/+1.251 |Dr|max=1.251 Df=+0.305 | g r=0.084 f=0.076 p=0.474(0.003) max=1.299 | Ld=-0.0490 base=-0.063 r1=0.00518 path=0.00872 cap=0.000184 | Lg=+0.8597 | 24s
 1890 hold m=8 hq=0.909 PASS | Dr=+0.211/+1.460 |Dr|max=1.460 Df=+0.166 | g r=0.070 f=0.070 p=0.410(0.002) max=1.106 | Ld=+0.0001 base=-0.0182 r1=0.00902 path=0.00914 cap=0.000152 | Lg=+0.8358 | 24s
 1900 hold m=8 hq=0.977 PASS | Dr=+0.367/+1.114 |Dr|max=1.114 Df=+0.330 | g r=0.053 f=0.055 p=0.387(0.001) max=1.107 | Ld=-0.0074 base=-0.0285 r1=0.00531 path=0.0156 cap=0.000142 | Lg=+0.7884 | 24s
 1910 hold m=8 hq=0.977 PASS | Dr=+0.383/+0.959 |Dr|max=0.959 Df=+0.347 | g r=0.074 f=0.068 p=0.390(0.001) max=1.172 | Ld=-0.0139 base=-0.0327 r1=0.0134 path=0.00504 cap=0.000286 | Lg=+0.7858 | 24s
 1920 hold m=8 hq=0.983 PASS | Dr=+0.347/+1.299 |Dr|max=1.299 Df=+0.310 | g r=0.054 f=0.052 p=0.407(0.000) max=1.308 | Ld=-0.0129 base=-0.0259 r1=0.00585 path=0.00556 cap=0.00162 | Lg=+0.8070 | 24s
 1930 hold m=8 hq=0.980 PASS | Dr=+0.284/+0.991 |Dr|max=0.991 Df=+0.257 | g r=0.066 f=0.065 p=0.415(0.002) max=1.141 | Ld=-0.0116 base=-0.0286 r1=0.00537 path=0.00965 cap=0.00197 | Lg=+0.7945 | 24s
 1940 hold m=8 hq=0.981 PASS | Dr=+0.329/+1.400 |Dr|max=1.400 Df=+0.313 | g r=0.048 f=0.047 p=0.394(0.002) max=1.244 | Ld=+0.0054 base=-0.00406 r1=0.00534 path=0.00393 cap=0.000167 | Lg=+0.7890 | 24s
 1950 hold m=8 hq=0.982 PASS | Dr=+0.311/+1.059 |Dr|max=1.059 Df=+0.290 | g r=0.052 f=0.055 p=0.409(0.002) max=1.129 | Ld=+0.0031 base=-0.00284 r1=0.00374 path=0.00197 cap=0.000185 | Lg=+0.7895 | 25s
 1960 hold m=8 hq=0.987 PASS | Dr=+0.241/+1.014 |Dr|max=1.014 Df=+0.204 | g r=0.071 f=0.068 p=0.363(0.000) max=0.985 | Ld=+0.0305 base=0.014 r1=0.013 path=0.00225 cap=0.0012 | Lg=+0.7800 | 25s
 1970 hold m=8 hq=0.987 PASS | Dr=+0.325/+1.357 |Dr|max=1.357 Df=+0.283 | g r=0.047 f=0.048 p=0.406(0.002) max=1.325 | Ld=-0.0349 base=-0.0421 r1=0.00422 path=0.00292 cap=2.71e-05 | Lg=+0.8461 | 25s
 1980 hold m=8 hq=0.976 PASS | Dr=+0.174/+1.202 |Dr|max=1.202 Df=+0.155 | g r=0.062 f=0.057 p=0.388(0.002) max=1.176 | Ld=-0.0327 base=-0.0418 r1=0.00381 path=0.00492 cap=0.000346 | Lg=+0.8001 | 25s
 1990 hold m=8 hq=0.978 PASS | Dr=+0.196/+1.489 |Dr|max=1.489 Df=+0.167 | g r=0.064 f=0.062 p=0.371(0.003) max=1.235 | Ld=+0.0004 base=-0.00879 r1=0.00279 path=0.00618 cap=0.000234 | Lg=+0.8136 | 25s
 2000 hold m=8 hq=0.987 PASS | Dr=+0.121/+1.269 |Dr|max=1.269 Df=+0.088 | g r=0.032 f=0.029 p=0.311(0.000) max=1.099 | Ld=-0.0173 base=-0.025 r1=0.00592 path=0.00171 cap=6.09e-05 | Lg=+0.8060 | 25s
 2010 hold m=8 hq=0.970 PASS | Dr=+0.133/+1.925 |Dr|max=1.925 Df=+0.088 | g r=0.052 f=0.049 p=0.415(0.002) max=1.230 | Ld=-0.0576 base=-0.0666 r1=0.00232 path=0.00344 cap=0.00331 | Lg=+0.9620 | 25s
 2020 hold m=8 hq=0.982 PASS | Dr=+0.220/+1.432 |Dr|max=1.432 Df=+0.196 | g r=0.042 f=0.042 p=0.342(0.001) max=1.185 | Ld=+0.0110 base=0.00147 r1=0.00314 path=0.0062 cap=0.000188 | Lg=+0.8007 | 25s
 2030 hold m=8 hq=0.965 PASS | Dr=+0.287/+1.542 |Dr|max=1.542 Df=+0.295 | g r=0.044 f=0.051 p=0.374(0.001) max=1.364 | Ld=-0.0273 base=-0.0361 r1=0.00339 path=0.00517 cap=0.000253 | Lg=+0.8072 | 26s
 2040 hold m=8 hq=0.958 PASS | Dr=+0.382/+1.858 |Dr|max=1.858 Df=+0.395 | g r=0.058 f=0.059 p=0.410(0.001) max=1.211 | Ld=-0.0285 base=-0.0425 r1=0.00576 path=0.00717 cap=0.00104 | Lg=+0.8559 | 26s
 2050 hold m=8 hq=0.983 PASS | Dr=+0.220/+1.161 |Dr|max=1.161 Df=+0.216 | g r=0.027 f=0.025 p=0.365(0.001) max=1.050 | Ld=-0.0019 base=-0.00643 r1=0.00161 path=0.00259 cap=0.000301 | Lg=+0.7920 | 26s
 2060 hold m=8 hq=0.654 fail | Dr=+0.125/+0.955 |Dr|max=0.955 Df=+0.093 | g r=0.088 f=0.226 p=0.391(0.003) max=1.526 | Ld=+0.0073 base=-0.0471 r1=0.023 path=0.0305 cap=0.000905 | Lg=+0.8284 | 26s
 2070 hold m=8 hq=0.978 PASS | Dr=+0.119/+1.011 |Dr|max=1.011 Df=+0.101 | g r=0.036 f=0.039 p=0.325(0.001) max=1.162 | Ld=-0.0103 base=-0.0176 r1=0.00302 path=0.00407 cap=0.000182 | Lg=+0.7664 | 26s
 2080 hold m=8 hq=0.983 PASS | Dr=+0.142/+0.974 |Dr|max=0.974 Df=+0.121 | g r=0.032 f=0.033 p=0.307(0.000) max=1.217 | Ld=-0.0152 base=-0.023 r1=0.00421 path=0.00358 cap=2.98e-05 | Lg=+0.7671 | 26s
 2090 hold m=8 hq=0.973 PASS | Dr=+0.244/+1.068 |Dr|max=1.068 Df=+0.218 | g r=0.066 f=0.060 p=0.350(0.002) max=1.208 | Ld=+0.0160 base=0.00237 r1=0.00984 path=0.00373 cap=0.000107 | Lg=+0.8096 | 26s
 2100 hold m=8 hq=0.982 PASS | Dr=+0.284/+1.088 |Dr|max=1.088 Df=+0.265 | g r=0.045 f=0.045 p=0.379(0.002) max=1.083 | Ld=-0.0153 base=-0.0226 r1=0.0027 path=0.00272 cap=0.00185 | Lg=+0.8153 | 26s
 2110 hold m=8 hq=0.979 PASS | Dr=+0.220/+1.128 |Dr|max=1.128 Df=+0.193 | g r=0.056 f=0.056 p=0.340(0.003) max=1.106 | Ld=+0.0087 base=-0.00785 r1=0.00354 path=0.0101 cap=0.00292 | Lg=+0.7796 | 27s
 2120 hold m=8 hq=0.972 PASS | Dr=+0.188/+1.311 |Dr|max=1.311 Df=+0.163 | g r=0.082 f=0.075 p=0.401(0.001) max=1.303 | Ld=-0.0415 base=-0.055 r1=0.00274 path=0.0104 cap=0.000303 | Lg=+0.8336 | 27s
 2130 hold m=8 hq=0.989 PASS | Dr=+0.202/+0.996 |Dr|max=1.128 Df=+0.167 | g r=0.031 f=0.029 p=0.345(0.001) max=0.999 | Ld=+0.0010 base=-0.0102 r1=0.00184 path=0.00929 | Lg=+0.8048 | 27s
 2140 hold m=8 hq=0.992 PASS | Dr=+0.344/+0.812 |Dr|max=0.812 Df=+0.325 | g r=0.038 f=0.036 p=0.305(0.002) max=1.008 | Ld=+0.0152 base=0.0114 r1=0.00196 path=0.00174 cap=5.51e-05 | Lg=+0.7400 | 27s
 2150 hold m=8 hq=0.986 PASS | Dr=+0.153/+1.314 |Dr|max=1.314 Df=+0.112 | g r=0.080 f=0.078 p=0.362(0.001) max=1.153 | Ld=+0.0113 base=-0.0029 r1=0.011 path=0.00267 cap=0.00047 | Lg=+0.8180 | 27s
 2160 hold m=8 hq=0.989 PASS | Dr=+0.331/+0.938 |Dr|max=0.938 Df=+0.308 | g r=0.036 f=0.034 p=0.355(0.001) max=1.331 | Ld=-0.0344 base=-0.0393 r1=0.0017 path=0.00287 cap=0.0003 | Lg=+0.7760 | 27s
 2170 hold m=8 hq=0.969 PASS | Dr=+0.362/+1.024 |Dr|max=1.024 Df=+0.353 | g r=0.052 f=0.064 p=0.308(0.001) max=0.952 | Ld=+0.0294 base=0.0173 r1=0.00331 path=0.0062 cap=0.00258 | Lg=+0.7344 | 27s
 2180 hold m=8 hq=0.990 PASS | Dr=+0.429/+1.127 |Dr|max=1.127 Df=+0.414 | g r=0.063 f=0.062 p=0.355(0.003) max=1.082 | Ld=+0.0142 base=0.00401 r1=0.0062 path=0.00383 cap=0.000133 | Lg=+0.7480 | 27s
 2190 hold m=8 hq=0.977 PASS | Dr=+0.450/+1.161 |Dr|max=1.161 Df=+0.434 | g r=0.059 f=0.056 p=0.366(0.002) max=1.175 | Ld=-0.0120 base=-0.0334 r1=0.00462 path=0.0118 cap=0.00491 | Lg=+0.7782 | 28s
 2200 hold m=8 hq=0.985 PASS | Dr=+0.273/+1.542 |Dr|max=1.542 Df=+0.244 | g r=0.062 f=0.071 p=0.372(0.000) max=1.149 | Ld=-0.0002 base=-0.0117 r1=0.0101 path=0.00141 cap=1.04e-05 | Lg=+0.8104 | 28s
 2210 hold m=8 hq=0.985 PASS | Dr=+0.128/+1.175 |Dr|max=1.175 Df=+0.100 | g r=0.032 f=0.031 p=0.329(0.000) max=1.108 | Ld=+0.0134 base=0.00378 r1=0.00273 path=0.00661 cap=0.000239 | Lg=+0.7886 | 28s
 2220 hold m=8 hq=0.966 PASS | Dr=+0.253/+1.083 |Dr|max=1.083 Df=+0.240 | g r=0.063 f=0.063 p=0.394(0.002) max=1.172 | Ld=-0.0069 base=-0.018 r1=0.00748 path=0.00152 cap=0.00208 | Lg=+0.7974 | 28s
 2230 hold m=8 hq=0.987 PASS | Dr=+0.355/+1.218 |Dr|max=1.218 Df=+0.347 | g r=0.027 f=0.025 p=0.335(0.000) max=1.070 | Ld=+0.0155 base=0.0103 r1=0.00159 path=0.00353 cap=7.04e-05 | Lg=+0.7677 | 28s
 2240 hold m=8 hq=0.982 PASS | Dr=+0.325/+1.348 |Dr|max=1.348 Df=+0.319 | g r=0.054 f=0.053 p=0.362(0.001) max=1.373 | Ld=-0.0080 base=-0.0184 r1=0.00254 path=0.00484 cap=0.00299 | Lg=+0.8065 | 28s
 2250 hold m=8 hq=0.985 PASS | Dr=+0.314/+1.105 |Dr|max=1.105 Df=+0.301 | g r=0.040 f=0.037 p=0.340(0.001) max=1.061 | Ld=-0.0028 base=-0.0092 r1=0.00421 path=0.0022 cap=1.33e-05 | Lg=+0.7711 | 28s
 2260 hold m=8 hq=0.988 PASS | Dr=+0.390/+1.136 |Dr|max=1.136 Df=+0.372 | g r=0.030 f=0.031 p=0.364(0.001) max=1.286 | Ld=-0.0141 base=-0.0264 r1=0.00174 path=0.0105 cap=5.36e-05 | Lg=+0.7852 | 28s
 2270 hold m=8 hq=0.990 PASS | Dr=+0.364/+1.087 |Dr|max=1.087 Df=+0.353 | g r=0.038 f=0.036 p=0.322(0.002) max=1.058 | Ld=+0.0104 base=-0.00155 r1=0.00263 path=0.00928 cap=1.74e-05 | Lg=+0.7562 | 29s
 2280 hold m=8 hq=0.988 PASS | Dr=+0.338/+1.417 |Dr|max=1.417 Df=+0.311 | g r=0.028 f=0.026 p=0.335(0.000) max=1.151 | Ld=-0.0072 base=-0.012 r1=0.00102 path=0.0038 cap=3.2e-06 | Lg=+0.8059 | 29s
 2290 hold m=8 hq=0.984 PASS | Dr=+0.446/+1.233 |Dr|max=1.233 Df=+0.439 | g r=0.071 f=0.068 p=0.354(0.000) max=1.122 | Ld=-0.0169 base=-0.0227 r1=0.00286 path=0.00193 cap=0.000942 | Lg=+0.7806 | 29s
 2300 hold m=8 hq=0.988 PASS | Dr=+0.334/+1.187 |Dr|max=1.187 Df=+0.336 | g r=0.025 f=0.026 p=0.352(0.000) max=1.091 | Ld=-0.0202 base=-0.023 r1=0.00132 path=0.00144 | Lg=+0.7792 | 29s
 2310 hold m=8 hq=0.989 PASS | Dr=+0.336/+0.817 |Dr|max=0.817 Df=+0.326 | g r=0.037 f=0.036 p=0.279(0.002) max=0.893 | Ld=+0.0151 base=0.00752 r1=0.00537 path=0.00224 | Lg=+0.7353 | 29s
 2320 hold m=8 hq=0.990 PASS | Dr=+0.342/+0.957 |Dr|max=0.957 Df=+0.336 | g r=0.023 f=0.023 p=0.294(0.001) max=1.128 | Ld=+0.0100 base=0.00762 r1=0.00192 path=0.000421 | Lg=+0.7492 | 29s
 2330 hold m=8 hq=0.987 PASS | Dr=+0.267/+1.178 |Dr|max=1.178 Df=+0.275 | g r=0.031 f=0.032 p=0.343(0.001) max=1.050 | Ld=+0.0159 base=0.0108 r1=0.00239 path=0.00259 cap=0.000106 | Lg=+0.7827 | 29s
 2340 hold m=8 hq=0.990 PASS | Dr=+0.359/+1.006 |Dr|max=1.006 Df=+0.349 | g r=0.033 f=0.031 p=0.335(0.001) max=1.046 | Ld=+0.0138 base=0.00949 r1=0.00141 path=0.00265 cap=0.000221 | Lg=+0.7630 | 29s
 2350 hold m=8 hq=0.977 PASS | Dr=+0.396/+1.125 |Dr|max=1.125 Df=+0.390 | g r=0.044 f=0.046 p=0.319(0.001) max=1.086 | Ld=+0.0295 base=0.0224 r1=0.00216 path=0.00278 cap=0.00215 | Lg=+0.7430 | 30s
 2360 hold m=8 hq=0.980 PASS | Dr=+0.416/+1.120 |Dr|max=1.120 Df=+0.410 | g r=0.038 f=0.039 p=0.329(0.001) max=1.055 | Ld=-0.0092 base=-0.0152 r1=0.00324 path=0.00245 cap=0.000302 | Lg=+0.7618 | 30s
 2370 hold m=8 hq=0.971 PASS | Dr=+0.433/+1.098 |Dr|max=1.098 Df=+0.423 | g r=0.037 f=0.036 p=0.305(0.000) max=1.001 | Ld=-0.0035 base=-0.013 r1=0.00549 path=0.00293 cap=0.00105 | Lg=+0.7521 | 30s
 2380 hold m=8 hq=0.986 PASS | Dr=+0.351/+1.168 |Dr|max=1.168 Df=+0.352 | g r=0.032 f=0.033 p=0.302(0.001) max=0.995 | Ld=+0.0072 base=0.000791 r1=0.00329 path=0.00308 cap=1.79e-06 | Lg=+0.7808 | 30s
 2390 hold m=8 hq=0.985 PASS | Dr=+0.335/+1.147 |Dr|max=1.147 Df=+0.326 | g r=0.026 f=0.026 p=0.300(0.001) max=1.068 | Ld=+0.0296 base=0.0194 r1=0.00147 path=0.00874 cap=1.45e-06 | Lg=+0.7590 | 30s
 2400 hold m=8 hq=0.990 PASS | Dr=+0.393/+0.931 |Dr|max=0.931 Df=+0.387 | g r=0.023 f=0.023 p=0.269(0.001) max=1.013 | Ld=+0.0478 base=0.0443 r1=0.00224 path=0.00124 cap=4.48e-06 | Lg=+0.7235 | 30s
# shift (1,0) after 2400; frozen copy on new target: m=1 hq=0.000
 2410 post m=3 hq=0.018 fail | Dr=+0.515/+0.911 |Dr|max=0.911 Df=+0.380 | g r=0.202 f=0.468 p=0.485(0.001) max=1.851 | Ld=+0.3676 base=-0.261 r1=0.0614 path=0.562 cap=0.00563 | Lg=+0.9489 | 30s
 2420 post m=4 hq=0.038 fail | Dr=+0.510/+0.753 |Dr|max=0.753 Df=+0.344 | g r=0.202 f=0.505 p=0.508(0.010) max=1.457 | Ld=+0.1838 base=-0.232 r1=0.0429 path=0.308 cap=0.0651 | Lg=+0.8367 | 30s
 2430 post m=4 hq=0.058 fail | Dr=+0.290/+0.585 |Dr|max=0.585 Df=-0.026 | g r=0.175 f=0.603 p=0.545(0.008) max=1.606 | Ld=-0.1580 base=-0.23 r1=0.0412 path=0.0158 cap=0.015 | Lg=+0.8631 | 31s
 2440 post m=2 hq=0.007 fail | Dr=+0.301/+0.622 |Dr|max=0.622 Df=-0.155 | g r=0.292 f=0.742 p=0.674(0.003) max=1.824 | Ld=+1.8288 base=-0.218 r1=0.12 path=1.89 cap=0.0321 | Lg=+1.0927 | 31s
 2450 post m=4 hq=0.008 fail | Dr=+0.308/+0.724 |Dr|max=0.724 Df=-0.301 | g r=0.259 f=0.727 p=0.750(0.009) max=1.881 | Ld=-0.1401 base=-0.48 r1=0.0725 path=0.239 cap=0.0284 | Lg=+1.1965 | 31s
 2460 post m=5 hq=0.099 fail | Dr=+0.398/+0.633 |Dr|max=0.633 Df=+0.069 | g r=0.189 f=0.711 p=0.646(0.010) max=1.503 | Ld=-0.2881 base=-0.376 r1=0.0601 path=0.00795 cap=0.0196 | Lg=+0.9244 | 31s
 2470 post m=4 hq=0.080 fail | Dr=+0.062/+0.445 |Dr|max=0.445 Df=-0.329 | g r=0.199 f=0.612 p=0.645(0.005) max=1.953 | Ld=-0.0753 base=-0.332 r1=0.0498 path=0.183 cap=0.024 | Lg=+0.9678 | 31s
 2480 post m=7 hq=0.050 fail | Dr=+0.255/+0.482 |Dr|max=0.482 Df=-0.123 | g r=0.196 f=0.695 p=0.626(0.004) max=1.930 | Ld=-0.3157 base=-0.409 r1=0.0655 path=0.00524 cap=0.0225 | Lg=+0.9902 | 31s
 2490 post m=8 hq=0.215 fail | Dr=+0.353/+0.782 |Dr|max=0.782 Df=+0.027 | g r=0.182 f=0.652 p=0.616(0.009) max=1.695 | Ld=-0.3925 base=-0.487 r1=0.056 path=0.0176 cap=0.0214 | Lg=+1.0544 | 31s
 2500 post m=5 hq=0.027 fail | Dr=+0.290/+0.693 |Dr|max=0.693 Df=-0.118 | g r=0.202 f=0.789 p=0.626(0.005) max=1.701 | Ld=-0.3317 base=-0.42 r1=0.0424 path=0.0277 cap=0.0179 | Lg=+1.0011 | 31s
 2510 post m=6 hq=0.130 fail | Dr=+0.376/+0.705 |Dr|max=0.705 Df=+0.027 | g r=0.175 f=0.551 p=0.550(0.006) max=1.646 | Ld=-0.2460 base=-0.321 r1=0.0439 path=0.00604 cap=0.0249 | Lg=+0.9138 | 31s
 2520 post m=5 hq=0.187 fail | Dr=+0.257/+0.773 |Dr|max=0.773 Df=-0.103 | g r=0.179 f=0.560 p=0.536(0.008) max=1.414 | Ld=-0.2198 base=-0.28 r1=0.04 path=0.0129 cap=0.00726 | Lg=+0.9098 | 32s
 2530 post m=4 hq=0.078 fail | Dr=+0.175/+0.793 |Dr|max=0.793 Df=-0.191 | g r=0.192 f=0.623 p=0.583(0.009) max=1.544 | Ld=-0.2557 base=-0.455 r1=0.0518 path=0.12 cap=0.0267 | Lg=+1.0528 | 32s
 2540 post m=8 hq=0.086 fail | Dr=+0.234/+0.633 |Dr|max=0.633 Df=-0.191 | g r=0.179 f=0.687 p=0.593(0.003) max=1.548 | Ld=-0.2714 base=-0.346 r1=0.0538 path=0.00365 cap=0.0171 | Lg=+0.9417 | 32s
 2550 post m=6 hq=0.260 fail | Dr=+0.181/+0.701 |Dr|max=0.701 Df=-0.159 | g r=0.190 f=0.646 p=0.586(0.009) max=1.444 | Ld=-0.3374 base=-0.423 r1=0.0587 path=0.0121 cap=0.0149 | Lg=+0.9795 | 32s
 2560 post m=3 hq=0.100 fail | Dr=+0.335/+0.718 |Dr|max=0.718 Df=-0.037 | g r=0.200 f=0.757 p=0.573(0.004) max=1.350 | Ld=-0.1581 base=-0.289 r1=0.0771 path=0.00604 cap=0.0474 | Lg=+0.8850 | 32s
 2570 post m=8 hq=0.228 fail | Dr=+0.377/+1.073 |Dr|max=1.073 Df=+0.077 | g r=0.169 f=0.623 p=0.576(0.007) max=1.446 | Ld=-0.2716 base=-0.35 r1=0.0493 path=0.0204 cap=0.00828 | Lg=+0.9746 | 32s
 2580 post m=2 hq=0.022 fail | Dr=+0.364/+1.155 |Dr|max=1.155 Df=-0.057 | g r=0.183 f=0.745 p=0.580(0.008) max=1.621 | Ld=-0.2250 base=-0.35 r1=0.0672 path=0.0212 cap=0.0361 | Lg=+0.9793 | 32s
 2590 post m=4 hq=0.270 fail | Dr=+0.410/+0.859 |Dr|max=0.859 Df=+0.056 | g r=0.174 f=0.648 p=0.588(0.004) max=1.504 | Ld=-0.2375 base=-0.318 r1=0.0485 path=0.0162 cap=0.0154 | Lg=+0.9403 | 32s
 2600 post m=4 hq=0.245 fail | Dr=+0.317/+1.081 |Dr|max=1.081 Df=-0.060 | g r=0.185 f=0.636 p=0.584(0.003) max=1.382 | Ld=-0.2482 base=-0.317 r1=0.0481 path=0.0103 cap=0.0104 | Lg=+0.9431 | 33s
 2610 post m=4 hq=0.130 fail | Dr=+0.336/+1.109 |Dr|max=1.109 Df=-0.016 | g r=0.167 f=0.633 p=0.570(0.001) max=1.399 | Ld=-0.1822 base=-0.244 r1=0.0371 path=0.0122 cap=0.0122 | Lg=+0.9192 | 33s
 2620 post m=6 hq=0.196 fail | Dr=+0.229/+1.120 |Dr|max=1.120 Df=-0.096 | g r=0.166 f=0.645 p=0.602(0.002) max=1.383 | Ld=-0.1659 base=-0.222 r1=0.0364 path=0.009 cap=0.0106 | Lg=+0.9058 | 33s
 2630 post m=6 hq=0.242 fail | Dr=+0.155/+1.008 |Dr|max=1.105 Df=-0.142 | g r=0.162 f=0.591 p=0.589(0.008) max=1.474 | Ld=-0.1975 base=-0.258 r1=0.04 path=0.0103 cap=0.0106 | Lg=+0.9339 | 33s
 2640 post m=8 hq=0.372 fail | Dr=+0.167/+1.082 |Dr|max=1.084 Df=-0.071 | g r=0.162 f=0.502 p=0.579(0.002) max=1.463 | Ld=-0.2662 base=-0.349 r1=0.0414 path=0.0164 cap=0.0253 | Lg=+0.9930 | 33s
 2650 post m=8 hq=0.273 fail | Dr=+0.109/+0.863 |Dr|max=1.282 Df=-0.131 | g r=0.146 f=0.591 p=0.570(0.004) max=1.476 | Ld=-0.1818 base=-0.251 r1=0.0406 path=0.00375 cap=0.025 | Lg=+0.9416 | 33s
 2660 post m=8 hq=0.534 fail | Dr=+0.269/+1.345 |Dr|max=1.345 Df=+0.079 | g r=0.114 f=0.355 p=0.553(0.003) max=1.418 | Ld=-0.2198 base=-0.268 r1=0.033 path=0.00536 cap=0.0102 | Lg=+0.9604 | 33s
 2670 post m=8 hq=0.371 fail | Dr=+0.252/+1.450 |Dr|max=1.450 Df=+0.011 | g r=0.127 f=0.419 p=0.577(0.005) max=1.546 | Ld=-0.2028 base=-0.274 r1=0.0312 path=0.0258 cap=0.0143 | Lg=+1.0015 | 33s
 2680 post m=8 hq=0.704 fail | Dr=+0.215/+1.286 |Dr|max=1.286 Df=+0.064 | g r=0.135 f=0.238 p=0.525(0.003) max=1.517 | Ld=-0.1828 base=-0.278 r1=0.0311 path=0.0289 cap=0.0353 | Lg=+0.9214 | 34s
 2690 post m=7 hq=0.472 fail | Dr=+0.227/+1.285 |Dr|max=1.285 Df=+0.026 | g r=0.106 f=0.398 p=0.541(0.007) max=1.357 | Ld=-0.1491 base=-0.191 r1=0.0196 path=0.0107 cap=0.0113 | Lg=+0.9429 | 34s
 2700 post m=8 hq=0.714 fail | Dr=+0.345/+1.439 |Dr|max=1.439 Df=+0.187 | g r=0.132 f=0.278 p=0.572(0.002) max=1.468 | Ld=-0.2731 base=-0.319 r1=0.0296 path=0.00822 cap=0.0084 | Lg=+1.0115 | 34s
 2710 post m=8 hq=0.767 fail | Dr=+0.164/+1.134 |Dr|max=1.231 Df=+0.044 | g r=0.112 f=0.203 p=0.494(0.001) max=1.448 | Ld=-0.0899 base=-0.146 r1=0.0318 path=0.0157 cap=0.00895 | Lg=+0.8678 | 34s
 2720 post m=8 hq=0.549 fail | Dr=+0.246/+1.457 |Dr|max=1.457 Df=+0.088 | g r=0.118 f=0.297 p=0.541(0.003) max=1.494 | Ld=-0.1008 base=-0.153 r1=0.0188 path=0.0281 cap=0.00577 | Lg=+0.9345 | 34s
 2730 post m=7 hq=0.432 fail | Dr=+0.157/+1.225 |Dr|max=1.227 Df=-0.025 | g r=0.110 f=0.423 p=0.535(0.010) max=1.351 | Ld=-0.1158 base=-0.163 r1=0.0215 path=0.0182 cap=0.00764 | Lg=+0.8853 | 34s
 2740 post m=8 hq=0.571 fail | Dr=+0.104/+0.894 |Dr|max=0.894 Df=-0.039 | g r=0.093 f=0.353 p=0.503(0.002) max=1.287 | Ld=-0.0449 base=-0.0716 r1=0.0185 path=0.0055 cap=0.00266 | Lg=+0.8296 | 34s
 2750 post m=8 hq=0.845 fail | Dr=+0.117/+1.078 |Dr|max=1.078 Df=+0.036 | g r=0.097 f=0.181 p=0.520(0.001) max=1.360 | Ld=-0.0800 base=-0.1 r1=0.0125 path=0.003 cap=0.00452 | Lg=+0.8440 | 34s
 2760 post m=6 hq=0.403 fail | Dr=+0.282/+1.138 |Dr|max=1.138 Df=+0.158 | g r=0.131 f=0.470 p=0.533(0.009) max=1.300 | Ld=-0.0747 base=-0.134 r1=0.0281 path=0.00902 cap=0.0226 | Lg=+0.8616 | 35s
 2770 post m=7 hq=0.195 fail | Dr=+0.393/+1.209 |Dr|max=1.209 Df=+0.222 | g r=0.139 f=0.524 p=0.539(0.002) max=1.286 | Ld=-0.1039 base=-0.138 r1=0.0289 path=0.00179 cap=0.00376 | Lg=+0.8562 | 35s
 2780 post m=8 hq=0.646 fail | Dr=+0.296/+1.044 |Dr|max=1.044 Df=+0.187 | g r=0.094 f=0.288 p=0.479(0.005) max=1.267 | Ld=-0.0596 base=-0.0816 r1=0.0174 path=0.00361 cap=0.000924 | Lg=+0.8062 | 35s
 2790 post m=7 hq=0.515 fail | Dr=+0.068/+0.872 |Dr|max=1.055 Df=-0.026 | g r=0.101 f=0.361 p=0.469(0.005) max=1.387 | Ld=-0.1072 base=-0.139 r1=0.0204 path=0.00239 cap=0.00925 | Lg=+0.8505 | 35s
 2800 post m=8 hq=0.909 PASS | Dr=+0.114/+1.140 |Dr|max=1.218 Df=+0.031 | g r=0.091 f=0.117 p=0.474(0.002) max=1.339 | Ld=-0.0642 base=-0.0838 r1=0.0132 path=0.00403 cap=0.0024 | Lg=+0.8615 | 35s
 2810 post m=8 hq=0.943 PASS | Dr=+0.150/+0.818 |Dr|max=0.882 Df=+0.090 | g r=0.079 f=0.096 p=0.450(0.003) max=1.219 | Ld=-0.0359 base=-0.0531 r1=0.00821 path=0.00609 cap=0.00292 | Lg=+0.8089 | 35s
 2820 post m=8 hq=0.951 PASS | Dr=+0.154/+0.998 |Dr|max=0.998 Df=+0.095 | g r=0.088 f=0.103 p=0.445(0.005) max=1.214 | Ld=-0.0272 base=-0.0553 r1=0.0159 path=0.00888 cap=0.00335 | Lg=+0.8031 | 35s
 2830 post m=8 hq=0.920 PASS | Dr=+0.124/+1.267 |Dr|max=1.267 Df=+0.057 | g r=0.081 f=0.087 p=0.454(0.002) max=1.416 | Ld=-0.0876 base=-0.103 r1=0.00484 path=0.00771 cap=0.00294 | Lg=+0.8662 | 35s
 2840 post m=6 hq=0.436 fail | Dr=+0.058/+0.742 |Dr|max=0.742 Df=-0.086 | g r=0.093 f=0.476 p=0.478(0.002) max=1.374 | Ld=-0.0355 base=-0.0618 r1=0.0163 path=0.00885 cap=0.00112 | Lg=+0.7858 | 36s
 2850 post m=8 hq=0.659 fail | Dr=+0.231/+0.810 |Dr|max=0.810 Df=+0.113 | g r=0.118 f=0.397 p=0.522(0.002) max=1.675 | Ld=-0.1692 base=-0.205 r1=0.0227 path=0.00524 cap=0.0078 | Lg=+0.8851 | 36s
 2860 post m=8 hq=0.880 fail | Dr=+0.118/+1.048 |Dr|max=1.048 Df=+0.086 | g r=0.071 f=0.127 p=0.410(0.001) max=1.192 | Ld=+0.0012 base=-0.0101 r1=0.00786 path=0.00301 cap=0.00037 | Lg=+0.7666 | 36s
 2870 post m=6 hq=0.549 fail | Dr=+0.064/+0.930 |Dr|max=0.930 Df=-0.030 | g r=0.092 f=0.392 p=0.450(0.001) max=1.278 | Ld=-0.0251 base=-0.0551 r1=0.0174 path=0.0103 cap=0.0023 | Lg=+0.7872 | 36s
 2880 post m=7 hq=0.438 fail | Dr=+0.258/+0.907 |Dr|max=0.907 Df=+0.179 | g r=0.095 f=0.443 p=0.492(0.000) max=1.211 | Ld=-0.1123 base=-0.132 r1=0.0131 path=0.00439 cap=0.00256 | Lg=+0.8374 | 36s
 2890 post m=8 hq=0.873 fail | Dr=+0.230/+0.913 |Dr|max=0.981 Df=+0.192 | g r=0.118 f=0.167 p=0.441(0.004) max=1.328 | Ld=-0.1313 base=-0.17 r1=0.0222 path=0.00322 cap=0.0135 | Lg=+0.8556 | 36s
 2900 post m=8 hq=0.957 PASS | Dr=+0.119/+1.042 |Dr|max=1.042 Df=+0.096 | g r=0.051 f=0.067 p=0.412(0.001) max=1.254 | Ld=+0.0087 base=-0.0101 r1=0.00667 path=0.00952 cap=0.00253 | Lg=+0.7568 | 36s
 2910 post m=8 hq=0.968 PASS | Dr=+0.113/+1.012 |Dr|max=1.012 Df=+0.080 | g r=0.053 f=0.060 p=0.402(0.002) max=1.358 | Ld=-0.0355 base=-0.0479 r1=0.00586 path=0.00597 cap=0.000562 | Lg=+0.7907 | 36s
 2920 post m=8 hq=0.941 PASS | Dr=+0.073/+1.107 |Dr|max=1.107 Df=+0.069 | g r=0.065 f=0.079 p=0.418(0.001) max=1.276 | Ld=-0.0371 base=-0.0519 r1=0.00521 path=0.0079 cap=0.00169 | Lg=+0.7840 | 37s
 2930 post m=8 hq=0.942 PASS | Dr=+0.181/+0.614 |Dr|max=0.614 Df=+0.159 | g r=0.068 f=0.087 p=0.362(0.005) max=1.432 | Ld=+0.0250 base=-0.00705 r1=0.00607 path=0.0256 cap=0.000424 | Lg=+0.7446 | 37s
 2940 post m=8 hq=0.984 PASS | Dr=+0.191/+1.024 |Dr|max=1.024 Df=+0.188 | g r=0.046 f=0.050 p=0.344(0.001) max=1.156 | Ld=-0.0166 base=-0.0218 r1=0.00291 path=0.00164 cap=0.000617 | Lg=+0.7523 | 37s
 2950 post m=8 hq=0.982 PASS | Dr=-0.020/+1.230 |Dr|max=1.230 Df=-0.029 | g r=0.053 f=0.057 p=0.337(0.001) max=1.195 | Ld=-0.0256 base=-0.0303 r1=0.00241 path=0.00214 cap=0.000231 | Lg=+0.7883 | 37s
 2960 post m=8 hq=0.986 PASS | Dr=-0.021/+0.789 |Dr|max=0.789 Df=-0.040 | g r=0.066 f=0.064 p=0.317(0.000) max=1.137 | Ld=+0.0030 base=-0.0118 r1=0.00589 path=0.00855 cap=0.000367 | Lg=+0.7616 | 37s
 2970 post m=8 hq=0.987 PASS | Dr=+0.154/+0.831 |Dr|max=0.831 Df=+0.141 | g r=0.069 f=0.074 p=0.324(0.002) max=1.250 | Ld=-0.0112 base=-0.0231 r1=0.00334 path=0.00846 cap=0.000141 | Lg=+0.7549 | 37s
 2980 post m=8 hq=0.870 fail | Dr=-0.181/+0.659 |Dr|max=1.522 Df=-0.220 | g r=0.064 f=0.066 p=0.387(0.003) max=1.204 | Ld=-0.0270 base=-0.0357 r1=0.00434 path=0.000607 cap=0.00376 | Lg=+0.8382 | 37s
 2990 post m=8 hq=0.977 PASS | Dr=-0.145/+0.587 |Dr|max=1.387 Df=-0.177 | g r=0.060 f=0.064 p=0.352(0.001) max=1.126 | Ld=-0.0057 base=-0.0156 r1=0.00476 path=0.00469 cap=0.000426 | Lg=+0.7946 | 37s
 3000 post m=8 hq=0.986 PASS | Dr=+0.121/+0.889 |Dr|max=0.889 Df=+0.099 | g r=0.042 f=0.045 p=0.320(0.001) max=1.218 | Ld=-0.0175 base=-0.0274 r1=0.00176 path=0.00808 cap=6.96e-05 | Lg=+0.7625 | 37s
 3010 post m=8 hq=0.967 PASS | Dr=-0.062/+0.849 |Dr|max=1.197 Df=-0.090 | g r=0.066 f=0.064 p=0.349(0.003) max=1.167 | Ld=-0.0060 base=-0.0128 r1=0.00374 path=0.00309 cap=2.93e-05 | Lg=+0.7967 | 38s
 3020 post m=8 hq=0.978 PASS | Dr=-0.099/+0.684 |Dr|max=1.118 Df=-0.128 | g r=0.051 f=0.054 p=0.306(0.001) max=1.160 | Ld=+0.0103 base=0.00158 r1=0.00512 path=0.0036 cap=4.29e-05 | Lg=+0.7877 | 38s
 3030 post m=8 hq=0.957 PASS | Dr=+0.016/+0.927 |Dr|max=0.932 Df=-0.009 | g r=0.036 f=0.038 p=0.352(0.002) max=1.267 | Ld=-0.0264 base=-0.0316 r1=0.00382 path=0.000917 cap=0.000488 | Lg=+0.8055 | 38s
 3040 post m=8 hq=0.938 PASS | Dr=+0.160/+0.801 |Dr|max=0.850 Df=+0.149 | g r=0.056 f=0.055 p=0.289(0.001) max=1.088 | Ld=+0.0032 base=-0.00272 r1=0.00347 path=0.000979 cap=0.00147 | Lg=+0.7492 | 38s
 3050 post m=8 hq=0.985 PASS | Dr=+0.118/+0.758 |Dr|max=0.889 Df=+0.100 | g r=0.029 f=0.030 p=0.294(0.001) max=1.199 | Ld=-0.0139 base=-0.0202 r1=0.00154 path=0.00433 cap=0.000383 | Lg=+0.7691 | 38s
 3060 post m=8 hq=0.990 PASS | Dr=+0.105/+0.759 |Dr|max=0.759 Df=+0.084 | g r=0.037 f=0.040 p=0.300(0.001) max=1.097 | Ld=+0.0052 base=-0.000568 r1=0.00202 path=0.00373 cap=1.36e-05 | Lg=+0.7811 | 38s
 3070 post m=8 hq=0.988 PASS | Dr=+0.081/+0.815 |Dr|max=0.815 Df=+0.076 | g r=0.036 f=0.040 p=0.289(0.001) max=1.174 | Ld=-0.0005 base=-0.00624 r1=0.00334 path=0.00222 cap=0.00017 | Lg=+0.7596 | 38s
 3080 post m=8 hq=0.984 PASS | Dr=-0.064/+0.689 |Dr|max=0.889 Df=-0.080 | g r=0.047 f=0.047 p=0.308(0.001) max=1.116 | Ld=+0.0041 base=-0.000855 r1=0.00389 path=0.00101 cap=9.92e-05 | Lg=+0.7735 | 38s
 3090 post m=8 hq=0.976 PASS | Dr=+0.076/+0.727 |Dr|max=0.755 Df=+0.062 | g r=0.036 f=0.035 p=0.297(0.000) max=1.227 | Ld=-0.0192 base=-0.0262 r1=0.00205 path=0.00486 cap=6.54e-05 | Lg=+0.7713 | 39s
 3100 post m=8 hq=0.987 PASS | Dr=+0.140/+1.047 |Dr|max=1.047 Df=+0.140 | g r=0.049 f=0.048 p=0.327(0.002) max=1.327 | Ld=-0.0343 base=-0.0398 r1=0.00451 path=0.000825 cap=0.000238 | Lg=+0.7540 | 39s
 3110 post m=8 hq=0.962 PASS | Dr=+0.068/+0.572 |Dr|max=1.110 Df=+0.059 | g r=0.041 f=0.038 p=0.264(0.001) max=1.236 | Ld=-0.0237 base=-0.0288 r1=0.00245 path=0.00237 cap=0.000272 | Lg=+0.7453 | 39s
 3120 post m=8 hq=0.975 PASS | Dr=+0.088/+0.904 |Dr|max=1.004 Df=+0.064 | g r=0.067 f=0.071 p=0.349(0.002) max=1.413 | Ld=-0.0338 base=-0.0494 r1=0.00391 path=0.011 cap=0.000743 | Lg=+0.8280 | 39s
 3130 post m=8 hq=0.979 PASS | Dr=+0.043/+0.945 |Dr|max=0.974 Df=+0.021 | g r=0.078 f=0.074 p=0.358(0.001) max=1.104 | Ld=+0.0070 base=-0.0057 r1=0.00566 path=0.00535 cap=0.00172 | Lg=+0.7937 | 39s
 3140 post m=8 hq=0.989 PASS | Dr=+0.137/+1.051 |Dr|max=1.051 Df=+0.118 | g r=0.030 f=0.028 p=0.309(0.001) max=1.132 | Ld=-0.0007 base=-0.00528 r1=0.00326 path=0.0013 cap=4.51e-05 | Lg=+0.7679 | 39s
 3150 post m=8 hq=0.989 PASS | Dr=+0.134/+0.699 |Dr|max=0.699 Df=+0.131 | g r=0.044 f=0.045 p=0.264(0.001) max=1.010 | Ld=-0.0102 base=-0.0163 r1=0.00347 path=0.00231 cap=0.00026 | Lg=+0.7311 | 39s
 3160 post m=8 hq=0.967 PASS | Dr=+0.132/+0.965 |Dr|max=0.965 Df=+0.121 | g r=0.044 f=0.048 p=0.294(0.001) max=1.153 | Ld=-0.0053 base=-0.0154 r1=0.00785 path=0.00219 cap=7.03e-05 | Lg=+0.7709 | 39s
 3170 post m=8 hq=0.988 PASS | Dr=+0.168/+0.893 |Dr|max=0.893 Df=+0.163 | g r=0.045 f=0.043 p=0.291(0.001) max=1.147 | Ld=-0.0071 base=-0.011 r1=0.00277 path=0.00111 cap=1.56e-05 | Lg=+0.7572 | 39s
 3180 post m=8 hq=0.987 PASS | Dr=+0.208/+1.159 |Dr|max=1.159 Df=+0.213 | g r=0.048 f=0.050 p=0.295(0.002) max=1.109 | Ld=-0.0142 base=-0.0206 r1=0.00452 path=0.00184 cap=2.77e-05 | Lg=+0.7605 | 40s
 3190 post m=8 hq=0.987 PASS | Dr=+0.132/+0.834 |Dr|max=0.834 Df=+0.127 | g r=0.034 f=0.035 p=0.304(0.002) max=1.114 | Ld=-0.0157 base=-0.0234 r1=0.00105 path=0.00669 cap=2.61e-05 | Lg=+0.7600 | 40s
 3200 post m=8 hq=0.987 PASS | Dr=+0.166/+1.197 |Dr|max=1.197 Df=+0.154 | g r=0.046 f=0.047 p=0.323(0.001) max=1.129 | Ld=-0.0239 base=-0.0272 r1=0.00195 path=0.00115 cap=0.000163 | Lg=+0.7766 | 40s
 3210 post m=8 hq=0.991 PASS | Dr=+0.095/+0.620 |Dr|max=0.620 Df=+0.086 | g r=0.036 f=0.038 p=0.246(0.000) max=1.021 | Ld=+0.0353 base=0.0316 r1=0.00129 path=0.0024 cap=9.02e-08 | Lg=+0.7277 | 40s
 3220 post m=8 hq=0.980 PASS | Dr=+0.259/+1.045 |Dr|max=1.045 Df=+0.257 | g r=0.054 f=0.055 p=0.296(0.000) max=1.164 | Ld=-0.0222 base=-0.0266 r1=0.00361 path=0.000501 cap=0.000256 | Lg=+0.7837 | 40s
 3230 post m=8 hq=0.960 PASS | Dr=+0.083/+0.994 |Dr|max=0.994 Df=+0.089 | g r=0.057 f=0.051 p=0.309(0.001) max=1.133 | Ld=-0.0075 base=-0.011 r1=0.00268 path=0.000864 cap=2.71e-06 | Lg=+0.7632 | 40s
 3240 post m=8 hq=0.982 PASS | Dr=+0.085/+1.027 |Dr|max=1.027 Df=+0.099 | g r=0.031 f=0.031 p=0.251(0.001) max=0.896 | Ld=+0.0186 base=-0.000169 r1=0.00301 path=0.0158 cap=1.4e-06 | Lg=+0.7556 | 40s
 3250 post m=8 hq=0.986 PASS | Dr=+0.145/+0.656 |Dr|max=0.656 Df=+0.152 | g r=0.039 f=0.038 p=0.222(0.001) max=0.848 | Ld=+0.0274 base=0.0149 r1=0.00818 path=0.00433 | Lg=+0.7337 | 40s
 3260 post m=8 hq=0.983 PASS | Dr=+0.088/+0.822 |Dr|max=0.822 Df=+0.101 | g r=0.037 f=0.035 p=0.257(0.001) max=1.052 | Ld=-0.0016 base=-0.00626 r1=0.00136 path=0.00246 cap=0.00087 | Lg=+0.7707 | 41s
 3270 post m=8 hq=0.983 PASS | Dr=+0.195/+0.639 |Dr|max=0.639 Df=+0.197 | g r=0.020 f=0.019 p=0.209(0.000) max=0.844 | Ld=+0.0037 base=-0.000678 r1=0.00104 path=0.00332 | Lg=+0.7331 | 41s
 3280 post m=8 hq=0.966 PASS | Dr=+0.188/+0.888 |Dr|max=0.888 Df=+0.197 | g r=0.043 f=0.049 p=0.234(0.001) max=0.967 | Ld=+0.0314 base=0.0198 r1=0.006 path=0.00561 cap=5.62e-06 | Lg=+0.7353 | 41s
 3290 post m=8 hq=0.917 PASS | Dr=+0.345/+0.794 |Dr|max=0.794 Df=+0.342 | g r=0.056 f=0.068 p=0.220(0.001) max=0.939 | Ld=+0.0342 base=-0.00471 r1=0.0088 path=0.00409 cap=0.026 | Lg=+0.7280 | 41s
 3300 post m=8 hq=0.980 PASS | Dr=+0.307/+0.727 |Dr|max=0.727 Df=+0.307 | g r=0.028 f=0.033 p=0.198(0.001) max=0.866 | Ld=-0.0069 base=-0.0111 r1=0.00161 path=0.0026 | Lg=+0.7204 | 41s
 3310 post m=8 hq=0.989 PASS | Dr=+0.308/+1.312 |Dr|max=1.312 Df=+0.324 | g r=0.037 f=0.040 p=0.248(0.002) max=1.083 | Ld=+0.0145 base=0.0121 r1=0.00181 path=0.000566 cap=8.34e-09 | Lg=+0.7671 | 41s
 3320 post m=8 hq=0.990 PASS | Dr=+0.138/+0.778 |Dr|max=0.778 Df=+0.147 | g r=0.022 f=0.021 p=0.201(0.000) max=0.924 | Ld=-0.0195 base=-0.0216 r1=0.00125 path=0.000818 | Lg=+0.7370 | 41s
 3330 post m=8 hq=0.982 PASS | Dr=+0.059/+0.758 |Dr|max=0.758 Df=+0.067 | g r=0.027 f=0.027 p=0.232(0.001) max=1.089 | Ld=-0.0042 base=-0.0076 r1=0.00175 path=0.00161 | Lg=+0.7569 | 41s
 3340 post m=8 hq=0.958 PASS | Dr=-0.178/+1.205 |Dr|max=1.519 Df=-0.188 | g r=0.045 f=0.042 p=0.354(0.001) max=1.262 | Ld=-0.0285 base=-0.0348 r1=0.0035 path=0.00285 cap=2.3e-06 | Lg=+0.8663 | 41s
 3350 post m=8 hq=0.988 PASS | Dr=+0.018/+0.865 |Dr|max=0.865 Df=+0.031 | g r=0.045 f=0.047 p=0.275(0.001) max=1.051 | Ld=+0.0325 base=0.0284 r1=0.00317 path=0.000786 cap=0.000114 | Lg=+0.7799 | 42s
 3360 post m=8 hq=0.990 PASS | Dr=+0.061/+0.870 |Dr|max=0.870 Df=+0.067 | g r=0.023 f=0.023 p=0.211(0.000) max=0.797 | Ld=+0.0348 base=0.0235 r1=0.00203 path=0.00929 | Lg=+0.7369 | 42s
 3370 post m=8 hq=0.986 PASS | Dr=-0.029/+1.015 |Dr|max=1.015 Df=-0.031 | g r=0.039 f=0.038 p=0.247(0.001) max=1.030 | Ld=+0.0055 base=-0.000491 r1=0.00438 path=0.00161 cap=9.81e-06 | Lg=+0.7676 | 42s
 3380 post m=8 hq=0.988 PASS | Dr=+0.142/+0.661 |Dr|max=0.661 Df=+0.151 | g r=0.024 f=0.022 p=0.184(0.000) max=1.051 | Ld=+0.0178 base=0.012 r1=0.00216 path=0.00363 cap=2.06e-06 | Lg=+0.7159 | 42s
 3390 post m=8 hq=0.991 PASS | Dr=+0.249/+0.708 |Dr|max=0.708 Df=+0.253 | g r=0.022 f=0.020 p=0.207(0.000) max=1.013 | Ld=+0.0048 base=0.00176 r1=0.000649 path=0.00237 | Lg=+0.7213 | 42s
 3400 post m=8 hq=0.989 PASS | Dr=+0.008/+0.727 |Dr|max=0.727 Df=+0.011 | g r=0.023 f=0.022 p=0.195(0.001) max=1.130 | Ld=-0.0027 base=-0.00509 r1=0.000868 path=0.00155 cap=3.42e-06 | Lg=+0.7317 | 42s
 3410 post m=8 hq=0.989 PASS | Dr=+0.408/+1.199 |Dr|max=1.199 Df=+0.424 | g r=0.046 f=0.049 p=0.236(0.002) max=0.933 | Ld=+0.0414 base=0.0387 r1=0.00165 path=0.00107 cap=9.29e-06 | Lg=+0.7438 | 42s
 3420 post m=8 hq=0.986 PASS | Dr=+0.349/+1.519 |Dr|max=1.519 Df=+0.373 | g r=0.041 f=0.039 p=0.301(0.001) max=1.131 | Ld=-0.0061 base=-0.0113 r1=0.00233 path=0.00265 cap=0.000148 | Lg=+0.8102 | 42s
 3430 post m=8 hq=0.982 PASS | Dr=+0.068/+0.801 |Dr|max=0.801 Df=+0.083 | g r=0.026 f=0.027 p=0.206(0.001) max=1.158 | Ld=+0.0029 base=-0.00149 r1=0.000662 path=0.00356 cap=0.000192 | Lg=+0.7439 | 42s
 3440 post m=8 hq=0.987 PASS | Dr=+0.188/+0.990 |Dr|max=0.990 Df=+0.205 | g r=0.042 f=0.044 p=0.226(0.001) max=1.175 | Ld=+0.0079 base=0.00566 r1=0.00128 path=0.000631 cap=0.000284 | Lg=+0.7587 | 43s
 3450 post m=8 hq=0.990 PASS | Dr=+0.157/+0.669 |Dr|max=0.669 Df=+0.159 | g r=0.020 f=0.021 p=0.186(0.001) max=0.885 | Ld=+0.0047 base=-0.00122 r1=0.000678 path=0.0052 | Lg=+0.7283 | 43s
 3460 post m=8 hq=0.993 PASS | Dr=+0.179/+0.607 |Dr|max=0.607 Df=+0.178 | g r=0.022 f=0.023 p=0.187(0.002) max=0.824 | Ld=+0.0007 base=-0.000462 r1=0.000722 path=0.000423 | Lg=+0.7212 | 43s
 3470 post m=8 hq=0.991 PASS | Dr=+0.265/+0.978 |Dr|max=0.978 Df=+0.274 | g r=0.028 f=0.028 p=0.224(0.001) max=1.169 | Ld=-0.0080 base=-0.00946 r1=0.000947 path=0.000455 cap=3.33e-05 | Lg=+0.7563 | 43s
 3480 post m=8 hq=0.991 PASS | Dr=+0.205/+0.522 |Dr|max=0.522 Df=+0.214 | g r=0.022 f=0.021 p=0.169(0.000) max=0.736 | Ld=+0.0043 base=0.000839 r1=0.00223 path=0.00122 | Lg=+0.7188 | 43s
 3490 post m=8 hq=0.974 PASS | Dr=+0.287/+0.932 |Dr|max=0.932 Df=+0.297 | g r=0.060 f=0.058 p=0.231(0.001) max=0.946 | Ld=+0.0441 base=0.0326 r1=0.00615 path=0.00523 cap=9.09e-05 | Lg=+0.7592 | 43s
 3500 post m=8 hq=0.985 PASS | Dr=+0.385/+1.337 |Dr|max=1.337 Df=+0.395 | g r=0.051 f=0.050 p=0.281(0.002) max=1.160 | Ld=+0.0030 base=-0.00326 r1=0.00233 path=0.00396 cap=3.91e-06 | Lg=+0.8150 | 43s
 3510 post m=8 hq=0.988 PASS | Dr=+0.230/+1.069 |Dr|max=1.069 Df=+0.239 | g r=0.030 f=0.029 p=0.229(0.000) max=1.147 | Ld=+0.0260 base=0.0201 r1=0.00194 path=0.00362 cap=0.000308 | Lg=+0.7730 | 43s
 3520 post m=8 hq=0.982 PASS | Dr=+0.302/+1.511 |Dr|max=1.511 Df=+0.327 | g r=0.055 f=0.054 p=0.315(0.003) max=1.385 | Ld=-0.0244 base=-0.0289 r1=0.00271 path=0.00164 cap=0.000117 | Lg=+0.8492 | 44s
 3530 post m=8 hq=0.988 PASS | Dr=+0.339/+1.092 |Dr|max=1.092 Df=+0.347 | g r=0.024 f=0.024 p=0.241(0.000) max=0.814 | Ld=+0.0092 base=-0.000952 r1=0.00115 path=0.00901 | Lg=+0.7873 | 44s
 3540 post m=8 hq=0.990 PASS | Dr=+0.250/+1.087 |Dr|max=1.087 Df=+0.260 | g r=0.031 f=0.030 p=0.228(0.000) max=0.968 | Ld=+0.0109 base=0.00897 r1=0.00135 path=0.000565 cap=3.38e-05 | Lg=+0.7531 | 44s
 3550 post m=8 hq=0.991 PASS | Dr=+0.213/+0.821 |Dr|max=0.821 Df=+0.219 | g r=0.028 f=0.028 p=0.223(0.000) max=0.816 | Ld=-0.0011 base=-0.00596 r1=0.00105 path=0.0038 | Lg=+0.7638 | 44s
 3560 post m=8 hq=0.990 PASS | Dr=+0.249/+0.791 |Dr|max=0.791 Df=+0.259 | g r=0.033 f=0.035 p=0.216(0.001) max=0.813 | Ld=+0.0138 base=0.0108 r1=0.00115 path=0.00176 | Lg=+0.7302 | 44s
 3570 post m=8 hq=0.993 PASS | Dr=+0.191/+0.715 |Dr|max=0.715 Df=+0.199 | g r=0.018 f=0.017 p=0.194(0.000) max=0.754 | Ld=-0.0049 base=-0.00574 r1=0.0005 path=0.000387 | Lg=+0.7217 | 44s
 3580 post m=8 hq=0.987 PASS | Dr=+0.353/+1.368 |Dr|max=1.368 Df=+0.338 | g r=0.054 f=0.057 p=0.288(0.002) max=1.062 | Ld=-0.0237 base=-0.0273 r1=0.00225 path=0.00137 | Lg=+0.7777 | 44s
 3590 post m=8 hq=0.993 PASS | Dr=+0.244/+0.822 |Dr|max=0.822 Df=+0.242 | g r=0.031 f=0.032 p=0.192(0.001) max=0.784 | Ld=+0.0057 base=0.00318 r1=0.00177 path=0.000737 | Lg=+0.7344 | 44s
 3600 post m=8 hq=0.992 PASS | Dr=+0.224/+0.722 |Dr|max=0.722 Df=+0.221 | g r=0.020 f=0.019 p=0.161(0.000) max=0.668 | Ld=-0.0084 base=-0.00999 r1=0.000648 path=0.000978 | Lg=+0.7181 | 44s
 3610 post m=8 hq=0.990 PASS | Dr=+0.093/+0.675 |Dr|max=0.675 Df=+0.092 | g r=0.048 f=0.048 p=0.230(0.001) max=0.980 | Ld=-0.0034 base=-0.00819 r1=0.00308 path=0.00167 cap=2.52e-05 | Lg=+0.7336 | 45s
 3620 post m=8 hq=0.993 PASS | Dr=+0.159/+0.688 |Dr|max=0.688 Df=+0.158 | g r=0.020 f=0.021 p=0.194(0.000) max=0.957 | Ld=-0.0111 base=-0.0122 r1=0.00059 path=0.000481 | Lg=+0.7175 | 45s
 3630 post m=8 hq=0.993 PASS | Dr=+0.125/+0.538 |Dr|max=0.538 Df=+0.113 | g r=0.034 f=0.032 p=0.193(0.001) max=0.878 | Ld=+0.0018 base=-0.000245 r1=0.000945 path=0.00112 | Lg=+0.7122 | 45s
 3640 post m=8 hq=0.990 PASS | Dr=+0.177/+0.588 |Dr|max=0.588 Df=+0.171 | g r=0.021 f=0.020 p=0.180(0.001) max=0.740 | Ld=+0.0116 base=0.00947 r1=0.0016 path=0.000527 | Lg=+0.7227 | 45s
 3650 post m=8 hq=0.987 PASS | Dr=+0.157/+0.902 |Dr|max=0.902 Df=+0.156 | g r=0.026 f=0.031 p=0.247(0.002) max=1.106 | Ld=+0.0098 base=0.00334 r1=0.00136 path=0.00513 cap=1.35e-06 | Lg=+0.7503 | 45s
 3660 post m=8 hq=0.985 PASS | Dr=+0.133/+0.846 |Dr|max=0.846 Df=+0.128 | g r=0.022 f=0.022 p=0.180(0.001) max=0.902 | Ld=+0.0100 base=0.00517 r1=0.000961 path=0.00384 | Lg=+0.7350 | 45s
 3670 post m=8 hq=0.986 PASS | Dr=+0.003/+0.704 |Dr|max=0.704 Df=-0.001 | g r=0.019 f=0.019 p=0.176(0.001) max=0.913 | Ld=+0.0152 base=0.0112 r1=0.000961 path=0.00296 cap=0.000133 | Lg=+0.7324 | 45s
 3680 post m=8 hq=0.909 PASS | Dr=+0.124/+1.263 |Dr|max=1.263 Df=+0.123 | g r=0.046 f=0.048 p=0.250(0.002) max=1.022 | Ld=+0.0115 base=-0.0144 r1=0.0154 path=0.00953 cap=0.000893 | Lg=+0.7693 | 45s
 3690 post m=8 hq=0.984 PASS | Dr=+0.122/+1.286 |Dr|max=1.286 Df=+0.123 | g r=0.035 f=0.041 p=0.243(0.000) max=1.199 | Ld=-0.0111 base=-0.0183 r1=0.000621 path=0.00645 cap=5.77e-05 | Lg=+0.7615 | 45s
 3700 post m=8 hq=0.986 PASS | Dr=+0.136/+0.816 |Dr|max=0.816 Df=+0.126 | g r=0.022 f=0.021 p=0.217(0.001) max=1.036 | Ld=-0.0076 base=-0.0107 r1=0.00134 path=0.00169 cap=0.000144 | Lg=+0.7429 | 45s
 3710 post m=8 hq=0.989 PASS | Dr=+0.169/+0.763 |Dr|max=0.763 Df=+0.159 | g r=0.027 f=0.026 p=0.225(0.000) max=1.091 | Ld=-0.0024 base=-0.00758 r1=0.002 path=0.00313 cap=5.91e-05 | Lg=+0.7427 | 46s
 3720 post m=8 hq=0.987 PASS | Dr=+0.116/+0.678 |Dr|max=0.678 Df=+0.115 | g r=0.024 f=0.021 p=0.221(0.001) max=1.002 | Ld=+0.0063 base=0.00256 r1=0.000775 path=0.00301 | Lg=+0.7146 | 46s
 3730 post m=8 hq=0.984 PASS | Dr=+0.112/+1.158 |Dr|max=1.158 Df=+0.113 | g r=0.034 f=0.032 p=0.270(0.000) max=1.088 | Ld=-0.0077 base=-0.023 r1=0.00236 path=0.0121 cap=0.000872 | Lg=+0.7641 | 46s
 3740 post m=8 hq=0.985 PASS | Dr=+0.215/+0.540 |Dr|max=0.540 Df=+0.216 | g r=0.034 f=0.032 p=0.231(0.000) max=0.901 | Ld=+0.0057 base=0.00283 r1=0.00109 path=0.00162 cap=0.000127 | Lg=+0.7088 | 46s
 3750 post m=8 hq=0.989 PASS | Dr=+0.287/+0.889 |Dr|max=0.889 Df=+0.273 | g r=0.025 f=0.023 p=0.243(0.001) max=1.168 | Ld=-0.0071 base=-0.0109 r1=0.000729 path=0.00221 cap=0.000857 | Lg=+0.7443 | 46s
 3760 post m=8 hq=0.993 PASS | Dr=+0.150/+0.536 |Dr|max=0.536 Df=+0.143 | g r=0.017 f=0.016 p=0.170(0.001) max=0.884 | Ld=+0.0025 base=0.000307 r1=0.000678 path=0.00147 | Lg=+0.7089 | 46s
 3770 post m=8 hq=0.965 PASS | Dr=+0.250/+0.713 |Dr|max=0.713 Df=+0.238 | g r=0.064 f=0.057 p=0.211(0.001) max=0.818 | Ld=+0.0386 base=0.0297 r1=0.00322 path=0.00445 cap=0.00121 | Lg=+0.7308 | 46s
 3780 post m=8 hq=0.991 PASS | Dr=+0.136/+0.861 |Dr|max=0.861 Df=+0.120 | g r=0.025 f=0.024 p=0.242(0.001) max=1.067 | Ld=-0.0202 base=-0.0217 r1=0.000903 path=0.000573 | Lg=+0.7875 | 46s
 3790 post m=8 hq=0.991 PASS | Dr=+0.355/+0.807 |Dr|max=0.807 Df=+0.341 | g r=0.024 f=0.022 p=0.203(0.001) max=1.003 | Ld=+0.0037 base=0.00161 r1=0.000757 path=0.00133 | Lg=+0.7373 | 46s
 3800 post m=8 hq=0.985 PASS | Dr=+0.278/+0.599 |Dr|max=0.599 Df=+0.275 | g r=0.025 f=0.024 p=0.188(0.002) max=0.679 | Ld=+0.0053 base=-0.0015 r1=0.000995 path=0.00575 | Lg=+0.7072 | 46s
 3810 post m=8 hq=0.983 PASS | Dr=+0.215/+0.701 |Dr|max=0.701 Df=+0.211 | g r=0.064 f=0.064 p=0.229(0.003) max=0.734 | Ld=+0.0172 base=0.00756 r1=0.00693 path=0.00275 | Lg=+0.7299 | 46s
 3820 post m=8 hq=0.991 PASS | Dr=+0.194/+0.297 |Dr|max=0.297 Df=+0.196 | g r=0.015 f=0.013 p=0.170(0.000) max=0.706 | Ld=+0.0059 base=0.00129 r1=0.000454 path=0.00417 | Lg=+0.6950 | 47s
 3830 post m=8 hq=0.992 PASS | Dr=+0.160/+0.871 |Dr|max=0.871 Df=+0.176 | g r=0.023 f=0.022 p=0.189(0.001) max=1.026 | Ld=-0.0028 base=-0.00524 r1=0.00165 path=0.000794 | Lg=+0.7303 | 47s
 3840 post m=8 hq=0.992 PASS | Dr=+0.152/+0.751 |Dr|max=0.751 Df=+0.157 | g r=0.012 f=0.011 p=0.152(0.001) max=0.741 | Ld=-0.0013 base=-0.0024 r1=0.000522 path=0.00059 | Lg=+0.7112 | 47s
 3850 post m=8 hq=0.992 PASS | Dr=+0.172/+0.657 |Dr|max=0.657 Df=+0.184 | g r=0.015 f=0.013 p=0.162(0.001) max=0.777 | Ld=+0.0063 base=0.00396 r1=0.000445 path=0.0019 | Lg=+0.7080 | 47s
 3860 post m=8 hq=0.993 PASS | Dr=+0.252/+0.740 |Dr|max=0.740 Df=+0.273 | g r=0.017 f=0.015 p=0.188(0.000) max=0.753 | Ld=-0.0040 base=-0.00531 r1=0.000594 path=0.00072 cap=1.28e-05 | Lg=+0.7347 | 47s
 3870 post m=8 hq=0.991 PASS | Dr=+0.172/+0.796 |Dr|max=0.796 Df=+0.183 | g r=0.013 f=0.013 p=0.156(0.001) max=0.979 | Ld=+0.0097 base=0.00706 r1=0.0004 path=0.00224 | Lg=+0.7112 | 47s
 3880 post m=8 hq=0.991 PASS | Dr=+0.259/+0.482 |Dr|max=0.482 Df=+0.264 | g r=0.017 f=0.018 p=0.124(0.001) max=0.657 | Ld=+0.0131 base=0.0114 r1=0.000651 path=0.000889 cap=0.000158 | Lg=+0.7031 | 47s
 3890 post m=8 hq=0.992 PASS | Dr=+0.207/+0.439 |Dr|max=0.439 Df=+0.204 | g r=0.020 f=0.021 p=0.139(0.001) max=0.594 | Ld=+0.0071 base=0.00388 r1=0.000669 path=0.00259 | Lg=+0.7006 | 47s
 3900 post m=8 hq=0.994 PASS | Dr=+0.314/+0.655 |Dr|max=0.655 Df=+0.314 | g r=0.022 f=0.022 p=0.149(0.000) max=0.617 | Ld=+0.0041 base=0.00104 r1=0.000817 path=0.00227 | Lg=+0.7078 | 47s
 3910 post m=8 hq=0.991 PASS | Dr=+0.220/+0.564 |Dr|max=0.564 Df=+0.226 | g r=0.026 f=0.025 p=0.188(0.001) max=0.909 | Ld=+0.0036 base=0.000628 r1=0.00233 path=0.000635 | Lg=+0.7142 | 47s
 3920 post m=8 hq=0.993 PASS | Dr=+0.315/+1.001 |Dr|max=1.001 Df=+0.318 | g r=0.026 f=0.026 p=0.184(0.001) max=0.932 | Ld=-0.0034 base=-0.00817 r1=0.00419 path=0.000622 | Lg=+0.7212 | 48s
 3930 post m=8 hq=0.994 PASS | Dr=+0.275/+0.638 |Dr|max=0.638 Df=+0.279 | g r=0.020 f=0.019 p=0.158(0.001) max=0.804 | Ld=+0.0115 base=0.00959 r1=0.000784 path=0.00118 | Lg=+0.7002 | 48s
 3940 post m=8 hq=0.981 PASS | Dr=+0.272/+0.590 |Dr|max=0.590 Df=+0.266 | g r=0.040 f=0.039 p=0.137(0.003) max=0.734 | Ld=+0.0135 base=0.0108 r1=0.00185 path=0.000848 | Lg=+0.6984 | 48s
 3950 post m=8 hq=0.993 PASS | Dr=+0.450/+0.793 |Dr|max=0.793 Df=+0.455 | g r=0.021 f=0.019 p=0.171(0.000) max=1.115 | Ld=-0.0075 base=-0.00973 r1=0.000373 path=0.00188 | Lg=+0.7203 | 48s
 3960 post m=8 hq=0.959 PASS | Dr=+0.268/+0.536 |Dr|max=0.536 Df=+0.279 | g r=0.018 f=0.019 p=0.177(0.000) max=0.836 | Ld=-0.0027 base=-0.00557 r1=0.000648 path=0.00218 | Lg=+0.7158 | 48s
 3970 post m=8 hq=0.990 PASS | Dr=+0.074/+0.588 |Dr|max=0.588 Df=+0.087 | g r=0.028 f=0.029 p=0.201(0.002) max=1.116 | Ld=-0.0040 base=-0.00582 r1=0.000671 path=0.0012 cap=9.04e-07 | Lg=+0.7215 | 48s
 3980 post m=8 hq=0.993 PASS | Dr=+0.128/+0.624 |Dr|max=0.624 Df=+0.136 | g r=0.014 f=0.013 p=0.125(0.001) max=0.736 | Ld=+0.0027 base=-0.000399 r1=0.000387 path=0.00258 cap=9.57e-05 | Lg=+0.7061 | 48s
 3990 post m=8 hq=0.993 PASS | Dr=+0.109/+0.534 |Dr|max=0.534 Df=+0.105 | g r=0.021 f=0.020 p=0.146(0.001) max=0.886 | Ld=-0.0028 base=-0.00402 r1=0.000325 path=0.000895 | Lg=+0.7220 | 48s
 4000 post m=8 hq=0.995 PASS | Dr=+0.084/+0.580 |Dr|max=0.580 Df=+0.077 | g r=0.024 f=0.023 p=0.186(0.000) max=0.863 | Ld=-0.0015 base=-0.00522 r1=0.000586 path=0.00312 | Lg=+0.7260 | 48s
 4010 post m=8 hq=0.981 PASS | Dr=+0.104/+0.862 |Dr|max=0.939 Df=+0.094 | g r=0.043 f=0.044 p=0.260(0.000) max=1.338 | Ld=-0.0205 base=-0.0259 r1=0.00148 path=0.00385 cap=5.56e-05 | Lg=+0.7960 | 48s
 4020 post m=8 hq=0.985 PASS | Dr=+0.241/+0.929 |Dr|max=0.929 Df=+0.230 | g r=0.022 f=0.020 p=0.227(0.001) max=0.757 | Ld=+0.0062 base=0.00168 r1=0.00193 path=0.00254 cap=1.98e-05 | Lg=+0.7561 | 48s
 4030 post m=8 hq=0.985 PASS | Dr=+0.267/+1.008 |Dr|max=1.008 Df=+0.258 | g r=0.030 f=0.028 p=0.236(0.000) max=0.961 | Ld=+0.0062 base=0.000546 r1=0.00235 path=0.00329 | Lg=+0.7557 | 49s
 4040 post m=8 hq=0.976 PASS | Dr=+0.243/+1.213 |Dr|max=1.213 Df=+0.230 | g r=0.051 f=0.052 p=0.304(0.001) max=1.079 | Ld=+0.0033 base=-0.000357 r1=0.00211 path=0.00146 cap=8.87e-05 | Lg=+0.8179 | 49s
 4050 post m=8 hq=0.990 PASS | Dr=+0.105/+1.064 |Dr|max=1.064 Df=+0.085 | g r=0.024 f=0.022 p=0.286(0.001) max=0.942 | Ld=-0.0261 base=-0.028 r1=0.000898 path=0.001 | Lg=+0.8031 | 49s
 4060 post m=8 hq=0.986 PASS | Dr=+0.034/+1.214 |Dr|max=1.214 Df=-0.001 | g r=0.031 f=0.029 p=0.338(0.002) max=1.317 | Ld=-0.0271 base=-0.0288 r1=0.000893 path=0.000789 cap=2.14e-05 | Lg=+0.8686 | 49s
 4070 post m=8 hq=0.985 PASS | Dr=+0.183/+0.813 |Dr|max=0.813 Df=+0.166 | g r=0.017 f=0.016 p=0.204(0.001) max=0.918 | Ld=-0.0085 base=-0.0103 r1=0.000637 path=0.00115 | Lg=+0.7357 | 49s
 4080 post m=8 hq=0.988 PASS | Dr=+0.056/+0.608 |Dr|max=0.608 Df=+0.038 | g r=0.024 f=0.023 p=0.211(0.001) max=0.959 | Ld=-0.0050 base=-0.00748 r1=0.000462 path=0.00197 | Lg=+0.7484 | 49s
 4090 post m=8 hq=0.970 PASS | Dr=+0.106/+0.653 |Dr|max=0.653 Df=+0.090 | g r=0.051 f=0.053 p=0.214(0.001) max=0.988 | Ld=-0.0085 base=-0.0105 r1=0.00116 path=0.000738 cap=3.68e-05 | Lg=+0.7441 | 49s
 4100 post m=8 hq=0.991 PASS | Dr=+0.270/+0.706 |Dr|max=0.706 Df=+0.263 | g r=0.021 f=0.023 p=0.157(0.001) max=0.773 | Ld=-0.0008 base=-0.00303 r1=0.000386 path=0.00186 | Lg=+0.7231 | 49s
 4110 post m=8 hq=0.970 PASS | Dr=+0.316/+0.983 |Dr|max=0.983 Df=+0.307 | g r=0.046 f=0.051 p=0.249(0.000) max=1.173 | Ld=-0.0177 base=-0.0194 r1=0.000957 path=0.000731 cap=6.11e-05 | Lg=+0.7882 | 49s
 4120 post m=8 hq=0.990 PASS | Dr=+0.430/+1.039 |Dr|max=1.039 Df=+0.430 | g r=0.018 f=0.016 p=0.189(0.000) max=0.721 | Ld=-0.0068 base=-0.00814 r1=0.000545 path=0.000802 | Lg=+0.7398 | 49s
 4130 post m=8 hq=0.992 PASS | Dr=+0.502/+1.202 |Dr|max=1.202 Df=+0.507 | g r=0.048 f=0.050 p=0.229(0.003) max=0.850 | Ld=-0.0065 base=-0.0104 r1=0.00217 path=0.00173 | Lg=+0.7617 | 50s
 4140 post m=8 hq=0.993 PASS | Dr=+0.069/+0.301 |Dr|max=0.301 Df=+0.063 | g r=0.021 f=0.020 p=0.135(0.001) max=0.596 | Ld=+0.0068 base=0.00315 r1=0.000518 path=0.00315 | Lg=+0.7022 | 50s
 4150 post m=8 hq=0.990 PASS | Dr=+0.319/+0.868 |Dr|max=0.868 Df=+0.303 | g r=0.017 f=0.016 p=0.170(0.000) max=0.895 | Ld=-0.0003 base=-0.00642 r1=0.000612 path=0.00549 | Lg=+0.7175 | 50s
 4160 post m=8 hq=0.992 PASS | Dr=+0.188/+0.813 |Dr|max=0.813 Df=+0.169 | g r=0.015 f=0.014 p=0.197(0.000) max=0.935 | Ld=-0.0034 base=-0.00497 r1=0.000511 path=0.00107 | Lg=+0.7595 | 50s
 4170 post m=8 hq=0.992 PASS | Dr=+0.265/+0.353 |Dr|max=0.353 Df=+0.264 | g r=0.012 f=0.011 p=0.109(0.001) max=0.660 | Ld=+0.0044 base=0.0019 r1=0.000228 path=0.00226 | Lg=+0.6932 | 50s
 4180 post m=8 hq=0.996 PASS | Dr=+0.295/+0.431 |Dr|max=0.431 Df=+0.297 | g r=0.016 f=0.016 p=0.099(0.000) max=0.506 | Ld=+0.0034 base=0.00115 r1=0.000427 path=0.00184 | Lg=+0.6980 | 50s
 4190 post m=8 hq=0.990 PASS | Dr=+0.357/+1.018 |Dr|max=1.018 Df=+0.347 | g r=0.022 f=0.020 p=0.204(0.000) max=0.991 | Ld=-0.0213 base=-0.0227 r1=0.000458 path=0.00087 | Lg=+0.7513 | 50s
 4200 post m=8 hq=0.992 PASS | Dr=+0.219/+0.679 |Dr|max=0.679 Df=+0.205 | g r=0.017 f=0.016 p=0.151(0.000) max=0.849 | Ld=-0.0051 base=-0.00696 r1=0.000309 path=0.00154 cap=9.29e-07 | Lg=+0.7160 | 50s
 4210 post m=8 hq=0.991 PASS | Dr=+0.283/+0.821 |Dr|max=0.821 Df=+0.270 | g r=0.014 f=0.013 p=0.155(0.000) max=0.717 | Ld=+0.0058 base=0.0041 r1=0.000275 path=0.00141 | Lg=+0.7314 | 50s
 4220 post m=8 hq=0.994 PASS | Dr=+0.305/+0.842 |Dr|max=0.842 Df=+0.296 | g r=0.020 f=0.019 p=0.183(0.001) max=0.805 | Ld=-0.0034 base=-0.00576 r1=0.000387 path=0.00195 | Lg=+0.7452 | 50s
 4230 post m=8 hq=0.994 PASS | Dr=+0.206/+0.630 |Dr|max=0.630 Df=+0.195 | g r=0.018 f=0.016 p=0.167(0.000) max=0.725 | Ld=+0.0031 base=-0.00127 r1=0.000525 path=0.0038 | Lg=+0.7289 | 51s
 4240 post m=8 hq=0.993 PASS | Dr=+0.233/+0.789 |Dr|max=0.789 Df=+0.216 | g r=0.023 f=0.023 p=0.193(0.001) max=0.802 | Ld=-0.0014 base=-0.00359 r1=0.00104 path=0.00112 | Lg=+0.7409 | 51s
 4250 post m=8 hq=0.990 PASS | Dr=+0.279/+0.806 |Dr|max=0.806 Df=+0.264 | g r=0.015 f=0.014 p=0.178(0.001) max=0.808 | Ld=+0.0230 base=0.022 r1=0.000577 path=0.000516 | Lg=+0.7295 | 51s
 4260 post m=8 hq=0.991 PASS | Dr=+0.261/+0.674 |Dr|max=0.674 Df=+0.248 | g r=0.018 f=0.018 p=0.152(0.001) max=0.616 | Ld=+0.0053 base=0.0036 r1=0.000769 path=0.000936 | Lg=+0.7118 | 51s
 4270 post m=8 hq=0.992 PASS | Dr=+0.188/+0.572 |Dr|max=0.572 Df=+0.188 | g r=0.016 f=0.015 p=0.125(0.000) max=0.610 | Ld=-0.0010 base=-0.00256 r1=0.000489 path=0.00108 | Lg=+0.6990 | 51s
 4280 post m=8 hq=0.993 PASS | Dr=+0.205/+0.448 |Dr|max=0.448 Df=+0.204 | g r=0.014 f=0.012 p=0.096(0.001) max=0.475 | Ld=-0.0016 base=-0.00261 r1=0.000374 path=0.000641 | Lg=+0.6992 | 51s
 4290 post m=8 hq=0.991 PASS | Dr=-0.046/+0.366 |Dr|max=0.450 Df=-0.047 | g r=0.019 f=0.018 p=0.129(0.000) max=0.729 | Ld=-0.0060 base=-0.00832 r1=0.000382 path=0.00195 | Lg=+0.7182 | 51s
 4300 post m=8 hq=0.990 PASS | Dr=+0.125/+0.908 |Dr|max=0.908 Df=+0.140 | g r=0.018 f=0.018 p=0.207(0.001) max=1.004 | Ld=-0.0033 base=-0.00432 r1=0.000581 path=0.000392 cap=4.4e-07 | Lg=+0.7510 | 51s
 4310 post m=8 hq=0.993 PASS | Dr=+0.029/+0.459 |Dr|max=0.459 Df=+0.036 | g r=0.012 f=0.012 p=0.123(0.000) max=0.672 | Ld=+0.0184 base=0.0156 r1=0.000262 path=0.00252 | Lg=+0.7081 | 51s
 4320 post m=8 hq=0.994 PASS | Dr=+0.167/+0.774 |Dr|max=0.774 Df=+0.177 | g r=0.024 f=0.023 p=0.141(0.001) max=0.686 | Ld=+0.0001 base=-0.003 r1=0.000788 path=0.00204 cap=0.000289 | Lg=+0.7289 | 52s
 4330 post m=8 hq=0.992 PASS | Dr=+0.220/+0.814 |Dr|max=0.814 Df=+0.224 | g r=0.020 f=0.021 p=0.168(0.000) max=1.063 | Ld=-0.0012 base=-0.00205 r1=0.000413 path=0.000469 | Lg=+0.7347 | 52s
 4340 post m=8 hq=0.992 PASS | Dr=-0.008/+0.597 |Dr|max=0.597 Df=-0.001 | g r=0.018 f=0.017 p=0.168(0.000) max=0.913 | Ld=-0.0018 base=-0.00272 r1=0.000515 path=0.000457 | Lg=+0.7266 | 52s
 4350 post m=8 hq=0.706 fail | Dr=+0.250/+1.258 |Dr|max=1.258 Df=+0.270 | g r=0.077 f=0.093 p=0.297(0.002) max=1.286 | Ld=+0.0284 base=-0.02 r1=0.00884 path=0.0392 cap=0.000361 | Lg=+0.7935 | 52s
 4360 post m=3 hq=0.106 fail | Dr=-0.382/-0.111 |Dr|max=0.714 Df=-0.453 | g r=0.236 f=0.446 p=0.517(0.013) max=1.630 | Ld=+0.6120 base=-0.0342 r1=0.0446 path=0.6 cap=0.00116 | Lg=+0.7887 | 52s
 4370 post m=1 hq=0.000 fail | Dr=-1.672/-0.910 |Dr|max=2.609 Df=-14.144 | g r=0.495 f=1.034 p=1.117(0.022) max=3.476 | Ld=+115.9343 base=-2.75 r1=0.309 path=118 cap=0.351 | Lg=+7.5834 | 52s
 4380 post m=1 hq=0.001 fail | Dr=-4.159/-3.018 |Dr|max=5.996 Df=-3.038 | g r=0.684 f=1.019 p=0.980(0.004) max=2.789 | Ld=+9.5054 base=0.651 r1=0.486 path=6.75 cap=1.62 | Lg=+0.6209 | 52s
 4390 post m=1 hq=0.000 fail | Dr=-4.279/-2.602 |Dr|max=6.562 Df=-3.116 | g r=0.606 f=0.810 p=0.868(0.011) max=2.897 | Ld=+3.6896 base=1.15 r1=0.49 path=1.41 cap=0.644 | Lg=+0.4494 | 52s
 4400 post m=1 hq=0.040 fail | Dr=-4.376/-2.487 |Dr|max=6.624 Df=-2.900 | g r=0.432 f=0.685 p=0.672(0.009) max=3.006 | Ld=+2.2164 base=1.45 r1=0.297 path=0.159 cap=0.314 | Lg=+0.3668 | 52s
 4410 post m=1 hq=0.002 fail | Dr=-4.333/-2.664 |Dr|max=6.435 Df=-3.097 | g r=0.313 f=0.616 p=0.593(0.015) max=2.860 | Ld=+1.4795 base=1.14 r1=0.138 path=0.018 cap=0.185 | Lg=+0.4310 | 53s
 4420 post m=2 hq=0.037 fail | Dr=-4.180/-2.932 |Dr|max=5.962 Df=-3.416 | g r=0.311 f=0.644 p=0.592(0.003) max=2.465 | Ld=+1.1126 base=0.835 r1=0.12 path=0.12 cap=0.0375 | Lg=+0.5055 | 53s
 4430 post m=2 hq=0.090 fail | Dr=-4.141/-3.183 |Dr|max=5.384 Df=-3.711 | g r=0.268 f=0.602 p=0.551(0.007) max=2.451 | Ld=+0.7114 base=0.511 r1=0.0649 path=0.0839 cap=0.0517 | Lg=+0.5795 | 53s
 4440 post m=2 hq=0.071 fail | Dr=-4.060/-3.521 |Dr|max=4.896 Df=-4.030 | g r=0.229 f=0.550 p=0.529(0.007) max=1.784 | Ld=+0.3483 base=0.128 r1=0.0942 path=0.107 cap=0.0184 | Lg=+0.7138 | 53s
 4450 post m=3 hq=0.022 fail | Dr=-4.119/-3.629 |Dr|max=4.711 Df=-4.600 | g r=0.294 f=0.647 p=0.655(0.005) max=1.663 | Ld=-0.0796 base=-0.434 r1=0.107 path=0.197 cap=0.0509 | Lg=+1.0507 | 53s
 4460 post m=3 hq=0.002 fail | Dr=-4.024/-3.485 |Dr|max=4.958 Df=-4.800 | g r=0.734 f=1.034 p=1.180(0.022) max=2.917 | Ld=+1.3122 base=-0.485 r1=0.162 path=1.3 cap=0.331 | Lg=+1.3846 | 53s
 4470 post m=4 hq=0.003 fail | Dr=-3.609/-3.242 |Dr|max=4.098 Df=-4.210 | g r=0.237 f=0.667 p=0.670(0.011) max=1.804 | Ld=-0.3630 base=-0.581 r1=0.0789 path=0.0799 cap=0.0589 | Lg=+1.1806 | 53s
 4480 post m=2 hq=0.007 fail | Dr=-3.227/-2.159 |Dr|max=3.799 Df=-4.100 | g r=0.254 f=0.638 p=0.670(0.015) max=2.440 | Ld=-0.5001 base=-0.72 r1=0.112 path=0.0279 cap=0.0797 | Lg=+1.3043 | 53s
 4490 post m=3 hq=0.032 fail | Dr=-3.002/-1.780 |Dr|max=3.596 Df=-3.859 | g r=0.218 f=0.684 p=0.707(0.016) max=2.233 | Ld=-0.5063 base=-0.667 r1=0.0791 path=0.0114 cap=0.07 | Lg=+1.3303 | 53s
 4500 post m=5 hq=0.028 fail | Dr=-2.665/-1.964 |Dr|max=3.301 Df=-3.343 | g r=0.248 f=0.638 p=0.646(0.005) max=1.787 | Ld=-0.4393 base=-0.68 r1=0.0909 path=0.0372 cap=0.112 | Lg=+1.1379 | 53s
 4510 post m=5 hq=0.011 fail | Dr=-2.233/-1.177 |Dr|max=3.021 Df=-3.062 | g r=0.245 f=0.549 p=0.649(0.004) max=1.794 | Ld=-0.5395 base=-0.849 r1=0.0858 path=0.014 cap=0.209 | Lg=+1.3701 | 53s
 4520 post m=7 hq=0.017 fail | Dr=-2.129/-0.985 |Dr|max=3.159 Df=-2.954 | g r=0.251 f=0.634 p=0.710(0.009) max=1.719 | Ld=-0.5428 base=-0.744 r1=0.0782 path=0.0261 cap=0.0969 | Lg=+1.2991 | 54s
 4530 post m=3 hq=0.017 fail | Dr=-1.917/-1.123 |Dr|max=2.643 Df=-2.652 | g r=0.227 f=0.694 p=0.669(0.019) max=1.733 | Ld=-0.3555 base=-0.594 r1=0.128 path=0.0578 cap=0.0526 | Lg=+1.1478 | 54s
 4540 post m=7 hq=0.062 fail | Dr=-1.699/-0.642 |Dr|max=2.592 Df=-2.322 | g r=0.207 f=0.738 p=0.720(0.018) max=1.689 | Ld=-0.5197 base=-0.668 r1=0.0601 path=0.038 cap=0.0507 | Lg=+1.1779 | 54s
 4550 post m=5 hq=0.059 fail | Dr=-1.659/-1.298 |Dr|max=2.125 Df=-2.304 | g r=0.280 f=0.788 p=0.719(0.014) max=1.736 | Ld=-0.3557 base=-0.54 r1=0.085 path=0.04 cap=0.0594 | Lg=+1.0644 | 54s
 4560 post m=8 hq=0.016 fail | Dr=-1.479/-0.839 |Dr|max=2.196 Df=-2.046 | g r=0.198 f=0.694 p=0.694(0.002) max=1.558 | Ld=-0.4571 base=-0.548 r1=0.0564 path=0.0287 cap=0.006 | Lg=+1.1616 | 54s
 4570 post m=8 hq=0.118 fail | Dr=-1.497/-0.869 |Dr|max=1.958 Df=-1.854 | g r=0.284 f=0.667 p=0.650(0.009) max=1.737 | Ld=-0.3161 base=-0.57 r1=0.0905 path=0.00124 cap=0.162 | Lg=+0.9966 | 54s
 4580 post m=8 hq=0.019 fail | Dr=-1.535/-1.002 |Dr|max=2.192 Df=-2.149 | g r=0.199 f=0.698 p=0.679(0.006) max=1.649 | Ld=-0.3954 base=-0.535 r1=0.0842 path=0.0188 cap=0.0361 | Lg=+1.0706 | 54s
 4590 post m=7 hq=0.029 fail | Dr=-1.593/-1.043 |Dr|max=2.201 Df=-2.193 | g r=0.208 f=0.725 p=0.722(0.016) max=1.686 | Ld=-0.3864 base=-0.506 r1=0.0681 path=0.00837 cap=0.0432 | Lg=+1.0708 | 54s
 4600 post m=5 hq=0.008 fail | Dr=-1.369/-0.571 |Dr|max=2.414 Df=-1.984 | g r=0.231 f=0.652 p=0.726(0.008) max=1.778 | Ld=-0.5188 base=-0.633 r1=0.0638 path=0.0128 cap=0.0378 | Lg=+1.2573 | 54s
# COMPLETE 4600 updates in 54s; prehold 99/120; arrival=400
