# arm=lr_c2_g0.5 formulation=wgan + r1(1) + path-secant(10,t=0.5) + cap-all(10,c=1) [Dβ2=0.9, A2=0] {lr c×2 g×0.5} device=cuda:0 steps=4600
# step phase modes hq pass | Dr mean/max |Dr|max Df | grad-norm real fake path(min) max | loss_d terms | loss_g | sec
# init=batch_feature_zero hook=None differs_from_old=G,D,prior public_path_match=G,D,prior ema_D_equals_D=None sha G=615e9d129c1c D=e15f6122daf7 prior=2531df2c5ad8
   10 acq  m=1 hq=0.025 fail | Dr=+0.664/+1.418 |Dr|max=1.418 Df=+0.856 | g r=0.419 f=0.732 p=0.610(0.010) max=2.020 | Ld=+1.3290 base=-0.0102 r1=0.161 path=1.17 cap=0.00558 | Lg=+0.7472 | 1s
   20 acq  m=3 hq=0.029 fail | Dr=+0.693/+1.465 |Dr|max=1.465 Df=+0.394 | g r=0.542 f=0.772 p=0.677(0.015) max=2.001 | Ld=+1.6113 base=-0.332 r1=0.137 path=1.61 cap=0.2 | Lg=+0.9396 | 1s
   30 acq  m=4 hq=0.049 fail | Dr=+0.425/+0.822 |Dr|max=0.822 Df=+0.324 | g r=0.380 f=0.732 p=0.587(0.004) max=1.797 | Ld=+1.5726 base=-0.482 r1=0.202 path=1.64 cap=0.208 | Lg=+0.8250 | 1s
   40 acq  m=5 hq=0.016 fail | Dr=+0.673/+1.471 |Dr|max=1.471 Df=+0.051 | g r=0.571 f=0.880 p=0.863(0.001) max=2.505 | Ld=+1.7010 base=-0.466 r1=0.195 path=1.95 cap=0.0235 | Lg=+1.1540 | 1s
   50 acq  m=5 hq=0.030 fail | Dr=+0.047/+0.539 |Dr|max=0.539 Df=-0.304 | g r=0.337 f=0.517 p=0.656(0.006) max=2.142 | Ld=+0.8361 base=-0.242 r1=0.122 path=0.912 cap=0.0451 | Lg=+0.9286 | 1s
   60 acq  m=8 hq=0.197 fail | Dr=+0.433/+0.655 |Dr|max=0.655 Df=+0.004 | g r=0.250 f=0.533 p=0.524(0.005) max=1.740 | Ld=+0.1982 base=-0.555 r1=0.22 path=0.423 cap=0.11 | Lg=+0.9380 | 1s
   70 acq  m=7 hq=0.131 fail | Dr=+0.508/+0.724 |Dr|max=0.724 Df=+0.024 | g r=0.272 f=0.618 p=0.612(0.016) max=1.875 | Ld=+0.2294 base=-0.385 r1=0.12 path=0.452 cap=0.0428 | Lg=+0.9874 | 1s
   80 acq  m=6 hq=0.008 fail | Dr=+0.343/+1.006 |Dr|max=1.006 Df=-0.385 | g r=0.414 f=0.607 p=0.643(0.020) max=2.127 | Ld=+1.0605 base=-0.181 r1=0.181 path=0.89 cap=0.171 | Lg=+1.1851 | 1s
   90 acq  m=8 hq=0.126 fail | Dr=+0.323/+0.739 |Dr|max=0.739 Df=-0.225 | g r=0.338 f=0.740 p=0.671(0.012) max=2.004 | Ld=+0.4779 base=-0.484 r1=0.195 path=0.726 cap=0.0413 | Lg=+1.0891 | 2s
  100 acq  m=7 hq=0.180 fail | Dr=+0.695/+1.081 |Dr|max=1.081 Df=+0.019 | g r=0.253 f=0.623 p=0.650(0.005) max=2.044 | Ld=-0.1637 base=-0.624 r1=0.111 path=0.305 cap=0.045 | Lg=+1.1354 | 2s
  110 acq  m=7 hq=0.015 fail | Dr=+0.209/+0.587 |Dr|max=0.587 Df=-0.502 | g r=0.313 f=0.884 p=0.714(0.021) max=2.135 | Ld=-0.3346 base=-0.75 r1=0.0985 path=0.247 cap=0.0702 | Lg=+1.2192 | 2s
  120 acq  m=6 hq=0.013 fail | Dr=+0.277/+1.153 |Dr|max=1.153 Df=-0.311 | g r=0.528 f=0.628 p=0.697(0.011) max=1.869 | Ld=-0.0142 base=-0.625 r1=0.246 path=0.151 cap=0.213 | Lg=+1.1512 | 2s
  130 acq  m=8 hq=0.119 fail | Dr=-0.169/+0.725 |Dr|max=1.203 Df=-0.891 | g r=0.623 f=1.074 p=1.112(0.021) max=3.856 | Ld=+3.9478 base=0.0916 r1=0.563 path=3.06 cap=0.238 | Lg=+1.2944 | 2s
  140 acq  m=6 hq=0.014 fail | Dr=+0.432/+0.788 |Dr|max=0.788 Df=-0.189 | g r=0.295 f=0.594 p=0.615(0.009) max=2.218 | Ld=-0.1151 base=-0.587 r1=0.08 path=0.341 cap=0.0501 | Lg=+1.1021 | 2s
  150 acq  m=8 hq=0.105 fail | Dr=+0.274/+0.917 |Dr|max=0.917 Df=-0.216 | g r=0.290 f=0.606 p=0.597(0.004) max=2.119 | Ld=-0.2195 base=-0.651 r1=0.105 path=0.197 cap=0.129 | Lg=+1.1137 | 2s
  160 acq  m=8 hq=0.064 fail | Dr=+0.097/+1.226 |Dr|max=1.298 Df=-0.142 | g r=0.587 f=0.999 p=0.988(0.005) max=3.103 | Ld=+0.4574 base=-0.37 r1=0.129 path=0.6 cap=0.0988 | Lg=+1.3910 | 2s
  170 acq  m=7 hq=0.047 fail | Dr=+0.476/+0.755 |Dr|max=0.755 Df=+0.059 | g r=0.249 f=0.640 p=0.581(0.005) max=1.812 | Ld=-0.1978 base=-0.534 r1=0.0936 path=0.107 cap=0.135 | Lg=+0.9876 | 2s
  180 acq  m=8 hq=0.172 fail | Dr=+0.268/+0.745 |Dr|max=0.745 Df=-0.128 | g r=0.348 f=0.648 p=0.623(0.013) max=2.204 | Ld=+0.0158 base=-0.3 r1=0.186 path=0.0811 cap=0.0483 | Lg=+0.9904 | 3s
  190 acq  m=7 hq=0.083 fail | Dr=+0.261/+0.548 |Dr|max=0.548 Df=-0.123 | g r=0.242 f=0.692 p=0.612(0.004) max=1.894 | Ld=-0.1529 base=-0.415 r1=0.0937 path=0.132 cap=0.037 | Lg=+0.9719 | 3s
  200 acq  m=3 hq=0.025 fail | Dr=+0.516/+1.190 |Dr|max=1.190 Df=+0.041 | g r=0.249 f=0.662 p=0.614(0.005) max=1.933 | Ld=-0.2043 base=-0.356 r1=0.0656 path=0.0739 cap=0.0126 | Lg=+0.9745 | 3s
  210 acq  m=5 hq=0.043 fail | Dr=+0.517/+0.997 |Dr|max=0.997 Df=+0.104 | g r=0.213 f=0.667 p=0.569(0.008) max=1.686 | Ld=-0.2033 base=-0.355 r1=0.0642 path=0.054 cap=0.0338 | Lg=+0.9770 | 3s
  220 acq  m=8 hq=0.051 fail | Dr=+0.649/+0.913 |Dr|max=0.913 Df=+0.271 | g r=0.190 f=0.635 p=0.549(0.006) max=1.778 | Ld=-0.2229 base=-0.326 r1=0.0539 path=0.0359 cap=0.0135 | Lg=+0.9243 | 3s
  230 acq  m=8 hq=0.094 fail | Dr=+0.646/+1.100 |Dr|max=1.100 Df=+0.257 | g r=0.206 f=0.733 p=0.630(0.003) max=1.767 | Ld=-0.2687 base=-0.395 r1=0.0673 path=0.0487 cap=0.0107 | Lg=+1.0332 | 3s
  240 acq  m=6 hq=0.047 fail | Dr=+0.490/+0.953 |Dr|max=0.953 Df=+0.107 | g r=0.190 f=0.718 p=0.573(0.004) max=1.425 | Ld=-0.2104 base=-0.319 r1=0.0554 path=0.0209 cap=0.0325 | Lg=+0.8967 | 3s
  250 acq  m=8 hq=0.314 fail | Dr=+0.293/+0.639 |Dr|max=0.639 Df=+0.069 | g r=0.170 f=0.443 p=0.462(0.011) max=1.400 | Ld=-0.0517 base=-0.238 r1=0.0783 path=0.095 cap=0.0134 | Lg=+0.8489 | 3s
  260 acq  m=5 hq=0.104 fail | Dr=+0.694/+1.866 |Dr|max=1.866 Df=+0.308 | g r=0.302 f=0.671 p=0.627(0.014) max=1.877 | Ld=-0.2170 base=-0.398 r1=0.133 path=0.0164 cap=0.0316 | Lg=+1.1432 | 3s
  270 acq  m=3 hq=0.030 fail | Dr=+0.614/+1.586 |Dr|max=1.586 Df=+0.130 | g r=0.208 f=0.612 p=0.635(0.001) max=1.753 | Ld=-0.2213 base=-0.296 r1=0.0471 path=0.0223 cap=0.00504 | Lg=+0.9961 | 3s
  280 acq  m=8 hq=0.413 fail | Dr=+0.664/+1.106 |Dr|max=1.106 Df=+0.477 | g r=0.224 f=0.437 p=0.445(0.011) max=1.446 | Ld=-0.0316 base=-0.225 r1=0.115 path=0.0352 cap=0.0424 | Lg=+0.8033 | 4s
  290 acq  m=6 hq=0.039 fail | Dr=+0.611/+1.367 |Dr|max=1.367 Df=+0.301 | g r=0.240 f=0.692 p=0.542(0.019) max=1.324 | Ld=-0.1507 base=-0.263 r1=0.0796 path=0.0236 cap=0.00929 | Lg=+0.9142 | 4s
  300 acq  m=7 hq=0.235 fail | Dr=+0.658/+1.471 |Dr|max=1.471 Df=+0.374 | g r=0.221 f=0.647 p=0.563(0.003) max=1.792 | Ld=-0.1376 base=-0.255 r1=0.0534 path=0.0511 cap=0.0133 | Lg=+0.9195 | 4s
  310 acq  m=8 hq=0.165 fail | Dr=+0.535/+1.143 |Dr|max=1.143 Df=+0.270 | g r=0.174 f=0.610 p=0.513(0.006) max=1.268 | Ld=-0.1511 base=-0.248 r1=0.0477 path=0.0304 cap=0.0185 | Lg=+0.9086 | 4s
  320 acq  m=3 hq=0.037 fail | Dr=+0.841/+2.319 |Dr|max=2.319 Df=+0.329 | g r=0.258 f=0.571 p=0.700(0.005) max=2.038 | Ld=-0.1810 base=-0.255 r1=0.0444 path=0.0231 cap=0.00668 | Lg=+1.1000 | 4s
  330 acq  m=8 hq=0.308 fail | Dr=+0.465/+1.044 |Dr|max=1.044 Df=+0.247 | g r=0.240 f=0.512 p=0.526(0.006) max=1.639 | Ld=-0.2177 base=-0.33 r1=0.0654 path=0.0101 cap=0.0368 | Lg=+0.9188 | 4s
  340 acq  m=8 hq=0.372 fail | Dr=+0.839/+1.668 |Dr|max=1.668 Df=+0.592 | g r=0.187 f=0.523 p=0.550(0.004) max=1.772 | Ld=-0.1419 base=-0.204 r1=0.0329 path=0.025 cap=0.00409 | Lg=+0.8782 | 4s
  350 acq  m=8 hq=0.395 fail | Dr=+0.702/+2.050 |Dr|max=2.050 Df=+0.417 | g r=0.159 f=0.414 p=0.580(0.006) max=1.618 | Ld=-0.1848 base=-0.241 r1=0.0312 path=0.021 cap=0.00362 | Lg=+0.9901 | 4s
  360 acq  m=7 hq=0.238 fail | Dr=+0.392/+1.419 |Dr|max=1.419 Df=+0.139 | g r=0.246 f=0.533 p=0.561(0.013) max=1.511 | Ld=-0.1246 base=-0.248 r1=0.0718 path=0.0375 cap=0.0139 | Lg=+0.9474 | 4s
  370 acq  m=8 hq=0.370 fail | Dr=+0.475/+1.265 |Dr|max=1.265 Df=+0.244 | g r=0.179 f=0.464 p=0.498(0.011) max=1.315 | Ld=-0.1340 base=-0.22 r1=0.0535 path=0.0144 cap=0.0181 | Lg=+0.9071 | 4s
  380 acq  m=8 hq=0.485 fail | Dr=+0.519/+1.583 |Dr|max=1.583 Df=+0.278 | g r=0.185 f=0.400 p=0.507(0.005) max=1.681 | Ld=-0.1394 base=-0.212 r1=0.0423 path=0.019 cap=0.0112 | Lg=+0.9317 | 5s
  390 acq  m=6 hq=0.244 fail | Dr=+0.425/+2.421 |Dr|max=2.421 Df=+0.127 | g r=0.246 f=0.478 p=0.628(0.010) max=2.102 | Ld=-0.1543 base=-0.2 r1=0.0301 path=0.0113 cap=0.00461 | Lg=+1.1485 | 5s
  400 acq  m=8 hq=0.612 fail | Dr=+0.530/+1.359 |Dr|max=1.359 Df=+0.366 | g r=0.145 f=0.268 p=0.399(0.005) max=1.575 | Ld=-0.0590 base=-0.122 r1=0.0349 path=0.0278 cap=0.00022 | Lg=+0.8525 | 5s
  410 acq  m=8 hq=0.417 fail | Dr=+0.440/+1.252 |Dr|max=1.252 Df=+0.247 | g r=0.230 f=0.381 p=0.451(0.004) max=1.349 | Ld=-0.2079 base=-0.333 r1=0.0577 path=0.0172 cap=0.0498 | Lg=+0.9042 | 5s
  420 acq  m=8 hq=0.235 fail | Dr=+0.675/+1.841 |Dr|max=1.841 Df=+0.371 | g r=0.166 f=0.541 p=0.558(0.012) max=1.568 | Ld=-0.2108 base=-0.273 r1=0.0432 path=0.0102 cap=0.00906 | Lg=+1.0044 | 5s
  430 acq  m=8 hq=0.562 fail | Dr=+0.705/+2.028 |Dr|max=2.028 Df=+0.475 | g r=0.221 f=0.440 p=0.565(0.009) max=1.671 | Ld=-0.1338 base=-0.189 r1=0.0298 path=0.0163 cap=0.00856 | Lg=+0.9427 | 5s
  440 acq  m=8 hq=0.608 fail | Dr=+0.497/+1.704 |Dr|max=1.704 Df=+0.284 | g r=0.147 f=0.287 p=0.513(0.004) max=1.446 | Ld=-0.1447 base=-0.21 r1=0.0361 path=0.0103 cap=0.0184 | Lg=+0.9589 | 5s
  450 acq  m=6 hq=0.318 fail | Dr=+0.468/+1.515 |Dr|max=1.515 Df=+0.197 | g r=0.179 f=0.465 p=0.570(0.006) max=1.530 | Ld=-0.1586 base=-0.232 r1=0.0281 path=0.0268 cap=0.0185 | Lg=+0.9736 | 5s
  460 acq  m=7 hq=0.365 fail | Dr=+0.377/+1.604 |Dr|max=1.604 Df=+0.090 | g r=0.177 f=0.514 p=0.562(0.007) max=1.512 | Ld=-0.1352 base=-0.241 r1=0.0523 path=0.0434 cap=0.0097 | Lg=+0.9815 | 5s
  470 acq  m=8 hq=0.247 fail | Dr=+0.398/+1.932 |Dr|max=1.932 Df=+0.110 | g r=0.209 f=0.442 p=0.581(0.003) max=1.634 | Ld=-0.1345 base=-0.229 r1=0.0468 path=0.0296 cap=0.0177 | Lg=+1.0299 | 5s
  480 acq  m=8 hq=0.412 fail | Dr=+0.435/+1.401 |Dr|max=1.401 Df=+0.218 | g r=0.132 f=0.450 p=0.503(0.004) max=1.504 | Ld=-0.0841 base=-0.157 r1=0.0305 path=0.0362 cap=0.00641 | Lg=+0.8969 | 6s
  490 acq  m=8 hq=0.796 fail | Dr=+0.470/+1.901 |Dr|max=1.901 Df=+0.263 | g r=0.149 f=0.251 p=0.517(0.006) max=1.522 | Ld=-0.1240 base=-0.176 r1=0.0278 path=0.017 cap=0.00748 | Lg=+0.9407 | 6s
  500 acq  m=3 hq=0.088 fail | Dr=+0.183/+0.341 |Dr|max=0.341 Df=+0.117 | g r=0.153 f=0.281 p=0.325(0.004) max=1.830 | Ld=+0.7258 base=-0.36 r1=0.155 path=0.25 cap=0.68 | Lg=+0.7561 | 6s
  510 acq  m=6 hq=0.271 fail | Dr=+0.493/+1.465 |Dr|max=1.465 Df=+0.303 | g r=0.171 f=0.497 p=0.474(0.008) max=1.687 | Ld=-0.0912 base=-0.198 r1=0.079 path=0.0151 cap=0.0129 | Lg=+0.8907 | 6s
  520 acq  m=8 hq=0.624 fail | Dr=+0.651/+1.971 |Dr|max=1.971 Df=+0.460 | g r=0.130 f=0.314 p=0.500(0.001) max=1.457 | Ld=-0.1184 base=-0.171 r1=0.036 path=0.0137 cap=0.00343 | Lg=+0.9320 | 6s
  530 acq  m=5 hq=0.324 fail | Dr=+0.540/+1.840 |Dr|max=1.840 Df=+0.301 | g r=0.191 f=0.527 p=0.587(0.011) max=1.432 | Ld=-0.1448 base=-0.207 r1=0.0312 path=0.0177 cap=0.0137 | Lg=+0.9454 | 6s
  540 acq  m=7 hq=0.561 fail | Dr=+0.745/+2.033 |Dr|max=2.033 Df=+0.540 | g r=0.201 f=0.395 p=0.565(0.005) max=1.672 | Ld=-0.1201 base=-0.228 r1=0.0538 path=0.0403 cap=0.0135 | Lg=+0.9765 | 6s
  550 acq  m=5 hq=0.233 fail | Dr=+0.414/+1.000 |Dr|max=1.000 Df=+0.134 | g r=0.181 f=0.456 p=0.553(0.001) max=2.281 | Ld=-0.0135 base=-0.166 r1=0.0839 path=0.0644 cap=0.00385 | Lg=+0.9202 | 6s
  560 acq  m=8 hq=0.665 fail | Dr=+0.777/+2.456 |Dr|max=2.456 Df=+0.550 | g r=0.149 f=0.266 p=0.554(0.005) max=1.637 | Ld=-0.1830 base=-0.238 r1=0.0277 path=0.0185 cap=0.00909 | Lg=+1.0229 | 6s
  570 acq  m=8 hq=0.638 fail | Dr=+0.343/+2.069 |Dr|max=2.069 Df=+0.128 | g r=0.181 f=0.196 p=0.593(0.000) max=1.620 | Ld=-0.1515 base=-0.188 r1=0.0258 path=0.00543 cap=0.0056 | Lg=+1.0614 | 6s
  580 acq  m=8 hq=0.808 fail | Dr=+0.443/+1.567 |Dr|max=1.567 Df=+0.292 | g r=0.121 f=0.164 p=0.416(0.006) max=1.164 | Ld=-0.0827 base=-0.183 r1=0.0355 path=0.0247 cap=0.0404 | Lg=+0.8736 | 7s
  590 acq  m=8 hq=0.693 fail | Dr=+0.632/+2.079 |Dr|max=2.079 Df=+0.478 | g r=0.269 f=0.300 p=0.463(0.003) max=1.427 | Ld=-0.0117 base=-0.0906 r1=0.0508 path=0.0266 cap=0.00151 | Lg=+0.9217 | 7s
  600 acq  m=8 hq=0.769 fail | Dr=+0.236/+1.380 |Dr|max=1.380 Df=+0.059 | g r=0.137 f=0.173 p=0.486(0.007) max=1.412 | Ld=-0.1524 base=-0.224 r1=0.0281 path=0.0165 cap=0.0265 | Lg=+0.9309 | 7s
  610 acq  m=8 hq=0.804 fail | Dr=+0.659/+2.192 |Dr|max=2.192 Df=+0.486 | g r=0.110 f=0.165 p=0.468(0.002) max=1.310 | Ld=-0.1066 base=-0.155 r1=0.0189 path=0.0277 cap=0.00185 | Lg=+0.9453 | 7s
  620 acq  m=8 hq=0.749 fail | Dr=+0.471/+1.801 |Dr|max=1.801 Df=+0.321 | g r=0.132 f=0.170 p=0.466(0.011) max=1.291 | Ld=-0.0802 base=-0.188 r1=0.0333 path=0.026 cap=0.0483 | Lg=+0.9151 | 7s
  630 acq  m=8 hq=0.447 fail | Dr=+0.378/+1.217 |Dr|max=1.217 Df=+0.261 | g r=0.177 f=0.194 p=0.458(0.014) max=1.299 | Ld=-0.0901 base=-0.15 r1=0.0352 path=0.00774 cap=0.0166 | Lg=+0.8694 | 7s
  640 acq  m=8 hq=0.859 fail | Dr=+0.402/+1.506 |Dr|max=1.506 Df=+0.250 | g r=0.106 f=0.149 p=0.477(0.002) max=1.284 | Ld=-0.1124 base=-0.142 r1=0.0164 path=0.0134 cap=9.33e-05 | Lg=+0.9007 | 7s
  650 acq  m=8 hq=0.837 fail | Dr=+0.179/+1.251 |Dr|max=1.251 Df=+0.027 | g r=0.135 f=0.179 p=0.427(0.002) max=1.487 | Ld=-0.0599 base=-0.0904 r1=0.0227 path=0.00753 cap=0.000254 | Lg=+0.8659 | 7s
  660 acq  m=8 hq=0.845 fail | Dr=+0.417/+2.364 |Dr|max=2.364 Df=+0.200 | g r=0.116 f=0.157 p=0.576(0.003) max=1.562 | Ld=-0.1289 base=-0.178 r1=0.0243 path=0.024 cap=0.000982 | Lg=+1.0488 | 7s
  670 acq  m=8 hq=0.754 fail | Dr=+0.094/+1.196 |Dr|max=1.196 Df=-0.041 | g r=0.196 f=0.199 p=0.438(0.001) max=1.198 | Ld=-0.0414 base=-0.206 r1=0.0659 path=0.0383 cap=0.0603 | Lg=+0.8780 | 7s
  680 acq  m=8 hq=0.789 fail | Dr=+0.548/+1.457 |Dr|max=1.457 Df=+0.437 | g r=0.133 f=0.156 p=0.351(0.004) max=1.013 | Ld=-0.0512 base=-0.197 r1=0.045 path=0.0479 cap=0.0527 | Lg=+0.8201 | 8s
  690 acq  m=6 hq=0.438 fail | Dr=+0.157/+1.216 |Dr|max=1.216 Df=-0.021 | g r=0.236 f=0.386 p=0.454(0.006) max=1.420 | Ld=+0.2162 base=-0.106 r1=0.0374 path=0.239 cap=0.0457 | Lg=+0.8882 | 8s
  700 acq  m=8 hq=0.836 fail | Dr=+0.770/+2.372 |Dr|max=2.372 Df=+0.603 | g r=0.122 f=0.153 p=0.499(0.002) max=1.358 | Ld=-0.1339 base=-0.178 r1=0.0234 path=0.0101 cap=0.011 | Lg=+0.9640 | 8s
  710 acq  m=8 hq=0.429 fail | Dr=+0.577/+2.600 |Dr|max=2.600 Df=+0.349 | g r=0.187 f=0.349 p=0.669(0.005) max=1.617 | Ld=-0.1636 base=-0.207 r1=0.0221 path=0.0187 cap=0.00239 | Lg=+1.0988 | 8s
  720 acq  m=8 hq=0.769 fail | Dr=+0.310/+1.577 |Dr|max=1.577 Df=+0.167 | g r=0.142 f=0.194 p=0.441(0.005) max=1.329 | Ld=-0.0901 base=-0.162 r1=0.0365 path=0.0335 cap=0.00186 | Lg=+0.9061 | 8s
  730 acq  m=8 hq=0.862 fail | Dr=+0.574/+1.898 |Dr|max=1.898 Df=+0.448 | g r=0.106 f=0.132 p=0.404(0.002) max=1.228 | Ld=-0.0290 base=-0.0885 r1=0.0414 path=0.0174 cap=0.000738 | Lg=+0.8634 | 8s
  740 acq  m=8 hq=0.841 fail | Dr=+0.373/+1.610 |Dr|max=1.610 Df=+0.242 | g r=0.144 f=0.158 p=0.427(0.001) max=1.217 | Ld=-0.1051 base=-0.194 r1=0.0295 path=0.0235 cap=0.0359 | Lg=+0.8746 | 8s
  750 acq  m=8 hq=0.743 fail | Dr=-0.074/+0.852 |Dr|max=1.176 Df=-0.176 | g r=0.167 f=0.168 p=0.417(0.001) max=1.045 | Ld=-0.0839 base=-0.172 r1=0.0308 path=0.0291 cap=0.0282 | Lg=+0.8254 | 8s
  760 acq  m=8 hq=0.640 fail | Dr=+0.142/+1.650 |Dr|max=1.650 Df=-0.015 | g r=0.102 f=0.256 p=0.516(0.005) max=1.488 | Ld=-0.1135 base=-0.139 r1=0.0143 path=0.0107 cap=0.000386 | Lg=+0.9679 | 8s
  770 acq  m=8 hq=0.872 fail | Dr=+0.407/+1.959 |Dr|max=1.959 Df=+0.249 | g r=0.121 f=0.168 p=0.498(0.003) max=1.352 | Ld=-0.0821 base=-0.127 r1=0.0301 path=0.0142 cap=0.000245 | Lg=+0.9428 | 8s
  780 acq  m=8 hq=0.820 fail | Dr=+0.164/+1.698 |Dr|max=1.698 Df=+0.026 | g r=0.184 f=0.213 p=0.526(0.012) max=1.807 | Ld=-0.1238 base=-0.188 r1=0.0188 path=0.0301 cap=0.0152 | Lg=+0.9720 | 9s
  790 acq  m=8 hq=0.752 fail | Dr=+0.112/+1.633 |Dr|max=1.633 Df=-0.033 | g r=0.157 f=0.215 p=0.480(0.002) max=1.220 | Ld=-0.0091 base=-0.0804 r1=0.0453 path=0.0259 cap=8.39e-05 | Lg=+0.9188 | 9s
  800 acq  m=8 hq=0.642 fail | Dr=+0.551/+2.214 |Dr|max=2.214 Df=+0.386 | g r=0.129 f=0.195 p=0.509(0.006) max=1.460 | Ld=-0.1755 base=-0.237 r1=0.0343 path=0.00844 cap=0.0185 | Lg=+0.9925 | 9s
  810 acq  m=8 hq=0.876 fail | Dr=+0.209/+1.947 |Dr|max=1.947 Df=+0.051 | g r=0.096 f=0.119 p=0.496(0.003) max=1.416 | Ld=-0.0766 base=-0.123 r1=0.0267 path=0.0198 cap=3.56e-05 | Lg=+0.9555 | 9s
  820 acq  m=8 hq=0.255 fail | Dr=+0.620/+2.633 |Dr|max=2.633 Df=+0.436 | g r=0.270 f=0.317 p=0.682(0.012) max=1.997 | Ld=-0.1715 base=-0.264 r1=0.0474 path=0.0367 cap=0.00861 | Lg=+1.1680 | 9s
  830 acq  m=7 hq=0.615 fail | Dr=+0.601/+2.271 |Dr|max=2.271 Df=+0.381 | g r=0.136 f=0.406 p=0.591(0.004) max=1.449 | Ld=-0.1036 base=-0.153 r1=0.0224 path=0.0237 cap=0.0033 | Lg=+0.9685 | 9s
  840 acq  m=8 hq=0.819 fail | Dr=+0.308/+2.108 |Dr|max=2.108 Df=+0.145 | g r=0.162 f=0.197 p=0.561(0.004) max=1.366 | Ld=-0.0882 base=-0.136 r1=0.0255 path=0.0201 cap=0.0028 | Lg=+0.9614 | 9s
  850 acq  m=8 hq=0.773 fail | Dr=+0.923/+2.419 |Dr|max=2.419 Df=+0.791 | g r=0.142 f=0.150 p=0.452(0.004) max=1.269 | Ld=-0.0842 base=-0.122 r1=0.0228 path=0.00903 cap=0.00638 | Lg=+0.9175 | 9s
  860 acq  m=8 hq=0.901 PASS | Dr=+0.268/+2.018 |Dr|max=2.018 Df=+0.123 | g r=0.120 f=0.141 p=0.492(0.004) max=1.523 | Ld=-0.0656 base=-0.0971 r1=0.0133 path=0.0178 cap=0.000407 | Lg=+0.9626 | 9s
  870 acq  m=8 hq=0.883 fail | Dr=+0.886/+2.448 |Dr|max=2.448 Df=+0.744 | g r=0.117 f=0.141 p=0.498(0.008) max=1.486 | Ld=-0.0976 base=-0.144 r1=0.0359 path=0.0107 cap=3.76e-05 | Lg=+0.9510 | 9s
  880 acq  m=8 hq=0.762 fail | Dr=+0.318/+1.967 |Dr|max=1.967 Df=+0.162 | g r=0.120 f=0.234 p=0.507(0.003) max=1.463 | Ld=-0.0780 base=-0.132 r1=0.0262 path=0.0273 cap=5.03e-05 | Lg=+0.9689 | 10s
  890 acq  m=8 hq=0.774 fail | Dr=+0.692/+2.256 |Dr|max=2.256 Df=+0.552 | g r=0.159 f=0.205 p=0.515(0.003) max=1.614 | Ld=-0.1715 base=-0.232 r1=0.0201 path=0.0155 cap=0.0246 | Lg=+0.9696 | 10s
  900 acq  m=8 hq=0.804 fail | Dr=+0.707/+2.760 |Dr|max=2.760 Df=+0.542 | g r=0.156 f=0.203 p=0.621(0.005) max=1.374 | Ld=-0.1316 base=-0.167 r1=0.0188 path=0.0117 cap=0.00503 | Lg=+1.0486 | 10s
  910 acq  m=8 hq=0.898 fail | Dr=+0.403/+1.861 |Dr|max=1.861 Df=+0.273 | g r=0.086 f=0.102 p=0.425(0.002) max=1.127 | Ld=-0.0584 base=-0.103 r1=0.0235 path=0.0208 | Lg=+0.8868 | 10s
  920 acq  m=8 hq=0.482 fail | Dr=+0.659/+1.765 |Dr|max=1.765 Df=+0.543 | g r=0.151 f=0.339 p=0.465(0.006) max=1.359 | Ld=-0.0426 base=-0.13 r1=0.0525 path=0.031 cap=0.00389 | Lg=+0.8664 | 10s
  930 acq  m=8 hq=0.794 fail | Dr=+0.408/+1.273 |Dr|max=1.273 Df=+0.316 | g r=0.104 f=0.173 p=0.353(0.002) max=1.287 | Ld=-0.0565 base=-0.084 r1=0.0201 path=0.00682 cap=0.000561 | Lg=+0.7983 | 10s
  940 acq  m=8 hq=0.841 fail | Dr=+0.669/+2.336 |Dr|max=2.336 Df=+0.527 | g r=0.113 f=0.152 p=0.512(0.004) max=1.441 | Ld=-0.1070 base=-0.134 r1=0.0151 path=0.00549 cap=0.00599 | Lg=+0.9612 | 10s
  950 acq  m=8 hq=0.880 fail | Dr=+0.681/+2.354 |Dr|max=2.354 Df=+0.534 | g r=0.105 f=0.134 p=0.525(0.006) max=1.366 | Ld=-0.1147 base=-0.163 r1=0.0346 path=0.012 cap=0.00219 | Lg=+0.9555 | 10s
  960 acq  m=8 hq=0.753 fail | Dr=+0.313/+1.370 |Dr|max=1.370 Df=+0.212 | g r=0.139 f=0.145 p=0.465(0.007) max=1.332 | Ld=-0.0905 base=-0.146 r1=0.0146 path=0.0199 cap=0.0208 | Lg=+0.8795 | 10s
  970 acq  m=8 hq=0.604 fail | Dr=+0.604/+2.312 |Dr|max=2.312 Df=+0.429 | g r=0.142 f=0.330 p=0.579(0.005) max=1.548 | Ld=-0.1156 base=-0.153 r1=0.0267 path=0.0103 cap=0.000274 | Lg=+1.0133 | 10s
  980 acq  m=8 hq=0.879 fail | Dr=+0.582/+1.877 |Dr|max=1.877 Df=+0.455 | g r=0.138 f=0.144 p=0.460(0.001) max=1.637 | Ld=-0.0836 base=-0.113 r1=0.0142 path=0.0119 cap=0.0031 | Lg=+0.8885 | 11s
  990 acq  m=8 hq=0.878 fail | Dr=+0.417/+1.949 |Dr|max=1.949 Df=+0.302 | g r=0.121 f=0.116 p=0.485(0.003) max=1.414 | Ld=-0.0668 base=-0.108 r1=0.0196 path=0.0204 cap=0.00127 | Lg=+0.9276 | 11s
 1000 acq  m=8 hq=0.829 fail | Dr=+0.248/+1.816 |Dr|max=1.816 Df=+0.132 | g r=0.103 f=0.112 p=0.425(0.003) max=1.128 | Ld=-0.0812 base=-0.137 r1=0.0157 path=0.0156 cap=0.024 | Lg=+0.9408 | 11s
 1010 acq  m=8 hq=0.871 fail | Dr=+1.054/+2.629 |Dr|max=2.629 Df=+0.915 | g r=0.154 f=0.172 p=0.488(0.006) max=1.326 | Ld=-0.0682 base=-0.119 r1=0.0302 path=0.0201 cap=4.95e-05 | Lg=+0.9194 | 11s
 1020 acq  m=8 hq=0.823 fail | Dr=+0.410/+2.159 |Dr|max=2.159 Df=+0.269 | g r=0.142 f=0.157 p=0.514(0.003) max=1.406 | Ld=-0.0756 base=-0.128 r1=0.0295 path=0.0231 cap=0.000104 | Lg=+0.9828 | 11s
 1030 acq  m=8 hq=0.913 PASS | Dr=+0.583/+1.924 |Dr|max=1.924 Df=+0.474 | g r=0.065 f=0.092 p=0.438(0.002) max=1.428 | Ld=-0.0336 base=-0.0774 r1=0.00636 path=0.0373 cap=9.53e-05 | Lg=+0.8591 | 11s
 1040 acq  m=8 hq=0.878 fail | Dr=+0.794/+3.232 |Dr|max=3.232 Df=+0.624 | g r=0.126 f=0.161 p=0.692(0.005) max=1.691 | Ld=-0.1381 base=-0.198 r1=0.0172 path=0.0383 cap=0.00406 | Lg=+1.1808 | 11s
 1050 acq  m=8 hq=0.931 PASS | Dr=+0.610/+2.489 |Dr|max=2.489 Df=+0.465 | g r=0.084 f=0.096 p=0.533(0.004) max=1.341 | Ld=-0.1072 base=-0.141 r1=0.0155 path=0.0123 cap=0.00575 | Lg=+0.9924 | 11s
 1060 acq  m=8 hq=0.825 fail | Dr=+0.129/+2.348 |Dr|max=2.348 Df=-0.010 | g r=0.147 f=0.139 p=0.551(0.002) max=1.538 | Ld=-0.0748 base=-0.12 r1=0.0199 path=0.0192 cap=0.00629 | Lg=+1.0775 | 11s
 1070 acq  m=5 hq=0.409 fail | Dr=+0.990/+2.397 |Dr|max=2.397 Df=+0.881 | g r=0.146 f=0.173 p=0.457(0.007) max=1.210 | Ld=-0.0826 base=-0.193 r1=0.0555 path=0.0243 cap=0.0302 | Lg=+0.9219 | 11s
 1080 acq  m=4 hq=0.277 fail | Dr=+0.393/+1.921 |Dr|max=1.921 Df=+0.250 | g r=0.118 f=0.374 p=0.516(0.008) max=1.541 | Ld=-0.1381 base=-0.193 r1=0.0407 path=0.00781 cap=0.00642 | Lg=+1.0121 | 12s
 1090 acq  m=3 hq=0.018 fail | Dr=+0.411/+1.711 |Dr|max=1.711 Df=+0.154 | g r=0.154 f=0.623 p=0.554(0.007) max=1.315 | Ld=-0.1283 base=-0.175 r1=0.0372 path=0.00635 cap=0.00338 | Lg=+0.8986 | 12s
 1100 acq  m=8 hq=0.455 fail | Dr=+0.496/+2.062 |Dr|max=2.062 Df=+0.345 | g r=0.185 f=0.424 p=0.559(0.003) max=1.401 | Ld=-0.1394 base=-0.225 r1=0.0428 path=0.0215 cap=0.021 | Lg=+0.9855 | 12s
 1110 acq  m=7 hq=0.516 fail | Dr=+0.547/+1.973 |Dr|max=1.973 Df=+0.403 | g r=0.145 f=0.432 p=0.534(0.003) max=1.256 | Ld=-0.1062 base=-0.173 r1=0.0295 path=0.0221 cap=0.0151 | Lg=+0.9227 | 12s
 1120 acq  m=6 hq=0.465 fail | Dr=+0.162/+1.442 |Dr|max=1.442 Df=-0.029 | g r=0.146 f=0.341 p=0.522(0.005) max=1.288 | Ld=-0.0764 base=-0.125 r1=0.0248 path=0.0172 cap=0.00643 | Lg=+0.8974 | 12s
 1130 acq  m=1 hq=0.001 fail | Dr=+0.213/+1.688 |Dr|max=1.688 Df=-0.051 | g r=0.229 f=0.690 p=0.663(0.002) max=1.836 | Ld=-0.1758 base=-0.279 r1=0.0284 path=0.0524 cap=0.0221 | Lg=+1.0716 | 12s
 1140 acq  m=8 hq=0.909 PASS | Dr=+0.386/+1.916 |Dr|max=1.916 Df=+0.280 | g r=0.100 f=0.137 p=0.476(0.004) max=1.405 | Ld=-0.0957 base=-0.119 r1=0.0157 path=0.00353 cap=0.00366 | Lg=+0.8957 | 12s
 1150 acq  m=8 hq=0.891 fail | Dr=+0.387/+2.498 |Dr|max=2.498 Df=+0.252 | g r=0.138 f=0.166 p=0.598(0.012) max=1.519 | Ld=-0.1386 base=-0.178 r1=0.0184 path=0.0124 cap=0.00907 | Lg=+1.1054 | 12s
 1160 acq  m=8 hq=0.884 fail | Dr=+0.491/+2.502 |Dr|max=2.502 Df=+0.366 | g r=0.128 f=0.127 p=0.601(0.003) max=1.714 | Ld=-0.0974 base=-0.125 r1=0.0175 path=0.00895 cap=0.00104 | Lg=+1.0479 | 12s
 1170 acq  m=8 hq=0.872 fail | Dr=-0.047/+1.300 |Dr|max=1.631 Df=-0.131 | g r=0.123 f=0.137 p=0.472(0.001) max=1.315 | Ld=-0.0284 base=-0.0792 r1=0.0237 path=0.0199 cap=0.00723 | Lg=+0.9085 | 12s
 1180 acq  m=8 hq=0.837 fail | Dr=+0.278/+2.025 |Dr|max=2.025 Df=+0.167 | g r=0.146 f=0.156 p=0.563(0.003) max=1.439 | Ld=-0.0933 base=-0.148 r1=0.0249 path=0.0234 cap=0.00682 | Lg=+0.9764 | 13s
 1190 acq  m=8 hq=0.852 fail | Dr=+0.189/+1.234 |Dr|max=1.234 Df=+0.102 | g r=0.146 f=0.161 p=0.425(0.005) max=1.327 | Ld=-0.0443 base=-0.104 r1=0.026 path=0.0239 cap=0.00982 | Lg=+0.8433 | 13s
 1200 acq  m=8 hq=0.575 fail | Dr=-0.126/+1.409 |Dr|max=1.511 Df=-0.195 | g r=0.365 f=0.339 p=0.494(0.010) max=1.737 | Ld=+0.1557 base=0.00301 r1=0.097 path=0.0526 cap=0.00306 | Lg=+0.9649 | 13s
 1210 hold m=8 hq=0.884 fail | Dr=+0.609/+2.119 |Dr|max=2.119 Df=+0.515 | g r=0.152 f=0.165 p=0.586(0.008) max=1.555 | Ld=-0.1026 base=-0.14 r1=0.0149 path=0.0157 cap=0.00711 | Lg=+0.9950 | 13s
 1220 hold m=8 hq=0.917 PASS | Dr=+0.573/+2.556 |Dr|max=2.556 Df=+0.438 | g r=0.099 f=0.115 p=0.607(0.003) max=1.551 | Ld=-0.1103 base=-0.135 r1=0.0107 path=0.0104 cap=0.00382 | Lg=+1.0128 | 13s
 1230 hold m=8 hq=0.894 fail | Dr=+0.648/+2.553 |Dr|max=2.553 Df=+0.529 | g r=0.105 f=0.134 p=0.528(0.001) max=1.352 | Ld=-0.0821 base=-0.114 r1=0.0157 path=0.0131 cap=0.00326 | Lg=+0.9727 | 13s
 1240 hold m=8 hq=0.911 PASS | Dr=+0.476/+2.115 |Dr|max=2.115 Df=+0.374 | g r=0.102 f=0.112 p=0.515(0.001) max=1.462 | Ld=-0.0760 base=-0.118 r1=0.015 path=0.026 cap=0.000869 | Lg=+0.9577 | 13s
 1250 hold m=8 hq=0.904 PASS | Dr=+0.385/+1.802 |Dr|max=1.802 Df=+0.293 | g r=0.110 f=0.112 p=0.481(0.001) max=1.187 | Ld=-0.0490 base=-0.106 r1=0.0411 path=0.0151 cap=0.000924 | Lg=+0.9355 | 13s
 1260 hold m=8 hq=0.417 fail | Dr=+0.215/+1.545 |Dr|max=1.545 Df=+0.024 | g r=0.174 f=0.359 p=0.525(0.002) max=1.649 | Ld=-0.0289 base=-0.083 r1=0.0164 path=0.0348 cap=0.00284 | Lg=+0.9246 | 13s
 1270 hold m=8 hq=0.439 fail | Dr=+0.579/+1.612 |Dr|max=1.612 Df=+0.471 | g r=0.126 f=0.302 p=0.467(0.006) max=1.196 | Ld=-0.0605 base=-0.126 r1=0.0406 path=0.0249 cap=5.26e-06 | Lg=+0.8386 | 13s
 1280 hold m=8 hq=0.901 PASS | Dr=+0.448/+1.982 |Dr|max=1.982 Df=+0.352 | g r=0.117 f=0.137 p=0.528(0.007) max=1.385 | Ld=-0.0618 base=-0.0875 r1=0.0134 path=0.011 cap=0.00127 | Lg=+0.9345 | 13s
 1290 hold m=7 hq=0.350 fail | Dr=+0.444/+1.102 |Dr|max=1.102 Df=+0.331 | g r=0.139 f=0.277 p=0.400(0.002) max=1.080 | Ld=+0.0759 base=-0.128 r1=0.0315 path=0.108 cap=0.0641 | Lg=+0.8124 | 14s
 1300 hold m=8 hq=0.594 fail | Dr=+0.632/+2.013 |Dr|max=2.013 Df=+0.529 | g r=0.163 f=0.290 p=0.474(0.008) max=1.434 | Ld=-0.0804 base=-0.109 r1=0.0188 path=0.00744 cap=0.00235 | Lg=+0.8990 | 14s
 1310 hold m=8 hq=0.939 PASS | Dr=+0.247/+1.468 |Dr|max=1.468 Df=+0.163 | g r=0.142 f=0.138 p=0.454(0.004) max=1.146 | Ld=-0.0174 base=-0.0741 r1=0.0397 path=0.0147 cap=0.00237 | Lg=+0.8774 | 14s
 1320 hold m=8 hq=0.935 PASS | Dr=+0.631/+2.289 |Dr|max=2.289 Df=+0.520 | g r=0.125 f=0.135 p=0.578(0.008) max=1.633 | Ld=-0.0660 base=-0.123 r1=0.0248 path=0.0288 cap=0.00367 | Lg=+0.9831 | 14s
 1330 hold m=8 hq=0.933 PASS | Dr=+0.599/+2.081 |Dr|max=2.081 Df=+0.503 | g r=0.091 f=0.099 p=0.465(0.003) max=1.314 | Ld=-0.0655 base=-0.0894 r1=0.0157 path=0.0081 cap=5.91e-05 | Lg=+0.8942 | 14s
 1340 hold m=8 hq=0.919 PASS | Dr=+0.455/+2.037 |Dr|max=2.037 Df=+0.368 | g r=0.119 f=0.114 p=0.492(0.004) max=1.417 | Ld=-0.0636 base=-0.103 r1=0.0183 path=0.0118 cap=0.00904 | Lg=+0.9666 | 14s
 1350 hold m=8 hq=0.926 PASS | Dr=+0.447/+1.923 |Dr|max=1.923 Df=+0.365 | g r=0.086 f=0.100 p=0.410(0.003) max=1.130 | Ld=-0.0219 base=-0.0576 r1=0.0167 path=0.0128 cap=0.00626 | Lg=+0.8762 | 14s
 1360 hold m=8 hq=0.779 fail | Dr=+0.427/+1.802 |Dr|max=1.802 Df=+0.344 | g r=0.182 f=0.186 p=0.503(0.006) max=1.382 | Ld=-0.0918 base=-0.154 r1=0.0216 path=0.0257 cap=0.0153 | Lg=+0.9441 | 14s
 1370 hold m=8 hq=0.929 PASS | Dr=+0.391/+2.228 |Dr|max=2.228 Df=+0.287 | g r=0.085 f=0.097 p=0.520(0.002) max=1.327 | Ld=-0.0626 base=-0.0953 r1=0.0139 path=0.0175 cap=0.0013 | Lg=+0.9567 | 14s
 1380 hold m=8 hq=0.929 PASS | Dr=+0.686/+2.150 |Dr|max=2.150 Df=+0.605 | g r=0.110 f=0.105 p=0.413(0.004) max=1.359 | Ld=+0.0030 base=-0.0589 r1=0.0404 path=0.0215 cap=4.19e-05 | Lg=+0.8634 | 14s
 1390 hold m=8 hq=0.924 PASS | Dr=+0.388/+2.029 |Dr|max=2.029 Df=+0.294 | g r=0.138 f=0.144 p=0.476(0.003) max=1.177 | Ld=-0.0327 base=-0.0835 r1=0.0305 path=0.0178 cap=0.00254 | Lg=+0.8988 | 15s
 1400 hold m=8 hq=0.914 PASS | Dr=+0.188/+1.945 |Dr|max=1.945 Df=+0.091 | g r=0.113 f=0.123 p=0.532(0.002) max=1.389 | Ld=-0.0579 base=-0.0899 r1=0.0176 path=0.0142 cap=0.000196 | Lg=+0.9408 | 15s
 1410 hold m=8 hq=0.863 fail | Dr=-0.326/+1.206 |Dr|max=1.842 Df=-0.411 | g r=0.187 f=0.215 p=0.481(0.000) max=1.424 | Ld=+0.0074 base=-0.0767 r1=0.0531 path=0.031 cap=3.27e-05 | Lg=+0.8902 | 15s
 1420 hold m=8 hq=0.929 PASS | Dr=+0.153/+1.606 |Dr|max=1.606 Df=+0.074 | g r=0.079 f=0.081 p=0.514(0.003) max=1.276 | Ld=-0.0469 base=-0.0683 r1=0.00821 path=0.0103 cap=0.00292 | Lg=+0.8998 | 15s
 1430 hold m=8 hq=0.927 PASS | Dr=+0.496/+2.618 |Dr|max=2.618 Df=+0.380 | g r=0.074 f=0.091 p=0.562(0.003) max=1.514 | Ld=-0.0943 base=-0.118 r1=0.00936 path=0.014 cap=3.08e-07 | Lg=+1.0523 | 15s
 1440 hold m=8 hq=0.943 PASS | Dr=+0.145/+2.282 |Dr|max=2.282 Df=+0.046 | g r=0.121 f=0.133 p=0.594(0.003) max=1.497 | Ld=-0.0726 base=-0.106 r1=0.0218 path=0.0101 cap=0.00186 | Lg=+1.1006 | 15s
 1450 hold m=4 hq=0.186 fail | Dr=+0.068/+0.750 |Dr|max=0.750 Df=-0.043 | g r=0.141 f=0.259 p=0.329(0.004) max=1.306 | Ld=+0.8992 base=-0.34 r1=0.391 path=0.35 cap=0.499 | Lg=+0.7967 | 15s
 1460 hold m=8 hq=0.674 fail | Dr=+0.210/+0.991 |Dr|max=0.991 Df=+0.146 | g r=0.126 f=0.214 p=0.370(0.002) max=1.016 | Ld=+0.0655 base=-0.0222 r1=0.0178 path=0.0699 | Lg=+0.7644 | 15s
 1470 hold m=8 hq=0.884 fail | Dr=+0.197/+1.629 |Dr|max=1.629 Df=+0.122 | g r=0.078 f=0.097 p=0.453(0.001) max=1.325 | Ld=-0.0334 base=-0.0635 r1=0.0106 path=0.016 cap=0.0036 | Lg=+0.8954 | 15s
 1480 hold m=8 hq=0.944 PASS | Dr=+0.375/+2.324 |Dr|max=2.324 Df=+0.289 | g r=0.069 f=0.081 p=0.538(0.006) max=1.583 | Ld=-0.0773 base=-0.0939 r1=0.00813 path=0.00656 cap=0.00194 | Lg=+1.0767 | 15s
 1490 hold m=8 hq=0.879 fail | Dr=+0.391/+2.219 |Dr|max=2.219 Df=+0.312 | g r=0.117 f=0.111 p=0.470(0.003) max=1.292 | Ld=-0.0553 base=-0.097 r1=0.0164 path=0.0193 cap=0.006 | Lg=+0.9524 | 16s
 1500 hold m=8 hq=0.938 PASS | Dr=+0.397/+1.804 |Dr|max=1.804 Df=+0.320 | g r=0.136 f=0.136 p=0.471(0.010) max=1.291 | Ld=-0.0299 base=-0.0766 r1=0.019 path=0.025 cap=0.00264 | Lg=+0.8770 | 16s
 1510 hold m=8 hq=0.873 fail | Dr=-0.365/+0.864 |Dr|max=1.522 Df=-0.431 | g r=0.175 f=0.176 p=0.418(0.009) max=0.964 | Ld=-0.0649 base=-0.121 r1=0.0263 path=0.0159 cap=0.0135 | Lg=+0.8464 | 16s
 1520 hold m=8 hq=0.930 PASS | Dr=+0.033/+1.633 |Dr|max=2.016 Df=-0.047 | g r=0.081 f=0.095 p=0.523(0.002) max=1.349 | Ld=-0.0395 base=-0.0615 r1=0.00856 path=0.0109 cap=0.00253 | Lg=+0.9683 | 16s
 1530 hold m=8 hq=0.808 fail | Dr=-0.239/+0.692 |Dr|max=1.442 Df=-0.270 | g r=0.131 f=0.105 p=0.371(0.002) max=1.107 | Ld=+0.0107 base=-0.0117 r1=0.00975 path=0.0127 cap=2.12e-05 | Lg=+0.8286 | 16s
 1540 hold m=8 hq=0.936 PASS | Dr=+0.322/+1.989 |Dr|max=1.989 Df=+0.240 | g r=0.088 f=0.078 p=0.463(0.004) max=1.241 | Ld=-0.0241 base=-0.0552 r1=0.0214 path=0.00961 cap=2.95e-05 | Lg=+0.9244 | 16s
 1550 hold m=8 hq=0.885 fail | Dr=+0.276/+2.511 |Dr|max=2.511 Df=+0.180 | g r=0.130 f=0.153 p=0.599(0.005) max=1.441 | Ld=-0.0977 base=-0.126 r1=0.0117 path=0.01 cap=0.00696 | Lg=+1.0776 | 16s
 1560 hold m=8 hq=0.876 fail | Dr=+0.273/+1.579 |Dr|max=1.579 Df=+0.209 | g r=0.124 f=0.124 p=0.423(0.004) max=1.037 | Ld=-0.0858 base=-0.154 r1=0.0279 path=0.0164 cap=0.0238 | Lg=+0.8864 | 16s
 1570 hold m=2 hq=0.019 fail | Dr=+0.584/+1.513 |Dr|max=1.513 Df=+0.389 | g r=0.218 f=0.506 p=0.505(0.007) max=1.743 | Ld=+0.7924 base=-0.417 r1=0.176 path=0.654 cap=0.378 | Lg=+1.0127 | 16s
 1580 hold m=5 hq=0.480 fail | Dr=+0.649/+1.551 |Dr|max=1.551 Df=+0.497 | g r=0.137 f=0.442 p=0.497(0.002) max=1.400 | Ld=-0.0350 base=-0.0951 r1=0.0207 path=0.0383 cap=0.00108 | Lg=+0.8336 | 16s
 1590 hold m=8 hq=0.794 fail | Dr=+0.701/+1.953 |Dr|max=1.953 Df=+0.634 | g r=0.104 f=0.115 p=0.431(0.004) max=1.275 | Ld=+0.0093 base=-0.0648 r1=0.0286 path=0.026 cap=0.0195 | Lg=+0.8537 | 17s
 1600 hold m=8 hq=0.931 PASS | Dr=+0.555/+2.120 |Dr|max=2.120 Df=+0.474 | g r=0.090 f=0.108 p=0.455(0.004) max=1.274 | Ld=-0.0599 base=-0.105 r1=0.019 path=0.0088 cap=0.0169 | Lg=+0.9098 | 17s
 1610 hold m=8 hq=0.940 PASS | Dr=+0.283/+1.935 |Dr|max=1.935 Df=+0.199 | g r=0.107 f=0.114 p=0.477(0.003) max=1.366 | Ld=-0.0479 base=-0.0741 r1=0.0108 path=0.00659 cap=0.00888 | Lg=+0.9272 | 17s
 1620 hold m=8 hq=0.854 fail | Dr=+0.314/+2.176 |Dr|max=2.176 Df=+0.225 | g r=0.138 f=0.128 p=0.554(0.006) max=1.484 | Ld=-0.0531 base=-0.0805 r1=0.0133 path=0.0129 cap=0.00112 | Lg=+1.0226 | 17s
 1630 hold m=8 hq=0.908 PASS | Dr=+0.442/+2.632 |Dr|max=2.632 Df=+0.346 | g r=0.076 f=0.088 p=0.565(0.004) max=1.429 | Ld=-0.1164 base=-0.139 r1=0.0172 path=0.00537 cap=0.000138 | Lg=+1.0974 | 17s
 1640 hold m=8 hq=0.348 fail | Dr=-0.256/+1.622 |Dr|max=1.853 Df=-0.332 | g r=0.177 f=0.233 p=0.521(0.001) max=1.680 | Ld=-0.0076 base=-0.0683 r1=0.0455 path=0.0149 cap=0.000267 | Lg=+0.9912 | 17s
 1650 hold m=8 hq=0.515 fail | Dr=+1.164/+2.257 |Dr|max=2.257 Df=+1.097 | g r=0.095 f=0.231 p=0.414(0.002) max=1.234 | Ld=-0.0276 base=-0.0579 r1=0.0219 path=0.00772 cap=0.000742 | Lg=+0.8199 | 17s
 1660 hold m=8 hq=0.908 PASS | Dr=+1.157/+2.728 |Dr|max=2.728 Df=+1.093 | g r=0.127 f=0.149 p=0.477(0.008) max=1.315 | Ld=-0.0412 base=-0.0826 r1=0.0264 path=0.00981 cap=0.00523 | Lg=+0.8789 | 17s
 1670 hold m=8 hq=0.930 PASS | Dr=+0.863/+2.587 |Dr|max=2.587 Df=+0.792 | g r=0.075 f=0.078 p=0.473(0.003) max=1.269 | Ld=-0.0635 base=-0.0857 r1=0.0201 path=0.00198 cap=0.000138 | Lg=+0.9460 | 17s
 1680 hold m=8 hq=0.917 PASS | Dr=+0.603/+2.303 |Dr|max=2.303 Df=+0.525 | g r=0.145 f=0.148 p=0.488(0.003) max=1.286 | Ld=-0.1364 base=-0.179 r1=0.0108 path=0.00971 cap=0.0218 | Lg=+0.9319 | 17s
 1690 hold m=8 hq=0.759 fail | Dr=+0.416/+1.731 |Dr|max=1.731 Df=+0.355 | g r=0.116 f=0.127 p=0.394(0.002) max=1.361 | Ld=-0.0753 base=-0.15 r1=0.0258 path=0.00573 cap=0.0433 | Lg=+0.8546 | 18s
 1700 hold m=8 hq=0.941 PASS | Dr=+0.325/+2.140 |Dr|max=2.140 Df=+0.241 | g r=0.103 f=0.112 p=0.517(0.004) max=1.256 | Ld=-0.0490 base=-0.0725 r1=0.0129 path=0.00954 cap=0.00112 | Lg=+0.9549 | 18s
 1710 hold m=8 hq=0.947 PASS | Dr=+0.610/+2.237 |Dr|max=2.237 Df=+0.528 | g r=0.075 f=0.079 p=0.489(0.003) max=1.241 | Ld=-0.0646 base=-0.077 r1=0.00477 path=0.00758 cap=7.51e-07 | Lg=+0.8858 | 18s
 1720 hold m=8 hq=0.928 PASS | Dr=+0.449/+2.273 |Dr|max=2.273 Df=+0.370 | g r=0.070 f=0.075 p=0.426(0.002) max=1.298 | Ld=-0.0712 base=-0.11 r1=0.0226 path=0.0159 | Lg=+0.9685 | 18s
 1730 hold m=8 hq=0.928 PASS | Dr=+0.310/+1.662 |Dr|max=1.662 Df=+0.248 | g r=0.123 f=0.117 p=0.370(0.002) max=1.069 | Ld=-0.0274 base=-0.0587 r1=0.0154 path=0.0158 cap=1.1e-07 | Lg=+0.8326 | 18s
 1740 hold m=8 hq=0.922 PASS | Dr=+0.281/+1.404 |Dr|max=1.404 Df=+0.235 | g r=0.082 f=0.087 p=0.353(0.005) max=1.170 | Ld=-0.0218 base=-0.0402 r1=0.00714 path=0.0113 | Lg=+0.8317 | 18s
 1750 hold m=8 hq=0.936 PASS | Dr=+0.198/+1.435 |Dr|max=1.435 Df=+0.136 | g r=0.084 f=0.092 p=0.355(0.003) max=1.097 | Ld=+0.0265 base=-0.0114 r1=0.0185 path=0.0193 cap=5.03e-05 | Lg=+0.8126 | 18s
 1760 hold m=8 hq=0.860 fail | Dr=+0.394/+2.228 |Dr|max=2.228 Df=+0.310 | g r=0.115 f=0.101 p=0.487(0.001) max=1.392 | Ld=-0.0735 base=-0.107 r1=0.0213 path=0.0125 cap=5.42e-06 | Lg=+0.9971 | 18s
 1770 hold m=8 hq=0.839 fail | Dr=+0.301/+1.956 |Dr|max=1.956 Df=+0.232 | g r=0.137 f=0.125 p=0.485(0.002) max=1.339 | Ld=-0.0333 base=-0.0763 r1=0.0305 path=0.00868 cap=0.00385 | Lg=+0.9281 | 18s
 1780 hold m=8 hq=0.912 PASS | Dr=-0.145/+1.050 |Dr|max=1.482 Df=-0.201 | g r=0.110 f=0.108 p=0.445(0.004) max=1.290 | Ld=-0.0394 base=-0.0757 r1=0.0182 path=0.0181 | Lg=+0.8923 | 18s
 1790 hold m=6 hq=0.589 fail | Dr=+1.004/+2.365 |Dr|max=2.365 Df=+0.930 | g r=0.214 f=0.229 p=0.419(0.004) max=1.554 | Ld=-0.0063 base=-0.138 r1=0.0931 path=0.0133 cap=0.0258 | Lg=+0.8998 | 19s
 1800 hold m=7 hq=0.303 fail | Dr=+0.224/+1.063 |Dr|max=1.063 Df=+0.127 | g r=0.415 f=0.533 p=0.560(0.003) max=1.808 | Ld=+0.1296 base=-0.0888 r1=0.0818 path=0.136 cap=9.94e-05 | Lg=+0.9044 | 19s
 1810 hold m=8 hq=0.917 PASS | Dr=+0.457/+1.502 |Dr|max=1.502 Df=+0.408 | g r=0.091 f=0.100 p=0.365(0.001) max=1.060 | Ld=+0.0033 base=-0.0347 r1=0.0192 path=0.0186 cap=0.000255 | Lg=+0.7967 | 19s
 1820 hold m=8 hq=0.910 PASS | Dr=+0.073/+1.339 |Dr|max=1.339 Df=+0.017 | g r=0.098 f=0.102 p=0.432(0.002) max=1.236 | Ld=+0.0118 base=-0.0303 r1=0.0206 path=0.0189 cap=0.00252 | Lg=+0.8675 | 19s
 1830 hold m=8 hq=0.939 PASS | Dr=+0.229/+1.775 |Dr|max=1.775 Df=+0.158 | g r=0.065 f=0.065 p=0.399(0.001) max=1.128 | Ld=-0.0339 base=-0.0509 r1=0.0116 path=0.00532 | Lg=+0.9150 | 19s
 1840 hold m=8 hq=0.803 fail | Dr=+0.641/+2.000 |Dr|max=2.000 Df=+0.586 | g r=0.187 f=0.200 p=0.457(0.004) max=1.077 | Ld=-0.0230 base=-0.0649 r1=0.0187 path=0.0171 cap=0.00608 | Lg=+0.8704 | 19s
 1850 hold m=8 hq=0.953 PASS | Dr=+0.607/+1.624 |Dr|max=1.624 Df=+0.555 | g r=0.082 f=0.090 p=0.395(0.004) max=1.415 | Ld=-0.0199 base=-0.0324 r1=0.00958 path=0.00284 cap=8.79e-05 | Lg=+0.8131 | 19s
 1860 hold m=5 hq=0.301 fail | Dr=+0.474/+1.966 |Dr|max=1.966 Df=+0.284 | g r=0.148 f=0.370 p=0.566(0.011) max=1.406 | Ld=-0.0582 base=-0.0983 r1=0.0164 path=0.0181 cap=0.00559 | Lg=+0.9854 | 19s
 1870 hold m=4 hq=0.204 fail | Dr=+1.115/+2.097 |Dr|max=2.097 Df=+0.989 | g r=0.112 f=0.336 p=0.458(0.005) max=1.494 | Ld=-0.0791 base=-0.113 r1=0.0235 path=0.00975 cap=0.000977 | Lg=+0.7995 | 19s
 1880 hold m=8 hq=0.850 fail | Dr=+0.823/+2.485 |Dr|max=2.485 Df=+0.758 | g r=0.130 f=0.175 p=0.519(0.003) max=1.349 | Ld=-0.0883 base=-0.111 r1=0.0111 path=0.00496 cap=0.00639 | Lg=+0.9621 | 19s
 1890 hold m=8 hq=0.950 PASS | Dr=+0.614/+2.504 |Dr|max=2.504 Df=+0.535 | g r=0.076 f=0.083 p=0.504(0.001) max=1.249 | Ld=-0.0786 base=-0.0891 r1=0.00651 path=0.00389 cap=2.86e-05 | Lg=+1.0188 | 20s
 1900 hold m=8 hq=0.961 PASS | Dr=+0.562/+2.339 |Dr|max=2.339 Df=+0.482 | g r=0.043 f=0.047 p=0.470(0.000) max=1.190 | Ld=-0.0414 base=-0.058 r1=0.00539 path=0.0111 cap=2.52e-06 | Lg=+0.9485 | 20s
 1910 hold m=8 hq=0.933 PASS | Dr=+0.227/+1.687 |Dr|max=1.687 Df=+0.159 | g r=0.127 f=0.142 p=0.449(0.002) max=1.088 | Ld=-0.0027 base=-0.0515 r1=0.0246 path=0.0219 cap=0.00222 | Lg=+0.8686 | 20s
 1920 hold m=8 hq=0.925 PASS | Dr=+0.261/+2.384 |Dr|max=2.384 Df=+0.176 | g r=0.089 f=0.114 p=0.533(0.003) max=1.418 | Ld=-0.0941 base=-0.112 r1=0.00882 path=0.00902 cap=4.39e-05 | Lg=+1.0396 | 20s
 1930 hold m=8 hq=0.949 PASS | Dr=+0.302/+2.227 |Dr|max=2.227 Df=+0.215 | g r=0.107 f=0.109 p=0.556(0.001) max=1.330 | Ld=-0.0468 base=-0.0731 r1=0.0118 path=0.0143 cap=0.000296 | Lg=+0.9978 | 20s
 1940 hold m=8 hq=0.733 fail | Dr=-0.171/+0.974 |Dr|max=1.194 Df=-0.222 | g r=0.155 f=0.142 p=0.418(0.003) max=1.221 | Ld=-0.0438 base=-0.121 r1=0.0437 path=0.0261 cap=0.00742 | Lg=+0.8353 | 20s
 1950 hold m=8 hq=0.930 PASS | Dr=+0.547/+2.428 |Dr|max=2.428 Df=+0.471 | g r=0.079 f=0.087 p=0.492(0.001) max=1.322 | Ld=-0.0538 base=-0.0714 r1=0.00824 path=0.00787 cap=0.00151 | Lg=+0.9471 | 20s
 1960 hold m=8 hq=0.900 fail | Dr=+0.535/+2.111 |Dr|max=2.111 Df=+0.470 | g r=0.099 f=0.101 p=0.441(0.003) max=1.164 | Ld=+0.0004 base=-0.0201 r1=0.0153 path=0.00395 cap=0.00127 | Lg=+0.8944 | 20s
 1970 hold m=8 hq=0.962 PASS | Dr=-0.042/+1.005 |Dr|max=1.005 Df=-0.094 | g r=0.088 f=0.089 p=0.334(0.002) max=1.138 | Ld=-0.0489 base=-0.104 r1=0.0328 path=0.00896 cap=0.0135 | Lg=+0.8153 | 20s
 1980 hold m=8 hq=0.730 fail | Dr=-0.044/+2.105 |Dr|max=2.673 Df=-0.107 | g r=0.115 f=0.161 p=0.666(0.003) max=1.769 | Ld=-0.0954 base=-0.113 r1=0.0105 path=0.00677 cap=9.02e-05 | Lg=+1.1967 | 21s
 1990 hold m=8 hq=0.936 PASS | Dr=+0.442/+2.023 |Dr|max=2.023 Df=+0.380 | g r=0.080 f=0.084 p=0.456(0.002) max=1.179 | Ld=-0.0090 base=-0.0371 r1=0.0161 path=0.0114 cap=0.00063 | Lg=+0.9308 | 21s
 2000 hold m=8 hq=0.966 PASS | Dr=+0.358/+1.960 |Dr|max=1.960 Df=+0.288 | g r=0.065 f=0.065 p=0.427(0.004) max=1.169 | Ld=-0.0423 base=-0.058 r1=0.00458 path=0.0112 | Lg=+0.8959 | 21s
 2010 hold m=8 hq=0.960 PASS | Dr=+0.140/+1.145 |Dr|max=1.145 Df=+0.102 | g r=0.073 f=0.075 p=0.270(0.002) max=0.727 | Ld=+0.0025 base=-0.0815 r1=0.01 path=0.00744 cap=0.0665 | Lg=+0.8028 | 21s
 2020 hold m=6 hq=0.330 fail | Dr=+0.712/+1.352 |Dr|max=1.352 Df=+0.654 | g r=0.200 f=0.284 p=0.368(0.004) max=1.190 | Ld=+0.0188 base=-0.0351 r1=0.0248 path=0.0286 cap=0.000481 | Lg=+0.8187 | 21s
 2030 hold m=8 hq=0.934 PASS | Dr=+0.739/+2.089 |Dr|max=2.089 Df=+0.684 | g r=0.064 f=0.074 p=0.473(0.003) max=1.426 | Ld=-0.0497 base=-0.0718 r1=0.0102 path=0.0112 cap=0.00067 | Lg=+0.8997 | 21s
 2040 hold m=8 hq=0.794 fail | Dr=+0.040/+1.490 |Dr|max=1.490 Df=-0.023 | g r=0.129 f=0.177 p=0.440(0.010) max=1.232 | Ld=-0.0158 base=-0.0754 r1=0.031 path=0.0125 cap=0.016 | Lg=+0.8631 | 21s
 2050 hold m=8 hq=0.927 PASS | Dr=+0.563/+2.338 |Dr|max=2.338 Df=+0.497 | g r=0.100 f=0.096 p=0.479(0.004) max=1.281 | Ld=-0.0472 base=-0.0694 r1=0.00973 path=0.0125 cap=2.97e-05 | Lg=+0.9419 | 21s
 2060 hold m=8 hq=0.935 PASS | Dr=+0.574/+2.025 |Dr|max=2.025 Df=+0.526 | g r=0.094 f=0.113 p=0.462(0.003) max=1.237 | Ld=-0.0541 base=-0.0996 r1=0.0106 path=0.0223 cap=0.0126 | Lg=+0.8968 | 21s
 2070 hold m=3 hq=0.071 fail | Dr=+0.664/+2.376 |Dr|max=2.376 Df=+0.513 | g r=0.300 f=0.727 p=0.679(0.017) max=1.885 | Ld=+1.1706 base=-0.101 r1=0.127 path=1.07 cap=0.0736 | Lg=+1.2108 | 22s
 2080 hold m=8 hq=0.933 PASS | Dr=+0.390/+1.213 |Dr|max=1.213 Df=+0.356 | g r=0.071 f=0.084 p=0.335(0.001) max=1.136 | Ld=-0.0138 base=-0.0282 r1=0.00955 path=0.00487 cap=5.21e-05 | Lg=+0.7510 | 22s
 2090 hold m=8 hq=0.932 PASS | Dr=+0.475/+1.910 |Dr|max=1.910 Df=+0.426 | g r=0.076 f=0.089 p=0.437(0.003) max=1.209 | Ld=-0.0387 base=-0.0493 r1=0.00548 path=0.00418 cap=0.000947 | Lg=+0.8611 | 22s
 2100 hold m=8 hq=0.728 fail | Dr=+1.114/+1.892 |Dr|max=1.892 Df=+1.065 | g r=0.129 f=0.196 p=0.355(0.002) max=1.286 | Ld=-0.0131 base=-0.0477 r1=0.0175 path=0.0169 cap=0.000148 | Lg=+0.7604 | 22s
 2110 hold m=5 hq=0.064 fail | Dr=+2.257/+3.465 |Dr|max=3.465 Df=+2.056 | g r=0.269 f=0.801 p=0.737(0.001) max=2.209 | Ld=+0.1001 base=-0.145 r1=0.0318 path=0.186 cap=0.028 | Lg=+1.0079 | 22s
 2120 hold m=8 hq=0.746 fail | Dr=+0.506/+1.263 |Dr|max=1.263 Df=+0.461 | g r=0.091 f=0.163 p=0.279(0.003) max=0.975 | Ld=-0.0335 base=-0.153 r1=0.043 path=0.00992 cap=0.0668 | Lg=+0.7913 | 22s
 2130 hold m=8 hq=0.950 PASS | Dr=+0.929/+2.427 |Dr|max=2.427 Df=+0.872 | g r=0.062 f=0.069 p=0.419(0.001) max=1.360 | Ld=-0.0517 base=-0.0593 r1=0.00532 path=0.00164 cap=0.000621 | Lg=+0.9206 | 22s
 2140 hold m=8 hq=0.944 PASS | Dr=+0.766/+2.247 |Dr|max=2.247 Df=+0.716 | g r=0.079 f=0.075 p=0.467(0.005) max=1.282 | Ld=-0.0522 base=-0.0726 r1=0.0136 path=0.00676 | Lg=+0.9028 | 22s
 2150 hold m=8 hq=0.960 PASS | Dr=+1.030/+3.080 |Dr|max=3.080 Df=+0.951 | g r=0.101 f=0.103 p=0.536(0.003) max=1.474 | Ld=-0.0733 base=-0.0897 r1=0.00601 path=0.01 cap=0.000408 | Lg=+1.0255 | 22s
 2160 hold m=8 hq=0.543 fail | Dr=+1.422/+3.065 |Dr|max=3.065 Df=+1.372 | g r=0.188 f=0.219 p=0.470(0.002) max=1.165 | Ld=-0.0137 base=-0.0712 r1=0.0517 path=0.00582 cap=1.65e-05 | Lg=+0.9201 | 23s
 2170 hold m=6 hq=0.318 fail | Dr=+0.801/+1.542 |Dr|max=1.542 Df=+0.614 | g r=0.155 f=0.389 p=0.440(0.002) max=1.316 | Ld=-0.0406 base=-0.124 r1=0.0448 path=0.0384 cap=8.96e-06 | Lg=+0.8775 | 23s
 2180 hold m=8 hq=0.769 fail | Dr=+1.005/+1.834 |Dr|max=1.834 Df=+0.964 | g r=0.087 f=0.158 p=0.317(0.003) max=0.997 | Ld=-0.0132 base=-0.0558 r1=0.0254 path=0.0172 | Lg=+0.8089 | 23s
 2190 hold m=7 hq=0.682 fail | Dr=+0.834/+2.335 |Dr|max=2.335 Df=+0.780 | g r=0.094 f=0.206 p=0.487(0.004) max=1.368 | Ld=-0.0607 base=-0.0787 r1=0.00846 path=0.00881 cap=0.000819 | Lg=+0.9785 | 23s
 2200 hold m=8 hq=0.953 PASS | Dr=+0.845/+2.499 |Dr|max=2.499 Df=+0.784 | g r=0.068 f=0.069 p=0.469(0.000) max=1.335 | Ld=-0.0617 base=-0.0725 r1=0.00561 path=0.00507 cap=8.68e-05 | Lg=+0.9452 | 23s
 2210 hold m=8 hq=0.964 PASS | Dr=+0.581/+2.670 |Dr|max=2.670 Df=+0.507 | g r=0.102 f=0.111 p=0.545(0.001) max=1.564 | Ld=-0.0842 base=-0.103 r1=0.00926 path=0.00591 cap=0.00319 | Lg=+1.0690 | 23s
 2220 hold m=8 hq=0.932 PASS | Dr=+0.605/+1.968 |Dr|max=1.968 Df=+0.565 | g r=0.106 f=0.097 p=0.402(0.001) max=1.127 | Ld=-0.0190 base=-0.0422 r1=0.00789 path=0.0142 cap=0.00115 | Lg=+0.9222 | 23s
 2230 hold m=8 hq=0.955 PASS | Dr=+0.503/+1.667 |Dr|max=1.667 Df=+0.457 | g r=0.142 f=0.140 p=0.372(0.002) max=1.010 | Ld=-0.0287 base=-0.0962 r1=0.0282 path=0.025 cap=0.0143 | Lg=+0.8342 | 23s
 2240 hold m=8 hq=0.855 fail | Dr=+0.571/+1.619 |Dr|max=1.619 Df=+0.536 | g r=0.126 f=0.115 p=0.361(0.006) max=0.964 | Ld=+0.0394 base=0.000518 r1=0.0229 path=0.0143 cap=0.0017 | Lg=+0.8039 | 23s
 2250 hold m=8 hq=0.886 fail | Dr=+0.693/+1.837 |Dr|max=1.837 Df=+0.654 | g r=0.099 f=0.108 p=0.318(0.003) max=0.808 | Ld=-0.0457 base=-0.101 r1=0.0162 path=0.00759 cap=0.0313 | Lg=+0.8182 | 23s
 2260 hold m=8 hq=0.788 fail | Dr=+0.715/+2.289 |Dr|max=2.289 Df=+0.650 | g r=0.139 f=0.159 p=0.465(0.001) max=1.179 | Ld=-0.0191 base=-0.0521 r1=0.0183 path=0.0147 | Lg=+0.8999 | 24s
 2270 hold m=3 hq=0.187 fail | Dr=+0.831/+1.806 |Dr|max=1.806 Df=+0.695 | g r=0.268 f=0.470 p=0.524(0.011) max=1.532 | Ld=+2.3046 base=0.125 r1=0.025 path=2.14 cap=0.0143 | Lg=+0.9371 | 24s
 2280 hold m=8 hq=0.922 PASS | Dr=+0.476/+1.866 |Dr|max=1.866 Df=+0.430 | g r=0.080 f=0.088 p=0.400(0.001) max=1.176 | Ld=-0.0377 base=-0.0702 r1=0.00837 path=0.0088 cap=0.0153 | Lg=+0.9073 | 24s
 2290 hold m=8 hq=0.947 PASS | Dr=+0.684/+2.288 |Dr|max=2.288 Df=+0.631 | g r=0.085 f=0.087 p=0.474(0.002) max=1.313 | Ld=-0.0700 base=-0.0914 r1=0.0129 path=0.0054 cap=0.00312 | Lg=+0.9666 | 24s
 2300 hold m=8 hq=0.956 PASS | Dr=+0.736/+2.194 |Dr|max=2.194 Df=+0.683 | g r=0.053 f=0.057 p=0.405(0.003) max=1.092 | Ld=-0.0279 base=-0.0451 r1=0.0101 path=0.00715 | Lg=+0.8808 | 24s
 2310 hold m=7 hq=0.585 fail | Dr=+0.832/+2.752 |Dr|max=2.752 Df=+0.762 | g r=0.170 f=0.239 p=0.555(0.012) max=1.388 | Ld=-0.0569 base=-0.0818 r1=0.0202 path=0.00336 cap=0.00142 | Lg=+1.0184 | 24s
 2320 hold m=8 hq=0.889 fail | Dr=+0.771/+2.603 |Dr|max=2.603 Df=+0.710 | g r=0.133 f=0.131 p=0.494(0.008) max=1.438 | Ld=-0.0852 base=-0.122 r1=0.0123 path=0.0143 cap=0.0101 | Lg=+0.9693 | 24s
 2330 hold m=8 hq=0.869 fail | Dr=+0.644/+2.414 |Dr|max=2.414 Df=+0.598 | g r=0.130 f=0.117 p=0.543(0.003) max=1.528 | Ld=-0.0479 base=-0.0691 r1=0.0102 path=0.0106 cap=0.000419 | Lg=+1.0249 | 24s
 2340 hold m=8 hq=0.968 PASS | Dr=+0.445/+1.865 |Dr|max=1.865 Df=+0.389 | g r=0.067 f=0.061 p=0.376(0.002) max=1.166 | Ld=-0.0280 base=-0.0386 r1=0.00359 path=0.007 | Lg=+0.8536 | 24s
 2350 hold m=8 hq=0.891 fail | Dr=+0.554/+2.277 |Dr|max=2.277 Df=+0.498 | g r=0.097 f=0.092 p=0.460(0.003) max=1.340 | Ld=-0.0166 base=-0.0425 r1=0.0109 path=0.0129 cap=0.00221 | Lg=+0.9495 | 24s
 2360 hold m=8 hq=0.913 PASS | Dr=+0.805/+3.272 |Dr|max=3.272 Df=+0.727 | g r=0.096 f=0.090 p=0.624(0.002) max=1.956 | Ld=-0.1060 base=-0.133 r1=0.00579 path=0.0211 cap=0.000286 | Lg=+1.2045 | 25s
 2370 hold m=8 hq=0.957 PASS | Dr=+0.503/+2.101 |Dr|max=2.101 Df=+0.448 | g r=0.079 f=0.077 p=0.431(0.001) max=1.052 | Ld=-0.0373 base=-0.0564 r1=0.0107 path=0.00833 cap=8.79e-06 | Lg=+0.9226 | 25s
 2380 hold m=8 hq=0.954 PASS | Dr=+0.443/+2.188 |Dr|max=2.188 Df=+0.381 | g r=0.104 f=0.110 p=0.500(0.008) max=1.452 | Ld=-0.0439 base=-0.0699 r1=0.0208 path=0.00501 cap=0.000141 | Lg=+0.9596 | 25s
 2390 hold m=7 hq=0.501 fail | Dr=+0.363/+1.807 |Dr|max=1.807 Df=+0.319 | g r=0.169 f=0.184 p=0.439(0.003) max=1.279 | Ld=-0.0316 base=-0.0651 r1=0.0276 path=0.00522 cap=0.000654 | Lg=+0.8954 | 25s
 2400 hold m=8 hq=0.966 PASS | Dr=+0.792/+2.411 |Dr|max=2.411 Df=+0.736 | g r=0.081 f=0.078 p=0.459(0.006) max=1.241 | Ld=-0.0262 base=-0.0392 r1=0.00788 path=0.00504 cap=0.000107 | Lg=+0.9034 | 25s
# shift (1,0) after 2400; frozen copy on new target: m=1 hq=0.000
 2410 post m=7 hq=0.431 fail | Dr=+0.316/+0.501 |Dr|max=0.501 Df=+0.271 | g r=0.149 f=0.207 p=0.311(0.003) max=1.196 | Ld=+0.0728 base=-0.0461 r1=0.0289 path=0.09 cap=1.07e-06 | Lg=+0.7278 | 25s
 2420 post m=4 hq=0.219 fail | Dr=+0.325/+0.723 |Dr|max=0.723 Df=+0.174 | g r=0.177 f=0.548 p=0.548(0.003) max=1.777 | Ld=+0.0161 base=-0.13 r1=0.032 path=0.113 cap=0.000532 | Lg=+0.8369 | 25s
 2430 post m=6 hq=0.148 fail | Dr=+0.569/+1.022 |Dr|max=1.022 Df=+0.478 | g r=0.148 f=0.430 p=0.411(0.011) max=1.186 | Ld=-0.0090 base=-0.104 r1=0.0163 path=0.0783 cap=2.45e-05 | Lg=+0.7986 | 25s
 2440 post m=8 hq=0.596 fail | Dr=+0.811/+1.004 |Dr|max=1.004 Df=+0.773 | g r=0.120 f=0.239 p=0.297(0.004) max=1.012 | Ld=-0.0045 base=-0.0382 r1=0.0226 path=0.0111 | Lg=+0.7220 | 25s
 2450 post m=8 hq=0.604 fail | Dr=+0.844/+1.281 |Dr|max=1.281 Df=+0.796 | g r=0.105 f=0.244 p=0.286(0.004) max=1.047 | Ld=+0.0012 base=-0.0315 r1=0.0184 path=0.0143 cap=8.02e-06 | Lg=+0.7272 | 26s
 2460 post m=8 hq=0.677 fail | Dr=+0.764/+0.995 |Dr|max=0.995 Df=+0.749 | g r=0.102 f=0.181 p=0.245(0.005) max=1.050 | Ld=+0.0185 base=-0.0308 r1=0.0326 path=0.0167 cap=1.87e-05 | Lg=+0.7114 | 26s
 2470 post m=5 hq=0.347 fail | Dr=+0.682/+0.903 |Dr|max=0.903 Df=+0.701 | g r=0.222 f=0.326 p=0.354(0.006) max=1.425 | Ld=+0.3349 base=-0.0465 r1=0.078 path=0.223 cap=0.0804 | Lg=+0.7023 | 26s
 2480 post m=7 hq=0.569 fail | Dr=+0.679/+1.215 |Dr|max=1.215 Df=+0.623 | g r=0.132 f=0.273 p=0.349(0.000) max=1.168 | Ld=+0.0099 base=-0.0576 r1=0.0532 path=0.0141 cap=0.000225 | Lg=+0.7717 | 26s
 2490 post m=8 hq=0.527 fail | Dr=+0.694/+1.149 |Dr|max=1.149 Df=+0.653 | g r=0.128 f=0.289 p=0.288(0.002) max=1.129 | Ld=+0.0071 base=-0.0379 r1=0.0172 path=0.0278 | Lg=+0.7379 | 26s
 2500 post m=4 hq=0.270 fail | Dr=+0.416/+0.948 |Dr|max=0.948 Df=+0.298 | g r=0.111 f=0.282 p=0.338(0.003) max=0.928 | Ld=-0.0254 base=-0.0492 r1=0.0178 path=0.00604 | Lg=+0.7505 | 26s
 2510 post m=4 hq=0.254 fail | Dr=+1.051/+1.449 |Dr|max=1.449 Df=+0.921 | g r=0.139 f=0.487 p=0.417(0.006) max=1.237 | Ld=+0.0205 base=-0.0301 r1=0.0308 path=0.0196 cap=0.000187 | Lg=+0.7474 | 26s
 2520 post m=8 hq=0.915 PASS | Dr=+0.712/+1.294 |Dr|max=1.294 Df=+0.684 | g r=0.101 f=0.129 p=0.299(0.001) max=1.032 | Ld=+0.0170 base=-0.00239 r1=0.0134 path=0.00601 | Lg=+0.7171 | 26s
 2530 post m=7 hq=0.230 fail | Dr=+1.442/+2.094 |Dr|max=2.094 Df=+1.339 | g r=0.193 f=0.514 p=0.485(0.005) max=1.628 | Ld=+0.1659 base=-0.0417 r1=0.0302 path=0.177 cap=0.000399 | Lg=+0.8353 | 26s
 2540 post m=7 hq=0.506 fail | Dr=+0.541/+1.099 |Dr|max=1.099 Df=+0.488 | g r=0.152 f=0.318 p=0.364(0.003) max=1.070 | Ld=+0.0457 base=-0.0932 r1=0.0542 path=0.0497 cap=0.035 | Lg=+0.7702 | 27s
 2550 post m=3 hq=0.135 fail | Dr=+0.823/+1.689 |Dr|max=1.689 Df=+0.658 | g r=0.136 f=0.344 p=0.413(0.002) max=1.208 | Ld=-0.0327 base=-0.0715 r1=0.0312 path=0.00673 cap=0.000819 | Lg=+0.7958 | 27s
 2560 post m=7 hq=0.338 fail | Dr=+1.461/+2.551 |Dr|max=2.551 Df=+1.237 | g r=0.168 f=0.563 p=0.596(0.017) max=1.578 | Ld=-0.0906 base=-0.126 r1=0.0265 path=0.00884 cap=0.00052 | Lg=+0.8792 | 27s
 2570 post m=8 hq=0.329 fail | Dr=+1.328/+2.517 |Dr|max=2.517 Df=+1.196 | g r=0.185 f=0.490 p=0.579(0.009) max=1.441 | Ld=-0.0964 base=-0.137 r1=0.0281 path=0.0128 cap=2.39e-05 | Lg=+0.9105 | 27s
 2580 post m=8 hq=0.885 fail | Dr=+0.831/+1.906 |Dr|max=1.906 Df=+0.784 | g r=0.084 f=0.139 p=0.409(0.002) max=1.237 | Ld=-0.0319 base=-0.054 r1=0.0142 path=0.00769 cap=0.000188 | Lg=+0.8189 | 27s
 2590 post m=8 hq=0.907 PASS | Dr=+0.734/+1.255 |Dr|max=1.255 Df=+0.711 | g r=0.078 f=0.091 p=0.237(0.000) max=0.824 | Ld=+0.0119 base=-0.0154 r1=0.0183 path=0.00907 | Lg=+0.7268 | 27s
 2600 post m=8 hq=0.948 PASS | Dr=+0.895/+1.836 |Dr|max=1.836 Df=+0.862 | g r=0.089 f=0.098 p=0.309(0.004) max=0.995 | Ld=+0.0111 base=-0.0075 r1=0.00726 path=0.0112 cap=0.000182 | Lg=+0.7666 | 27s
 2610 post m=8 hq=0.950 PASS | Dr=+0.343/+0.942 |Dr|max=0.942 Df=+0.326 | g r=0.087 f=0.088 p=0.237(0.007) max=0.753 | Ld=+0.0103 base=-0.0156 r1=0.0176 path=0.00834 | Lg=+0.7393 | 27s
 2620 post m=5 hq=0.440 fail | Dr=+0.509/+1.535 |Dr|max=1.535 Df=+0.462 | g r=0.151 f=0.175 p=0.331(0.002) max=1.092 | Ld=-0.0646 base=-0.12 r1=0.0383 path=0.00508 cap=0.0123 | Lg=+0.8130 | 27s
 2630 post m=6 hq=0.038 fail | Dr=+1.297/+2.153 |Dr|max=2.153 Df=+0.875 | g r=0.263 f=0.666 p=0.590(0.006) max=1.750 | Ld=-0.1700 base=-0.321 r1=0.0921 path=0.0337 cap=0.0251 | Lg=+1.0237 | 27s
 2640 post m=5 hq=0.059 fail | Dr=+1.318/+2.200 |Dr|max=2.200 Df=+1.024 | g r=0.180 f=0.498 p=0.501(0.004) max=1.507 | Ld=-0.1490 base=-0.275 r1=0.0545 path=0.0294 cap=0.0418 | Lg=+0.9035 | 28s
 2650 post m=8 hq=0.146 fail | Dr=-0.035/+0.548 |Dr|max=0.770 Df=+0.002 | g r=0.168 f=0.446 p=0.407(0.001) max=1.568 | Ld=+0.2332 base=-0.396 r1=0.0954 path=0.0935 cap=0.44 | Lg=+0.7837 | 28s
 2660 post m=1 hq=0.066 fail | Dr=+1.142/+2.458 |Dr|max=2.458 Df=+0.804 | g r=0.263 f=0.899 p=0.725(0.013) max=2.081 | Ld=+0.0382 base=-0.413 r1=0.0975 path=0.326 cap=0.0287 | Lg=+1.1472 | 28s
 2670 post m=6 hq=0.093 fail | Dr=+2.026/+2.497 |Dr|max=2.497 Df=+1.770 | g r=0.264 f=0.720 p=0.655(0.006) max=2.018 | Ld=+0.2974 base=-0.229 r1=0.0856 path=0.415 cap=0.0258 | Lg=+0.9449 | 28s
 2680 post m=7 hq=0.113 fail | Dr=+1.001/+2.006 |Dr|max=2.006 Df=+0.751 | g r=0.304 f=0.506 p=0.528(0.004) max=1.563 | Ld=-0.1692 base=-0.322 r1=0.0831 path=0.0142 cap=0.0554 | Lg=+0.8867 | 28s
 2690 post m=3 hq=0.059 fail | Dr=+0.407/+1.461 |Dr|max=1.461 Df=+0.085 | g r=0.289 f=0.520 p=0.544(0.002) max=1.669 | Ld=-0.2476 base=-0.436 r1=0.0875 path=0.0527 cap=0.0484 | Lg=+1.0375 | 28s
 2700 post m=8 hq=0.516 fail | Dr=+0.483/+1.299 |Dr|max=1.299 Df=+0.312 | g r=0.162 f=0.329 p=0.389(0.008) max=1.295 | Ld=-0.0695 base=-0.262 r1=0.0527 path=0.0822 cap=0.0578 | Lg=+0.8391 | 28s
 2710 post m=8 hq=0.650 fail | Dr=+0.589/+0.946 |Dr|max=0.946 Df=+0.497 | g r=0.159 f=0.216 p=0.364(0.005) max=1.336 | Ld=+0.0316 base=-0.203 r1=0.128 path=0.0819 cap=0.0241 | Lg=+0.7647 | 28s
 2720 post m=7 hq=0.412 fail | Dr=+1.527/+1.822 |Dr|max=1.822 Df=+1.432 | g r=0.245 f=0.335 p=0.340(0.001) max=0.970 | Ld=+0.2001 base=-0.0178 r1=0.0419 path=0.176 | Lg=+0.7972 | 28s
 2730 post m=8 hq=0.723 fail | Dr=+1.032/+2.733 |Dr|max=2.733 Df=+0.699 | g r=0.153 f=0.176 p=0.512(0.001) max=1.853 | Ld=-0.1554 base=-0.218 r1=0.0386 path=0.0192 cap=0.00527 | Lg=+1.1278 | 29s
 2740 post m=8 hq=0.864 fail | Dr=+0.745/+1.927 |Dr|max=1.927 Df=+0.521 | g r=0.107 f=0.129 p=0.339(0.003) max=1.221 | Ld=-0.1386 base=-0.229 r1=0.0188 path=0.0236 cap=0.0481 | Lg=+0.8891 | 29s
 2750 post m=4 hq=0.323 fail | Dr=+0.074/+0.522 |Dr|max=0.651 Df=+0.040 | g r=0.226 f=0.300 p=0.347(0.002) max=1.662 | Ld=+0.1067 base=-0.188 r1=0.125 path=0.124 cap=0.0454 | Lg=+0.7959 | 29s
 2760 post m=8 hq=0.716 fail | Dr=+0.920/+2.672 |Dr|max=2.672 Df=+0.602 | g r=0.182 f=0.290 p=0.522(0.005) max=1.829 | Ld=-0.1187 base=-0.21 r1=0.0412 path=0.0477 cap=0.00275 | Lg=+1.0376 | 29s
 2770 post m=8 hq=0.801 fail | Dr=+0.612/+3.074 |Dr|max=3.074 Df=+0.172 | g r=0.125 f=0.203 p=0.615(0.004) max=2.101 | Ld=-0.2332 base=-0.284 r1=0.0253 path=0.0206 cap=0.00508 | Lg=+1.3349 | 29s
 2780 post m=5 hq=0.079 fail | Dr=+0.715/+1.502 |Dr|max=1.502 Df=+0.631 | g r=0.174 f=0.276 p=0.280(0.005) max=0.801 | Ld=+4.6181 base=-0.0438 r1=0.164 path=3.74 cap=0.756 | Lg=+0.7857 | 29s
 2790 post m=7 hq=0.301 fail | Dr=+0.544/+1.901 |Dr|max=1.901 Df=+0.238 | g r=0.174 f=0.461 p=0.527(0.010) max=1.476 | Ld=-0.1385 base=-0.227 r1=0.0569 path=0.0281 cap=0.00332 | Lg=+0.9714 | 29s
 2800 post m=8 hq=0.689 fail | Dr=+0.472/+2.266 |Dr|max=2.266 Df=+0.161 | g r=0.136 f=0.273 p=0.502(0.002) max=1.416 | Ld=-0.1426 base=-0.238 r1=0.0592 path=0.0238 cap=0.0123 | Lg=+1.0017 | 29s
 2810 post m=7 hq=0.577 fail | Dr=+0.926/+2.604 |Dr|max=2.604 Df=+0.593 | g r=0.158 f=0.302 p=0.516(0.004) max=1.486 | Ld=-0.1413 base=-0.243 r1=0.0458 path=0.0469 cap=0.00883 | Lg=+1.0151 | 29s
 2820 post m=7 hq=0.466 fail | Dr=-0.470/+0.740 |Dr|max=1.586 Df=-0.696 | g r=0.305 f=0.356 p=0.460(0.006) max=1.612 | Ld=-0.1404 base=-0.277 r1=0.0895 path=0.024 cap=0.0231 | Lg=+0.9287 | 29s
 2830 post m=8 hq=0.826 fail | Dr=+0.810/+3.171 |Dr|max=3.171 Df=+0.428 | g r=0.121 f=0.157 p=0.552(0.003) max=1.760 | Ld=-0.1836 base=-0.233 r1=0.0243 path=0.0211 cap=0.00405 | Lg=+1.1540 | 30s
 2840 post m=8 hq=0.910 PASS | Dr=+0.711/+1.578 |Dr|max=1.578 Df=+0.572 | g r=0.120 f=0.131 p=0.257(0.005) max=0.990 | Ld=-0.1153 base=-0.326 r1=0.021 path=0.0751 cap=0.114 | Lg=+0.7878 | 30s
 2850 post m=8 hq=0.555 fail | Dr=+0.196/+0.980 |Dr|max=0.980 Df=+0.049 | g r=0.269 f=0.275 p=0.343(0.001) max=0.978 | Ld=+0.0606 base=-0.0204 r1=0.0363 path=0.0446 cap=4.46e-08 | Lg=+0.7763 | 30s
 2860 post m=8 hq=0.911 PASS | Dr=+0.365/+1.541 |Dr|max=1.541 Df=+0.159 | g r=0.079 f=0.094 p=0.325(0.002) max=1.201 | Ld=-0.0747 base=-0.111 r1=0.0243 path=0.0115 | Lg=+0.8604 | 30s
 2870 post m=8 hq=0.880 fail | Dr=+0.889/+3.521 |Dr|max=3.521 Df=+0.463 | g r=0.144 f=0.166 p=0.603(0.008) max=1.928 | Ld=-0.2150 base=-0.246 r1=0.0152 path=0.0146 cap=0.0012 | Lg=+1.2204 | 30s
 2880 post m=8 hq=0.754 fail | Dr=+0.295/+2.132 |Dr|max=2.132 Df=+0.017 | g r=0.141 f=0.171 p=0.459(0.001) max=1.321 | Ld=-0.1124 base=-0.243 r1=0.0978 path=0.03 cap=0.00328 | Lg=+1.0469 | 30s
 2890 post m=8 hq=0.783 fail | Dr=+1.350/+3.406 |Dr|max=3.406 Df=+1.050 | g r=0.170 f=0.243 p=0.496(0.006) max=1.436 | Ld=-0.1880 base=-0.288 r1=0.052 path=0.0335 cap=0.0149 | Lg=+1.0553 | 30s
 2900 post m=4 hq=0.183 fail | Dr=+0.964/+1.586 |Dr|max=1.586 Df=+0.875 | g r=0.200 f=0.221 p=0.283(0.003) max=1.133 | Ld=+0.4622 base=-0.215 r1=0.172 path=0.289 cap=0.217 | Lg=+0.7942 | 30s
 2910 post m=8 hq=0.791 fail | Dr=+0.601/+2.281 |Dr|max=2.281 Df=+0.346 | g r=0.145 f=0.203 p=0.460(0.004) max=1.336 | Ld=-0.1448 base=-0.205 r1=0.0267 path=0.0198 cap=0.0138 | Lg=+0.9352 | 30s
 2920 post m=8 hq=0.863 fail | Dr=+0.775/+1.964 |Dr|max=1.964 Df=+0.592 | g r=0.099 f=0.148 p=0.454(0.004) max=1.473 | Ld=-0.1046 base=-0.165 r1=0.0173 path=0.0424 cap=0.000375 | Lg=+0.8682 | 31s
 2930 post m=8 hq=0.735 fail | Dr=+0.790/+1.604 |Dr|max=1.604 Df=+0.706 | g r=0.120 f=0.140 p=0.236(0.001) max=0.862 | Ld=+0.1318 base=-0.133 r1=0.0782 path=0.0307 cap=0.156 | Lg=+0.7682 | 31s
 2940 post m=8 hq=0.711 fail | Dr=+0.212/+1.386 |Dr|max=1.386 Df=+0.051 | g r=0.169 f=0.250 p=0.512(0.000) max=1.649 | Ld=+0.1173 base=-0.0504 r1=0.0597 path=0.103 cap=0.00476 | Lg=+0.8675 | 31s
 2950 post m=1 hq=0.000 fail | Dr=+1.965/+4.267 |Dr|max=4.267 Df=+1.653 | g r=0.736 f=1.671 p=1.597(0.029) max=4.756 | Ld=+0.4510 base=-0.148 r1=0.0129 path=0.586 | Lg=+1.9051 | 31s
 2960 post m=8 hq=0.826 fail | Dr=+1.025/+1.750 |Dr|max=1.750 Df=+0.948 | g r=0.096 f=0.180 p=0.383(0.001) max=1.619 | Ld=+0.0211 base=-0.0504 r1=0.0168 path=0.0456 cap=0.00905 | Lg=+0.7554 | 31s
 2970 post m=8 hq=0.770 fail | Dr=+0.857/+1.487 |Dr|max=1.487 Df=+0.779 | g r=0.100 f=0.214 p=0.370(0.003) max=1.754 | Ld=-0.0407 base=-0.0698 r1=0.0221 path=0.00546 cap=0.00148 | Lg=+0.7635 | 31s
 2980 post m=5 hq=0.435 fail | Dr=+0.702/+1.157 |Dr|max=1.157 Df=+0.540 | g r=0.195 f=0.628 p=0.575(0.010) max=2.017 | Ld=-0.0568 base=-0.157 r1=0.0325 path=0.0607 cap=0.00729 | Lg=+0.8703 | 31s
 2990 post m=8 hq=0.811 fail | Dr=+0.911/+1.617 |Dr|max=1.617 Df=+0.838 | g r=0.180 f=0.260 p=0.355(0.003) max=1.633 | Ld=-0.0046 base=-0.0391 r1=0.0275 path=0.00459 cap=0.00237 | Lg=+0.7395 | 31s
 3000 post m=8 hq=0.872 fail | Dr=+0.665/+1.425 |Dr|max=1.425 Df=+0.606 | g r=0.082 f=0.147 p=0.315(0.002) max=1.161 | Ld=-0.0150 base=-0.0326 r1=0.0122 path=0.00245 cap=0.00296 | Lg=+0.7349 | 31s
 3010 post m=5 hq=0.449 fail | Dr=+0.922/+2.072 |Dr|max=2.072 Df=+0.768 | g r=0.163 f=0.323 p=0.452(0.005) max=1.593 | Ld=-0.0585 base=-0.101 r1=0.0265 path=0.0116 cap=0.00436 | Lg=+0.8336 | 31s
 3020 post m=8 hq=0.768 fail | Dr=+0.847/+1.612 |Dr|max=1.612 Df=+0.781 | g r=0.191 f=0.229 p=0.371(0.002) max=1.356 | Ld=-0.0000 base=-0.0584 r1=0.05 path=0.00796 cap=0.00047 | Lg=+0.7634 | 31s
 3030 post m=8 hq=0.897 fail | Dr=+0.644/+1.449 |Dr|max=1.449 Df=+0.591 | g r=0.131 f=0.163 p=0.345(0.001) max=1.488 | Ld=-0.0251 base=-0.0511 r1=0.0203 path=0.00441 cap=0.0013 | Lg=+0.7572 | 32s
 3040 post m=8 hq=0.895 fail | Dr=+0.188/+1.072 |Dr|max=1.072 Df=+0.137 | g r=0.147 f=0.162 p=0.329(0.005) max=1.207 | Ld=-0.0175 base=-0.0509 r1=0.0212 path=0.00239 cap=0.00992 | Lg=+0.7664 | 32s
 3050 post m=8 hq=0.890 fail | Dr=+0.121/+0.690 |Dr|max=0.690 Df=+0.084 | g r=0.124 f=0.143 p=0.290(0.001) max=1.124 | Ld=-0.0267 base=-0.0707 r1=0.0201 path=0.00223 cap=0.0216 | Lg=+0.7482 | 32s
 3060 post m=8 hq=0.919 PASS | Dr=+0.462/+1.220 |Dr|max=1.220 Df=+0.410 | g r=0.130 f=0.167 p=0.353(0.009) max=1.439 | Ld=-0.0123 base=-0.0276 r1=0.0104 path=0.00479 cap=0.000153 | Lg=+0.7717 | 32s
 3070 post m=8 hq=0.774 fail | Dr=+0.358/+0.814 |Dr|max=0.814 Df=+0.307 | g r=0.162 f=0.219 p=0.324(0.003) max=1.445 | Ld=+0.0138 base=-0.0194 r1=0.0298 path=0.00199 cap=0.00148 | Lg=+0.7309 | 32s
 3080 post m=8 hq=0.918 PASS | Dr=-0.058/+0.487 |Dr|max=0.612 Df=-0.101 | g r=0.126 f=0.138 p=0.258(0.001) max=0.970 | Ld=+0.0904 base=-0.0282 r1=0.104 path=0.0138 cap=0.000446 | Lg=+0.7396 | 32s
 3090 post m=8 hq=0.896 fail | Dr=+0.443/+1.658 |Dr|max=1.658 Df=+0.328 | g r=0.123 f=0.152 p=0.329(0.001) max=1.499 | Ld=-0.0423 base=-0.0734 r1=0.0175 path=0.0121 cap=0.00158 | Lg=+0.8148 | 32s
 3100 post m=8 hq=0.885 fail | Dr=+0.560/+1.147 |Dr|max=1.147 Df=+0.494 | g r=0.103 f=0.116 p=0.351(0.002) max=1.427 | Ld=-0.0117 base=-0.0389 r1=0.00786 path=0.0174 cap=0.00186 | Lg=+0.7854 | 32s
 3110 post m=8 hq=0.931 PASS | Dr=+0.651/+1.594 |Dr|max=1.594 Df=+0.602 | g r=0.071 f=0.090 p=0.286(0.001) max=1.114 | Ld=-0.0084 base=-0.0254 r1=0.0136 path=0.00242 cap=0.000984 | Lg=+0.7565 | 32s
 3120 post m=8 hq=0.886 fail | Dr=+0.815/+1.214 |Dr|max=1.214 Df=+0.770 | g r=0.116 f=0.119 p=0.243(0.002) max=1.333 | Ld=+0.0794 base=-0.146 r1=0.0667 path=0.0218 cap=0.137 | Lg=+0.7358 | 33s
 3130 post m=8 hq=0.889 fail | Dr=+0.277/+1.266 |Dr|max=1.266 Df=+0.191 | g r=0.147 f=0.159 p=0.270(0.004) max=1.232 | Ld=+0.0129 base=-0.0621 r1=0.05 path=0.0197 cap=0.00524 | Lg=+0.7769 | 33s
 3140 post m=8 hq=0.911 PASS | Dr=+1.016/+2.015 |Dr|max=2.015 Df=+0.926 | g r=0.095 f=0.124 p=0.331(0.002) max=1.346 | Ld=-0.0346 base=-0.0585 r1=0.0195 path=0.00431 cap=7.75e-05 | Lg=+0.7818 | 33s
 3150 post m=8 hq=0.888 fail | Dr=+0.535/+1.766 |Dr|max=1.766 Df=+0.419 | g r=0.098 f=0.094 p=0.333(0.006) max=1.331 | Ld=-0.0285 base=-0.0785 r1=0.0183 path=0.0288 cap=0.00294 | Lg=+0.8205 | 33s
 3160 post m=8 hq=0.861 fail | Dr=+0.485/+1.753 |Dr|max=1.753 Df=+0.356 | g r=0.113 f=0.130 p=0.332(0.002) max=1.446 | Ld=-0.0072 base=-0.0912 r1=0.0549 path=0.016 cap=0.013 | Lg=+0.8443 | 33s
 3170 post m=8 hq=0.877 fail | Dr=+0.688/+2.128 |Dr|max=2.128 Df=+0.545 | g r=0.130 f=0.173 p=0.408(0.006) max=1.602 | Ld=-0.0826 base=-0.104 r1=0.0152 path=0.00374 cap=0.00213 | Lg=+0.8299 | 33s
 3180 post m=8 hq=0.810 fail | Dr=-0.084/+0.943 |Dr|max=1.149 Df=-0.204 | g r=0.179 f=0.230 p=0.394(0.008) max=1.600 | Ld=-0.0402 base=-0.0782 r1=0.0226 path=0.0136 cap=0.00185 | Lg=+0.7967 | 33s
 3190 post m=8 hq=0.927 PASS | Dr=+0.532/+2.030 |Dr|max=2.030 Df=+0.411 | g r=0.101 f=0.112 p=0.357(0.001) max=1.236 | Ld=-0.0298 base=-0.0807 r1=0.0376 path=0.0132 cap=1.33e-06 | Lg=+0.8499 | 33s
 3200 post m=8 hq=0.886 fail | Dr=+0.439/+2.285 |Dr|max=2.285 Df=+0.297 | g r=0.113 f=0.144 p=0.446(0.003) max=1.716 | Ld=-0.0923 base=-0.134 r1=0.0115 path=0.0262 cap=0.00371 | Lg=+0.9209 | 33s
 3210 post m=8 hq=0.847 fail | Dr=+0.809/+1.953 |Dr|max=1.953 Df=+0.699 | g r=0.118 f=0.164 p=0.396(0.005) max=1.585 | Ld=-0.0223 base=-0.0545 r1=0.0148 path=0.0145 cap=0.00282 | Lg=+0.8032 | 33s
 3220 post m=8 hq=0.857 fail | Dr=+0.775/+1.647 |Dr|max=1.647 Df=+0.709 | g r=0.135 f=0.148 p=0.342(0.006) max=1.863 | Ld=+0.0266 base=-0.0371 r1=0.00668 path=0.057 | Lg=+0.7821 | 33s
 3230 post m=8 hq=0.847 fail | Dr=+0.781/+1.833 |Dr|max=1.833 Df=+0.732 | g r=0.084 f=0.126 p=0.336(0.004) max=1.351 | Ld=-0.0219 base=-0.0404 r1=0.0141 path=0.00437 cap=2.55e-05 | Lg=+0.7719 | 34s
 3240 post m=8 hq=0.927 PASS | Dr=+0.578/+1.350 |Dr|max=1.350 Df=+0.537 | g r=0.092 f=0.112 p=0.299(0.004) max=1.344 | Ld=-0.0141 base=-0.04 r1=0.0207 path=0.00511 cap=0.000169 | Lg=+0.7602 | 34s
 3250 post m=8 hq=0.895 fail | Dr=+0.732/+1.450 |Dr|max=1.450 Df=+0.689 | g r=0.072 f=0.112 p=0.303(0.001) max=1.214 | Ld=-0.0202 base=-0.0326 r1=0.00928 path=0.00307 cap=1.16e-05 | Lg=+0.7811 | 34s
 3260 post m=8 hq=0.867 fail | Dr=+0.699/+1.267 |Dr|max=1.267 Df=+0.660 | g r=0.133 f=0.160 p=0.283(0.004) max=1.437 | Ld=+0.0637 base=-0.0227 r1=0.0434 path=0.043 cap=1.63e-05 | Lg=+0.7461 | 34s
 3270 post m=8 hq=0.911 PASS | Dr=+0.021/+0.881 |Dr|max=0.881 Df=-0.022 | g r=0.091 f=0.118 p=0.289(0.002) max=1.000 | Ld=-0.0091 base=-0.0522 r1=0.0226 path=0.0085 cap=0.0119 | Lg=+0.7441 | 34s
 3280 post m=8 hq=0.900 PASS | Dr=+0.103/+0.661 |Dr|max=0.661 Df=+0.076 | g r=0.114 f=0.134 p=0.275(0.002) max=1.185 | Ld=+0.0334 base=-0.00367 r1=0.0222 path=0.0099 cap=0.00501 | Lg=+0.7299 | 34s
 3290 post m=8 hq=0.819 fail | Dr=+0.370/+1.661 |Dr|max=1.661 Df=+0.313 | g r=0.138 f=0.154 p=0.389(0.006) max=1.746 | Ld=-0.0062 base=-0.0224 r1=0.0121 path=0.00409 | Lg=+0.9320 | 34s
 3300 post m=8 hq=0.951 PASS | Dr=+0.412/+1.155 |Dr|max=1.155 Df=+0.378 | g r=0.065 f=0.074 p=0.288(0.001) max=1.351 | Ld=-0.0146 base=-0.0333 r1=0.0126 path=0.00599 cap=0.00018 | Lg=+0.7508 | 34s
 3310 post m=8 hq=0.914 PASS | Dr=+0.594/+1.430 |Dr|max=1.430 Df=+0.561 | g r=0.117 f=0.128 p=0.330(0.002) max=1.025 | Ld=-0.0194 base=-0.035 r1=0.00854 path=0.00232 cap=0.00469 | Lg=+0.7559 | 34s
 3320 post m=8 hq=0.833 fail | Dr=+1.675/+2.752 |Dr|max=2.752 Df=+1.612 | g r=0.155 f=0.169 p=0.426(0.003) max=1.593 | Ld=-0.0392 base=-0.0644 r1=0.0176 path=0.00731 cap=0.00031 | Lg=+0.8579 | 34s
 3330 post m=8 hq=0.883 fail | Dr=+0.756/+1.365 |Dr|max=1.365 Df=+0.723 | g r=0.068 f=0.096 p=0.244(0.001) max=1.280 | Ld=+0.0072 base=-0.0138 r1=0.0154 path=0.00554 cap=7.39e-05 | Lg=+0.7514 | 35s
 3340 post m=8 hq=0.913 PASS | Dr=+0.783/+1.507 |Dr|max=1.507 Df=+0.739 | g r=0.047 f=0.084 p=0.298(0.000) max=1.241 | Ld=-0.0289 base=-0.0398 r1=0.00616 path=0.00466 cap=4.26e-05 | Lg=+0.7856 | 35s
 3350 post m=8 hq=0.888 fail | Dr=+0.600/+1.326 |Dr|max=1.326 Df=+0.558 | g r=0.071 f=0.107 p=0.326(0.000) max=1.500 | Ld=-0.0132 base=-0.0252 r1=0.00729 path=0.00427 cap=0.000464 | Lg=+0.7809 | 35s
 3360 post m=8 hq=0.911 PASS | Dr=+0.812/+1.538 |Dr|max=1.538 Df=+0.775 | g r=0.048 f=0.077 p=0.281(0.001) max=1.297 | Ld=-0.0136 base=-0.0313 r1=0.014 path=0.00337 cap=0.000248 | Lg=+0.7662 | 35s
 3370 post m=8 hq=0.937 PASS | Dr=+0.508/+1.153 |Dr|max=1.153 Df=+0.485 | g r=0.074 f=0.083 p=0.255(0.004) max=0.988 | Ld=+0.0281 base=0.00639 r1=0.0183 path=0.00337 cap=2.99e-07 | Lg=+0.7296 | 35s
 3380 post m=8 hq=0.969 PASS | Dr=+0.448/+1.158 |Dr|max=1.158 Df=+0.425 | g r=0.070 f=0.076 p=0.224(0.003) max=1.036 | Ld=+0.0054 base=-0.00391 r1=0.00384 path=0.00549 | Lg=+0.7235 | 35s
 3390 post m=8 hq=0.961 PASS | Dr=+0.421/+1.462 |Dr|max=1.462 Df=+0.387 | g r=0.066 f=0.068 p=0.299(0.001) max=1.217 | Ld=-0.0166 base=-0.0246 r1=0.00359 path=0.00358 cap=0.000855 | Lg=+0.7704 | 35s
 3400 post m=8 hq=0.945 PASS | Dr=+0.693/+1.560 |Dr|max=1.560 Df=+0.662 | g r=0.117 f=0.111 p=0.304(0.004) max=1.256 | Ld=+0.0634 base=-0.0127 r1=0.0486 path=0.0248 cap=0.00271 | Lg=+0.7571 | 35s
 3410 post m=8 hq=0.903 PASS | Dr=+0.619/+1.187 |Dr|max=1.187 Df=+0.590 | g r=0.048 f=0.075 p=0.190(0.001) max=0.913 | Ld=+0.0299 base=-0.000376 r1=0.017 path=0.0131 cap=0.000137 | Lg=+0.7321 | 35s
 3420 post m=8 hq=0.962 PASS | Dr=+0.544/+1.259 |Dr|max=1.259 Df=+0.518 | g r=0.077 f=0.078 p=0.274(0.002) max=1.183 | Ld=-0.0096 base=-0.0214 r1=0.00647 path=0.00521 cap=8.78e-05 | Lg=+0.7370 | 35s
 3430 post m=8 hq=0.964 PASS | Dr=+0.517/+1.426 |Dr|max=1.426 Df=+0.479 | g r=0.067 f=0.064 p=0.357(0.001) max=1.420 | Ld=-0.0260 base=-0.0367 r1=0.00595 path=0.00186 cap=0.0029 | Lg=+0.7992 | 36s
 3440 post m=8 hq=0.953 PASS | Dr=+0.234/+1.301 |Dr|max=1.301 Df=+0.199 | g r=0.099 f=0.094 p=0.324(0.004) max=1.137 | Ld=-0.0006 base=-0.0206 r1=0.0143 path=0.00531 cap=0.000335 | Lg=+0.7741 | 36s
 3450 post m=8 hq=0.876 fail | Dr=+0.560/+1.320 |Dr|max=1.320 Df=+0.533 | g r=0.116 f=0.113 p=0.314(0.004) max=1.453 | Ld=-0.0058 base=-0.0236 r1=0.0098 path=0.00789 cap=6.61e-05 | Lg=+0.7720 | 36s
 3460 post m=8 hq=0.961 PASS | Dr=+0.815/+1.539 |Dr|max=1.539 Df=+0.797 | g r=0.046 f=0.047 p=0.279(0.003) max=1.282 | Ld=-0.0160 base=-0.0248 r1=0.00227 path=0.00638 cap=0.000113 | Lg=+0.7614 | 36s
 3470 post m=8 hq=0.967 PASS | Dr=+0.458/+1.549 |Dr|max=1.549 Df=+0.426 | g r=0.061 f=0.059 p=0.302(0.004) max=1.295 | Ld=-0.0045 base=-0.0214 r1=0.00547 path=0.0111 cap=0.00037 | Lg=+0.7584 | 36s
 3480 post m=8 hq=0.963 PASS | Dr=+0.772/+1.580 |Dr|max=1.580 Df=+0.750 | g r=0.094 f=0.101 p=0.258(0.003) max=0.862 | Ld=+0.0263 base=0.00422 r1=0.0156 path=0.00487 cap=0.0016 | Lg=+0.7351 | 36s
 3490 post m=8 hq=0.958 PASS | Dr=+0.709/+1.375 |Dr|max=1.375 Df=+0.683 | g r=0.076 f=0.077 p=0.237(0.002) max=0.914 | Ld=-0.0070 base=-0.0177 r1=0.00717 path=0.00352 | Lg=+0.7425 | 36s
 3500 post m=8 hq=0.807 fail | Dr=+1.000/+1.748 |Dr|max=1.748 Df=+0.995 | g r=0.132 f=0.168 p=0.345(0.002) max=1.494 | Ld=-0.0116 base=-0.0226 r1=0.00439 path=0.00654 cap=6.16e-06 | Lg=+0.7853 | 36s
 3510 post m=8 hq=0.956 PASS | Dr=+0.464/+0.913 |Dr|max=0.913 Df=+0.449 | g r=0.054 f=0.052 p=0.200(0.002) max=0.748 | Ld=+0.0068 base=-0.0128 r1=0.0099 path=0.0097 | Lg=+0.7187 | 36s
 3520 post m=8 hq=0.965 PASS | Dr=+0.670/+1.582 |Dr|max=1.582 Df=+0.647 | g r=0.046 f=0.048 p=0.356(0.001) max=1.357 | Ld=-0.0332 base=-0.0391 r1=0.00181 path=0.00385 cap=0.000255 | Lg=+0.7786 | 36s
 3530 post m=8 hq=0.908 PASS | Dr=+0.562/+1.676 |Dr|max=1.676 Df=+0.534 | g r=0.121 f=0.115 p=0.347(0.002) max=1.215 | Ld=-0.0098 base=-0.0251 r1=0.0126 path=0.00246 cap=0.000123 | Lg=+0.7765 | 37s
 3540 post m=8 hq=0.974 PASS | Dr=+0.583/+1.435 |Dr|max=1.435 Df=+0.557 | g r=0.053 f=0.049 p=0.274(0.002) max=1.000 | Ld=-0.0103 base=-0.0201 r1=0.00721 path=0.00252 | Lg=+0.7371 | 37s
 3550 post m=8 hq=0.959 PASS | Dr=+0.581/+1.391 |Dr|max=1.391 Df=+0.550 | g r=0.083 f=0.078 p=0.306(0.002) max=1.249 | Ld=+0.0015 base=-0.0175 r1=0.00523 path=0.0138 cap=1.48e-06 | Lg=+0.7675 | 37s
 3560 post m=8 hq=0.941 PASS | Dr=+0.859/+2.117 |Dr|max=2.117 Df=+0.842 | g r=0.072 f=0.071 p=0.405(0.003) max=1.528 | Ld=-0.0293 base=-0.036 r1=0.00128 path=0.0054 cap=1.39e-05 | Lg=+0.8181 | 37s
 3570 post m=8 hq=0.967 PASS | Dr=+0.469/+1.142 |Dr|max=1.142 Df=+0.451 | g r=0.063 f=0.064 p=0.208(0.000) max=0.823 | Ld=+0.0295 base=0.013 r1=0.00457 path=0.0119 cap=2.49e-06 | Lg=+0.7223 | 37s
 3580 post m=8 hq=0.754 fail | Dr=+0.010/+1.663 |Dr|max=1.663 Df=-0.026 | g r=0.134 f=0.136 p=0.395(0.003) max=1.171 | Ld=-0.0135 base=-0.0253 r1=0.00379 path=0.00701 cap=0.00101 | Lg=+0.8513 | 37s
 3590 post m=8 hq=0.969 PASS | Dr=+0.580/+1.006 |Dr|max=1.006 Df=+0.568 | g r=0.043 f=0.044 p=0.159(0.001) max=0.655 | Ld=+0.0012 base=-0.00944 r1=0.00339 path=0.0072 | Lg=+0.7097 | 37s
 3600 post m=8 hq=0.969 PASS | Dr=+0.619/+1.745 |Dr|max=1.745 Df=+0.585 | g r=0.063 f=0.059 p=0.289(0.001) max=1.305 | Ld=-0.0014 base=-0.0245 r1=0.00747 path=0.0157 | Lg=+0.7733 | 37s
 3610 post m=8 hq=0.966 PASS | Dr=+0.598/+1.156 |Dr|max=1.156 Df=+0.588 | g r=0.060 f=0.062 p=0.220(0.003) max=0.826 | Ld=+0.0069 base=-0.00295 r1=0.00309 path=0.00677 | Lg=+0.7349 | 37s
 3620 post m=8 hq=0.974 PASS | Dr=+0.628/+1.451 |Dr|max=1.451 Df=+0.611 | g r=0.060 f=0.060 p=0.288(0.002) max=1.163 | Ld=-0.0094 base=-0.021 r1=0.00489 path=0.00389 cap=0.00282 | Lg=+0.7561 | 37s
 3630 post m=8 hq=0.983 PASS | Dr=+0.538/+1.148 |Dr|max=1.148 Df=+0.519 | g r=0.041 f=0.042 p=0.186(0.001) max=0.849 | Ld=+0.0277 base=0.00944 r1=0.0075 path=0.0107 cap=9.82e-05 | Lg=+0.7219 | 37s
 3640 post m=8 hq=0.966 PASS | Dr=+0.576/+1.139 |Dr|max=1.139 Df=+0.563 | g r=0.044 f=0.043 p=0.265(0.001) max=1.015 | Ld=-0.0085 base=-0.0177 r1=0.00454 path=0.00468 | Lg=+0.7426 | 38s
 3650 post m=8 hq=0.894 fail | Dr=+0.888/+1.457 |Dr|max=1.457 Df=+0.873 | g r=0.108 f=0.098 p=0.257(0.004) max=1.163 | Ld=+0.0487 base=-0.000855 r1=0.0302 path=0.0194 | Lg=+0.7315 | 38s
 3660 post m=8 hq=0.968 PASS | Dr=+0.723/+1.778 |Dr|max=1.778 Df=+0.690 | g r=0.045 f=0.046 p=0.318(0.001) max=1.164 | Ld=-0.0275 base=-0.0334 r1=0.00298 path=0.0029 | Lg=+0.7852 | 38s
 3670 post m=8 hq=0.947 PASS | Dr=+0.696/+1.639 |Dr|max=1.639 Df=+0.673 | g r=0.093 f=0.096 p=0.309(0.003) max=1.104 | Ld=-0.0154 base=-0.0224 r1=0.0052 path=0.00173 cap=1.08e-07 | Lg=+0.7614 | 38s
 3680 post m=8 hq=0.927 PASS | Dr=+0.846/+1.450 |Dr|max=1.450 Df=+0.832 | g r=0.108 f=0.102 p=0.254(0.001) max=1.011 | Ld=+0.0140 base=-0.00837 r1=0.0176 path=0.00466 cap=8.17e-05 | Lg=+0.7382 | 38s
 3690 post m=8 hq=0.963 PASS | Dr=+0.936/+2.017 |Dr|max=2.017 Df=+0.905 | g r=0.090 f=0.096 p=0.330(0.003) max=1.316 | Ld=-0.0225 base=-0.0372 r1=0.00843 path=0.00615 cap=0.000149 | Lg=+0.7796 | 38s
 3700 post m=8 hq=0.965 PASS | Dr=+0.572/+1.234 |Dr|max=1.234 Df=+0.549 | g r=0.038 f=0.039 p=0.239(0.001) max=1.051 | Ld=+0.0061 base=-0.000361 r1=0.00455 path=0.00168 cap=0.000248 | Lg=+0.7467 | 38s
 3710 post m=8 hq=0.863 fail | Dr=+0.491/+1.242 |Dr|max=1.242 Df=+0.477 | g r=0.124 f=0.133 p=0.240(0.002) max=0.754 | Ld=+0.0026 base=-0.00767 r1=0.0073 path=0.00298 | Lg=+0.7446 | 38s
 3720 post m=8 hq=0.934 PASS | Dr=+0.803/+1.521 |Dr|max=1.521 Df=+0.784 | g r=0.090 f=0.081 p=0.280(0.003) max=1.205 | Ld=+0.0040 base=-0.013 r1=0.0066 path=0.00997 cap=0.000385 | Lg=+0.7527 | 38s
 3730 post m=8 hq=0.958 PASS | Dr=+0.776/+1.508 |Dr|max=1.508 Df=+0.753 | g r=0.057 f=0.055 p=0.259(0.002) max=1.215 | Ld=-0.0024 base=-0.0135 r1=0.00891 path=0.0022 cap=1.58e-06 | Lg=+0.7553 | 38s
 3740 post m=8 hq=0.792 fail | Dr=+0.359/+1.010 |Dr|max=1.010 Df=+0.339 | g r=0.078 f=0.072 p=0.265(0.002) max=1.183 | Ld=-0.0108 base=-0.0216 r1=0.00527 path=0.00559 | Lg=+0.7919 | 38s
 3750 post m=8 hq=0.969 PASS | Dr=+1.027/+2.382 |Dr|max=2.382 Df=+0.986 | g r=0.039 f=0.039 p=0.380(0.002) max=1.657 | Ld=-0.0304 base=-0.0354 r1=0.00233 path=0.00268 cap=9.37e-07 | Lg=+0.8252 | 38s
 3760 post m=8 hq=0.968 PASS | Dr=+0.453/+1.352 |Dr|max=1.352 Df=+0.428 | g r=0.053 f=0.056 p=0.289(0.001) max=1.094 | Ld=-0.0144 base=-0.0247 r1=0.00674 path=0.00357 cap=4.36e-05 | Lg=+0.7566 | 39s
 3770 post m=8 hq=0.976 PASS | Dr=+0.729/+1.322 |Dr|max=1.322 Df=+0.713 | g r=0.050 f=0.050 p=0.222(0.001) max=0.761 | Ld=+0.0119 base=0.00587 r1=0.00225 path=0.00378 | Lg=+0.7257 | 39s
 3780 post m=8 hq=0.950 PASS | Dr=+0.520/+1.615 |Dr|max=1.615 Df=+0.487 | g r=0.078 f=0.069 p=0.304(0.003) max=1.329 | Ld=-0.0136 base=-0.0238 r1=0.00438 path=0.0059 | Lg=+0.8069 | 39s
 3790 post m=8 hq=0.955 PASS | Dr=+0.608/+1.412 |Dr|max=1.412 Df=+0.589 | g r=0.071 f=0.068 p=0.294(0.002) max=1.115 | Ld=+0.0007 base=-0.0138 r1=0.00434 path=0.0101 cap=7.73e-05 | Lg=+0.7560 | 39s
 3800 post m=6 hq=0.552 fail | Dr=+0.258/+0.677 |Dr|max=0.677 Df=+0.250 | g r=0.067 f=0.079 p=0.163(0.004) max=0.742 | Ld=+0.2608 base=0.00919 r1=0.0701 path=0.0638 cap=0.118 | Lg=+0.7154 | 39s
 3810 post m=8 hq=0.967 PASS | Dr=+0.504/+1.216 |Dr|max=1.216 Df=+0.486 | g r=0.035 f=0.040 p=0.215(0.001) max=1.032 | Ld=-0.0044 base=-0.00983 r1=0.00154 path=0.00384 | Lg=+0.7329 | 39s
 3820 post m=8 hq=0.969 PASS | Dr=+0.582/+1.541 |Dr|max=1.541 Df=+0.556 | g r=0.047 f=0.049 p=0.296(0.000) max=1.229 | Ld=+0.0070 base=-0.000517 r1=0.00305 path=0.0042 cap=0.000291 | Lg=+0.7771 | 39s
 3830 post m=8 hq=0.972 PASS | Dr=+0.409/+0.958 |Dr|max=0.958 Df=+0.402 | g r=0.059 f=0.055 p=0.202(0.001) max=0.794 | Ld=+0.0066 base=-0.0158 r1=0.0102 path=0.0122 | Lg=+0.7298 | 39s
 3840 post m=8 hq=0.718 fail | Dr=+0.235/+0.970 |Dr|max=0.970 Df=+0.220 | g r=0.154 f=0.159 p=0.261(0.006) max=0.827 | Ld=+0.0231 base=0.0052 r1=0.0121 path=0.00579 cap=1.34e-05 | Lg=+0.7456 | 39s
 3850 post m=8 hq=0.963 PASS | Dr=+0.587/+1.211 |Dr|max=1.211 Df=+0.579 | g r=0.052 f=0.050 p=0.232(0.001) max=1.089 | Ld=+0.0137 base=0.00418 r1=0.00412 path=0.00528 cap=7.89e-05 | Lg=+0.7275 | 39s
 3860 post m=8 hq=0.926 PASS | Dr=+0.694/+1.077 |Dr|max=1.077 Df=+0.697 | g r=0.040 f=0.047 p=0.174(0.001) max=0.630 | Ld=+0.0025 base=-0.0197 r1=0.00648 path=0.00817 cap=0.00762 | Lg=+0.7115 | 39s
 3870 post m=8 hq=0.954 PASS | Dr=+0.428/+1.118 |Dr|max=1.118 Df=+0.415 | g r=0.066 f=0.071 p=0.220(0.004) max=0.855 | Ld=+0.0097 base=-0.0052 r1=0.00835 path=0.00654 cap=1.51e-05 | Lg=+0.7311 | 39s
 3880 post m=8 hq=0.972 PASS | Dr=+0.508/+0.989 |Dr|max=0.989 Df=+0.499 | g r=0.057 f=0.058 p=0.169(0.001) max=0.698 | Ld=+0.0201 base=0.00428 r1=0.0091 path=0.00676 | Lg=+0.7179 | 39s
 3890 post m=8 hq=0.942 PASS | Dr=+0.301/+1.041 |Dr|max=1.041 Df=+0.285 | g r=0.072 f=0.070 p=0.276(0.001) max=1.299 | Ld=+0.0078 base=-0.00151 r1=0.00388 path=0.00543 cap=2.64e-05 | Lg=+0.7664 | 40s
 3900 post m=8 hq=0.934 PASS | Dr=+0.555/+1.657 |Dr|max=1.657 Df=+0.532 | g r=0.069 f=0.073 p=0.302(0.002) max=1.484 | Ld=-0.0278 base=-0.0346 r1=0.00312 path=0.00356 cap=8.9e-05 | Lg=+0.8103 | 40s
 3910 post m=8 hq=0.529 fail | Dr=+0.617/+2.149 |Dr|max=2.149 Df=+0.624 | g r=0.271 f=0.373 p=0.586(0.005) max=2.370 | Ld=+0.1065 base=-0.066 r1=0.0627 path=0.0186 cap=0.0912 | Lg=+0.9304 | 40s
 3920 post m=5 hq=0.154 fail | Dr=+0.746/+1.451 |Dr|max=1.451 Df=+0.625 | g r=0.097 f=0.340 p=0.380(0.002) max=1.437 | Ld=-0.0471 base=-0.0781 r1=0.0211 path=0.00746 cap=0.00251 | Lg=+0.7713 | 40s
 3930 post m=8 hq=0.364 fail | Dr=+0.446/+0.961 |Dr|max=0.961 Df=+0.428 | g r=0.242 f=0.287 p=0.354(0.003) max=1.218 | Ld=-0.0157 base=-0.226 r1=0.0552 path=0.00957 cap=0.145 | Lg=+0.7399 | 40s
 3940 post m=8 hq=0.898 fail | Dr=+0.467/+1.020 |Dr|max=1.020 Df=+0.443 | g r=0.068 f=0.105 p=0.297(0.002) max=1.149 | Ld=+0.0030 base=-0.0125 r1=0.00994 path=0.00492 cap=0.000643 | Lg=+0.7321 | 40s
 3950 post m=8 hq=0.775 fail | Dr=+0.476/+1.169 |Dr|max=1.169 Df=+0.458 | g r=0.088 f=0.135 p=0.338(0.001) max=1.505 | Ld=-0.0308 base=-0.0396 r1=0.00502 path=0.00387 cap=1.1e-06 | Lg=+0.7465 | 40s
 3960 post m=8 hq=0.856 fail | Dr=+0.623/+1.195 |Dr|max=1.195 Df=+0.606 | g r=0.066 f=0.083 p=0.255(0.002) max=0.882 | Ld=+0.0049 base=-0.0286 r1=0.0288 path=0.00472 cap=1.06e-06 | Lg=+0.7327 | 40s
 3970 post m=8 hq=0.890 fail | Dr=+0.977/+1.573 |Dr|max=1.573 Df=+0.961 | g r=0.100 f=0.136 p=0.389(0.001) max=1.423 | Ld=-0.0417 base=-0.0584 r1=0.0109 path=0.00446 cap=0.00133 | Lg=+0.7647 | 40s
 3980 post m=7 hq=0.426 fail | Dr=+0.371/+0.809 |Dr|max=0.809 Df=+0.354 | g r=0.177 f=0.212 p=0.288(0.002) max=0.953 | Ld=+0.0311 base=-0.000157 r1=0.0228 path=0.00707 cap=0.00135 | Lg=+0.7284 | 40s
 3990 post m=8 hq=0.834 fail | Dr=+0.353/+0.630 |Dr|max=0.630 Df=+0.339 | g r=0.087 f=0.119 p=0.269(0.001) max=1.216 | Ld=+0.0021 base=-0.0204 r1=0.0145 path=0.00795 cap=2.77e-05 | Lg=+0.7130 | 40s
 4000 post m=8 hq=0.869 fail | Dr=+0.289/+0.743 |Dr|max=0.743 Df=+0.253 | g r=0.056 f=0.101 p=0.283(0.003) max=1.015 | Ld=-0.0139 base=-0.0248 r1=0.00681 path=0.00284 cap=0.00128 | Lg=+0.7170 | 40s
 4010 post m=8 hq=0.886 fail | Dr=+0.214/+0.697 |Dr|max=0.697 Df=+0.186 | g r=0.052 f=0.101 p=0.273(0.001) max=1.047 | Ld=-0.0134 base=-0.022 r1=0.00588 path=0.00275 | Lg=+0.7218 | 41s
 4020 post m=8 hq=0.880 fail | Dr=+0.336/+0.819 |Dr|max=0.819 Df=+0.294 | g r=0.051 f=0.102 p=0.294(0.002) max=1.092 | Ld=-0.0108 base=-0.0156 r1=0.00352 path=0.00128 cap=2.33e-05 | Lg=+0.7261 | 41s
 4030 post m=8 hq=0.894 fail | Dr=+0.172/+0.669 |Dr|max=0.669 Df=+0.150 | g r=0.062 f=0.119 p=0.313(0.002) max=1.109 | Ld=-0.0278 base=-0.0424 r1=0.00673 path=0.0073 cap=0.000592 | Lg=+0.7453 | 41s
 4040 post m=5 hq=0.278 fail | Dr=+0.330/+1.682 |Dr|max=1.682 Df=+0.221 | g r=0.387 f=0.860 p=0.763(0.005) max=3.442 | Ld=-0.0282 base=-0.151 r1=0.0142 path=0.0966 cap=0.012 | Lg=+1.0081 | 41s
 4050 post m=8 hq=0.533 fail | Dr=+0.733/+1.335 |Dr|max=1.335 Df=+0.683 | g r=0.115 f=0.276 p=0.339(0.003) max=1.238 | Ld=-0.0625 base=-0.112 r1=0.0335 path=0.0116 cap=0.00447 | Lg=+0.7998 | 41s
 4060 post m=8 hq=0.912 PASS | Dr=+0.605/+1.399 |Dr|max=1.399 Df=+0.576 | g r=0.066 f=0.099 p=0.315(0.001) max=1.258 | Ld=-0.0274 base=-0.0361 r1=0.00597 path=0.00135 cap=0.00131 | Lg=+0.7450 | 41s
 4070 post m=8 hq=0.917 PASS | Dr=+0.651/+1.352 |Dr|max=1.352 Df=+0.629 | g r=0.069 f=0.099 p=0.329(0.001) max=1.577 | Ld=-0.0333 base=-0.0442 r1=0.00724 path=0.00356 cap=5.65e-05 | Lg=+0.7538 | 41s
 4080 post m=8 hq=0.933 PASS | Dr=+0.467/+1.150 |Dr|max=1.150 Df=+0.447 | g r=0.068 f=0.084 p=0.266(0.002) max=1.145 | Ld=-0.0037 base=-0.0139 r1=0.00722 path=0.00231 cap=0.000662 | Lg=+0.7408 | 41s
 4090 post m=8 hq=0.948 PASS | Dr=+0.468/+1.098 |Dr|max=1.098 Df=+0.449 | g r=0.059 f=0.072 p=0.270(0.003) max=1.072 | Ld=+0.0003 base=-0.00859 r1=0.00613 path=0.00274 cap=6.27e-07 | Lg=+0.7601 | 41s
 4100 post m=8 hq=0.886 fail | Dr=+0.573/+1.122 |Dr|max=1.122 Df=+0.549 | g r=0.057 f=0.109 p=0.252(0.003) max=1.191 | Ld=-0.0056 base=-0.0134 r1=0.00531 path=0.00248 cap=1.62e-09 | Lg=+0.7269 | 41s
 4110 post m=8 hq=0.963 PASS | Dr=+0.234/+0.743 |Dr|max=0.743 Df=+0.227 | g r=0.053 f=0.053 p=0.226(0.002) max=0.743 | Ld=-0.0067 base=-0.0187 r1=0.00443 path=0.00755 | Lg=+0.7403 | 41s
 4120 post m=8 hq=0.973 PASS | Dr=+0.419/+0.840 |Dr|max=0.840 Df=+0.413 | g r=0.052 f=0.052 p=0.192(0.001) max=0.931 | Ld=+0.0132 base=0.00323 r1=0.00594 path=0.00404 | Lg=+0.7134 | 41s
 4130 post m=8 hq=0.849 fail | Dr=+0.203/+0.909 |Dr|max=0.909 Df=+0.198 | g r=0.098 f=0.111 p=0.272(0.002) max=1.163 | Ld=-0.0033 base=-0.0105 r1=0.00348 path=0.00372 | Lg=+0.7493 | 42s
 4140 post m=8 hq=0.868 fail | Dr=+0.628/+1.019 |Dr|max=1.019 Df=+0.615 | g r=0.064 f=0.107 p=0.243(0.003) max=1.172 | Ld=-0.0033 base=-0.0176 r1=0.0105 path=0.00369 cap=4.22e-05 | Lg=+0.7211 | 42s
 4150 post m=8 hq=0.963 PASS | Dr=+0.704/+1.238 |Dr|max=1.238 Df=+0.693 | g r=0.043 f=0.052 p=0.258(0.001) max=1.188 | Ld=-0.0024 base=-0.00858 r1=0.00349 path=0.00274 | Lg=+0.7224 | 42s
 4160 post m=8 hq=0.960 PASS | Dr=+0.616/+1.178 |Dr|max=1.178 Df=+0.605 | g r=0.074 f=0.072 p=0.253(0.002) max=1.160 | Ld=+0.0020 base=-0.0071 r1=0.00726 path=0.00186 | Lg=+0.7226 | 42s
 4170 post m=8 hq=0.974 PASS | Dr=+0.301/+0.741 |Dr|max=0.741 Df=+0.294 | g r=0.053 f=0.056 p=0.197(0.001) max=0.757 | Ld=+0.0111 base=-0.00517 r1=0.0121 path=0.00424 | Lg=+0.7059 | 42s
 4180 post m=8 hq=0.972 PASS | Dr=+0.372/+0.935 |Dr|max=0.935 Df=+0.369 | g r=0.059 f=0.058 p=0.240(0.001) max=0.982 | Ld=-0.0024 base=-0.011 r1=0.00563 path=0.003 cap=2.05e-07 | Lg=+0.7194 | 42s
 4190 post m=8 hq=0.983 PASS | Dr=+0.163/+0.607 |Dr|max=0.607 Df=+0.155 | g r=0.045 f=0.041 p=0.173(0.001) max=0.852 | Ld=-0.0028 base=-0.00604 r1=0.00127 path=0.00197 | Lg=+0.7194 | 42s
 4200 post m=8 hq=0.984 PASS | Dr=+0.170/+0.392 |Dr|max=0.392 Df=+0.166 | g r=0.018 f=0.016 p=0.071(0.001) max=0.339 | Ld=+0.0117 base=0.00542 r1=0.00129 path=0.00494 | Lg=+0.6974 | 42s
 4210 post m=6 hq=0.605 fail | Dr=-0.197/+0.206 |Dr|max=0.598 Df=-0.209 | g r=0.073 f=0.070 p=0.174(0.003) max=0.695 | Ld=+0.0350 base=-0.00975 r1=0.0293 path=0.0106 cap=0.00483 | Lg=+0.7177 | 42s
 4220 post m=5 hq=0.361 fail | Dr=+0.132/+0.724 |Dr|max=0.724 Df=-0.008 | g r=0.146 f=0.325 p=0.363(0.007) max=1.244 | Ld=-0.0336 base=-0.0749 r1=0.0303 path=0.00926 cap=0.0018 | Lg=+0.7657 | 42s
 4230 post m=7 hq=0.570 fail | Dr=+0.488/+0.733 |Dr|max=0.733 Df=+0.457 | g r=0.088 f=0.253 p=0.309(0.005) max=0.984 | Ld=+0.0036 base=-0.0142 r1=0.0149 path=0.00291 cap=8.26e-06 | Lg=+0.7139 | 43s
 4240 post m=8 hq=0.847 fail | Dr=+0.531/+0.898 |Dr|max=0.898 Df=+0.512 | g r=0.104 f=0.169 p=0.322(0.005) max=1.137 | Ld=-0.0006 base=-0.0427 r1=0.0147 path=0.0273 cap=3.2e-05 | Lg=+0.7509 | 43s
 4250 post m=7 hq=0.445 fail | Dr=+0.758/+1.197 |Dr|max=1.197 Df=+0.676 | g r=0.102 f=0.235 p=0.345(0.001) max=1.235 | Ld=-0.0074 base=-0.0282 r1=0.0164 path=0.00401 cap=0.000385 | Lg=+0.7259 | 43s
 4260 post m=5 hq=0.470 fail | Dr=+0.780/+1.354 |Dr|max=1.354 Df=+0.692 | g r=0.116 f=0.345 p=0.361(0.002) max=1.385 | Ld=-0.0232 base=-0.0573 r1=0.0238 path=0.00951 cap=0.000798 | Lg=+0.7590 | 43s
 4270 post m=8 hq=0.852 fail | Dr=+0.315/+0.604 |Dr|max=0.604 Df=+0.302 | g r=0.063 f=0.108 p=0.199(0.004) max=0.751 | Ld=+0.0249 base=-0.00798 r1=0.0147 path=0.0182 | Lg=+0.7112 | 43s
 4280 post m=8 hq=0.939 PASS | Dr=+0.444/+0.845 |Dr|max=0.845 Df=+0.431 | g r=0.051 f=0.068 p=0.238(0.003) max=0.847 | Ld=+0.0137 base=0.00183 r1=0.00426 path=0.00759 cap=1.23e-05 | Lg=+0.7014 | 43s
 4290 post m=8 hq=0.957 PASS | Dr=+0.271/+0.709 |Dr|max=0.709 Df=+0.261 | g r=0.055 f=0.060 p=0.212(0.002) max=0.826 | Ld=+0.0149 base=0.00125 r1=0.00794 path=0.00576 | Lg=+0.7037 | 43s
 4300 post m=8 hq=0.968 PASS | Dr=+0.358/+0.688 |Dr|max=0.688 Df=+0.354 | g r=0.065 f=0.061 p=0.188(0.006) max=0.685 | Ld=+0.0031 base=-0.00445 r1=0.00557 path=0.002 | Lg=+0.7072 | 43s
 4310 post m=8 hq=0.968 PASS | Dr=+0.118/+0.588 |Dr|max=0.588 Df=+0.107 | g r=0.068 f=0.064 p=0.182(0.005) max=0.603 | Ld=+0.0087 base=-0.00306 r1=0.00949 path=0.00226 | Lg=+0.7206 | 43s
 4320 post m=8 hq=0.979 PASS | Dr=+0.518/+0.709 |Dr|max=0.709 Df=+0.514 | g r=0.032 f=0.033 p=0.151(0.000) max=0.559 | Ld=+0.0158 base=-0.00152 r1=0.00128 path=0.0161 | Lg=+0.7013 | 43s
 4330 post m=8 hq=0.985 PASS | Dr=+0.393/+0.672 |Dr|max=0.672 Df=+0.387 | g r=0.032 f=0.032 p=0.130(0.001) max=0.486 | Ld=+0.0165 base=0.0124 r1=0.00239 path=0.00166 | Lg=+0.6978 | 44s
 4340 post m=4 hq=0.285 fail | Dr=+0.436/+1.102 |Dr|max=1.102 Df=+0.369 | g r=0.204 f=0.281 p=0.382(0.004) max=1.422 | Ld=+0.0795 base=0.0104 r1=0.01 path=0.0591 | Lg=+0.8504 | 44s
 4350 post m=8 hq=0.557 fail | Dr=+0.493/+0.902 |Dr|max=0.902 Df=+0.455 | g r=0.089 f=0.248 p=0.318(0.003) max=0.994 | Ld=-0.0168 base=-0.039 r1=0.0208 path=0.00136 cap=1.1e-05 | Lg=+0.7233 | 44s
 4360 post m=8 hq=0.971 PASS | Dr=+0.532/+1.086 |Dr|max=1.086 Df=+0.519 | g r=0.042 f=0.041 p=0.280(0.000) max=1.054 | Ld=+0.0079 base=0.000564 r1=0.00501 path=0.00229 cap=2.54e-05 | Lg=+0.7178 | 44s
 4370 post m=8 hq=0.973 PASS | Dr=+0.436/+1.157 |Dr|max=1.157 Df=+0.421 | g r=0.069 f=0.068 p=0.277(0.002) max=1.035 | Ld=+0.0224 base=0.0116 r1=0.00884 path=0.00178 cap=0.000119 | Lg=+0.7334 | 44s
 4380 post m=8 hq=0.894 fail | Dr=+0.736/+1.520 |Dr|max=1.520 Df=+0.746 | g r=0.094 f=0.099 p=0.277(0.002) max=1.414 | Ld=-0.0034 base=-0.0149 r1=0.0047 path=0.00684 | Lg=+0.7366 | 44s
 4390 post m=8 hq=0.984 PASS | Dr=+0.507/+1.170 |Dr|max=1.170 Df=+0.493 | g r=0.042 f=0.038 p=0.307(0.005) max=1.264 | Ld=-0.0050 base=-0.0108 r1=0.00406 path=0.00161 cap=0.000206 | Lg=+0.7649 | 44s
 4400 post m=8 hq=0.983 PASS | Dr=+0.552/+0.859 |Dr|max=0.859 Df=+0.545 | g r=0.023 f=0.023 p=0.138(0.002) max=0.597 | Ld=+0.0094 base=0.000404 r1=0.0011 path=0.00787 | Lg=+0.7044 | 44s
 4410 post m=8 hq=0.978 PASS | Dr=+0.404/+1.193 |Dr|max=1.193 Df=+0.389 | g r=0.064 f=0.063 p=0.235(0.003) max=1.070 | Ld=-0.0122 base=-0.0211 r1=0.00432 path=0.00459 | Lg=+0.7442 | 44s
 4420 post m=8 hq=0.984 PASS | Dr=+0.333/+0.912 |Dr|max=0.912 Df=+0.334 | g r=0.054 f=0.059 p=0.270(0.004) max=1.366 | Ld=-0.0084 base=-0.0146 r1=0.00343 path=0.00279 | Lg=+0.7497 | 44s
 4430 post m=8 hq=0.953 PASS | Dr=-0.014/+0.263 |Dr|max=0.318 Df=-0.018 | g r=0.048 f=0.049 p=0.107(0.002) max=0.504 | Ld=+0.0107 base=0.00439 r1=0.00252 path=0.00383 | Lg=+0.7063 | 44s
 4440 post m=8 hq=0.981 PASS | Dr=+0.310/+0.521 |Dr|max=0.521 Df=+0.305 | g r=0.029 f=0.028 p=0.093(0.001) max=0.363 | Ld=+0.0083 base=0.00079 r1=0.00171 path=0.00579 | Lg=+0.6987 | 45s
 4450 post m=8 hq=0.990 PASS | Dr=+0.355/+0.648 |Dr|max=0.648 Df=+0.346 | g r=0.041 f=0.043 p=0.114(0.001) max=0.501 | Ld=+0.0246 base=0.00328 r1=0.0137 path=0.00764 cap=1.09e-09 | Lg=+0.7053 | 45s
 4460 post m=8 hq=0.990 PASS | Dr=+0.353/+0.524 |Dr|max=0.524 Df=+0.352 | g r=0.026 f=0.024 p=0.104(0.001) max=0.507 | Ld=+0.0049 base=-0.00101 r1=0.00498 path=0.000961 | Lg=+0.6991 | 45s
 4470 post m=8 hq=0.979 PASS | Dr=+0.258/+0.534 |Dr|max=0.534 Df=+0.253 | g r=0.042 f=0.045 p=0.109(0.001) max=0.547 | Ld=+0.0060 base=0.00118 r1=0.0033 path=0.00156 | Lg=+0.6996 | 45s
 4480 post m=8 hq=0.986 PASS | Dr=+0.324/+0.757 |Dr|max=0.757 Df=+0.314 | g r=0.038 f=0.037 p=0.183(0.001) max=0.894 | Ld=-0.0026 base=-0.00526 r1=0.000986 path=0.00167 | Lg=+0.7287 | 45s
 4490 post m=8 hq=0.750 fail | Dr=-0.526/+0.376 |Dr|max=1.411 Df=-0.488 | g r=0.191 f=0.173 p=0.331(0.002) max=1.610 | Ld=-0.0009 base=-0.00952 r1=0.0054 path=0.00323 | Lg=+0.7951 | 45s
 4500 post m=8 hq=0.983 PASS | Dr=+0.582/+1.066 |Dr|max=1.066 Df=+0.584 | g r=0.043 f=0.039 p=0.202(0.001) max=0.949 | Ld=-0.0073 base=-0.0117 r1=0.00223 path=0.00219 | Lg=+0.7202 | 45s
 4510 post m=8 hq=0.986 PASS | Dr=+0.365/+0.586 |Dr|max=0.586 Df=+0.366 | g r=0.064 f=0.062 p=0.123(0.000) max=0.491 | Ld=+0.0187 base=0.00855 r1=0.00761 path=0.00257 | Lg=+0.7049 | 45s
 4520 post m=8 hq=0.984 PASS | Dr=+0.546/+1.057 |Dr|max=1.057 Df=+0.543 | g r=0.045 f=0.045 p=0.202(0.002) max=0.827 | Ld=+0.0040 base=-0.00516 r1=0.00173 path=0.0074 | Lg=+0.7191 | 45s
 4530 post m=8 hq=0.976 PASS | Dr=+0.247/+0.539 |Dr|max=0.539 Df=+0.248 | g r=0.049 f=0.049 p=0.095(0.002) max=0.355 | Ld=+0.0056 base=-0.000809 r1=0.00328 path=0.0031 | Lg=+0.6978 | 45s
 4540 post m=8 hq=0.984 PASS | Dr=+0.362/+0.755 |Dr|max=0.755 Df=+0.353 | g r=0.047 f=0.041 p=0.123(0.001) max=0.584 | Ld=+0.0037 base=-0.0012 r1=0.00209 path=0.00281 | Lg=+0.7120 | 45s
 4550 post m=8 hq=0.949 PASS | Dr=+0.318/+0.466 |Dr|max=0.466 Df=+0.316 | g r=0.037 f=0.037 p=0.093(0.002) max=0.523 | Ld=+0.0220 base=0.0151 r1=0.00226 path=0.00468 | Lg=+0.6965 | 45s
 4560 post m=8 hq=0.986 PASS | Dr=+0.266/+0.565 |Dr|max=0.565 Df=+0.260 | g r=0.036 f=0.032 p=0.154(0.001) max=0.715 | Ld=-0.0068 base=-0.0104 r1=0.00158 path=0.00196 | Lg=+0.7100 | 45s
 4570 post m=8 hq=0.985 PASS | Dr=+0.323/+0.638 |Dr|max=0.638 Df=+0.318 | g r=0.030 f=0.029 p=0.129(0.001) max=0.801 | Ld=-0.0003 base=-0.00533 r1=0.00298 path=0.00209 | Lg=+0.7030 | 46s
 4580 post m=8 hq=0.985 PASS | Dr=+0.514/+0.893 |Dr|max=0.893 Df=+0.504 | g r=0.030 f=0.029 p=0.109(0.001) max=0.617 | Ld=+0.0179 base=0.00492 r1=0.00211 path=0.0109 | Lg=+0.7033 | 46s
 4590 post m=8 hq=0.978 PASS | Dr=+0.357/+1.005 |Dr|max=1.005 Df=+0.350 | g r=0.067 f=0.070 p=0.248(0.002) max=1.098 | Ld=-0.0042 base=-0.0154 r1=0.00662 path=0.0046 | Lg=+0.7458 | 46s
 4600 post m=8 hq=0.974 PASS | Dr=+0.272/+0.481 |Dr|max=0.481 Df=+0.267 | g r=0.032 f=0.031 p=0.091(0.001) max=0.415 | Ld=+0.0053 base=4.57e-05 r1=0.00198 path=0.00324 | Lg=+0.7029 | 46s
# COMPLETE 4600 updates in 46s; prehold 67/120; arrival=120
