# arm=no_cap formulation=wgan + drift(0.1) + path-lower(10,t=1) device=cuda:0 steps=4600
# step phase modes hq pass | Dr mean/max |Dr|max Df | grad-norm real fake path(min) max | loss_d terms | loss_g | sec
# init=batch_feature_zero hook=None differs_from_old=G,D,prior public_path_match=G,D,prior ema_D_equals_D=None sha G=615e9d129c1c D=e15f6122daf7 prior=2531df2c5ad8
   10 acq  m=0 hq=0.000 fail | Dr=+0.386/+1.006 |Dr|max=1.006 Df=-0.161 | g r=2.649 f=0.960 p=2.684(0.063) max=6.434 | Ld=-0.2108 base=-0.349 drift=0.0121 path=0.126 | Lg=+1.0306 | 1s
   20 acq  m=0 hq=0.000 fail | Dr=+1.573/+4.965 |Dr|max=4.965 Df=-0.268 | g r=6.595 f=7.484 p=7.561(0.089) max=27.636 | Ld=-0.4243 base=-0.986 drift=0.532 path=0.0297 | Lg=+2.3518 | 1s
   30 acq  m=0 hq=0.000 fail | Dr=+0.308/+7.330 |Dr|max=56.775 Df=-39.005 | g r=68.664 f=112.393 p=111.347(0.495) max=312.459 | Ld=-17.1488 base=-21.1 drift=3.91 path=1.01e-05 | Lg=+34.4750 | 1s
   40 acq  m=0 hq=0.000 fail | Dr=+2.831/+6.225 |Dr|max=86.553 Df=+1.773 | g r=37.981 f=20.296 p=239.057(0.617) max=927.004 | Ld=-1.7818 base=-4.58 drift=2.8 | Lg=+8.4701 | 1s
   50 acq  m=0 hq=0.000 fail | Dr=+16.350/+25.286 |Dr|max=41.303 Df=-49.397 | g r=27.410 f=341.409 p=290.443(0.631) max=1025.224 | Ld=-42.9157 base=-64.8 drift=21.9 | Lg=+33.5441 | 1s
   60 acq  m=0 hq=0.000 fail | Dr=-3.904/+44.263 |Dr|max=457.402 Df=-712.632 | g r=283.991 f=1689.261 p=1735.879(1.643) max=4454.617 | Ld=-339.1792 base=-430 drift=91 | Lg=+1757.9374 | 1s
   70 acq  m=4 hq=0.012 fail | Dr=-4.476/+54.858 |Dr|max=1977.670 Df=-4521.748 | g r=557.913 f=8638.383 p=8696.123(4.448) max=24204.473 | Ld=-2443.5750 base=-2.59e+03 drift=146 | Lg=+3841.9814 | 1s
   80 acq  m=2 hq=0.011 fail | Dr=+6.553/+51.667 |Dr|max=2874.264 Df=-5238.875 | g r=316.001 f=27138.980 p=25058.264(5.645) max=74826.703 | Ld=-4311.6484 base=-5.27e+03 drift=961 | Lg=+5593.1895 | 1s
   90 acq  m=1 hq=0.004 fail | Dr=+62.958/+157.966 |Dr|max=1201.914 Df=-5546.156 | g r=323.441 f=35611.172 p=42321.453(3.022) max=147329.641 | Ld=-5015.4854 base=-6.81e+03 drift=1.8e+03 | Lg=+6727.3491 | 2s
  100 acq  m=0 hq=0.000 fail | Dr=+14.188/+74.467 |Dr|max=4333.898 Df=-1063.039 | g r=522.791 f=12249.512 p=59933.195(12.363) max=214403.859 | Ld=-224.3397 base=-405 drift=181 | Lg=+521.7258 | 2s
  110 acq  m=0 hq=0.000 fail | Dr=-15.121/+21.432 |Dr|max=5006.942 Df=-2.184 | g r=367.945 f=151.596 p=48090.328(4.025) max=213532.047 | Ld=+64.9465 base=22.5 drift=42.4 | Lg=+0.3153 | 2s
  120 acq  m=0 hq=0.000 fail | Dr=-10.558/+44.194 |Dr|max=3413.270 Df=-9.874 | g r=243.931 f=105.663 p=43393.324(1.980) max=207842.953 | Ld=+660.2372 base=8.83 drift=651 | Lg=+7.4849 | 2s
  130 acq  m=0 hq=0.000 fail | Dr=-12.660/+43.774 |Dr|max=2218.639 Df=-40.387 | g r=246.630 f=130.227 p=42221.168(4.183) max=205789.453 | Ld=+26.3229 base=-23.1 drift=49.4 | Lg=+29.0126 | 2s
  140 acq  m=0 hq=0.000 fail | Dr=-24.399/+33.131 |Dr|max=1370.656 Df=-65.548 | g r=245.783 f=158.653 p=40423.125(3.916) max=195573.641 | Ld=+99.2629 base=-31.3 drift=131 | Lg=+42.3249 | 2s
  150 acq  m=0 hq=0.000 fail | Dr=+2.425/+61.005 |Dr|max=150.411 Df=-45.028 | g r=183.311 f=165.461 p=34969.914(3.017) max=179817.312 | Ld=+1478.8353 base=-41.7 drift=1.52e+03 | Lg=+47.6674 | 2s
  160 acq  m=0 hq=0.000 fail | Dr=-0.429/+44.902 |Dr|max=137.515 Df=-53.855 | g r=208.520 f=201.504 p=34623.984(5.539) max=180173.719 | Ld=-32.9518 base=-54.1 drift=21.2 | Lg=+54.4358 | 2s
  170 acq  m=0 hq=0.000 fail | Dr=-12.163/+34.604 |Dr|max=141.206 Df=-72.647 | g r=216.537 f=252.322 p=33962.320(14.748) max=172523.484 | Ld=-21.3387 base=-56.5 drift=35.2 | Lg=+61.6980 | 3s
  180 acq  m=0 hq=0.000 fail | Dr=-33.738/+17.666 |Dr|max=533.959 Df=-102.629 | g r=233.733 f=257.864 p=32570.398(8.852) max=169026.328 | Ld=+108.7705 base=-58.1 drift=167 | Lg=+69.2699 | 3s
  190 acq  m=0 hq=0.000 fail | Dr=-13.614/+32.360 |Dr|max=335.128 Df=-80.678 | g r=217.892 f=294.829 p=32550.352(11.411) max=168810.953 | Ld=-17.0503 base=-64.7 drift=47.6 | Lg=+68.2872 | 3s
  200 acq  m=0 hq=0.000 fail | Dr=-5.968/+38.425 |Dr|max=250.358 Df=-76.099 | g r=213.096 f=324.334 p=32450.676(4.375) max=174291.500 | Ld=-38.3579 base=-66.7 drift=28.3 | Lg=+72.0824 | 3s
  210 acq  m=0 hq=0.000 fail | Dr=-0.255/+42.406 |Dr|max=92.228 Df=-76.149 | g r=206.049 f=293.444 p=31535.281(4.209) max=170589.891 | Ld=-51.9280 base=-74.7 drift=22.8 | Lg=+82.0535 | 3s
  220 acq  m=0 hq=0.000 fail | Dr=-5.935/+34.417 |Dr|max=91.096 Df=-79.795 | g r=200.271 f=279.567 p=30118.131(4.740) max=164697.672 | Ld=-46.6912 base=-73.9 drift=27.2 | Lg=+78.6472 | 3s
  230 acq  m=0 hq=0.000 fail | Dr=-38.253/+6.653 |Dr|max=116.526 Df=-112.278 | g r=164.066 f=231.440 p=29547.141(4.174) max=163714.875 | Ld=+114.2389 base=-67.6 drift=182 | Lg=+77.0374 | 3s
  240 acq  m=0 hq=0.000 fail | Dr=-11.404/+20.581 |Dr|max=77.312 Df=-90.156 | g r=133.501 f=160.095 p=29165.090(3.803) max=161037.672 | Ld=-29.2804 base=-75.5 drift=46.2 | Lg=+79.3536 | 3s
  250 acq  m=0 hq=0.000 fail | Dr=-6.417/+24.656 |Dr|max=70.135 Df=-98.994 | g r=125.274 f=139.864 p=28675.883(3.152) max=159871.141 | Ld=-64.1295 base=-89.7 drift=25.6 | Lg=+93.8119 | 4s
  260 acq  m=0 hq=0.000 fail | Dr=-9.269/+24.517 |Dr|max=76.860 Df=-114.618 | g r=128.118 f=173.890 p=28680.088(2.162) max=161412.875 | Ld=-72.8287 base=-100 drift=27.5 | Lg=+105.1527 | 4s
  270 acq  m=0 hq=0.000 fail | Dr=-23.186/+15.983 |Dr|max=99.784 Df=-134.220 | g r=129.708 f=299.916 p=28475.477(8.012) max=156162.422 | Ld=-29.5844 base=-104 drift=74.1 | Lg=+112.8328 | 4s
  280 acq  m=0 hq=0.000 fail | Dr=-25.094/+13.397 |Dr|max=96.693 Df=-136.015 | g r=125.918 f=470.610 p=27912.699(5.262) max=150002.578 | Ld=-1.5996 base=-103 drift=101 | Lg=+111.7464 | 4s
  290 acq  m=0 hq=0.000 fail | Dr=-14.311/+20.643 |Dr|max=73.490 Df=-134.859 | g r=132.201 f=284.463 p=27578.459(2.341) max=150756.578 | Ld=-65.8270 base=-111 drift=45.6 | Lg=+123.8862 | 4s
  300 acq  m=0 hq=0.000 fail | Dr=-13.854/+22.460 |Dr|max=65.959 Df=-149.084 | g r=135.665 f=319.639 p=28619.570(6.122) max=153265.047 | Ld=-86.4129 base=-134 drift=47.1 | Lg=+140.1616 | 4s
  310 acq  m=0 hq=0.000 fail | Dr=-20.637/+27.555 |Dr|max=85.979 Df=-177.385 | g r=150.220 f=968.760 p=29581.143(8.005) max=149943.062 | Ld=-85.1312 base=-157 drift=72.3 | Lg=+166.0656 | 4s
  320 acq  m=0 hq=0.000 fail | Dr=-24.988/+30.285 |Dr|max=111.587 Df=-241.583 | g r=189.960 f=400.281 p=27464.123(5.758) max=153958.688 | Ld=-109.0204 base=-207 drift=97.9 | Lg=+221.3486 | 4s
  330 acq  m=0 hq=0.000 fail | Dr=-22.672/+30.520 |Dr|max=110.015 Df=-239.000 | g r=161.338 f=1180.845 p=27698.457(6.372) max=154371.281 | Ld=-100.8783 base=-189 drift=88.1 | Lg=+203.2763 | 5s
  340 acq  m=0 hq=0.000 fail | Dr=-17.236/+28.348 |Dr|max=123.856 Df=-212.416 | g r=176.004 f=1137.638 p=30339.096(2.331) max=137291.375 | Ld=-140.9213 base=-205 drift=63.9 | Lg=+222.5010 | 5s
  350 acq  m=0 hq=0.000 fail | Dr=-22.627/+29.827 |Dr|max=131.985 Df=-313.655 | g r=197.390 f=478.940 p=28292.598(6.982) max=149093.938 | Ld=-199.7576 base=-277 drift=77.3 | Lg=+297.6227 | 5s
  360 acq  m=0 hq=0.000 fail | Dr=-31.930/+9.966 |Dr|max=137.695 Df=-317.599 | g r=183.568 f=555.973 p=28546.141(10.994) max=152927.641 | Ld=-111.0801 base=-257 drift=146 | Lg=+290.9177 | 5s
  370 acq  m=0 hq=0.000 fail | Dr=-20.372/+18.708 |Dr|max=128.033 Df=-392.893 | g r=176.587 f=563.826 p=28855.199(1.096) max=156051.031 | Ld=-252.5999 base=-322 drift=69.3 | Lg=+376.7743 | 5s
  380 acq  m=0 hq=0.000 fail | Dr=-22.040/+47.910 |Dr|max=181.995 Df=-552.512 | g r=267.682 f=691.478 p=29259.910(3.933) max=148192.547 | Ld=-263.4174 base=-478 drift=215 | Lg=+533.3898 | 5s
  390 acq  m=0 hq=0.000 fail | Dr=-64.404/+31.573 |Dr|max=282.009 Df=-787.450 | g r=359.091 f=3113.851 p=28096.717(3.139) max=149544.453 | Ld=-13.1683 base=-536 drift=523 | Lg=+833.8975 | 5s
  400 acq  m=0 hq=0.000 fail | Dr=-23.112/+71.570 |Dr|max=272.167 Df=-1044.518 | g r=329.885 f=4931.415 p=30388.359(15.697) max=140070.203 | Ld=-789.5909 base=-1e+03 drift=211 | Lg=+1279.4290 | 5s
  410 acq  m=0 hq=0.000 fail | Dr=-16.155/+103.314 |Dr|max=156.675 Df=-1323.146 | g r=351.892 f=2052.779 p=28048.469(15.020) max=131648.281 | Ld=-1110.8895 base=-1.23e+03 drift=114 | Lg=+1345.8123 | 6s
  420 acq  m=0 hq=0.000 fail | Dr=+1.572/+93.765 |Dr|max=1406.058 Df=-1885.566 | g r=278.252 f=3319.290 p=27151.859(26.865) max=129467.656 | Ld=-1659.1714 base=-1.84e+03 drift=176 | Lg=+1970.8538 | 6s
  430 acq  m=0 hq=0.000 fail | Dr=+52.781/+170.797 |Dr|max=246.656 Df=-2332.089 | g r=271.368 f=3492.109 p=28186.162(10.546) max=133945.734 | Ld=-2428.0835 base=-2.84e+03 drift=411 | Lg=+2436.0820 | 6s
  440 acq  m=0 hq=0.000 fail | Dr=+28.837/+153.935 |Dr|max=841.248 Df=-3418.273 | g r=332.246 f=2483.432 p=28443.271(27.999) max=134514.078 | Ld=-3271.8640 base=-3.61e+03 drift=342 | Lg=+3460.3032 | 6s
  450 acq  m=0 hq=0.000 fail | Dr=+41.979/+146.988 |Dr|max=1143.272 Df=-4910.483 | g r=374.351 f=6681.520 p=31209.734(14.600) max=140911.203 | Ld=-4858.2861 base=-5.28e+03 drift=422 | Lg=+4953.4502 | 6s
  460 acq  m=0 hq=0.000 fail | Dr=-2.263/+142.267 |Dr|max=2293.308 Df=-7233.586 | g r=516.772 f=14552.656 p=32342.162(43.774) max=133934.859 | Ld=-6287.3726 base=-6.62e+03 drift=336 | Lg=+7021.0029 | 6s
  470 acq  m=0 hq=0.000 fail | Dr=-99.728/+188.537 |Dr|max=1878.025 Df=-10700.672 | g r=1789.872 f=4561.806 p=35412.234(58.667) max=152386.844 | Ld=-8724.2754 base=-9.07e+03 drift=347 | Lg=+10722.3115 | 6s
  480 acq  m=0 hq=0.000 fail | Dr=-29.296/+212.989 |Dr|max=1054.341 Df=-9229.271 | g r=537.952 f=4010.867 p=31520.250(17.407) max=139088.734 | Ld=-8496.8369 base=-8.67e+03 drift=177 | Lg=+9312.6621 | 6s
  490 acq  m=1 hq=0.014 fail | Dr=+2.412/+197.650 |Dr|max=11946.945 Df=-17575.672 | g r=1191.616 f=68264.625 p=68598.781(49.906) max=229637.578 | Ld=+168.0000 base=-1.08e+04 drift=1.1e+04 | Lg=+29960.0820 | 7s
  500 acq  m=0 hq=0.000 fail | Dr=+104.461/+362.457 |Dr|max=362.457 Df=-13010.671 | g r=496.223 f=49328.531 p=78841.297(25.639) max=339765.094 | Ld=-13731.1211 base=-1.86e+04 drift=4.86e+03 | Lg=+18062.0488 | 7s
  510 acq  m=0 hq=0.000 fail | Dr=+58.154/+263.143 |Dr|max=5487.206 Df=-17084.715 | g r=647.615 f=54128.344 p=95991.883(23.802) max=387445.844 | Ld=-16970.9922 base=-1.95e+04 drift=2.57e+03 | Lg=+20363.1523 | 7s
  520 acq  m=0 hq=0.000 fail | Dr=+0.983/+252.431 |Dr|max=4535.521 Df=-13036.588 | g r=587.039 f=47868.492 p=85962.719(29.746) max=380980.094 | Ld=-7895.0024 base=-1.25e+04 drift=4.61e+03 | Lg=+12171.1211 | 7s
  530 acq  m=1 hq=0.000 fail | Dr=-15.096/+284.039 |Dr|max=3025.480 Df=-6364.030 | g r=664.838 f=15826.281 p=75904.711(11.976) max=384355.375 | Ld=-8634.1299 base=-9.07e+03 drift=440 | Lg=+9787.8887 | 7s
  540 acq  m=3 hq=0.008 fail | Dr=+30.698/+208.168 |Dr|max=3158.765 Df=-15219.470 | g r=664.587 f=96940.203 p=108606.672(18.074) max=548671.000 | Ld=-19318.2812 base=-2.58e+04 drift=6.49e+03 | Lg=+24810.0859 | 7s
  550 acq  m=0 hq=0.000 fail | Dr=-6.118/+201.250 |Dr|max=201.250 Df=+2592.688 | g r=375.219 f=1161.320 p=27710.781(6.442) max=470097.375 | Ld=+2786.4514 base=2.36e+03 drift=429 | Lg=+350.6143 | 7s
  560 acq  m=0 hq=0.000 fail | Dr=-17.815/+133.646 |Dr|max=264.216 Df=+853.489 | g r=383.069 f=1239.677 p=28514.143(26.661) max=486958.344 | Ld=+1540.3328 base=1.1e+03 drift=436 | Lg=+0.1825 | 7s
  570 acq  m=0 hq=0.000 fail | Dr=-22.704/+127.388 |Dr|max=340.695 Df=-1235.443 | g r=516.571 f=3451.486 p=37857.297(5.971) max=464730.594 | Ld=-396.5970 base=-944 drift=548 | Lg=+1291.9215 | 8s
  580 acq  m=3 hq=0.008 fail | Dr=+99.372/+341.037 |Dr|max=2652.237 Df=-31431.420 | g r=1130.770 f=144770.750 p=152965.828(38.534) max=596704.125 | Ld=-15371.7031 base=-5.21e+04 drift=3.67e+04 | Lg=+39708.0703 | 8s
  590 acq  m=2 hq=0.013 fail | Dr=+33.727/+256.922 |Dr|max=6302.333 Df=-45391.824 | g r=1039.618 f=248739.312 p=249113.281(40.889) max=871775.750 | Ld=-34326.6289 base=-4.03e+04 drift=5.97e+03 | Lg=+42525.8438 | 8s
  600 acq  m=1 hq=0.007 fail | Dr=+536.868/+924.175 |Dr|max=4485.428 Df=-64169.195 | g r=1288.649 f=396376.031 p=351065.531(50.493) max=1259698.375 | Ld=-54179.6445 base=-7.75e+04 drift=2.33e+04 | Lg=+73367.1875 | 8s
  610 acq  m=0 hq=0.000 fail | Dr=+87.717/+353.091 |Dr|max=11709.616 Df=-82640.438 | g r=1848.957 f=546729.875 p=448258.312(75.638) max=1710676.750 | Ld=-46133.8281 base=-4.85e+04 drift=2.38e+03 | Lg=+46470.8047 | 8s
  620 acq  m=0 hq=0.000 fail | Dr=+635.216/+1498.941 |Dr|max=29529.766 Df=-201974.453 | g r=2778.958 f=635415.000 p=642018.750(117.339) max=2278937.500 | Ld=-20306.6797 base=-1.31e+05 drift=1.11e+05 | Lg=+206237.2656 | 8s
  630 acq  m=0 hq=0.000 fail | Dr=+35.143/+866.858 |Dr|max=22587.754 Df=-114450.969 | g r=2913.208 f=625985.625 p=519926.438(39.110) max=1911241.125 | Ld=-145506.5938 base=-1.61e+05 drift=1.51e+04 | Lg=+161506.8750 | 8s
  640 acq  m=3 hq=0.029 fail | Dr=+10.546/+385.846 |Dr|max=2254.883 Df=-92205.375 | g r=1461.561 f=424464.125 p=491402.938(93.590) max=1827236.625 | Ld=-111409.1094 base=-1.14e+05 drift=2.63e+03 | Lg=+116587.6172 | 8s
  650 acq  m=1 hq=0.002 fail | Dr=+1.908/+245.671 |Dr|max=3781.123 Df=-133620.844 | g r=1334.426 f=568473.750 p=569669.500(54.410) max=1988983.125 | Ld=-133150.3906 base=-1.35e+05 drift=1.57e+03 | Lg=+145522.7812 | 9s
  660 acq  m=2 hq=0.003 fail | Dr=+4.790/+253.235 |Dr|max=1016.665 Df=-57132.312 | g r=1066.932 f=417667.750 p=506627.594(45.083) max=2200244.750 | Ld=-55681.0859 base=-5.71e+04 drift=1.41e+03 | Lg=+58722.7461 | 9s
  670 acq  m=1 hq=0.000 fail | Dr=-117.939/+181.423 |Dr|max=16652.543 Df=-4112.814 | g r=1489.255 f=53016.188 p=419928.438(12.957) max=2084197.375 | Ld=+460242.2188 base=-4.06e+03 drift=4.64e+05 | Lg=+3785.3276 | 9s
  680 acq  m=0 hq=0.000 fail | Dr=-7.934/+181.897 |Dr|max=9391.363 Df=-3430.589 | g r=1175.852 f=44975.910 p=418366.500(30.067) max=2067967.875 | Ld=-2757.3425 base=-3.18e+03 drift=425 | Lg=+3214.3186 | 9s
  690 acq  m=0 hq=0.000 fail | Dr=-9.014/+160.536 |Dr|max=7111.236 Df=-2925.959 | g r=948.456 f=38884.227 p=414564.688(8.865) max=2060753.250 | Ld=-2390.0078 base=-2.68e+03 drift=290 | Lg=+2867.9148 | 9s
  700 acq  m=0 hq=0.000 fail | Dr=-8.187/+155.562 |Dr|max=2044.661 Df=-2130.281 | g r=897.146 f=29811.928 p=407546.719(68.176) max=2074619.625 | Ld=-1289.2976 base=-1.85e+03 drift=564 | Lg=+2218.6104 | 9s
  710 acq  m=0 hq=0.000 fail | Dr=+3.835/+125.474 |Dr|max=2293.581 Df=-2593.919 | g r=885.622 f=34475.656 p=412210.062(48.250) max=2038173.250 | Ld=-357.3781 base=-2.19e+03 drift=1.83e+03 | Lg=+2161.1833 | 9s
  720 acq  m=0 hq=0.000 fail | Dr=-4.348/+128.878 |Dr|max=1669.847 Df=-2149.330 | g r=782.413 f=28313.434 p=404773.750(41.454) max=1996895.250 | Ld=-1481.7114 base=-1.74e+03 drift=256 | Lg=+1877.5753 | 9s
  730 acq  m=0 hq=0.000 fail | Dr=+0.653/+129.405 |Dr|max=944.624 Df=-1657.956 | g r=689.364 f=19795.322 p=401489.875(32.137) max=2045096.875 | Ld=-1415.6318 base=-1.58e+03 drift=166 | Lg=+1706.6963 | 10s
  740 acq  m=0 hq=0.000 fail | Dr=+1.709/+151.378 |Dr|max=803.844 Df=-1516.457 | g r=664.454 f=17666.816 p=398578.500(28.390) max=2000865.750 | Ld=-1361.6117 base=-1.56e+03 drift=196 | Lg=+1454.4244 | 10s
  750 acq  m=0 hq=0.000 fail | Dr=-1.505/+159.873 |Dr|max=790.904 Df=-1538.917 | g r=654.912 f=16866.229 p=401223.125(27.142) max=2028792.375 | Ld=-1403.8660 base=-1.55e+03 drift=144 | Lg=+1462.1301 | 10s
  760 acq  m=0 hq=0.000 fail | Dr=-10.195/+182.436 |Dr|max=482.992 Df=-1174.173 | g r=717.748 f=8180.390 p=350407.781(58.788) max=1802103.375 | Ld=-868.6329 base=-1.22e+03 drift=356 | Lg=+1338.9873 | 10s
  770 acq  m=0 hq=0.000 fail | Dr=+1.725/+162.206 |Dr|max=465.445 Df=-1094.294 | g r=635.005 f=6914.270 p=350956.969(46.420) max=1804330.000 | Ld=-1063.9901 base=-1.19e+03 drift=130 | Lg=+1272.4690 | 10s
  780 acq  m=0 hq=0.000 fail | Dr=+1.611/+160.262 |Dr|max=459.437 Df=-1074.892 | g r=605.364 f=7114.503 p=350856.625(85.549) max=1810489.000 | Ld=+1724.3588 base=-1.16e+03 drift=2.89e+03 | Lg=+1122.4042 | 10s
  790 acq  m=0 hq=0.000 fail | Dr=+3.402/+149.017 |Dr|max=456.484 Df=-1071.117 | g r=588.926 f=6267.717 p=351072.406(8.278) max=1802097.250 | Ld=-995.2505 base=-1.1e+03 drift=107 | Lg=+1101.4446 | 10s
  800 acq  m=0 hq=0.000 fail | Dr=+2.963/+144.930 |Dr|max=450.700 Df=-1068.721 | g r=604.043 f=5989.402 p=348675.312(29.765) max=1818411.000 | Ld=-1031.3733 base=-1.16e+03 drift=129 | Lg=+1107.6499 | 10s
  810 acq  m=0 hq=0.000 fail | Dr=+2.594/+133.469 |Dr|max=421.088 Df=-1063.854 | g r=568.449 f=5651.176 p=347714.375(47.816) max=1816399.625 | Ld=-933.3648 base=-1.07e+03 drift=134 | Lg=+1035.5747 | 11s
  820 acq  m=0 hq=0.000 fail | Dr=+1.787/+126.210 |Dr|max=425.702 Df=-1084.777 | g r=558.181 f=5689.767 p=347502.875(40.449) max=1843413.625 | Ld=-979.2556 base=-1.1e+03 drift=116 | Lg=+1109.6936 | 11s
  830 acq  m=0 hq=0.000 fail | Dr=+8.967/+124.439 |Dr|max=418.328 Df=-1100.147 | g r=535.326 f=5409.131 p=338904.438(41.569) max=1778686.250 | Ld=-1037.4641 base=-1.15e+03 drift=115 | Lg=+1124.7344 | 11s
  840 acq  m=0 hq=0.000 fail | Dr=+3.045/+117.589 |Dr|max=422.831 Df=-1130.773 | g r=532.133 f=5623.152 p=339666.031(56.387) max=1778561.750 | Ld=-1015.5836 base=-1.11e+03 drift=94.4 | Lg=+1123.9940 | 11s
  850 acq  m=0 hq=0.000 fail | Dr=+2.806/+111.704 |Dr|max=424.747 Df=-1167.976 | g r=528.689 f=5721.828 p=337564.188(20.858) max=1774176.000 | Ld=-1038.8807 base=-1.14e+03 drift=103 | Lg=+1184.6804 | 11s
  860 acq  m=0 hq=0.000 fail | Dr=-3.380/+101.632 |Dr|max=430.169 Df=-1192.659 | g r=525.229 f=5920.293 p=338119.531(28.170) max=1745588.875 | Ld=-1093.4744 base=-1.19e+03 drift=96.9 | Lg=+1187.1514 | 11s
  870 acq  m=0 hq=0.000 fail | Dr=+3.272/+94.430 |Dr|max=308.909 Df=-1197.505 | g r=506.510 f=5906.260 p=334686.438(40.012) max=1726703.250 | Ld=-1077.0228 base=-1.19e+03 drift=108 | Lg=+1166.4929 | 11s
  880 acq  m=0 hq=0.000 fail | Dr=+3.890/+94.497 |Dr|max=314.517 Df=-2052.924 | g r=513.925 f=15788.513 p=334522.094(31.787) max=1752737.125 | Ld=-1180.2964 base=-1.28e+03 drift=99.7 | Lg=+1362.9126 | 11s
  890 acq  m=0 hq=0.000 fail | Dr=+1.266/+89.152 |Dr|max=324.194 Df=-1221.344 | g r=516.801 f=5248.831 p=337502.000(35.736) max=1728084.000 | Ld=-1125.2853 base=-1.23e+03 drift=99.8 | Lg=+1246.8121 | 11s
  900 acq  m=0 hq=0.000 fail | Dr=+5.694/+87.985 |Dr|max=332.868 Df=-1179.120 | g r=512.564 f=5490.151 p=337257.938(44.791) max=1753197.250 | Ld=-1152.5817 base=-1.24e+03 drift=89.7 | Lg=+1179.9675 | 12s
  910 acq  m=0 hq=0.000 fail | Dr=-0.236/+81.411 |Dr|max=335.384 Df=-1124.757 | g r=499.517 f=5628.485 p=338105.688(31.673) max=1719756.750 | Ld=-1040.0062 base=-1.11e+03 drift=68.1 | Lg=+1154.4882 | 12s
  920 acq  m=0 hq=0.000 fail | Dr=+0.838/+80.324 |Dr|max=340.154 Df=-1151.664 | g r=489.859 f=6234.762 p=338686.688(5.955) max=1778094.750 | Ld=-1083.5453 base=-1.16e+03 drift=75.9 | Lg=+1126.9941 | 12s
  930 acq  m=0 hq=0.000 fail | Dr=+0.569/+80.646 |Dr|max=346.434 Df=-1182.397 | g r=490.386 f=4445.410 p=336041.875(52.126) max=1766251.125 | Ld=-1063.9668 base=-1.14e+03 drift=78 | Lg=+1167.6339 | 12s
  940 acq  m=0 hq=0.000 fail | Dr=+2.504/+85.113 |Dr|max=352.726 Df=-1243.669 | g r=496.590 f=3988.265 p=335819.938(6.476) max=1746056.000 | Ld=-1190.4674 base=-1.27e+03 drift=82.1 | Lg=+1259.0547 | 12s
  950 acq  m=0 hq=0.000 fail | Dr=+5.926/+94.639 |Dr|max=305.860 Df=-1288.491 | g r=481.233 f=3824.184 p=329443.562(22.846) max=1714509.625 | Ld=-1240.0442 base=-1.32e+03 drift=83.1 | Lg=+1270.1472 | 12s
  960 acq  m=0 hq=0.000 fail | Dr=+0.664/+90.111 |Dr|max=316.696 Df=-1406.207 | g r=512.467 f=3783.052 p=328387.812(5.838) max=1715787.750 | Ld=-1272.9545 base=-1.37e+03 drift=96 | Lg=+1434.9333 | 12s
  970 acq  m=0 hq=0.000 fail | Dr=-0.921/+87.980 |Dr|max=321.367 Df=-1509.762 | g r=531.165 f=3696.332 p=325867.250(7.010) max=1729059.750 | Ld=-1380.7972 base=-1.48e+03 drift=95.3 | Lg=+1479.0312 | 12s
  980 acq  m=0 hq=0.000 fail | Dr=-11.817/+80.856 |Dr|max=329.184 Df=-1624.762 | g r=551.082 f=4132.959 p=323377.688(14.837) max=1730568.375 | Ld=-1489.5312 base=-1.59e+03 drift=102 | Lg=+1666.7493 | 12s
  990 acq  m=0 hq=0.000 fail | Dr=-12.998/+79.814 |Dr|max=327.724 Df=-1705.446 | g r=556.304 f=4266.135 p=322490.531(12.492) max=1702691.500 | Ld=-1494.7078 base=-1.63e+03 drift=130 | Lg=+1664.1447 | 13s
 1000 acq  m=0 hq=0.000 fail | Dr=-19.746/+73.903 |Dr|max=323.426 Df=-1793.367 | g r=561.748 f=5123.781 p=318519.500(21.129) max=1751234.750 | Ld=-1585.3612 base=-1.74e+03 drift=155 | Lg=+1768.7544 | 13s
 1010 acq  m=0 hq=0.000 fail | Dr=-6.638/+85.632 |Dr|max=309.275 Df=-1843.133 | g r=555.863 f=4953.264 p=318524.500(13.048) max=1734252.500 | Ld=-1682.5676 base=-1.8e+03 drift=120 | Lg=+1851.9056 | 13s
 1020 acq  m=0 hq=0.000 fail | Dr=-16.557/+82.090 |Dr|max=290.118 Df=-1942.230 | g r=563.316 f=5203.890 p=315140.906(7.863) max=1723160.375 | Ld=-1694.8612 base=-1.85e+03 drift=160 | Lg=+1907.0027 | 13s
 1030 acq  m=0 hq=0.000 fail | Dr=-16.565/+90.632 |Dr|max=287.785 Df=-2115.129 | g r=567.030 f=7278.273 p=311683.625(29.123) max=1731030.625 | Ld=-1874.1257 base=-2e+03 drift=121 | Lg=+2040.5537 | 13s
 1040 acq  m=0 hq=0.000 fail | Dr=+0.255/+113.643 |Dr|max=264.029 Df=-2182.565 | g r=565.527 f=5589.365 p=310467.125(9.473) max=1720349.125 | Ld=-2043.6598 base=-2.16e+03 drift=115 | Lg=+2151.4946 | 13s
 1050 acq  m=0 hq=0.000 fail | Dr=+2.602/+128.879 |Dr|max=260.254 Df=-2397.646 | g r=583.212 f=6390.709 p=310346.562(29.975) max=1724503.500 | Ld=-2260.1111 base=-2.4e+03 drift=139 | Lg=+2448.7478 | 13s
 1060 acq  m=0 hq=0.000 fail | Dr=+27.419/+159.866 |Dr|max=232.300 Df=-2649.116 | g r=571.652 f=6275.400 p=310113.844(32.991) max=1716370.750 | Ld=-2430.1809 base=-2.69e+03 drift=255 | Lg=+2738.5486 | 13s
 1070 acq  m=0 hq=0.000 fail | Dr=+138.472/+277.597 |Dr|max=277.597 Df=-2649.050 | g r=459.477 f=6460.302 p=312262.312(7.643) max=1721943.500 | Ld=-1328.4039 base=-3.22e+03 drift=1.9e+03 | Lg=+2748.2761 | 14s
 1080 acq  m=1 hq=0.001 fail | Dr=+77.102/+233.901 |Dr|max=233.901 Df=-4406.668 | g r=477.898 f=20331.154 p=315630.562(17.156) max=1698377.750 | Ld=-4297.5264 base=-5.25e+03 drift=951 | Lg=+4781.8535 | 14s
 1090 acq  m=1 hq=0.001 fail | Dr=+54.880/+252.732 |Dr|max=345.836 Df=-4043.277 | g r=543.397 f=21526.355 p=315016.312(18.838) max=1665325.125 | Ld=-3648.4995 base=-4.27e+03 drift=620 | Lg=+4130.9355 | 14s
 1100 acq  m=1 hq=0.001 fail | Dr=+52.287/+195.820 |Dr|max=387.317 Df=-4923.170 | g r=477.808 f=35265.246 p=317637.656(11.561) max=1621703.125 | Ld=-3778.9524 base=-4.32e+03 drift=540 | Lg=+4251.4414 | 14s
 1110 acq  m=1 hq=0.000 fail | Dr=+68.475/+186.548 |Dr|max=391.172 Df=-6054.297 | g r=538.219 f=13371.867 p=294301.812(10.079) max=1704563.750 | Ld=-5531.9946 base=-6.35e+03 drift=822 | Lg=+6288.3506 | 14s
 1120 acq  m=0 hq=0.000 fail | Dr=+63.617/+226.379 |Dr|max=348.788 Df=-7191.583 | g r=695.154 f=12191.218 p=298250.469(27.214) max=1719028.875 | Ld=-6363.4863 base=-7.2e+03 drift=841 | Lg=+7099.2451 | 14s
 1130 acq  m=1 hq=0.003 fail | Dr=+76.445/+244.785 |Dr|max=323.616 Df=-9678.045 | g r=778.410 f=22050.734 p=291995.125(24.310) max=1686546.875 | Ld=-12025.2344 base=-1.31e+04 drift=1.06e+03 | Lg=+11408.6396 | 14s
 1140 acq  m=1 hq=0.002 fail | Dr=+95.951/+268.514 |Dr|max=357.091 Df=-9568.275 | g r=701.949 f=21590.980 p=283623.938(29.962) max=1682821.000 | Ld=-8546.6279 base=-1.03e+04 drift=1.71e+03 | Lg=+9860.5693 | 14s
 1150 acq  m=1 hq=0.001 fail | Dr=+102.985/+255.913 |Dr|max=255.913 Df=-8908.784 | g r=693.671 f=32740.250 p=298291.500(32.719) max=1731103.125 | Ld=-7922.7944 base=-9.53e+03 drift=1.61e+03 | Lg=+8780.6279 | 15s
 1160 acq  m=1 hq=0.003 fail | Dr=+43.561/+287.518 |Dr|max=370.542 Df=-15673.177 | g r=723.931 f=63842.234 p=329025.750(40.720) max=1701981.750 | Ld=-19841.6895 base=-2.05e+04 drift=660 | Lg=+18966.4902 | 15s
 1170 acq  m=0 hq=0.000 fail | Dr=+91.178/+309.253 |Dr|max=309.253 Df=-11098.442 | g r=646.275 f=28314.309 p=343579.219(19.941) max=1691857.375 | Ld=-8438.7139 base=-9.67e+03 drift=1.23e+03 | Lg=+9293.2852 | 15s
 1180 acq  m=0 hq=0.000 fail | Dr=+95.295/+365.942 |Dr|max=365.942 Df=-13036.074 | g r=785.511 f=26289.865 p=330151.375(16.283) max=1672167.500 | Ld=-13698.3320 base=-1.52e+04 drift=1.51e+03 | Lg=+14687.4707 | 15s
 1190 acq  m=0 hq=0.000 fail | Dr=+99.298/+356.579 |Dr|max=524.987 Df=-12287.373 | g r=685.051 f=35043.562 p=326188.906(51.215) max=1690042.375 | Ld=-10783.5781 base=-1.27e+04 drift=1.89e+03 | Lg=+12515.9668 | 15s
 1200 acq  m=1 hq=0.001 fail | Dr=+84.564/+259.871 |Dr|max=557.150 Df=-15198.549 | g r=667.457 f=62925.430 p=326848.438(34.276) max=1737074.875 | Ld=-13527.4199 base=-1.49e+04 drift=1.42e+03 | Lg=+14623.2227 | 15s
 1210 hold m=1 hq=0.004 fail | Dr=+123.707/+368.673 |Dr|max=473.673 Df=-15942.365 | g r=828.612 f=54632.758 p=333792.406(55.777) max=1697237.125 | Ld=-14707.4775 base=-1.7e+04 drift=2.27e+03 | Lg=+15707.3008 | 15s
 1220 hold m=1 hq=0.001 fail | Dr=+115.885/+368.747 |Dr|max=519.143 Df=-17104.855 | g r=996.253 f=37662.992 p=327837.125(102.690) max=1689482.500 | Ld=-15833.0068 base=-1.8e+04 drift=2.16e+03 | Lg=+16943.9531 | 15s
 1230 hold m=2 hq=0.003 fail | Dr=+234.595/+866.277 |Dr|max=866.277 Df=-16270.863 | g r=1828.124 f=45559.629 p=312173.375(80.940) max=1693407.750 | Ld=-9913.3408 base=-1.89e+04 drift=8.98e+03 | Lg=+16573.0273 | 16s
 1240 hold m=2 hq=0.006 fail | Dr=+84.426/+435.148 |Dr|max=435.148 Df=-18289.242 | g r=934.618 f=57121.605 p=309529.688(22.142) max=1681523.625 | Ld=-17675.8711 base=-1.93e+04 drift=1.65e+03 | Lg=+18804.3008 | 16s
 1250 hold m=2 hq=0.005 fail | Dr=+104.436/+368.988 |Dr|max=428.763 Df=-20844.260 | g r=915.115 f=39849.539 p=312802.469(43.986) max=1681154.625 | Ld=-19892.9727 base=-2.22e+04 drift=2.3e+03 | Lg=+21192.2266 | 16s
 1260 hold m=1 hq=0.002 fail | Dr=+148.191/+418.896 |Dr|max=476.394 Df=-26072.738 | g r=929.234 f=86671.406 p=337019.344(58.821) max=1764908.750 | Ld=-19746.6367 base=-2.32e+04 drift=3.46e+03 | Lg=+23320.2969 | 16s
 1270 hold m=2 hq=0.008 fail | Dr=+171.949/+505.094 |Dr|max=505.094 Df=-23912.697 | g r=939.724 f=53932.922 p=332363.844(23.744) max=1783898.375 | Ld=-21511.2383 base=-2.53e+04 drift=3.83e+03 | Lg=+24168.6445 | 16s
 1280 hold m=2 hq=0.019 fail | Dr=+144.159/+562.590 |Dr|max=626.607 Df=-25712.863 | g r=992.873 f=59249.770 p=350080.062(50.504) max=1699513.125 | Ld=-24052.7090 base=-2.73e+04 drift=3.2e+03 | Lg=+26864.5391 | 16s
 1290 hold m=2 hq=0.031 fail | Dr=+188.160/+667.413 |Dr|max=667.413 Df=-20861.430 | g r=987.021 f=66279.039 p=361524.031(25.057) max=1743515.625 | Ld=-17915.7559 base=-2.26e+04 drift=4.66e+03 | Lg=+20981.8945 | 16s
 1300 hold m=2 hq=0.019 fail | Dr=+110.807/+584.464 |Dr|max=1762.838 Df=-18781.508 | g r=1046.798 f=61725.078 p=364523.562(54.341) max=1712689.875 | Ld=-17479.1523 base=-2.02e+04 drift=2.77e+03 | Lg=+18674.2812 | 16s
 1310 hold m=2 hq=0.021 fail | Dr=+89.909/+634.312 |Dr|max=1067.603 Df=-18825.463 | g r=1435.317 f=74702.312 p=357537.094(169.496) max=1719719.625 | Ld=-10627.3838 base=-2.04e+04 drift=9.79e+03 | Lg=+19172.2539 | 17s
 1320 hold m=1 hq=0.003 fail | Dr=-5.901/+439.629 |Dr|max=1418.672 Df=-100034.500 | g r=1189.247 f=519858.531 p=495217.500(53.511) max=1847468.250 | Ld=-96366.5000 base=-9.74e+04 drift=992 | Lg=+109798.6094 | 17s
 1330 hold m=1 hq=0.002 fail | Dr=-65.370/+289.045 |Dr|max=613.940 Df=-94592.609 | g r=1000.752 f=550474.625 p=518924.531(38.304) max=1999407.375 | Ld=-90596.4375 base=-9.67e+04 drift=6.14e+03 | Lg=+95790.8359 | 17s
 1340 hold m=0 hq=0.000 fail | Dr=-130.019/+298.368 |Dr|max=2238.242 Df=-180174.797 | g r=1199.444 f=679489.188 p=641978.375(93.597) max=2201368.500 | Ld=-134550.5156 base=-1.37e+05 drift=2.12e+03 | Lg=+138438.2969 | 17s
 1350 hold m=1 hq=0.013 fail | Dr=-245.189/-59.622 |Dr|max=5992.853 Df=-130989.930 | g r=1368.672 f=742297.875 p=646962.750(46.359) max=2548309.500 | Ld=-93734.8750 base=-1.04e+05 drift=1.06e+04 | Lg=+106525.6875 | 17s
 1360 hold m=1 hq=0.010 fail | Dr=-319.397/+20.646 |Dr|max=25885.916 Df=-123211.750 | g r=1800.641 f=791532.000 p=727615.500(25.101) max=2641668.250 | Ld=-108481.5312 base=-1.39e+05 drift=3.02e+04 | Lg=+145782.6562 | 17s
 1370 hold m=1 hq=0.002 fail | Dr=-74.002/+199.607 |Dr|max=4700.570 Df=-142331.469 | g r=1777.862 f=874617.875 p=719446.688(104.381) max=2915916.000 | Ld=-105133.8281 base=-1.1e+05 drift=4.49e+03 | Lg=+123213.9219 | 17s
 1380 hold m=1 hq=0.041 fail | Dr=-47.797/+103.561 |Dr|max=15172.735 Df=-153789.438 | g r=1793.233 f=1051054.625 p=796009.438(20.506) max=3254741.000 | Ld=-118905.3281 base=-1.2e+05 drift=1.54e+03 | Lg=+118053.4219 | 17s
 1390 hold m=5 hq=0.013 fail | Dr=-282.913/-39.402 |Dr|max=18929.771 Df=-148221.219 | g r=1937.431 f=957226.250 p=868872.688(98.294) max=3444705.750 | Ld=-119729.6875 base=-1.35e+05 drift=1.52e+04 | Lg=+144327.2969 | 17s
 1400 hold m=1 hq=0.003 fail | Dr=-189.681/+20.555 |Dr|max=12263.425 Df=-169338.750 | g r=1903.636 f=1094435.750 p=848093.000(52.866) max=3655283.750 | Ld=-79802.9688 base=-8.57e+04 drift=5.94e+03 | Lg=+88206.0469 | 18s
 1410 hold m=0 hq=0.000 fail | Dr=+56.090/+315.440 |Dr|max=16413.693 Df=-67682.273 | g r=2202.538 f=323065.844 p=738080.750(21.655) max=3630603.250 | Ld=-111734.5938 base=-1.14e+05 drift=1.98e+03 | Lg=+115266.3750 | 18s
 1420 hold m=0 hq=0.000 fail | Dr=+421.382/+909.786 |Dr|max=928.782 Df=-36406.367 | g r=2058.870 f=110234.984 p=710754.312(37.551) max=3426589.500 | Ld=-23542.1543 base=-4.68e+04 drift=2.32e+04 | Lg=+44056.2852 | 18s
 1430 hold m=0 hq=0.000 fail | Dr=+221.123/+535.855 |Dr|max=3925.057 Df=-46414.266 | g r=1589.869 f=93203.875 p=677974.750(46.415) max=3448863.500 | Ld=-39330.3750 base=-4.73e+04 drift=7.98e+03 | Lg=+44369.7852 | 18s
 1440 hold m=0 hq=0.000 fail | Dr=+117.930/+451.277 |Dr|max=4996.095 Df=-52006.688 | g r=1727.339 f=88214.219 p=663118.250(134.284) max=3507347.750 | Ld=-49981.6523 base=-5.44e+04 drift=4.43e+03 | Lg=+53868.0859 | 18s
 1450 hold m=0 hq=0.000 fail | Dr=+278.568/+609.647 |Dr|max=4312.428 Df=-51637.117 | g r=1671.392 f=47118.340 p=651498.500(95.465) max=3548024.000 | Ld=-47269.2383 base=-5.54e+04 drift=8.11e+03 | Lg=+52704.4336 | 18s
 1460 hold m=0 hq=0.000 fail | Dr=+310.133/+664.338 |Dr|max=2817.931 Df=-50592.270 | g r=1488.044 f=73407.359 p=662357.312(66.014) max=3528859.750 | Ld=-40980.4180 base=-5.68e+04 drift=1.58e+04 | Lg=+52684.1992 | 18s
 1470 hold m=0 hq=0.000 fail | Dr=+387.701/+1422.639 |Dr|max=1422.639 Df=-52399.766 | g r=1904.161 f=75347.648 p=682993.875(91.894) max=3494647.250 | Ld=+23097.2188 base=-6.07e+04 drift=8.38e+04 | Lg=+52917.6602 | 18s
 1480 hold m=0 hq=0.000 fail | Dr=+379.394/+652.037 |Dr|max=2169.621 Df=-53257.156 | g r=1490.298 f=111741.562 p=692290.812(56.477) max=3471711.250 | Ld=-35277.7734 base=-5.39e+04 drift=1.87e+04 | Lg=+52145.0977 | 18s
 1490 hold m=1 hq=0.005 fail | Dr=+112.697/+610.038 |Dr|max=882.052 Df=-60816.477 | g r=1675.805 f=147102.312 p=711526.000(17.968) max=3566863.250 | Ld=-58148.3984 base=-6.21e+04 drift=3.91e+03 | Lg=+60717.6602 | 19s
 1500 hold m=1 hq=0.003 fail | Dr=+155.644/+575.733 |Dr|max=952.051 Df=-63343.031 | g r=1643.890 f=135729.031 p=711982.375(21.432) max=3543790.250 | Ld=-61176.6406 base=-6.67e+04 drift=5.55e+03 | Lg=+64225.9727 | 19s
 1510 hold m=2 hq=0.009 fail | Dr=+224.929/+750.266 |Dr|max=750.266 Df=-53777.430 | g r=1773.342 f=136870.141 p=679474.062(136.395) max=3424731.250 | Ld=-19411.6445 base=-5.83e+04 drift=3.88e+04 | Lg=+55347.5391 | 19s
 1520 hold m=1 hq=0.003 fail | Dr=-14.602/+561.414 |Dr|max=1923.912 Df=-59107.629 | g r=1451.604 f=113469.328 p=676227.000(112.252) max=3364883.750 | Ld=-59344.9492 base=-6.05e+04 drift=1.2e+03 | Lg=+60980.7422 | 19s
 1530 hold m=2 hq=0.010 fail | Dr=-16.138/+578.002 |Dr|max=3560.952 Df=-63077.938 | g r=1797.578 f=143518.625 p=687374.125(116.996) max=3564441.000 | Ld=-59813.0586 base=-6.14e+04 drift=1.55e+03 | Lg=+61404.5703 | 19s
 1540 hold m=2 hq=0.011 fail | Dr=+34.110/+716.615 |Dr|max=3392.675 Df=-63810.871 | g r=1757.636 f=105883.578 p=686648.625(68.747) max=3486837.500 | Ld=-62419.3438 base=-6.47e+04 drift=2.26e+03 | Lg=+64306.8281 | 19s
 1550 hold m=2 hq=0.012 fail | Dr=+0.062/+736.633 |Dr|max=4082.348 Df=-67081.062 | g r=1867.274 f=116778.930 p=702424.750(126.935) max=3518482.250 | Ld=-68334.7578 base=-7e+04 drift=1.65e+03 | Lg=+70687.8203 | 19s
 1560 hold m=2 hq=0.012 fail | Dr=-151.217/+573.841 |Dr|max=3158.054 Df=-66485.766 | g r=1877.739 f=100383.812 p=692213.375(62.531) max=3527289.500 | Ld=-59260.1094 base=-6.38e+04 drift=4.58e+03 | Lg=+66073.8125 | 19s
 1570 hold m=2 hq=0.014 fail | Dr=-62.768/+709.970 |Dr|max=2660.843 Df=-71940.000 | g r=1806.446 f=190230.594 p=716742.625(113.405) max=3242100.500 | Ld=-66685.4531 base=-6.83e+04 drift=1.66e+03 | Lg=+69327.7969 | 20s
 1580 hold m=2 hq=0.006 fail | Dr=-462.362/+221.287 |Dr|max=4079.248 Df=-69510.031 | g r=1883.509 f=122748.516 p=718267.875(77.965) max=3500614.500 | Ld=-3478.0508 base=-6.59e+04 drift=6.25e+04 | Lg=+70015.5547 | 20s
 1590 hold m=2 hq=0.006 fail | Dr=-111.723/+920.058 |Dr|max=2659.562 Df=-77337.336 | g r=1935.115 f=115628.562 p=716471.250(167.342) max=3620033.750 | Ld=-72162.7031 base=-7.46e+04 drift=2.48e+03 | Lg=+75122.9609 | 20s
 1600 hold m=2 hq=0.014 fail | Dr=-136.702/+970.536 |Dr|max=4433.423 Df=-77090.922 | g r=2343.427 f=90349.117 p=737382.750(140.268) max=3602298.750 | Ld=-72408.6797 base=-7.57e+04 drift=3.29e+03 | Lg=+76735.5938 | 20s
 1610 hold m=2 hq=0.012 fail | Dr=+32.472/+1189.646 |Dr|max=1189.646 Df=-36238.078 | g r=2714.555 f=88603.883 p=627987.625(174.878) max=3176428.750 | Ld=-16536.9512 base=-3.69e+04 drift=2.04e+04 | Lg=+38122.5156 | 20s
 1620 hold m=2 hq=0.009 fail | Dr=+92.669/+888.067 |Dr|max=888.067 Df=-39900.156 | g r=1719.025 f=79020.266 p=585333.438(54.520) max=3010350.250 | Ld=+92860.7969 base=-4.15e+04 drift=1.34e+05 | Lg=+39423.5391 | 20s
 1630 hold m=2 hq=0.011 fail | Dr=-27.321/+748.730 |Dr|max=748.730 Df=-42640.352 | g r=1596.543 f=87551.508 p=581850.688(37.742) max=3092245.250 | Ld=-40632.3594 base=-4.23e+04 drift=1.65e+03 | Lg=+43542.8125 | 20s
 1640 hold m=0 hq=0.000 fail | Dr=-11.577/+782.503 |Dr|max=782.503 Df=-65201.961 | g r=1506.154 f=224262.047 p=576108.000(74.534) max=2988893.750 | Ld=-45845.0586 base=-4.7e+04 drift=1.2e+03 | Lg=+47710.3047 | 20s
 1650 hold m=1 hq=0.006 fail | Dr=-17.740/+889.833 |Dr|max=889.833 Df=-38987.312 | g r=1416.918 f=224967.312 p=601619.938(79.886) max=3022933.500 | Ld=-45489.3945 base=-4.65e+04 drift=997 | Lg=+47846.6758 | 21s
 1660 hold m=1 hq=0.006 fail | Dr=-6.140/+927.515 |Dr|max=927.515 Df=-47792.738 | g r=1542.954 f=287483.000 p=593709.875(41.459) max=3113805.750 | Ld=-48756.9531 base=-5.01e+04 drift=1.32e+03 | Lg=+50808.4023 | 21s
 1670 hold m=1 hq=0.008 fail | Dr=-11.100/+975.277 |Dr|max=975.277 Df=-56500.680 | g r=1672.796 f=242910.344 p=608113.750(266.284) max=3003654.000 | Ld=-57584.0703 base=-5.89e+04 drift=1.32e+03 | Lg=+59629.9062 | 21s
 1680 hold m=1 hq=0.006 fail | Dr=-26.095/+1005.324 |Dr|max=1159.256 Df=-71514.094 | g r=1798.072 f=106432.766 p=594347.812(61.614) max=3137552.500 | Ld=-68241.7969 base=-6.96e+04 drift=1.39e+03 | Lg=+71269.3750 | 21s
 1690 hold m=1 hq=0.000 fail | Dr=-15.083/+1237.457 |Dr|max=1257.288 Df=-68621.406 | g r=2109.054 f=261150.156 p=677495.375(113.503) max=3073284.500 | Ld=-71439.1797 base=-7.32e+04 drift=1.8e+03 | Lg=+74727.0781 | 21s
 1700 hold m=0 hq=0.000 fail | Dr=-33.985/+1264.142 |Dr|max=2102.417 Df=-75484.062 | g r=2427.679 f=449096.438 p=677091.562(46.473) max=3115784.750 | Ld=-70184.9297 base=-7.38e+04 drift=3.61e+03 | Lg=+75407.7031 | 21s
 1710 hold m=0 hq=0.000 fail | Dr=-32.529/+1403.874 |Dr|max=1523.436 Df=-96410.602 | g r=2531.772 f=156701.250 p=604274.250(171.855) max=3103505.000 | Ld=-92913.2500 base=-9.59e+04 drift=2.97e+03 | Lg=+97707.5703 | 21s
 1720 hold m=0 hq=0.000 fail | Dr=+0.989/+1607.285 |Dr|max=2845.531 Df=-90746.375 | g r=2850.656 f=289071.125 p=693834.062(48.603) max=3155673.000 | Ld=-85933.1562 base=-8.97e+04 drift=3.79e+03 | Lg=+92708.9531 | 21s
 1730 hold m=0 hq=0.000 fail | Dr=+34.927/+1730.848 |Dr|max=2089.953 Df=-101059.617 | g r=3128.304 f=299536.938 p=718207.688(173.089) max=3259927.250 | Ld=-94498.1094 base=-9.92e+04 drift=4.68e+03 | Lg=+101206.4062 | 21s
 1740 hold m=0 hq=0.000 fail | Dr=+70.185/+1696.766 |Dr|max=2567.122 Df=-115353.812 | g r=3209.949 f=89929.148 p=650403.000(133.441) max=3439071.500 | Ld=-108260.2812 base=-1.15e+05 drift=6.26e+03 | Lg=+115826.8359 | 22s
 1750 hold m=0 hq=0.000 fail | Dr=+377.874/+1833.359 |Dr|max=1833.359 Df=-106870.453 | g r=2399.893 f=89452.766 p=636222.688(195.048) max=3463832.000 | Ld=-95689.5000 base=-1.13e+05 drift=1.76e+04 | Lg=+108378.2266 | 22s
 1760 hold m=1 hq=0.002 fail | Dr=+303.316/+1636.408 |Dr|max=1636.408 Df=-105755.812 | g r=2175.402 f=83059.062 p=653023.875(138.492) max=3564234.750 | Ld=-97262.9297 base=-1.12e+05 drift=1.47e+04 | Lg=+106725.7812 | 22s
 1770 hold m=1 hq=0.011 fail | Dr=+261.723/+1348.710 |Dr|max=2033.239 Df=-98224.812 | g r=1916.558 f=160088.562 p=690084.812(99.087) max=3339758.000 | Ld=-93718.3047 base=-1.09e+05 drift=1.48e+04 | Lg=+104798.5781 | 22s
 1780 hold m=0 hq=0.000 fail | Dr=+184.213/+1231.513 |Dr|max=7667.093 Df=-118226.008 | g r=2016.414 f=113046.805 p=651260.688(61.031) max=3374838.250 | Ld=-115154.3672 base=-1.23e+05 drift=7.75e+03 | Lg=+121107.7266 | 22s
 1790 hold m=0 hq=0.000 fail | Dr=+281.401/+1038.216 |Dr|max=4639.845 Df=-118719.320 | g r=1783.603 f=195579.969 p=701073.375(200.318) max=3474654.500 | Ld=-115516.5000 base=-1.23e+05 drift=7.75e+03 | Lg=+117561.6562 | 22s
 1800 hold m=0 hq=0.000 fail | Dr=+643.370/+1296.429 |Dr|max=2406.575 Df=-114478.273 | g r=2066.012 f=112306.195 p=688753.938(229.462) max=3422145.000 | Ld=-88628.1875 base=-1.22e+05 drift=3.36e+04 | Lg=+117217.7969 | 22s
 1810 hold m=1 hq=0.000 fail | Dr=+381.879/+1021.399 |Dr|max=4653.265 Df=-121013.648 | g r=1890.608 f=74784.164 p=689331.062(103.389) max=3504353.250 | Ld=-100014.4297 base=-1.28e+05 drift=2.85e+04 | Lg=+121853.7422 | 22s
 1820 hold m=0 hq=0.000 fail | Dr=+244.869/+1023.732 |Dr|max=6145.593 Df=-123598.547 | g r=1939.408 f=113356.711 p=723407.625(127.147) max=3381503.250 | Ld=-117831.0156 base=-1.28e+05 drift=1.05e+04 | Lg=+123089.9844 | 23s
 1830 hold m=0 hq=0.000 fail | Dr=+1185.126/+2662.993 |Dr|max=6554.034 Df=-116492.781 | g r=3046.546 f=103382.141 p=739250.500(399.850) max=3456845.000 | Ld=-87987.9219 base=-1.34e+05 drift=4.65e+04 | Lg=+120549.5469 | 23s
 1840 hold m=1 hq=0.005 fail | Dr=-15.249/+648.703 |Dr|max=4201.190 Df=-106476.969 | g r=2499.074 f=109421.070 p=620788.500(312.049) max=3038826.000 | Ld=-99389.8359 base=-1.07e+05 drift=7.47e+03 | Lg=+108680.4219 | 23s
 1850 hold m=0 hq=0.000 fail | Dr=-11.847/+755.206 |Dr|max=5484.870 Df=-128978.070 | g r=1772.869 f=410874.000 p=705741.250(157.319) max=3263675.250 | Ld=-121761.4766 base=-1.23e+05 drift=1.35e+03 | Lg=+127781.7656 | 23s
 1860 hold m=0 hq=0.000 fail | Dr=-21.448/+849.466 |Dr|max=5451.049 Df=-160808.234 | g r=1908.767 f=604003.750 p=767998.125(139.918) max=3362888.000 | Ld=-106868.8828 base=-1.08e+05 drift=1.44e+03 | Lg=+108262.2812 | 23s
 1870 hold m=1 hq=0.005 fail | Dr=-20.948/+822.999 |Dr|max=6234.135 Df=-99162.641 | g r=1915.226 f=266812.094 p=752353.062(163.629) max=3392466.750 | Ld=-106881.1953 base=-1.09e+05 drift=1.78e+03 | Lg=+113231.4141 | 23s
 1880 hold m=0 hq=0.000 fail | Dr=-7.428/+742.519 |Dr|max=6780.155 Df=-168836.766 | g r=2048.270 f=958409.250 p=909047.000(103.474) max=3567275.000 | Ld=-79515.3672 base=-8.18e+04 drift=2.26e+03 | Lg=+85334.8906 | 23s
 1890 hold m=1 hq=0.044 fail | Dr=+42.205/+1043.368 |Dr|max=7334.321 Df=-84965.359 | g r=1979.336 f=285764.812 p=824949.938(125.711) max=3699121.250 | Ld=-67207.5312 base=-8.36e+04 drift=1.64e+04 | Lg=+85073.4297 | 23s
 1900 hold m=1 hq=0.028 fail | Dr=+36.037/+773.011 |Dr|max=10055.746 Df=-82371.141 | g r=1879.081 f=383865.500 p=863685.938(100.725) max=3626423.000 | Ld=-44414.9922 base=-7.48e+04 drift=3.04e+04 | Lg=+73607.8125 | 23s
 1910 hold m=1 hq=0.038 fail | Dr=+21.361/+725.827 |Dr|max=9538.211 Df=-112768.672 | g r=2037.417 f=390155.562 p=848903.500(266.631) max=3772909.000 | Ld=-100013.0703 base=-1.04e+05 drift=4.11e+03 | Lg=+100445.7188 | 24s
 1920 hold m=1 hq=0.116 fail | Dr=+25.910/+932.972 |Dr|max=12209.122 Df=-81442.656 | g r=2055.542 f=488424.562 p=911586.125(9.108) max=3870129.000 | Ld=-89253.8906 base=-9.49e+04 drift=5.62e+03 | Lg=+98429.2812 | 24s
 1930 hold m=0 hq=0.000 fail | Dr=+153.274/+1458.662 |Dr|max=1458.662 Df=-217650.531 | g r=2532.652 f=1072375.875 p=1028184.625(83.164) max=3739341.250 | Ld=-80507.7500 base=-2.68e+05 drift=1.87e+05 | Lg=+240230.8438 | 24s
 1940 hold m=0 hq=0.000 fail | Dr=+12.710/+929.600 |Dr|max=3011.446 Df=-230774.531 | g r=2045.622 f=1188754.500 p=1031234.375(120.695) max=4133287.500 | Ld=-195644.6562 base=-1.98e+05 drift=1.88e+03 | Lg=+204484.8281 | 24s
 1950 hold m=1 hq=0.001 fail | Dr=-5.521/+799.099 |Dr|max=4088.220 Df=-277076.312 | g r=2144.301 f=1303652.250 p=1139767.875(88.639) max=4347036.500 | Ld=-240780.2812 base=-2.44e+05 drift=3.67e+03 | Lg=+248352.5469 | 24s
 1960 hold m=2 hq=0.025 fail | Dr=-18.139/+572.499 |Dr|max=4552.136 Df=-146217.453 | g r=2019.357 f=888902.250 p=1111178.000(16.956) max=4544308.500 | Ld=-121170.5938 base=-1.24e+05 drift=3.08e+03 | Lg=+131676.4219 | 24s
 1970 hold m=2 hq=0.017 fail | Dr=+49.517/+779.842 |Dr|max=5490.985 Df=-178400.250 | g r=2364.473 f=720575.625 p=1072443.875(68.326) max=4604312.000 | Ld=-113717.9531 base=-1.57e+05 drift=4.32e+04 | Lg=+172610.5625 | 24s
 1980 hold m=2 hq=0.043 fail | Dr=-138.863/+819.220 |Dr|max=10189.566 Df=-126112.422 | g r=2387.959 f=435065.594 p=1013519.375(151.069) max=4565718.500 | Ld=-124590.5859 base=-1.28e+05 drift=2.96e+03 | Lg=+131202.0000 | 24s
 1990 hold m=2 hq=0.121 fail | Dr=-18.315/+827.151 |Dr|max=5844.672 Df=-108463.016 | g r=2699.030 f=485823.281 p=1106467.000(108.080) max=4606908.000 | Ld=-99496.6719 base=-1.06e+05 drift=6.23e+03 | Lg=+107701.9297 | 25s
 2000 hold m=1 hq=0.115 fail | Dr=-133.207/+777.809 |Dr|max=4676.516 Df=-149615.766 | g r=2379.137 f=867791.875 p=1150274.250(57.674) max=4625176.500 | Ld=-60233.9219 base=-1.04e+05 drift=4.42e+04 | Lg=+112190.4219 | 25s
 2010 hold m=2 hq=0.274 fail | Dr=+71.308/+1788.920 |Dr|max=2356.015 Df=-78623.008 | g r=4868.614 f=500937.438 p=1081280.500(203.675) max=4649026.000 | Ld=+21930.0469 base=-1.2e+05 drift=1.42e+05 | Lg=+100600.1406 | 25s
 2020 hold m=2 hq=0.128 fail | Dr=-175.167/+1182.498 |Dr|max=1485.106 Df=-100119.836 | g r=2536.099 f=492640.938 p=1044218.875(232.543) max=4476154.000 | Ld=-92505.7812 base=-9.89e+04 drift=6.35e+03 | Lg=+109829.0312 | 25s
 2030 hold m=2 hq=0.062 fail | Dr=-48.013/+1174.148 |Dr|max=3042.526 Df=-108039.961 | g r=2571.311 f=518295.281 p=1039791.438(127.764) max=4833234.500 | Ld=-106843.6250 base=-1.09e+05 drift=2.24e+03 | Lg=+110793.1719 | 25s
 2040 hold m=2 hq=0.066 fail | Dr=-47.799/+1084.901 |Dr|max=1743.039 Df=-89900.898 | g r=2431.339 f=468788.312 p=1040951.250(196.862) max=4845911.000 | Ld=-121613.5391 base=-1.24e+05 drift=2.15e+03 | Lg=+123696.4062 | 25s
 2050 hold m=2 hq=0.076 fail | Dr=-65.299/+1042.335 |Dr|max=3835.228 Df=-107092.250 | g r=2375.249 f=459170.750 p=1094450.750(170.680) max=5093352.500 | Ld=-112554.0312 base=-1.14e+05 drift=1.88e+03 | Lg=+118108.8438 | 25s
 2060 hold m=1 hq=0.078 fail | Dr=+142.499/+1038.943 |Dr|max=1302.896 Df=-137294.594 | g r=2119.640 f=937951.875 p=1190215.250(34.086) max=4958740.500 | Ld=-172158.1719 base=-1.76e+05 drift=3.89e+03 | Lg=+180736.1875 | 25s
 2070 hold m=0 hq=0.000 fail | Dr=+225.152/+1056.724 |Dr|max=1056.724 Df=-311478.188 | g r=2161.759 f=1856049.625 p=1409872.750(32.172) max=5308906.000 | Ld=-170580.4375 base=-1.77e+05 drift=6.7e+03 | Lg=+181144.9375 | 26s
 2080 hold m=1 hq=0.005 fail | Dr=+250.822/+895.264 |Dr|max=6703.657 Df=-327572.062 | g r=2525.427 f=1750519.375 p=1649429.000(117.651) max=6103281.000 | Ld=-442003.3750 base=-4.48e+05 drift=5.99e+03 | Lg=+459288.8438 | 26s
 2090 hold m=1 hq=0.012 fail | Dr=+1903.746/+3214.683 |Dr|max=3214.683 Df=-216993.156 | g r=3652.668 f=1357391.000 p=1417043.125(80.683) max=5866379.000 | Ld=+240561.8594 base=-2.38e+05 drift=4.78e+05 | Lg=+227594.0156 | 26s
 2100 hold m=2 hq=0.006 fail | Dr=-11.868/+595.418 |Dr|max=32065.635 Df=-292215.000 | g r=3156.482 f=1656888.000 p=1649624.375(91.031) max=6050902.000 | Ld=-289788.9375 base=-2.97e+05 drift=7.44e+03 | Lg=+305616.3750 | 26s
 2110 hold m=1 hq=0.001 fail | Dr=-33.167/+416.833 |Dr|max=25741.527 Df=-326198.125 | g r=3636.132 f=1877830.250 p=1802859.250(257.764) max=6520654.500 | Ld=-221539.5469 base=-2.27e+05 drift=5.56e+03 | Lg=+230739.6562 | 26s
 2120 hold m=3 hq=0.015 fail | Dr=+107.937/+1575.670 |Dr|max=3383.357 Df=-262080.188 | g r=4026.138 f=1684330.000 p=1470445.125(185.267) max=6415509.500 | Ld=-166120.5625 base=-2.09e+05 drift=4.33e+04 | Lg=+208685.0625 | 26s
 2130 hold m=4 hq=0.008 fail | Dr=-29.380/+963.276 |Dr|max=1084.850 Df=-189849.688 | g r=2675.742 f=1305544.500 p=1447720.250(83.587) max=6475247.000 | Ld=-174268.6719 base=-1.83e+05 drift=8.64e+03 | Lg=+203158.1562 | 26s
 2140 hold m=2 hq=0.001 fail | Dr=-9.861/+654.388 |Dr|max=1153.518 Df=-112121.797 | g r=2569.235 f=690610.625 p=1437030.375(206.651) max=6475916.000 | Ld=-103731.5312 base=-1.08e+05 drift=3.91e+03 | Lg=+113469.9453 | 26s
 2150 hold m=0 hq=0.000 fail | Dr=-22.551/+476.099 |Dr|max=1205.606 Df=-132105.844 | g r=2434.328 f=745802.625 p=1468554.750(18.142) max=6622725.500 | Ld=-153868.9844 base=-1.57e+05 drift=2.84e+03 | Lg=+140976.3125 | 26s
 2160 hold m=1 hq=0.000 fail | Dr=-31.534/+419.328 |Dr|max=1202.101 Df=-69213.781 | g r=2300.351 f=351738.812 p=1465692.750(68.256) max=6715439.000 | Ld=-62789.5742 base=-6.5e+04 drift=2.18e+03 | Lg=+64494.7617 | 27s
 2170 hold m=0 hq=0.000 fail | Dr=-13.925/+438.158 |Dr|max=1173.777 Df=-51287.219 | g r=2098.291 f=231074.062 p=1453545.250(190.186) max=6548454.500 | Ld=-49419.3555 base=-5.13e+04 drift=1.88e+03 | Lg=+52878.7695 | 27s
 2180 hold m=0 hq=0.000 fail | Dr=-85.557/+347.161 |Dr|max=1217.342 Df=-41086.539 | g r=1867.082 f=120421.938 p=1436215.750(63.103) max=6032672.500 | Ld=-41309.1758 base=-4.37e+04 drift=2.36e+03 | Lg=+45428.5781 | 27s
 2190 hold m=0 hq=0.000 fail | Dr=-53.337/+417.873 |Dr|max=1486.910 Df=-45268.586 | g r=1836.589 f=84520.500 p=1421852.875(206.151) max=5820479.000 | Ld=-44708.1094 base=-4.64e+04 drift=1.68e+03 | Lg=+45710.9141 | 27s
 2200 hold m=0 hq=0.000 fail | Dr=+47.602/+779.038 |Dr|max=838.506 Df=-53363.348 | g r=1860.744 f=68538.586 p=1435100.000(89.991) max=6228761.000 | Ld=-23229.8945 base=-5.4e+04 drift=3.08e+04 | Lg=+55850.7734 | 27s
 2210 hold m=0 hq=0.000 fail | Dr=-31.346/+537.374 |Dr|max=962.337 Df=-60239.312 | g r=1937.968 f=106564.375 p=1423377.500(327.327) max=6077171.000 | Ld=-57897.5156 base=-6.01e+04 drift=2.19e+03 | Lg=+59900.4844 | 27s
 2220 hold m=0 hq=0.000 fail | Dr=-29.388/+548.303 |Dr|max=1111.327 Df=-65676.297 | g r=1961.706 f=92358.938 p=1427401.250(359.219) max=6242205.000 | Ld=-64352.5898 base=-6.63e+04 drift=1.96e+03 | Lg=+67199.2344 | 27s
 2230 hold m=0 hq=0.000 fail | Dr=-1.176/+878.826 |Dr|max=1183.864 Df=-62730.668 | g r=2008.463 f=116493.359 p=1376592.750(176.595) max=5892944.000 | Ld=-61371.2461 base=-6.48e+04 drift=3.43e+03 | Lg=+66349.6875 | 27s
 2240 hold m=1 hq=0.000 fail | Dr=+11.524/+851.219 |Dr|max=1878.446 Df=-72601.297 | g r=2467.522 f=105124.898 p=1376375.375(126.353) max=5630303.000 | Ld=-68410.3906 base=-7.14e+04 drift=2.97e+03 | Lg=+72682.0000 | 28s
 2250 hold m=0 hq=0.000 fail | Dr=-3.472/+805.651 |Dr|max=3308.248 Df=-79387.266 | g r=2571.676 f=58168.691 p=1378822.250(33.172) max=6012368.000 | Ld=-75192.2734 base=-7.86e+04 drift=3.44e+03 | Lg=+79639.9531 | 28s
 2260 hold m=0 hq=0.000 fail | Dr=-23.573/+878.349 |Dr|max=3451.779 Df=-83670.414 | g r=2429.273 f=64454.352 p=1382281.750(295.766) max=5830822.000 | Ld=-80715.5547 base=-8.38e+04 drift=3.05e+03 | Lg=+83422.0078 | 28s
 2270 hold m=0 hq=0.000 fail | Dr=-40.301/+955.292 |Dr|max=2164.564 Df=-84763.359 | g r=2340.726 f=65299.578 p=1368140.250(195.811) max=5907926.000 | Ld=-82591.6484 base=-8.52e+04 drift=2.6e+03 | Lg=+85223.2969 | 28s
 2280 hold m=0 hq=0.000 fail | Dr=-13.828/+1040.206 |Dr|max=1185.318 Df=-95882.961 | g r=2150.813 f=440186.344 p=1391605.500(166.804) max=6059301.500 | Ld=-81201.1562 base=-8.3e+04 drift=1.84e+03 | Lg=+83225.8984 | 28s
 2290 hold m=0 hq=0.000 fail | Dr=-10.701/+1137.333 |Dr|max=1333.203 Df=-95307.922 | g r=2264.884 f=58647.992 p=1400856.250(52.208) max=6061066.500 | Ld=-92540.5859 base=-9.47e+04 drift=2.13e+03 | Lg=+95658.9219 | 28s
 2300 hold m=0 hq=0.000 fail | Dr=-56.392/+1207.619 |Dr|max=1207.619 Df=-97282.703 | g r=2435.812 f=96220.836 p=1384441.250(21.628) max=6050200.500 | Ld=-95175.6016 base=-9.69e+04 drift=1.74e+03 | Lg=+97859.8516 | 28s
 2310 hold m=0 hq=0.000 fail | Dr=-66.969/+1200.009 |Dr|max=1637.679 Df=-103680.547 | g r=2525.685 f=116323.555 p=1415095.500(44.876) max=6260518.500 | Ld=-101010.3906 base=-1.03e+05 drift=2.32e+03 | Lg=+105661.5156 | 28s
 2320 hold m=0 hq=0.000 fail | Dr=-255.769/+1135.641 |Dr|max=1665.271 Df=-105991.844 | g r=2517.953 f=75549.125 p=1385667.500(97.267) max=5780556.500 | Ld=-94249.4375 base=-1.01e+05 drift=6.84e+03 | Lg=+106410.8359 | 29s
 2330 hold m=0 hq=0.000 fail | Dr=-325.777/+1075.151 |Dr|max=2282.497 Df=-107296.070 | g r=2777.360 f=114568.438 p=1374168.875(63.324) max=5698593.000 | Ld=-90875.2734 base=-1.04e+05 drift=1.29e+04 | Lg=+108416.0625 | 29s
 2340 hold m=0 hq=0.000 fail | Dr=-340.680/+897.378 |Dr|max=1739.807 Df=-115239.422 | g r=2641.420 f=156948.516 p=1401461.125(27.044) max=5883393.500 | Ld=-103957.4062 base=-1.15e+05 drift=1.15e+04 | Lg=+121879.5000 | 29s
 2350 hold m=0 hq=0.000 fail | Dr=-654.619/+722.283 |Dr|max=3358.750 Df=-118907.812 | g r=3631.080 f=95875.562 p=1353017.000(99.098) max=5868654.500 | Ld=-61281.4414 base=-1.1e+05 drift=4.91e+04 | Lg=+119486.4688 | 29s
 2360 hold m=1 hq=0.000 fail | Dr=-423.387/+1151.256 |Dr|max=2295.172 Df=-122325.094 | g r=2789.093 f=359288.375 p=1345506.000(64.599) max=6290979.500 | Ld=-104484.3906 base=-1.31e+05 drift=2.68e+04 | Lg=+142385.9844 | 29s
 2370 hold m=1 hq=0.000 fail | Dr=-171.535/+1155.726 |Dr|max=3008.200 Df=-120031.000 | g r=2930.642 f=130903.359 p=1371561.750(109.749) max=6075718.000 | Ld=-113053.4531 base=-1.18e+05 drift=5.08e+03 | Lg=+121802.6562 | 29s
 2380 hold m=1 hq=0.000 fail | Dr=-172.212/+966.862 |Dr|max=7375.248 Df=-127248.102 | g r=3120.514 f=169291.312 p=1397770.250(80.569) max=6096375.000 | Ld=-113134.4531 base=-1.2e+05 drift=6.64e+03 | Lg=+124445.2500 | 29s
 2390 hold m=0 hq=0.000 fail | Dr=-265.966/+996.755 |Dr|max=4173.849 Df=-130009.742 | g r=2780.976 f=113926.641 p=1383831.750(184.977) max=6290220.000 | Ld=-109018.1172 base=-1.24e+05 drift=1.55e+04 | Lg=+130511.8672 | 29s
 2400 hold m=0 hq=0.000 fail | Dr=-160.275/+1232.322 |Dr|max=2321.855 Df=-137616.156 | g r=2685.151 f=99621.258 p=1397757.250(88.019) max=6057424.000 | Ld=-124185.9922 base=-1.39e+05 drift=1.48e+04 | Lg=+136588.5938 | 29s
# shift (1,0) after 2400; frozen copy on new target: m=0 hq=0.000
 2410 post m=0 hq=0.000 fail | Dr=+842.518/+4582.663 |Dr|max=61942.809 Df=-3288.836 | g r=15873.883 f=56160.285 p=799276.312(115.113) max=4142261.750 | Ld=+541981.1875 base=-4.72e+03 drift=5.47e+05 | Lg=+4403.3516 | 30s
 2420 post m=0 hq=0.000 fail | Dr=+139.051/+3742.341 |Dr|max=48548.316 Df=-3365.543 | g r=12033.622 f=39500.062 p=780372.875(349.546) max=4075696.500 | Ld=+174227.9688 base=-3.8e+03 drift=1.78e+05 | Lg=+3240.1919 | 30s
 2430 post m=0 hq=0.000 fail | Dr=+32.680/+3873.425 |Dr|max=36042.293 Df=-3264.636 | g r=10130.511 f=33032.547 p=771803.438(114.273) max=4051853.000 | Ld=+99482.0547 base=-3.41e+03 drift=1.03e+05 | Lg=+3094.5068 | 30s
 2440 post m=0 hq=0.000 fail | Dr=+14.718/+3889.794 |Dr|max=19131.689 Df=-3170.283 | g r=8632.301 f=29196.094 p=761627.438(234.139) max=3955142.000 | Ld=+61950.6953 base=-3.27e+03 drift=6.52e+04 | Lg=+2991.1931 | 30s
 2450 post m=0 hq=0.000 fail | Dr=+6.832/+3843.221 |Dr|max=19679.834 Df=-3042.877 | g r=7849.118 f=26153.422 p=759242.625(157.764) max=3961573.750 | Ld=+39247.9766 base=-2.8e+03 drift=4.2e+04 | Lg=+3160.7649 | 30s
 2460 post m=0 hq=0.000 fail | Dr=+3.555/+3782.203 |Dr|max=18456.746 Df=-3095.896 | g r=7277.825 f=21995.400 p=755182.938(122.703) max=4001020.250 | Ld=+26580.6250 base=-3.09e+03 drift=2.97e+04 | Lg=+3070.7959 | 30s
 2470 post m=0 hq=0.000 fail | Dr=+5.837/+3748.666 |Dr|max=20871.922 Df=-2591.072 | g r=6866.766 f=16684.793 p=752399.188(41.705) max=3998395.250 | Ld=+19367.2832 base=-2.47e+03 drift=2.18e+04 | Lg=+2439.8857 | 30s
 2480 post m=0 hq=0.000 fail | Dr=-0.984/+3720.887 |Dr|max=21324.314 Df=-2547.222 | g r=6597.436 f=16127.809 p=754170.562(60.029) max=4010033.500 | Ld=+15222.4355 base=-2.68e+03 drift=1.79e+04 | Lg=+2602.4424 | 30s
 2490 post m=0 hq=0.000 fail | Dr=-0.911/+3723.761 |Dr|max=22621.883 Df=-2375.011 | g r=6313.120 f=14576.350 p=749752.000(110.567) max=3974949.000 | Ld=+75873.6641 base=-2.22e+03 drift=7.81e+04 | Lg=+2351.0002 | 31s
 2500 post m=0 hq=0.000 fail | Dr=-7.452/+3738.306 |Dr|max=19858.455 Df=-2273.539 | g r=5822.831 f=11932.490 p=747708.750(197.242) max=3969067.250 | Ld=+10186.2812 base=-2.23e+03 drift=1.24e+04 | Lg=+2252.8579 | 31s
 2510 post m=0 hq=0.000 fail | Dr=+8.693/+3711.299 |Dr|max=19602.918 Df=-2366.412 | g r=5649.151 f=16679.734 p=750364.125(65.670) max=3962818.250 | Ld=+9824.1143 base=-2.21e+03 drift=1.2e+04 | Lg=+2337.7610 | 31s
 2520 post m=0 hq=0.000 fail | Dr=+4.014/+3675.087 |Dr|max=20697.328 Df=-2096.282 | g r=5573.823 f=11698.072 p=755382.375(64.013) max=4070393.750 | Ld=+8111.3945 base=-2.15e+03 drift=1.03e+04 | Lg=+2093.1238 | 31s
 2530 post m=0 hq=0.000 fail | Dr=-6.420/+3675.373 |Dr|max=22985.248 Df=-2010.538 | g r=5851.942 f=11976.699 p=760435.625(85.920) max=4059966.500 | Ld=+7533.7808 base=-2.24e+03 drift=9.78e+03 | Lg=+2008.2185 | 31s
 2540 post m=0 hq=0.000 fail | Dr=+6.161/+3662.331 |Dr|max=23091.459 Df=-2084.470 | g r=5773.641 f=16560.877 p=760532.750(366.495) max=4067252.000 | Ld=+7041.0576 base=-2.25e+03 drift=9.29e+03 | Lg=+2357.6089 | 31s
 2550 post m=0 hq=0.000 fail | Dr=-4.475/+3633.089 |Dr|max=23245.146 Df=-1910.836 | g r=5680.693 f=15392.320 p=773718.000(167.214) max=4035583.000 | Ld=+7193.5078 base=-2.31e+03 drift=9.51e+03 | Lg=+2165.1199 | 31s
 2560 post m=0 hq=0.000 fail | Dr=-0.225/+3627.823 |Dr|max=24526.320 Df=-1883.591 | g r=5625.787 f=14400.048 p=775812.750(126.169) max=4051568.500 | Ld=+6989.2158 base=-1.93e+03 drift=8.92e+03 | Lg=+1850.3323 | 31s
 2570 post m=0 hq=0.000 fail | Dr=+2.614/+3601.682 |Dr|max=21141.928 Df=-1854.747 | g r=5077.524 f=12603.016 p=769077.062(66.340) max=4022743.750 | Ld=+6653.9043 base=-1.83e+03 drift=8.48e+03 | Lg=+1907.2888 | 32s
 2580 post m=0 hq=0.000 fail | Dr=+2.259/+3576.625 |Dr|max=21437.352 Df=-1780.943 | g r=5004.941 f=17035.395 p=787739.750(240.747) max=4056834.500 | Ld=+7553.4839 base=-1.13e+03 drift=8.69e+03 | Lg=+1093.8613 | 32s
 2590 post m=0 hq=0.000 fail | Dr=-1.492/+3566.640 |Dr|max=20892.146 Df=-1134.104 | g r=4933.965 f=17593.193 p=828078.250(141.673) max=4150975.000 | Ld=+6244.0352 base=-1.48e+03 drift=7.72e+03 | Lg=+1398.1475 | 32s
 2600 post m=0 hq=0.000 fail | Dr=-0.568/+3540.661 |Dr|max=24958.965 Df=-913.781 | g r=4905.247 f=16703.719 p=836149.312(68.965) max=4150368.000 | Ld=+6053.9976 base=-1.04e+03 drift=7.1e+03 | Lg=+1130.1799 | 32s
 2610 post m=0 hq=0.000 fail | Dr=+5.342/+3543.209 |Dr|max=22862.217 Df=-1370.716 | g r=4786.002 f=15605.578 p=799625.438(181.354) max=4053671.250 | Ld=+4905.1416 base=-1.96e+03 drift=6.86e+03 | Lg=+1855.9688 | 32s
 2620 post m=0 hq=0.000 fail | Dr=+0.421/+3556.625 |Dr|max=18951.508 Df=-611.859 | g r=4705.439 f=24562.023 p=872593.250(134.370) max=4031234.000 | Ld=+7487.1255 base=-643 drift=8.13e+03 | Lg=+680.7990 | 32s
 2630 post m=0 hq=0.000 fail | Dr=+3.328/+3546.092 |Dr|max=11614.143 Df=-762.997 | g r=4658.967 f=15398.981 p=853483.875(203.836) max=4080175.750 | Ld=+4887.9717 base=-962 drift=5.85e+03 | Lg=+927.5100 | 32s
 2640 post m=0 hq=0.000 fail | Dr=+3.753/+3552.588 |Dr|max=14758.680 Df=-1125.710 | g r=4577.489 f=15031.707 p=817288.062(266.130) max=4139617.250 | Ld=+5895.5850 base=-1.31e+03 drift=7.21e+03 | Lg=+1299.8401 | 32s
 2650 post m=0 hq=0.000 fail | Dr=-1.211/+3513.082 |Dr|max=16449.922 Df=-926.551 | g r=4521.901 f=42060.945 p=848229.625(171.598) max=4013299.500 | Ld=+6326.7808 base=-941 drift=7.27e+03 | Lg=+989.2662 | 32s
 2660 post m=0 hq=0.000 fail | Dr=-6.108/+3508.846 |Dr|max=27383.709 Df=-593.226 | g r=4539.156 f=45511.059 p=868162.125(141.173) max=3983820.500 | Ld=+5871.0688 base=-595 drift=6.47e+03 | Lg=+637.3538 | 33s
 2670 post m=0 hq=0.000 fail | Dr=+1.227/+3498.587 |Dr|max=9982.252 Df=-850.199 | g r=4431.846 f=26184.230 p=850030.500(154.895) max=4066067.500 | Ld=+6194.2969 base=-976 drift=7.17e+03 | Lg=+1022.4506 | 33s
 2680 post m=0 hq=0.000 fail | Dr=+10.488/+3490.958 |Dr|max=6269.917 Df=-868.407 | g r=4359.978 f=15963.605 p=826724.125(141.043) max=4038590.500 | Ld=+4885.7544 base=-599 drift=5.48e+03 | Lg=+672.6501 | 33s
 2690 post m=0 hq=0.000 fail | Dr=-2.333/+3466.604 |Dr|max=17576.006 Df=-1595.197 | g r=4327.926 f=14437.260 p=756412.438(194.283) max=4029098.750 | Ld=+5134.4346 base=-664 drift=5.8e+03 | Lg=+723.7456 | 33s
 2700 post m=0 hq=0.000 fail | Dr=-5.770/+3459.387 |Dr|max=21054.408 Df=-1304.688 | g r=4300.609 f=12755.652 p=773198.625(82.788) max=4063576.000 | Ld=+3845.5017 base=-1.46e+03 drift=5.3e+03 | Lg=+1430.6783 | 33s
 2710 post m=0 hq=0.000 fail | Dr=-6.858/+3437.465 |Dr|max=21111.334 Df=-562.536 | g r=4270.049 f=16288.008 p=837344.125(126.071) max=3946689.750 | Ld=+4774.2471 base=-784 drift=5.56e+03 | Lg=+773.8521 | 33s
 2720 post m=0 hq=0.000 fail | Dr=-5.398/+3433.198 |Dr|max=16155.961 Df=-311.955 | g r=4204.894 f=14673.716 p=852396.750(136.099) max=4015285.250 | Ld=+5407.2793 base=-434 drift=5.84e+03 | Lg=+554.8838 | 33s
 2730 post m=0 hq=0.000 fail | Dr=-2.066/+3488.573 |Dr|max=3488.573 Df=-1527.895 | g r=3714.031 f=18637.887 p=759467.188(143.752) max=4028853.750 | Ld=+3802.2573 base=-1.87e+03 drift=5.67e+03 | Lg=+1881.3914 | 33s
 2740 post m=0 hq=0.000 fail | Dr=+4.584/+3447.015 |Dr|max=3447.015 Df=-1120.211 | g r=3682.936 f=14744.279 p=792244.938(148.236) max=4030054.250 | Ld=+4108.6343 base=-1.2e+03 drift=5.31e+03 | Lg=+1312.5334 | 33s
 2750 post m=0 hq=0.000 fail | Dr=+14.217/+3439.945 |Dr|max=3439.945 Df=-725.900 | g r=3632.604 f=14958.848 p=819319.812(196.535) max=3958891.000 | Ld=+3388.4277 base=-931 drift=4.32e+03 | Lg=+1006.3191 | 34s
 2760 post m=0 hq=0.000 fail | Dr=+4.880/+3405.356 |Dr|max=3405.356 Df=-961.286 | g r=3593.810 f=13636.828 p=807014.750(82.273) max=3952967.000 | Ld=+3560.6626 base=-1.08e+03 drift=4.64e+03 | Lg=+1121.3523 | 34s
 2770 post m=0 hq=0.000 fail | Dr=+6.501/+3385.789 |Dr|max=3385.789 Df=-1663.677 | g r=3551.774 f=10163.566 p=747398.375(250.649) max=3897740.000 | Ld=+2936.0132 base=-1.73e+03 drift=4.66e+03 | Lg=+1771.9088 | 34s
 2780 post m=0 hq=0.000 fail | Dr=+8.321/+3410.299 |Dr|max=3410.299 Df=-890.773 | g r=3597.891 f=13988.607 p=790795.875(144.231) max=4022839.000 | Ld=+4490.1602 base=-1.06e+03 drift=5.55e+03 | Lg=+1091.3771 | 34s
 2790 post m=0 hq=0.000 fail | Dr=+22.564/+3440.041 |Dr|max=3440.041 Df=-1876.145 | g r=3848.633 f=6215.177 p=707094.938(274.443) max=3924294.750 | Ld=+83077.6562 base=-1.87e+03 drift=8.49e+04 | Lg=+1922.8052 | 34s
 2800 post m=0 hq=0.000 fail | Dr=-1.315/+3399.644 |Dr|max=3399.644 Df=-1673.709 | g r=3829.220 f=8139.525 p=728273.562(272.595) max=3942101.250 | Ld=+3106.3418 base=-1.69e+03 drift=4.8e+03 | Lg=+1675.8557 | 34s
 2810 post m=0 hq=0.000 fail | Dr=+5.379/+3392.494 |Dr|max=3392.494 Df=-1227.632 | g r=3423.231 f=19007.250 p=765360.125(135.142) max=3990931.250 | Ld=+2823.7861 base=-1.3e+03 drift=4.13e+03 | Lg=+1323.3862 | 34s
 2820 post m=0 hq=0.000 fail | Dr=+6.685/+3375.235 |Dr|max=3375.235 Df=-894.265 | g r=3410.430 f=15938.826 p=787321.125(77.840) max=3964640.750 | Ld=+35557.2656 base=-1.05e+03 drift=3.66e+04 | Lg=+1056.3129 | 34s
 2830 post m=0 hq=0.000 fail | Dr=+10.759/+3342.577 |Dr|max=3342.577 Df=-1439.208 | g r=3376.612 f=11671.234 p=745862.875(162.104) max=3960324.000 | Ld=+2151.1333 base=-1.51e+03 drift=3.66e+03 | Lg=+1520.8751 | 35s
 2840 post m=0 hq=0.000 fail | Dr=+13.679/+3341.038 |Dr|max=3341.038 Df=-601.991 | g r=3327.499 f=16286.559 p=810067.500(174.747) max=3961664.500 | Ld=+2989.1440 base=-741 drift=3.73e+03 | Lg=+762.2173 | 35s
 2850 post m=0 hq=0.000 fail | Dr=+11.885/+3330.976 |Dr|max=3330.976 Df=-443.009 | g r=3303.379 f=14748.895 p=821177.938(158.818) max=3944322.500 | Ld=+3146.8867 base=-640 drift=3.79e+03 | Lg=+603.0927 | 35s
 2860 post m=0 hq=0.000 fail | Dr=+11.599/+3324.957 |Dr|max=3324.957 Df=-465.070 | g r=3275.298 f=15240.033 p=817608.688(241.214) max=3941737.250 | Ld=+3665.4690 base=-316 drift=3.98e+03 | Lg=+528.3094 | 35s
 2870 post m=0 hq=0.000 fail | Dr=+8.773/+3298.523 |Dr|max=3298.523 Df=-357.628 | g r=3246.006 f=32459.352 p=831465.500(134.307) max=3914088.000 | Ld=+3545.6963 base=-373 drift=3.92e+03 | Lg=+531.3964 | 35s
 2880 post m=0 hq=0.000 fail | Dr=+4.436/+3273.969 |Dr|max=3273.969 Df=-628.538 | g r=3208.666 f=16008.004 p=806787.250(247.120) max=3952668.000 | Ld=+2718.0835 base=-595 drift=3.31e+03 | Lg=+592.4984 | 35s
 2890 post m=0 hq=0.000 fail | Dr=+10.761/+3234.074 |Dr|max=3234.074 Df=-1708.253 | g r=3209.311 f=11965.569 p=721597.125(90.523) max=3961200.000 | Ld=+2463.5386 base=-2.42e+03 drift=4.88e+03 | Lg=+2387.1470 | 35s
 2900 post m=0 hq=0.000 fail | Dr=+8.468/+3211.846 |Dr|max=3211.846 Df=-1020.594 | g r=3174.862 f=15692.805 p=776201.375(108.542) max=3936391.750 | Ld=+3203.6455 base=-926 drift=4.13e+03 | Lg=+1033.0701 | 35s
 2910 post m=0 hq=0.000 fail | Dr=+10.330/+3196.776 |Dr|max=3196.776 Df=-1514.548 | g r=3138.166 f=12252.688 p=742835.750(79.275) max=3923474.500 | Ld=+1187.8025 base=-1.67e+03 drift=2.86e+03 | Lg=+1615.6172 | 35s
 2920 post m=0 hq=0.000 fail | Dr=+1.685/+3180.901 |Dr|max=3180.901 Df=-1916.876 | g r=3098.943 f=13016.856 p=712647.750(270.373) max=3963687.000 | Ld=+1606.0861 base=-1.86e+03 drift=3.46e+03 | Lg=+1857.8611 | 36s
 2930 post m=0 hq=0.000 fail | Dr=+2.783/+3158.749 |Dr|max=3158.749 Df=-892.687 | g r=3077.499 f=69285.969 p=807195.812(157.802) max=3966863.250 | Ld=+2604.5283 base=-878 drift=3.48e+03 | Lg=+908.9430 | 36s
 2940 post m=0 hq=0.000 fail | Dr=+4.558/+3143.618 |Dr|max=3143.618 Df=-2931.545 | g r=3047.470 f=20560.203 p=704175.000(162.414) max=3888233.250 | Ld=+1955.6533 base=-1.24e+03 drift=3.19e+03 | Lg=+1257.2076 | 36s
 2950 post m=0 hq=0.000 fail | Dr=+3.798/+3123.596 |Dr|max=3123.596 Df=-1380.857 | g r=3008.970 f=15696.878 p=755564.125(44.590) max=3969138.250 | Ld=+1601.2355 base=-1.48e+03 drift=3.08e+03 | Lg=+1515.3979 | 36s
 2960 post m=0 hq=0.000 fail | Dr=+10.639/+3115.030 |Dr|max=3115.030 Df=-1377.126 | g r=2982.022 f=16861.410 p=760685.125(178.518) max=3934038.750 | Ld=+1732.8948 base=-839 drift=2.57e+03 | Lg=+816.1502 | 36s
 2970 post m=0 hq=0.000 fail | Dr=+2.065/+3088.510 |Dr|max=3088.510 Df=-4154.014 | g r=2957.763 f=37500.172 p=684504.812(80.818) max=3718661.000 | Ld=-2111.1887 base=-5.12e+03 drift=3.01e+03 | Lg=+5283.9072 | 36s
 2980 post m=0 hq=0.000 fail | Dr=+2.111/+3064.125 |Dr|max=3064.125 Df=-1999.531 | g r=2925.454 f=5454.049 p=680553.000(94.899) max=3790267.750 | Ld=+1364.1017 base=-1.97e+03 drift=3.33e+03 | Lg=+2019.8772 | 36s
 2990 post m=0 hq=0.000 fail | Dr=+5.359/+3132.970 |Dr|max=3132.970 Df=-1922.137 | g r=2871.975 f=5181.715 p=676728.375(90.558) max=3792962.000 | Ld=+1576.7766 base=-1.92e+03 drift=3.49e+03 | Lg=+1944.7002 | 36s
 3000 post m=0 hq=0.000 fail | Dr=+11.421/+3122.065 |Dr|max=3122.065 Df=-1896.900 | g r=2862.459 f=4470.754 p=676476.188(131.714) max=3711762.250 | Ld=+1015.8099 base=-1.91e+03 drift=2.92e+03 | Lg=+1934.3619 | 37s
 3010 post m=0 hq=0.000 fail | Dr=+7.369/+3089.563 |Dr|max=3089.563 Df=-1888.872 | g r=2848.113 f=3643.002 p=676529.250(81.733) max=3710561.000 | Ld=+823.3755 base=-1.86e+03 drift=2.69e+03 | Lg=+1914.1635 | 37s
 3020 post m=0 hq=0.000 fail | Dr=+4.993/+3074.939 |Dr|max=3074.939 Df=-1887.268 | g r=2819.691 f=3525.422 p=676845.000(63.622) max=3745660.750 | Ld=+717.0513 base=-1.87e+03 drift=2.59e+03 | Lg=+1902.3556 | 37s
 3030 post m=0 hq=0.000 fail | Dr=+4.597/+3066.230 |Dr|max=3066.230 Df=-1896.774 | g r=2806.593 f=3820.597 p=676733.000(46.807) max=3791076.000 | Ld=+934.0298 base=-1.9e+03 drift=2.84e+03 | Lg=+1930.7815 | 37s
 3040 post m=0 hq=0.000 fail | Dr=+10.657/+3052.863 |Dr|max=3052.863 Df=-1891.095 | g r=2789.438 f=3147.215 p=676859.000(9.918) max=3749594.250 | Ld=+681.5654 base=-1.89e+03 drift=2.57e+03 | Lg=+1886.1274 | 37s
 3050 post m=0 hq=0.000 fail | Dr=+8.625/+3057.573 |Dr|max=3057.573 Df=-1907.615 | g r=2776.298 f=3327.638 p=674624.812(62.051) max=3777232.250 | Ld=+650.8190 base=-1.87e+03 drift=2.52e+03 | Lg=+1908.5487 | 37s
 3060 post m=0 hq=0.000 fail | Dr=+9.556/+3044.375 |Dr|max=3044.375 Df=-1914.381 | g r=2767.518 f=2651.161 p=674993.000(78.002) max=3753017.750 | Ld=+227.4155 base=-1.88e+03 drift=2.11e+03 | Lg=+1901.0140 | 37s
 3070 post m=0 hq=0.000 fail | Dr=+7.648/+3034.475 |Dr|max=3034.475 Df=-1901.849 | g r=2738.032 f=2711.935 p=673557.750(40.348) max=3758492.750 | Ld=+1111.9833 base=-1.9e+03 drift=3.01e+03 | Lg=+1846.1188 | 37s
 3080 post m=0 hq=0.000 fail | Dr=+2.440/+3003.537 |Dr|max=3003.537 Df=-1905.245 | g r=2721.475 f=2511.869 p=672972.312(81.965) max=3761642.000 | Ld=+1234.5127 base=-1.9e+03 drift=3.14e+03 | Lg=+1878.5435 | 37s
 3090 post m=0 hq=0.000 fail | Dr=+7.754/+3005.311 |Dr|max=3005.311 Df=-1914.725 | g r=2703.430 f=2533.156 p=673012.312(96.146) max=3758627.500 | Ld=+247.2729 base=-1.88e+03 drift=2.13e+03 | Lg=+1932.6370 | 38s
 3100 post m=0 hq=0.000 fail | Dr=+8.302/+2980.226 |Dr|max=2980.226 Df=-1916.205 | g r=2687.246 f=2697.303 p=673186.000(93.398) max=3806873.250 | Ld=+860.5305 base=-1.87e+03 drift=2.73e+03 | Lg=+1912.5581 | 38s
 3110 post m=0 hq=0.000 fail | Dr=+7.761/+2966.240 |Dr|max=2966.240 Df=-1920.236 | g r=2661.382 f=2455.936 p=672451.125(94.855) max=3772849.500 | Ld=+5909.8433 base=-1.94e+03 drift=7.85e+03 | Lg=+1948.1973 | 38s
 3120 post m=0 hq=0.000 fail | Dr=+9.652/+2955.864 |Dr|max=2955.864 Df=-1925.351 | g r=2642.627 f=2780.515 p=672134.812(93.713) max=3774187.000 | Ld=+78.3685 base=-1.87e+03 drift=1.95e+03 | Lg=+1903.1014 | 38s
 3130 post m=0 hq=0.000 fail | Dr=+7.846/+2942.187 |Dr|max=2942.187 Df=-1927.989 | g r=2625.978 f=2248.111 p=672297.125(103.966) max=3764362.500 | Ld=+56.5658 base=-1.86e+03 drift=1.92e+03 | Lg=+1937.5273 | 38s
 3140 post m=0 hq=0.000 fail | Dr=+4.369/+2909.403 |Dr|max=2909.403 Df=-1932.374 | g r=2612.422 f=2521.256 p=672162.688(109.280) max=3792166.250 | Ld=+4071.4312 base=-1.96e+03 drift=6.03e+03 | Lg=+1903.5178 | 38s
 3150 post m=0 hq=0.000 fail | Dr=+5.101/+2894.615 |Dr|max=2894.615 Df=-1934.576 | g r=2599.737 f=2320.342 p=672216.125(111.611) max=3765702.000 | Ld=+545.0983 base=-1.94e+03 drift=2.49e+03 | Lg=+1887.9249 | 38s
 3160 post m=0 hq=0.000 fail | Dr=+3.545/+2885.272 |Dr|max=2885.272 Df=-1942.178 | g r=2578.757 f=2670.479 p=672253.750(121.426) max=3766359.750 | Ld=+767.3378 base=-1.94e+03 drift=2.71e+03 | Lg=+1954.1366 | 38s
 3170 post m=0 hq=0.000 fail | Dr=+3.164/+2871.745 |Dr|max=2871.745 Df=-1948.842 | g r=2557.512 f=2149.450 p=672507.938(129.895) max=3765559.000 | Ld=+679.2611 base=-1.92e+03 drift=2.6e+03 | Lg=+1888.5568 | 39s
 3180 post m=0 hq=0.000 fail | Dr=+14.642/+2867.016 |Dr|max=2867.016 Df=-1949.611 | g r=2537.000 f=2580.144 p=672423.812(123.070) max=3802117.500 | Ld=-101.4264 base=-1.95e+03 drift=1.85e+03 | Lg=+1961.3750 | 39s
 3190 post m=0 hq=0.000 fail | Dr=+10.224/+2844.448 |Dr|max=2844.448 Df=-1955.514 | g r=2518.425 f=2408.007 p=672301.625(134.832) max=3779692.000 | Ld=+30.9005 base=-1.99e+03 drift=2.02e+03 | Lg=+1941.5771 | 39s
 3200 post m=0 hq=0.000 fail | Dr=+0.615/+2828.538 |Dr|max=2828.538 Df=-1967.353 | g r=2501.066 f=2081.049 p=671927.875(158.359) max=3773092.250 | Ld=+913.2991 base=-1.94e+03 drift=2.85e+03 | Lg=+2004.2856 | 39s
 3210 post m=0 hq=0.000 fail | Dr=-2.036/+2800.987 |Dr|max=2800.987 Df=-1967.758 | g r=2482.822 f=2487.469 p=671399.250(94.195) max=3784420.750 | Ld=+692.9475 base=-2e+03 drift=2.69e+03 | Lg=+2045.3903 | 39s
 3220 post m=0 hq=0.000 fail | Dr=+6.450/+2818.815 |Dr|max=2818.815 Df=-1990.901 | g r=2494.711 f=2056.136 p=667974.938(132.278) max=3778414.000 | Ld=+226.3999 base=-1.95e+03 drift=2.18e+03 | Lg=+1974.4337 | 39s
 3230 post m=0 hq=0.000 fail | Dr=+6.605/+2799.024 |Dr|max=2799.024 Df=-1996.177 | g r=2480.995 f=2064.928 p=668347.625(108.962) max=3772131.000 | Ld=-202.7313 base=-2.03e+03 drift=1.83e+03 | Lg=+2019.0889 | 39s
 3240 post m=0 hq=0.000 fail | Dr=+10.411/+2789.992 |Dr|max=2789.992 Df=-2000.973 | g r=2463.938 f=1982.813 p=668761.562(112.896) max=3775984.750 | Ld=-133.9608 base=-1.98e+03 drift=1.85e+03 | Lg=+1954.7383 | 39s
 3250 post m=0 hq=0.000 fail | Dr=+8.419/+2769.678 |Dr|max=2769.678 Df=-2006.276 | g r=2451.225 f=2220.542 p=668857.688(115.840) max=3780868.500 | Ld=-103.4167 base=-2.06e+03 drift=1.95e+03 | Lg=+1991.9933 | 39s
 3260 post m=0 hq=0.000 fail | Dr=+11.016/+2763.509 |Dr|max=2763.509 Df=-1985.515 | g r=2432.149 f=2014.660 p=666755.125(105.830) max=3763936.500 | Ld=-217.5726 base=-1.95e+03 drift=1.74e+03 | Lg=+2034.6106 | 40s
 3270 post m=0 hq=0.000 fail | Dr=+5.537/+2753.508 |Dr|max=2753.508 Df=-1994.879 | g r=2418.855 f=1994.219 p=667092.062(159.498) max=3748011.750 | Ld=+304.0740 base=-1.99e+03 drift=2.3e+03 | Lg=+2016.8636 | 40s
 3280 post m=0 hq=0.000 fail | Dr=+10.353/+2751.226 |Dr|max=2751.226 Df=-2002.598 | g r=2417.961 f=1990.381 p=666293.000(158.823) max=3751417.500 | Ld=+341.9397 base=-2.03e+03 drift=2.37e+03 | Lg=+2128.4949 | 40s
 3290 post m=0 hq=0.000 fail | Dr=+11.726/+2737.298 |Dr|max=2737.298 Df=-2009.889 | g r=2404.495 f=2061.027 p=666654.125(176.906) max=3762531.000 | Ld=-531.9447 base=-1.98e+03 drift=1.45e+03 | Lg=+2026.3236 | 40s
 3300 post m=0 hq=0.000 fail | Dr=+4.114/+2743.477 |Dr|max=2743.477 Df=-1968.499 | g r=2581.820 f=2089.136 p=661799.625(41.440) max=3758213.750 | Ld=+463.0797 base=-1.98e+03 drift=2.44e+03 | Lg=+1979.8562 | 40s
 3310 post m=0 hq=0.000 fail | Dr=+2.494/+2727.058 |Dr|max=2727.058 Df=-1970.280 | g r=2536.211 f=2124.233 p=661890.188(38.013) max=3747540.500 | Ld=-110.3182 base=-1.99e+03 drift=1.88e+03 | Lg=+1974.0930 | 40s
 3320 post m=0 hq=0.000 fail | Dr=+3.911/+2709.880 |Dr|max=2709.880 Df=-1975.718 | g r=2524.824 f=2250.597 p=662119.000(62.955) max=3738323.250 | Ld=+270.4039 base=-1.97e+03 drift=2.24e+03 | Lg=+1974.2712 | 40s
 3330 post m=0 hq=0.000 fail | Dr=+6.218/+2698.664 |Dr|max=2698.664 Df=-1982.300 | g r=2515.726 f=2394.406 p=662471.000(107.351) max=3699598.250 | Ld=-286.4050 base=-1.93e+03 drift=1.65e+03 | Lg=+1978.7673 | 40s
 3340 post m=0 hq=0.000 fail | Dr=+4.226/+2679.051 |Dr|max=2679.051 Df=-1986.132 | g r=2503.206 f=2143.944 p=662800.250(151.480) max=3749250.000 | Ld=+94.2603 base=-1.98e+03 drift=2.07e+03 | Lg=+1975.0310 | 40s
 3350 post m=0 hq=0.000 fail | Dr=+3.907/+2679.945 |Dr|max=2679.945 Df=-2013.727 | g r=2347.253 f=2200.013 p=660467.750(172.254) max=3755823.250 | Ld=-432.4888 base=-2.01e+03 drift=1.58e+03 | Lg=+1944.4347 | 41s
 3360 post m=0 hq=0.000 fail | Dr=+7.128/+2658.791 |Dr|max=2658.791 Df=-2014.311 | g r=2333.993 f=2054.992 p=660992.562(183.144) max=3786168.500 | Ld=+448.6934 base=-2.11e+03 drift=2.56e+03 | Lg=+1989.0801 | 41s
 3370 post m=0 hq=0.000 fail | Dr=-0.618/+2640.060 |Dr|max=2640.060 Df=-2024.440 | g r=2318.779 f=2154.572 p=660780.500(168.790) max=3765853.000 | Ld=+309.7405 base=-2.01e+03 drift=2.32e+03 | Lg=+2053.1763 | 41s
 3380 post m=0 hq=0.000 fail | Dr=+6.679/+2627.777 |Dr|max=2627.777 Df=-2025.310 | g r=2308.362 f=2061.804 p=660895.938(184.199) max=3777774.750 | Ld=+7.2775 base=-2.02e+03 drift=2.03e+03 | Lg=+1969.6185 | 41s
 3390 post m=0 hq=0.000 fail | Dr=+7.339/+2615.789 |Dr|max=2615.789 Df=-2029.234 | g r=2293.477 f=2075.968 p=661127.500(186.617) max=3773948.250 | Ld=-36.3677 base=-1.99e+03 drift=1.95e+03 | Lg=+2053.2593 | 41s
 3400 post m=0 hq=0.000 fail | Dr=+5.446/+2602.985 |Dr|max=2602.985 Df=-2037.496 | g r=2283.990 f=2095.954 p=661516.000(187.014) max=3764223.000 | Ld=-91.2620 base=-1.97e+03 drift=1.88e+03 | Lg=+1996.7874 | 41s
 3410 post m=0 hq=0.000 fail | Dr=+1.513/+2611.999 |Dr|max=2611.999 Df=-2086.259 | g r=2296.394 f=2330.383 p=655995.875(151.373) max=3793774.000 | Ld=+206.0269 base=-2.1e+03 drift=2.3e+03 | Lg=+2076.4475 | 41s
 3420 post m=0 hq=0.000 fail | Dr=+10.958/+2588.149 |Dr|max=2588.149 Df=-2086.891 | g r=2293.689 f=2301.928 p=655241.250(146.875) max=3798049.500 | Ld=+56.1511 base=-2.04e+03 drift=2.1e+03 | Lg=+2073.7949 | 41s
 3430 post m=0 hq=0.000 fail | Dr=+8.255/+2591.948 |Dr|max=2591.948 Df=-2057.227 | g r=2281.223 f=1961.758 p=652220.000(50.957) max=3817495.250 | Ld=-414.4495 base=-2.11e+03 drift=1.69e+03 | Lg=+2083.2812 | 41s
 3440 post m=0 hq=0.000 fail | Dr=+5.347/+2581.707 |Dr|max=2581.707 Df=-2065.061 | g r=2270.119 f=1905.478 p=652225.312(108.436) max=3808120.000 | Ld=-430.8505 base=-2.09e+03 drift=1.66e+03 | Lg=+2080.5396 | 42s
 3450 post m=0 hq=0.000 fail | Dr=+5.527/+2561.217 |Dr|max=2561.217 Df=-2067.199 | g r=2262.002 f=1981.784 p=652326.250(147.016) max=3824367.250 | Ld=-38.6340 base=-2.09e+03 drift=2.06e+03 | Lg=+2007.4330 | 42s
 3460 post m=0 hq=0.000 fail | Dr=+2.291/+2542.664 |Dr|max=2542.664 Df=-2079.405 | g r=2256.210 f=1878.142 p=651731.125(136.016) max=3818609.750 | Ld=+274.2671 base=-2.05e+03 drift=2.32e+03 | Lg=+2158.7148 | 42s
 3470 post m=0 hq=0.000 fail | Dr=+10.247/+2541.157 |Dr|max=2541.157 Df=-2081.971 | g r=2242.292 f=1917.338 p=651968.938(180.833) max=3835846.000 | Ld=-378.8142 base=-2.08e+03 drift=1.7e+03 | Lg=+2098.6130 | 42s
 3480 post m=0 hq=0.000 fail | Dr=+10.011/+2531.946 |Dr|max=2531.946 Df=-2089.173 | g r=2235.006 f=1867.487 p=652125.625(189.247) max=3814902.000 | Ld=-558.5148 base=-2.07e+03 drift=1.51e+03 | Lg=+2021.2935 | 42s
 3490 post m=0 hq=0.000 fail | Dr=+4.722/+2510.556 |Dr|max=2510.556 Df=-2096.952 | g r=2223.343 f=1867.041 p=652133.000(195.469) max=3814567.500 | Ld=-698.1024 base=-2.08e+03 drift=1.38e+03 | Lg=+2168.6179 | 42s
 3500 post m=0 hq=0.000 fail | Dr=+8.574/+2505.432 |Dr|max=2505.432 Df=-2102.283 | g r=2215.481 f=1925.685 p=652785.500(194.625) max=3829999.500 | Ld=-721.2885 base=-2.11e+03 drift=1.38e+03 | Lg=+2059.0781 | 42s
 3510 post m=0 hq=0.000 fail | Dr=+6.332/+2488.357 |Dr|max=2488.357 Df=-2108.360 | g r=2207.687 f=1881.047 p=653007.500(201.843) max=3807032.500 | Ld=-60.1987 base=-2.05e+03 drift=1.99e+03 | Lg=+2078.2651 | 42s
 3520 post m=0 hq=0.000 fail | Dr=+2.018/+2472.450 |Dr|max=2472.450 Df=-2118.143 | g r=2197.862 f=1954.774 p=653427.625(203.630) max=3845135.500 | Ld=-466.3873 base=-2.18e+03 drift=1.71e+03 | Lg=+2165.8291 | 43s
 3530 post m=0 hq=0.000 fail | Dr=+6.559/+2457.966 |Dr|max=2457.966 Df=-2121.962 | g r=2188.938 f=2205.733 p=653379.312(193.299) max=3789488.750 | Ld=-731.8823 base=-2.15e+03 drift=1.42e+03 | Lg=+2148.0854 | 43s
 3540 post m=0 hq=0.000 fail | Dr=+7.003/+2446.769 |Dr|max=2446.769 Df=-2128.151 | g r=2177.952 f=1970.491 p=654172.062(181.869) max=3845406.500 | Ld=+226.9336 base=-2.1e+03 drift=2.33e+03 | Lg=+2120.9146 | 43s
 3550 post m=0 hq=0.000 fail | Dr=+6.465/+2483.770 |Dr|max=4086.896 Df=-2039.982 | g r=2607.017 f=1816.921 p=645233.750(35.183) max=3811878.250 | Ld=+96.9849 base=-1.99e+03 drift=2.08e+03 | Lg=+2086.8413 | 43s
 3560 post m=0 hq=0.000 fail | Dr=+7.286/+2472.869 |Dr|max=4049.961 Df=-2036.575 | g r=2605.817 f=1881.128 p=645309.375(12.904) max=3772241.250 | Ld=-800.3258 base=-1.99e+03 drift=1.19e+03 | Lg=+1988.2876 | 43s
 3570 post m=0 hq=0.000 fail | Dr=+2.498/+2465.594 |Dr|max=4014.142 Df=-2046.992 | g r=2588.554 f=2005.678 p=645492.750(55.549) max=3761449.250 | Ld=-600.2550 base=-2.1e+03 drift=1.5e+03 | Lg=+2066.7905 | 43s
 3580 post m=0 hq=0.000 fail | Dr=+4.831/+2448.801 |Dr|max=4033.015 Df=-2050.791 | g r=2580.316 f=1919.946 p=645554.188(49.468) max=3774869.500 | Ld=-454.0422 base=-2.13e+03 drift=1.67e+03 | Lg=+2046.0082 | 43s
 3590 post m=0 hq=0.000 fail | Dr=+8.710/+2445.540 |Dr|max=4028.068 Df=-2055.406 | g r=2570.446 f=1647.605 p=645570.562(75.564) max=3813733.000 | Ld=-607.5601 base=-2.03e+03 drift=1.42e+03 | Lg=+2107.9517 | 43s
 3600 post m=0 hq=0.000 fail | Dr=+6.490/+2442.599 |Dr|max=11272.979 Df=-2033.043 | g r=2597.415 f=1791.736 p=644408.312(127.993) max=3821803.250 | Ld=-518.3616 base=-2.06e+03 drift=1.54e+03 | Lg=+2025.2117 | 43s
 3610 post m=0 hq=0.000 fail | Dr=+0.587/+2431.064 |Dr|max=11261.210 Df=-2041.149 | g r=2591.238 f=1729.376 p=644346.125(101.291) max=3808728.000 | Ld=-295.0775 base=-2.06e+03 drift=1.76e+03 | Lg=+2009.1912 | 44s
 3620 post m=0 hq=0.000 fail | Dr=-24.545/+2506.091 |Dr|max=10068.198 Df=-2085.180 | g r=2571.275 f=1756.187 p=640526.188(67.010) max=3785186.500 | Ld=+859.0264 base=-2.06e+03 drift=2.92e+03 | Lg=+2054.5305 | 44s
 3630 post m=0 hq=0.000 fail | Dr=-0.375/+2493.074 |Dr|max=8530.935 Df=-2055.410 | g r=2575.322 f=1841.187 p=640444.750(101.144) max=3757290.750 | Ld=-69.1565 base=-2.06e+03 drift=1.99e+03 | Lg=+2080.9636 | 44s
 3640 post m=0 hq=0.000 fail | Dr=-6.592/+2463.624 |Dr|max=8556.283 Df=-2062.095 | g r=2573.058 f=1735.947 p=640578.250(109.795) max=3778501.250 | Ld=-168.2285 base=-2.09e+03 drift=1.92e+03 | Lg=+1957.7810 | 44s
 3650 post m=0 hq=0.000 fail | Dr=+1.680/+2542.896 |Dr|max=2542.896 Df=-2112.480 | g r=2130.122 f=1563.747 p=634446.875(186.410) max=3747857.000 | Ld=-153.5375 base=-2.1e+03 drift=1.94e+03 | Lg=+2082.4893 | 44s
 3660 post m=0 hq=0.000 fail | Dr=+3.450/+2523.002 |Dr|max=2523.002 Df=-2114.775 | g r=2123.297 f=1559.444 p=634464.062(200.532) max=3745584.750 | Ld=-312.0214 base=-2.12e+03 drift=1.81e+03 | Lg=+2106.4153 | 44s
 3670 post m=0 hq=0.000 fail | Dr=+10.620/+2514.336 |Dr|max=2514.336 Df=-2104.931 | g r=2120.247 f=1697.349 p=634248.500(133.741) max=3711796.500 | Ld=-845.7699 base=-2.08e+03 drift=1.23e+03 | Lg=+2146.2017 | 44s
 3680 post m=0 hq=0.000 fail | Dr=+5.937/+2518.759 |Dr|max=2518.759 Df=-2128.771 | g r=2120.801 f=1482.249 p=631771.375(120.383) max=3744743.250 | Ld=-990.8575 base=-2.06e+03 drift=1.07e+03 | Lg=+2113.8877 | 44s
 3690 post m=0 hq=0.000 fail | Dr=+11.732/+2508.364 |Dr|max=2508.364 Df=-2132.997 | g r=2110.926 f=1488.938 p=632040.500(92.172) max=3741017.000 | Ld=-583.3596 base=-2.11e+03 drift=1.53e+03 | Lg=+2136.9531 | 44s
 3700 post m=0 hq=0.000 fail | Dr=+3.087/+2477.033 |Dr|max=2477.033 Df=-2140.786 | g r=2105.827 f=1493.839 p=632154.750(168.072) max=3742102.000 | Ld=-549.4644 base=-2.23e+03 drift=1.68e+03 | Lg=+2120.1121 | 45s
 3710 post m=0 hq=0.000 fail | Dr=+4.427/+2472.221 |Dr|max=2472.221 Df=-2139.289 | g r=2096.054 f=1495.538 p=631260.562(83.810) max=3738970.250 | Ld=-556.8206 base=-2.15e+03 drift=1.59e+03 | Lg=+2169.7866 | 45s
 3720 post m=0 hq=0.000 fail | Dr=+6.446/+2476.378 |Dr|max=2476.378 Df=-2151.684 | g r=2089.338 f=1471.332 p=630980.875(151.093) max=3729389.000 | Ld=-902.4669 base=-2.14e+03 drift=1.24e+03 | Lg=+2070.2131 | 45s
 3730 post m=0 hq=0.000 fail | Dr=+2.175/+2451.886 |Dr|max=2451.886 Df=-2158.560 | g r=2082.822 f=1486.581 p=631225.688(133.035) max=3728877.750 | Ld=-572.1594 base=-2.13e+03 drift=1.56e+03 | Lg=+2153.9785 | 45s
 3740 post m=0 hq=0.000 fail | Dr=+9.553/+2508.116 |Dr|max=2508.116 Df=-2114.525 | g r=2260.973 f=2207.078 p=629317.562(3.979) max=3741715.500 | Ld=-659.5696 base=-2.08e+03 drift=1.42e+03 | Lg=+2045.3698 | 45s
 3750 post m=0 hq=0.000 fail | Dr=+4.028/+2479.678 |Dr|max=2479.678 Df=-2113.732 | g r=2260.798 f=1935.129 p=629244.500(46.814) max=3718317.750 | Ld=-205.0140 base=-2.11e+03 drift=1.91e+03 | Lg=+2167.4971 | 45s
 3760 post m=0 hq=0.000 fail | Dr=-0.808/+2528.267 |Dr|max=2528.267 Df=-2173.210 | g r=2134.095 f=1950.598 p=615843.938(23.506) max=3635957.000 | Ld=-293.2570 base=-2.17e+03 drift=1.88e+03 | Lg=+2208.7729 | 45s
 3770 post m=0 hq=0.000 fail | Dr=+3.999/+2518.917 |Dr|max=2518.917 Df=-2172.935 | g r=2129.724 f=1820.482 p=615581.500(45.944) max=3608587.500 | Ld=-388.0466 base=-2.12e+03 drift=1.73e+03 | Lg=+2189.4966 | 45s
 3780 post m=0 hq=0.000 fail | Dr=+6.072/+2498.418 |Dr|max=2498.418 Df=-2178.328 | g r=2122.093 f=1788.092 p=615647.375(16.636) max=3592550.000 | Ld=-359.9436 base=-2.17e+03 drift=1.81e+03 | Lg=+2166.6194 | 46s
 3790 post m=0 hq=0.000 fail | Dr=+7.817/+2558.293 |Dr|max=2558.293 Df=-2219.715 | g r=2123.300 f=1955.683 p=614167.125(41.689) max=3560338.500 | Ld=-361.1647 base=-2.15e+03 drift=1.79e+03 | Lg=+2100.1218 | 46s
 3800 post m=0 hq=0.000 fail | Dr=+10.015/+2531.211 |Dr|max=2531.211 Df=-2220.565 | g r=2119.321 f=1992.120 p=614412.125(33.193) max=3566701.000 | Ld=-906.8762 base=-2.21e+03 drift=1.3e+03 | Lg=+2216.9043 | 46s
 3810 post m=0 hq=0.000 fail | Dr=+10.908/+2507.035 |Dr|max=2507.035 Df=-2223.336 | g r=2110.572 f=1923.444 p=614699.625(42.537) max=3589064.500 | Ld=-407.1429 base=-2.2e+03 drift=1.79e+03 | Lg=+2137.8154 | 46s
 3820 post m=0 hq=0.000 fail | Dr=+12.905/+2531.539 |Dr|max=2531.539 Df=-2277.110 | g r=2111.395 f=2049.701 p=607195.125(89.288) max=3562191.750 | Ld=-46.2063 base=-2.27e+03 drift=2.23e+03 | Lg=+2275.6235 | 46s
 3830 post m=0 hq=0.000 fail | Dr=+7.224/+2467.844 |Dr|max=2467.844 Df=-2285.019 | g r=2102.322 f=2048.899 p=607453.250(115.326) max=3529970.750 | Ld=-1095.3109 base=-2.23e+03 drift=1.13e+03 | Lg=+2374.1226 | 46s
 3840 post m=0 hq=0.000 fail | Dr=-12.981/+2464.285 |Dr|max=2464.285 Df=-2373.833 | g r=2180.417 f=2235.713 p=597989.750(48.313) max=3607262.500 | Ld=-175.4500 base=-2.49e+03 drift=2.31e+03 | Lg=+2336.5908 | 46s
 3850 post m=0 hq=0.000 fail | Dr=+12.300/+2454.023 |Dr|max=2454.023 Df=-2360.248 | g r=2165.789 f=2174.623 p=598028.188(54.113) max=3626056.750 | Ld=-464.3104 base=-2.28e+03 drift=1.82e+03 | Lg=+2350.3245 | 46s
 3860 post m=0 hq=0.000 fail | Dr=+4.042/+2427.821 |Dr|max=2427.821 Df=-2370.979 | g r=2157.177 f=2078.250 p=598613.938(47.454) max=3711416.250 | Ld=-876.8787 base=-2.38e+03 drift=1.51e+03 | Lg=+2518.6006 | 46s
 3870 post m=0 hq=0.000 fail | Dr=+3.617/+2431.812 |Dr|max=2431.812 Df=-2356.135 | g r=2128.895 f=2036.456 p=597638.750(29.015) max=3688978.500 | Ld=-378.3206 base=-2.27e+03 drift=1.9e+03 | Lg=+2291.3823 | 47s
 3880 post m=0 hq=0.000 fail | Dr=+1.884/+2412.543 |Dr|max=2412.543 Df=-2347.016 | g r=2124.859 f=2031.237 p=597528.000(77.822) max=3645107.500 | Ld=-427.8475 base=-2.26e+03 drift=1.83e+03 | Lg=+2296.1934 | 47s
 3890 post m=0 hq=0.000 fail | Dr=+1.214/+2415.297 |Dr|max=2415.297 Df=-2358.893 | g r=2113.272 f=2013.042 p=596649.000(77.456) max=3640101.500 | Ld=-883.8165 base=-2.46e+03 drift=1.57e+03 | Lg=+2328.1675 | 47s
 3900 post m=0 hq=0.000 fail | Dr=-2.279/+2394.546 |Dr|max=2394.546 Df=-2365.507 | g r=2106.765 f=1947.298 p=596518.125(49.710) max=3586940.250 | Ld=-721.3956 base=-2.41e+03 drift=1.69e+03 | Lg=+2304.4080 | 47s
 3910 post m=0 hq=0.000 fail | Dr=+6.596/+2387.997 |Dr|max=2387.997 Df=-2367.007 | g r=2099.654 f=1912.838 p=596754.625(63.816) max=3617203.250 | Ld=-917.2844 base=-2.35e+03 drift=1.43e+03 | Lg=+2310.4604 | 47s
 3920 post m=0 hq=0.000 fail | Dr=+6.752/+2388.406 |Dr|max=2388.406 Df=-2393.769 | g r=2105.714 f=1887.649 p=595422.375(77.157) max=3631772.000 | Ld=-275.2789 base=-2.25e+03 drift=1.98e+03 | Lg=+2328.2180 | 47s
 3930 post m=0 hq=0.000 fail | Dr=+1.308/+2362.618 |Dr|max=2362.618 Df=-2400.625 | g r=2100.289 f=1871.933 p=595533.875(86.365) max=3608737.750 | Ld=-677.2212 base=-2.45e+03 drift=1.77e+03 | Lg=+2482.8420 | 47s
 3940 post m=0 hq=0.000 fail | Dr=+14.022/+2378.684 |Dr|max=2378.684 Df=-2387.970 | g r=2092.207 f=1822.830 p=593678.562(107.448) max=3542491.000 | Ld=-511.6432 base=-2.24e+03 drift=1.73e+03 | Lg=+2446.1724 | 47s
 3950 post m=0 hq=0.000 fail | Dr=+96.542/+2526.334 |Dr|max=2526.334 Df=-2247.455 | g r=2129.289 f=1824.170 p=581690.000(87.719) max=3548998.750 | Ld=+2688.1218 base=-2.18e+03 drift=4.86e+03 | Lg=+2324.2678 | 48s
 3960 post m=0 hq=0.000 fail | Dr=+1.433/+2405.771 |Dr|max=2405.771 Df=-2288.271 | g r=2121.046 f=1735.376 p=581326.625(111.849) max=3486454.000 | Ld=-532.2972 base=-2.32e+03 drift=1.79e+03 | Lg=+2406.9182 | 48s
 3970 post m=0 hq=0.000 fail | Dr=+10.702/+2411.840 |Dr|max=2411.840 Df=-2290.613 | g r=2105.618 f=1660.011 p=581550.625(149.035) max=3493754.250 | Ld=-635.4535 base=-2.26e+03 drift=1.62e+03 | Lg=+2219.2583 | 48s
 3980 post m=0 hq=0.000 fail | Dr=+7.726/+2397.787 |Dr|max=2397.787 Df=-2300.454 | g r=2089.778 f=1454.266 p=581853.750(173.671) max=3524987.250 | Ld=-837.5377 base=-2.32e+03 drift=1.49e+03 | Lg=+2303.4221 | 48s
 3990 post m=0 hq=0.000 fail | Dr=-3.271/+2373.099 |Dr|max=2373.099 Df=-2313.079 | g r=2075.186 f=1399.701 p=581857.875(193.301) max=3519494.750 | Ld=-463.8452 base=-2.26e+03 drift=1.8e+03 | Lg=+2350.9329 | 48s
 4000 post m=0 hq=0.000 fail | Dr=+3.627/+2367.659 |Dr|max=2367.659 Df=-2315.574 | g r=2063.351 f=1622.532 p=581721.188(194.330) max=3518921.000 | Ld=-865.2992 base=-2.18e+03 drift=1.31e+03 | Lg=+2348.1497 | 48s
 4010 post m=0 hq=0.000 fail | Dr=+15.079/+2368.591 |Dr|max=2368.591 Df=-2319.320 | g r=2053.652 f=1486.361 p=582258.312(195.160) max=3549698.000 | Ld=-887.9941 base=-2.26e+03 drift=1.37e+03 | Lg=+2270.3442 | 48s
 4020 post m=0 hq=0.000 fail | Dr=+0.686/+2334.034 |Dr|max=2334.034 Df=-2332.137 | g r=2042.917 f=1651.596 p=582122.312(157.749) max=3517243.500 | Ld=-784.0807 base=-2.33e+03 drift=1.55e+03 | Lg=+2257.3203 | 48s
 4030 post m=0 hq=0.000 fail | Dr=-11.340/+2366.643 |Dr|max=2366.643 Df=-2363.440 | g r=2014.888 f=1513.336 p=581173.562(98.484) max=3530971.250 | Ld=-743.7632 base=-2.42e+03 drift=1.68e+03 | Lg=+2367.4612 | 48s
 4040 post m=0 hq=0.000 fail | Dr=+12.044/+2363.907 |Dr|max=2363.907 Df=-2353.871 | g r=2007.154 f=1770.335 p=581537.125(116.960) max=3488897.750 | Ld=-1143.4177 base=-2.48e+03 drift=1.33e+03 | Lg=+2409.9753 | 49s
 4050 post m=0 hq=0.000 fail | Dr=+6.268/+2340.288 |Dr|max=2340.288 Df=-2361.259 | g r=2001.043 f=1631.243 p=581341.375(101.576) max=3513090.500 | Ld=-508.8679 base=-2.53e+03 drift=2.02e+03 | Lg=+2312.1855 | 49s
 4060 post m=0 hq=0.000 fail | Dr=+8.843/+2323.349 |Dr|max=2323.349 Df=-2366.156 | g r=2001.189 f=1576.275 p=581622.062(82.103) max=3538894.000 | Ld=-1180.2804 base=-2.27e+03 drift=1.09e+03 | Lg=+2334.7290 | 49s
 4070 post m=0 hq=0.000 fail | Dr=+12.176/+2306.723 |Dr|max=2306.723 Df=-2373.159 | g r=1995.077 f=1705.939 p=581963.062(74.448) max=3566667.750 | Ld=-1279.0565 base=-2.45e+03 drift=1.17e+03 | Lg=+2385.8264 | 49s
 4080 post m=0 hq=0.000 fail | Dr=+14.145/+2302.155 |Dr|max=2302.155 Df=-2379.647 | g r=1980.844 f=1754.227 p=581430.500(48.328) max=3480388.250 | Ld=-909.2167 base=-2.36e+03 drift=1.45e+03 | Lg=+2259.8088 | 49s
 4090 post m=0 hq=0.000 fail | Dr=+9.483/+2284.989 |Dr|max=2284.989 Df=-2389.976 | g r=1974.140 f=1781.427 p=581513.750(33.732) max=3485314.750 | Ld=-1172.0548 base=-2.36e+03 drift=1.19e+03 | Lg=+2292.3389 | 49s
 4100 post m=0 hq=0.000 fail | Dr=+9.502/+2262.493 |Dr|max=2262.493 Df=-2396.869 | g r=1967.591 f=1819.400 p=581518.750(20.852) max=3503615.250 | Ld=-1374.5526 base=-2.34e+03 drift=964 | Lg=+2485.7856 | 49s
 4110 post m=0 hq=0.000 fail | Dr=+7.545/+2240.267 |Dr|max=2240.267 Df=-2402.374 | g r=1959.948 f=1536.423 p=581818.375(30.656) max=3511344.500 | Ld=-1090.7340 base=-2.39e+03 drift=1.3e+03 | Lg=+2482.3281 | 49s
 4120 post m=0 hq=0.000 fail | Dr=+4.438/+2230.755 |Dr|max=2230.755 Df=-2417.138 | g r=1952.660 f=1669.047 p=582298.625(48.128) max=3553026.500 | Ld=-1132.7721 base=-2.55e+03 drift=1.42e+03 | Lg=+2418.5037 | 49s
 4130 post m=0 hq=0.000 fail | Dr=-41.337/+2226.673 |Dr|max=2226.673 Df=-2370.375 | g r=2021.434 f=1734.607 p=573872.250(36.963) max=3485287.500 | Ld=+94.4202 base=-2.4e+03 drift=2.49e+03 | Lg=+2300.9253 | 50s
 4140 post m=0 hq=0.000 fail | Dr=+8.885/+2268.481 |Dr|max=2268.481 Df=-2337.189 | g r=2009.040 f=1533.667 p=574622.125(44.217) max=3479119.250 | Ld=-697.5907 base=-2.28e+03 drift=1.58e+03 | Lg=+2351.6855 | 50s
 4150 post m=0 hq=0.000 fail | Dr=-8.357/+2257.180 |Dr|max=2257.180 Df=-2359.771 | g r=2000.325 f=1476.036 p=574191.125(20.031) max=3461481.500 | Ld=-748.0356 base=-2.3e+03 drift=1.55e+03 | Lg=+2304.3489 | 50s
 4160 post m=0 hq=0.000 fail | Dr=+1.774/+2250.236 |Dr|max=2250.236 Df=-2361.881 | g r=1991.911 f=1799.616 p=574602.250(43.965) max=3440718.000 | Ld=-893.3085 base=-2.38e+03 drift=1.49e+03 | Lg=+2309.7749 | 50s
 4170 post m=0 hq=0.000 fail | Dr=+5.765/+2248.892 |Dr|max=2248.892 Df=-2368.370 | g r=1984.767 f=1897.089 p=574983.875(45.355) max=3428800.250 | Ld=-1235.7777 base=-2.32e+03 drift=1.09e+03 | Lg=+2385.0803 | 50s
 4180 post m=0 hq=0.000 fail | Dr=+4.429/+2234.276 |Dr|max=2234.276 Df=-2376.881 | g r=1977.493 f=1802.608 p=574930.625(21.227) max=3434119.750 | Ld=-1165.6960 base=-2.27e+03 drift=1.11e+03 | Lg=+2266.4331 | 50s
 4190 post m=0 hq=0.000 fail | Dr=+11.391/+2229.574 |Dr|max=2229.574 Df=-2382.440 | g r=1967.018 f=1641.280 p=575317.375(22.140) max=3429433.750 | Ld=-1033.8384 base=-2.52e+03 drift=1.49e+03 | Lg=+2413.7310 | 50s
 4200 post m=0 hq=0.000 fail | Dr=+6.556/+2196.053 |Dr|max=2196.053 Df=-2388.669 | g r=1961.916 f=1584.970 p=575216.125(55.566) max=3436282.250 | Ld=-888.7340 base=-2.31e+03 drift=1.42e+03 | Lg=+2344.1929 | 50s
 4210 post m=0 hq=0.000 fail | Dr=+4.254/+2205.086 |Dr|max=2205.086 Df=-2407.965 | g r=1950.923 f=2335.750 p=574742.500(57.343) max=3412369.750 | Ld=-982.1205 base=-2.27e+03 drift=1.29e+03 | Lg=+2449.9639 | 51s
 4220 post m=1 hq=0.001 fail | Dr=+7.067/+2178.481 |Dr|max=2178.481 Df=-9735.309 | g r=1942.946 f=88669.508 p=576065.312(84.242) max=3542360.250 | Ld=-2579.1809 base=-4.22e+03 drift=1.64e+03 | Lg=+4293.9619 | 51s
 4230 post m=0 hq=0.000 fail | Dr=+1.267/+2160.675 |Dr|max=2160.675 Df=-2906.573 | g r=1936.631 f=9174.723 p=580185.375(32.788) max=3559164.500 | Ld=-1638.3405 base=-2.97e+03 drift=1.33e+03 | Lg=+3066.6299 | 51s
 4240 post m=0 hq=0.000 fail | Dr=-3.002/+2154.873 |Dr|max=2154.873 Df=-2659.233 | g r=1932.234 f=9089.055 p=578863.125(73.840) max=3595407.250 | Ld=-1735.1165 base=-2.62e+03 drift=881 | Lg=+2730.0493 | 51s
 4250 post m=0 hq=0.000 fail | Dr=-8.986/+2140.822 |Dr|max=2140.822 Df=-2617.918 | g r=1934.462 f=6618.062 p=573314.000(84.065) max=3597697.000 | Ld=-1364.7517 base=-2.51e+03 drift=1.14e+03 | Lg=+2651.9297 | 51s
 4260 post m=0 hq=0.000 fail | Dr=-24.972/+2166.001 |Dr|max=2166.001 Df=-2480.773 | g r=1974.054 f=7325.174 p=563707.750(107.977) max=3404537.250 | Ld=-827.3859 base=-2.72e+03 drift=1.9e+03 | Lg=+2662.1606 | 51s
 4270 post m=0 hq=0.000 fail | Dr=+3.665/+2177.306 |Dr|max=2177.306 Df=-2811.719 | g r=1969.340 f=7907.129 p=568351.250(14.974) max=3358881.500 | Ld=-1268.0660 base=-2.56e+03 drift=1.29e+03 | Lg=+2700.3489 | 51s
 4280 post m=0 hq=0.000 fail | Dr=+10.890/+2200.570 |Dr|max=2200.570 Df=-2417.861 | g r=1954.039 f=8631.146 p=563894.125(24.288) max=3396809.000 | Ld=-1501.5544 base=-2.73e+03 drift=1.22e+03 | Lg=+2654.7197 | 51s
 4290 post m=0 hq=0.000 fail | Dr=+14.775/+2217.994 |Dr|max=2217.994 Df=-2383.878 | g r=1944.053 f=7293.154 p=562904.438(21.477) max=3363749.500 | Ld=-1991.4204 base=-2.94e+03 drift=952 | Lg=+3015.3547 | 51s
 4300 post m=0 hq=0.000 fail | Dr=+17.450/+2237.022 |Dr|max=2237.022 Df=-2403.904 | g r=1958.876 f=5232.951 p=560248.750(43.218) max=3355375.250 | Ld=-1003.9729 base=-2.42e+03 drift=1.41e+03 | Lg=+2418.7817 | 52s
 4310 post m=0 hq=0.000 fail | Dr=-100.312/+2386.906 |Dr|max=2386.906 Df=-2457.011 | g r=2124.956 f=5427.575 p=524351.562(99.432) max=3008785.000 | Ld=+1613.7300 base=-2.43e+03 drift=4.04e+03 | Lg=+2497.0266 | 52s
 4320 post m=0 hq=0.000 fail | Dr=-77.147/+2314.414 |Dr|max=2314.414 Df=-2536.497 | g r=2092.428 f=11354.338 p=524165.344(46.213) max=3148183.000 | Ld=+430.5442 base=-2.62e+03 drift=3.05e+03 | Lg=+2386.2002 | 52s
 4330 post m=0 hq=0.000 fail | Dr=-53.505/+2305.906 |Dr|max=2305.906 Df=-2382.407 | g r=2076.017 f=4484.043 p=525401.250(90.421) max=3021283.750 | Ld=-116.4014 base=-2.45e+03 drift=2.33e+03 | Lg=+2411.1782 | 52s
 4340 post m=0 hq=0.000 fail | Dr=+5.235/+2394.217 |Dr|max=2394.217 Df=-2316.477 | g r=2049.786 f=6393.933 p=525902.312(71.243) max=3021862.500 | Ld=-757.3365 base=-2.27e+03 drift=1.51e+03 | Lg=+2477.8306 | 52s
 4350 post m=0 hq=0.000 fail | Dr=-7.214/+2358.109 |Dr|max=2358.109 Df=-2484.382 | g r=2040.425 f=5346.944 p=526458.188(54.784) max=3023301.250 | Ld=-643.4185 base=-2.53e+03 drift=1.88e+03 | Lg=+2351.0347 | 52s
 4360 post m=0 hq=0.000 fail | Dr=-8.529/+2338.551 |Dr|max=2338.551 Df=-2322.035 | g r=2034.615 f=4101.825 p=524555.000(13.004) max=3024819.500 | Ld=-876.1527 base=-2.29e+03 drift=1.41e+03 | Lg=+2338.6187 | 52s
 4370 post m=0 hq=0.000 fail | Dr=-1.969/+2308.805 |Dr|max=2308.805 Df=-2514.280 | g r=2020.855 f=5631.427 p=528782.938(69.144) max=3035896.750 | Ld=-1050.9994 base=-2.51e+03 drift=1.46e+03 | Lg=+2386.0183 | 52s
 4380 post m=0 hq=0.000 fail | Dr=+19.385/+2343.774 |Dr|max=2343.774 Df=-2274.566 | g r=2003.021 f=4237.596 p=525308.875(55.678) max=3051729.500 | Ld=-756.3951 base=-2.23e+03 drift=1.47e+03 | Lg=+2433.9243 | 52s
 4390 post m=0 hq=0.000 fail | Dr=+22.077/+2326.041 |Dr|max=2326.041 Df=-2332.882 | g r=1997.409 f=4482.238 p=524647.562(38.289) max=3051686.250 | Ld=-863.2100 base=-2.33e+03 drift=1.47e+03 | Lg=+2269.6289 | 53s
 4400 post m=0 hq=0.000 fail | Dr=+24.217/+2314.977 |Dr|max=2314.977 Df=-2277.253 | g r=1988.883 f=6509.410 p=524053.500(86.928) max=3043771.500 | Ld=-1321.5677 base=-2.49e+03 drift=1.17e+03 | Lg=+2348.7476 | 53s
 4410 post m=0 hq=0.000 fail | Dr=+30.453/+2295.648 |Dr|max=2295.648 Df=-2426.192 | g r=1979.497 f=4916.798 p=526896.562(37.668) max=3045736.750 | Ld=-1398.4086 base=-2.81e+03 drift=1.41e+03 | Lg=+2697.9800 | 53s
 4420 post m=0 hq=0.000 fail | Dr=+32.768/+2290.758 |Dr|max=2290.758 Df=-2278.732 | g r=1970.511 f=4033.736 p=524677.125(83.117) max=3043423.500 | Ld=-706.3796 base=-2.16e+03 drift=1.45e+03 | Lg=+2301.2893 | 53s
 4430 post m=0 hq=0.000 fail | Dr=+53.061/+2299.009 |Dr|max=2299.009 Df=-2263.082 | g r=1959.092 f=4090.508 p=525966.938(66.704) max=3062409.500 | Ld=-1059.7638 base=-2.46e+03 drift=1.4e+03 | Lg=+2789.3843 | 53s
 4440 post m=0 hq=0.000 fail | Dr=+64.928/+2302.592 |Dr|max=2302.592 Df=-2266.356 | g r=1952.039 f=5791.110 p=526128.500(77.280) max=3063279.250 | Ld=-575.3695 base=-2.38e+03 drift=1.81e+03 | Lg=+2486.7830 | 53s
 4450 post m=0 hq=0.000 fail | Dr=+109.377/+2344.421 |Dr|max=2344.421 Df=-2202.808 | g r=1948.086 f=3053.138 p=526345.562(51.648) max=3060473.500 | Ld=+43.3081 base=-2.3e+03 drift=2.34e+03 | Lg=+2442.1963 | 53s
 4460 post m=0 hq=0.000 fail | Dr=+83.304/+2282.567 |Dr|max=2282.567 Df=-2218.303 | g r=1943.378 f=2763.873 p=526743.625(13.622) max=3069145.750 | Ld=-669.9275 base=-2.51e+03 drift=1.84e+03 | Lg=+2567.9468 | 53s
 4470 post m=0 hq=0.000 fail | Dr=+77.423/+2252.405 |Dr|max=2252.405 Df=-2225.650 | g r=1937.907 f=3713.719 p=526102.500(49.630) max=3061460.750 | Ld=-480.6940 base=-2.36e+03 drift=1.88e+03 | Lg=+2299.9536 | 54s
 4480 post m=0 hq=0.000 fail | Dr=+133.352/+2321.046 |Dr|max=2321.046 Df=-2334.566 | g r=1933.787 f=4244.993 p=527334.625(46.035) max=3055797.250 | Ld=+859.2480 base=-2.24e+03 drift=3.1e+03 | Lg=+2464.9937 | 54s
 4490 post m=0 hq=0.000 fail | Dr=+101.181/+2252.219 |Dr|max=2252.219 Df=-2416.253 | g r=1927.635 f=12589.535 p=525577.625(82.815) max=3057335.500 | Ld=-13.7793 base=-2.42e+03 drift=2.41e+03 | Lg=+2390.3730 | 54s
 4500 post m=0 hq=0.000 fail | Dr=+95.897/+2228.044 |Dr|max=2228.044 Df=-2205.224 | g r=1915.918 f=3436.662 p=526871.375(86.724) max=3062515.500 | Ld=+103.8137 base=-2.26e+03 drift=2.37e+03 | Lg=+2368.0530 | 54s
 4510 post m=0 hq=0.000 fail | Dr=+75.456/+2193.440 |Dr|max=2193.440 Df=-2415.339 | g r=1895.552 f=4340.569 p=527320.500(19.201) max=3068479.250 | Ld=-224.3013 base=-2.23e+03 drift=2.01e+03 | Lg=+2306.2244 | 54s
 4520 post m=0 hq=0.000 fail | Dr=+62.090/+2157.791 |Dr|max=2157.791 Df=-2380.493 | g r=1882.906 f=3843.432 p=527052.438(83.853) max=3084115.000 | Ld=-125.5828 base=-2.4e+03 drift=2.27e+03 | Lg=+2419.3574 | 54s
 4530 post m=0 hq=0.000 fail | Dr=+64.552/+2157.597 |Dr|max=2157.597 Df=-2237.278 | g r=1873.307 f=2554.644 p=526398.875(66.709) max=3062343.250 | Ld=-994.5787 base=-2.31e+03 drift=1.32e+03 | Lg=+2390.6787 | 54s
 4540 post m=0 hq=0.000 fail | Dr=+95.844/+2187.275 |Dr|max=2187.275 Df=-2216.160 | g r=1867.130 f=3612.639 p=526074.938(88.138) max=3069647.750 | Ld=+570.7698 base=-2.25e+03 drift=2.82e+03 | Lg=+2373.8596 | 54s
 4550 post m=0 hq=0.000 fail | Dr=+105.173/+2189.235 |Dr|max=2189.235 Df=-2233.051 | g r=1862.933 f=2832.652 p=526972.000(58.771) max=3071965.750 | Ld=+514.4580 base=-2.15e+03 drift=2.66e+03 | Lg=+2369.9409 | 55s
 4560 post m=0 hq=0.000 fail | Dr=+105.155/+2178.650 |Dr|max=2178.650 Df=-2217.465 | g r=1857.945 f=2194.115 p=527695.125(82.961) max=3062355.250 | Ld=+74.2078 base=-2.23e+03 drift=2.3e+03 | Lg=+2241.1367 | 55s
 4570 post m=0 hq=0.000 fail | Dr=+88.566/+2144.420 |Dr|max=2144.420 Df=-2350.808 | g r=1850.670 f=3528.852 p=527205.500(66.037) max=3087967.750 | Ld=-522.9498 base=-2.5e+03 drift=1.98e+03 | Lg=+2590.7056 | 55s
 4580 post m=0 hq=0.000 fail | Dr=+96.759/+2151.027 |Dr|max=2151.027 Df=-2442.590 | g r=1841.960 f=4207.147 p=527985.125(37.884) max=3071494.250 | Ld=-907.0979 base=-2.64e+03 drift=1.73e+03 | Lg=+2689.9741 | 55s
 4590 post m=0 hq=0.000 fail | Dr=+56.318/+2073.495 |Dr|max=2073.495 Df=-2247.340 | g r=1833.479 f=2106.567 p=527147.125(106.480) max=3060612.250 | Ld=-551.8739 base=-2.31e+03 drift=1.76e+03 | Lg=+2501.2129 | 55s
 4600 post m=0 hq=0.000 fail | Dr=+51.430/+2048.640 |Dr|max=2048.640 Df=-2270.659 | g r=1822.035 f=2273.603 p=527262.062(44.878) max=3066288.250 | Ld=-879.3164 base=-2.19e+03 drift=1.31e+03 | Lg=+2294.5835 | 55s
# COMPLETE 4600 updates in 55s; prehold 0/120; arrival=None
