# arm=no_path formulation=wgan + drift(0.1) + cap-all(10,c=1) device=cuda:0 steps=4600
# step phase modes hq pass | Dr mean/max |Dr|max Df | grad-norm real fake path(min) max | loss_d terms | loss_g | sec
   10 acq  m=2 hq=0.010 fail | Dr=+0.181/+0.411 |Dr|max=0.411 Df=+0.041 | g r=0.595 f=0.498 p=0.516(0.006) max=1.682 | Ld=-0.1067 base=-0.117 drift=0.00589 cap=0.00489 | Lg=+0.8402 | 1s
   20 acq  m=5 hq=0.008 fail | Dr=-0.108/+0.036 |Dr|max=0.218 Df=-0.228 | g r=0.366 f=0.439 p=0.433(0.014) max=1.073 | Ld=-0.0557 base=-0.0667 drift=0.00463 cap=0.00628 | Lg=+0.7684 | 1s
   30 acq  m=7 hq=0.011 fail | Dr=-0.201/-0.037 |Dr|max=0.435 Df=-0.364 | g r=0.457 f=0.508 p=0.518(0.002) max=1.460 | Ld=-0.2352 base=-0.311 drift=0.0026 cap=0.0731 | Lg=+0.8046 | 1s
   40 acq  m=7 hq=0.013 fail | Dr=+0.028/+0.256 |Dr|max=0.285 Df=-0.319 | g r=0.664 f=0.687 p=0.701(0.010) max=1.496 | Ld=-0.2997 base=-0.324 drift=0.00178 cap=0.0222 | Lg=+0.8852 | 1s
   50 acq  m=6 hq=0.018 fail | Dr=-0.044/+0.223 |Dr|max=0.433 Df=-0.314 | g r=0.546 f=0.595 p=0.590(0.013) max=1.632 | Ld=-0.2918 base=-0.323 drift=0.0016 cap=0.03 | Lg=+0.8941 | 1s
   60 acq  m=8 hq=0.018 fail | Dr=+0.009/+0.150 |Dr|max=0.191 Df=-0.138 | g r=0.410 f=0.402 p=0.417(0.003) max=1.124 | Ld=-0.1036 base=-0.104 drift=0.000682 | Lg=+0.7797 | 1s
   70 acq  m=7 hq=0.015 fail | Dr=-0.202/+0.093 |Dr|max=0.500 Df=-0.455 | g r=0.533 f=0.569 p=0.559(0.006) max=1.822 | Ld=-0.3463 base=-0.417 drift=0.00232 cap=0.0685 | Lg=+0.8387 | 1s
   80 acq  m=8 hq=0.018 fail | Dr=+0.169/+0.423 |Dr|max=0.423 Df=-0.205 | g r=0.653 f=0.691 p=0.681(0.014) max=1.610 | Ld=-0.3392 base=-0.364 drift=0.00643 cap=0.0178 | Lg=+0.9268 | 1s
   90 acq  m=5 hq=0.016 fail | Dr=+0.114/+0.597 |Dr|max=0.765 Df=-0.260 | g r=0.700 f=0.758 p=0.785(0.017) max=1.917 | Ld=-0.3862 base=-0.401 drift=0.0026 cap=0.0121 | Lg=+1.1300 | 1s
  100 acq  m=7 hq=0.019 fail | Dr=+0.091/+0.285 |Dr|max=0.285 Df=-0.390 | g r=0.606 f=0.629 p=0.630(0.030) max=1.440 | Ld=-0.4125 base=-0.445 drift=0.0022 cap=0.0304 | Lg=+0.9777 | 1s
  110 acq  m=7 hq=0.021 fail | Dr=-0.232/+0.186 |Dr|max=0.738 Df=-0.706 | g r=0.604 f=0.665 p=0.673(0.007) max=1.908 | Ld=-0.3255 base=-0.376 drift=0.0129 cap=0.0374 | Lg=+1.0852 | 1s
  120 acq  m=8 hq=0.019 fail | Dr=-0.109/+0.238 |Dr|max=0.568 Df=-0.609 | g r=0.699 f=0.653 p=0.674(0.023) max=1.955 | Ld=-0.4358 base=-0.504 drift=0.0055 cap=0.0623 | Lg=+1.0319 | 1s
  130 acq  m=8 hq=0.053 fail | Dr=-0.138/+0.011 |Dr|max=0.539 Df=-0.622 | g r=0.530 f=0.589 p=0.591(0.008) max=1.468 | Ld=-0.3892 base=-0.433 drift=0.00332 cap=0.0409 | Lg=+0.9939 | 1s
  140 acq  m=8 hq=0.035 fail | Dr=-0.044/+0.492 |Dr|max=0.691 Df=-0.483 | g r=0.665 f=0.703 p=0.701(0.001) max=1.705 | Ld=-0.5220 base=-0.588 drift=0.00306 cap=0.063 | Lg=+1.1218 | 1s
  150 acq  m=8 hq=0.065 fail | Dr=+0.224/+0.732 |Dr|max=0.732 Df=-0.278 | g r=0.625 f=0.720 p=0.703(0.005) max=1.659 | Ld=-0.4603 base=-0.507 drift=0.0128 cap=0.0337 | Lg=+1.0942 | 2s
  160 acq  m=8 hq=0.048 fail | Dr=+0.083/+0.411 |Dr|max=0.507 Df=-0.492 | g r=0.629 f=0.744 p=0.757(0.002) max=1.717 | Ld=-0.5469 base=-0.59 drift=0.0034 cap=0.0401 | Lg=+1.1727 | 2s
  170 acq  m=8 hq=0.032 fail | Dr=-0.004/+0.220 |Dr|max=0.448 Df=-0.542 | g r=0.670 f=0.724 p=0.719(0.016) max=1.697 | Ld=-0.4700 base=-0.503 drift=0.00849 cap=0.025 | Lg=+1.0942 | 2s
  180 acq  m=8 hq=0.085 fail | Dr=+0.185/+0.631 |Dr|max=0.631 Df=-0.167 | g r=0.455 f=0.541 p=0.545(0.007) max=1.333 | Ld=-0.2560 base=-0.414 drift=0.0215 cap=0.137 | Lg=+0.9931 | 2s
  190 acq  m=7 hq=0.015 fail | Dr=+0.183/+0.930 |Dr|max=0.930 Df=-0.422 | g r=0.556 f=0.746 p=0.757(0.014) max=2.030 | Ld=-0.3483 base=-0.423 drift=0.0182 cap=0.0562 | Lg=+1.2026 | 2s
  200 acq  m=8 hq=0.043 fail | Dr=+0.031/+0.499 |Dr|max=0.577 Df=-0.340 | g r=0.469 f=0.558 p=0.563(0.009) max=1.450 | Ld=-0.2995 base=-0.474 drift=0.00852 cap=0.166 | Lg=+0.9293 | 2s
  210 acq  m=7 hq=0.026 fail | Dr=+0.019/+0.485 |Dr|max=0.485 Df=-0.428 | g r=0.504 f=0.661 p=0.657(0.005) max=1.791 | Ld=-0.3308 base=-0.469 drift=0.0126 cap=0.126 | Lg=+1.0119 | 2s
  220 acq  m=7 hq=0.021 fail | Dr=-0.063/+0.575 |Dr|max=0.800 Df=-0.646 | g r=0.557 f=0.713 p=0.673(0.002) max=1.627 | Ld=-0.5640 base=-0.641 drift=0.00436 cap=0.0725 | Lg=+1.1512 | 2s
  230 acq  m=5 hq=0.038 fail | Dr=+0.122/+0.499 |Dr|max=0.499 Df=-0.441 | g r=0.614 f=0.768 p=0.710(0.004) max=1.573 | Ld=-0.3524 base=-0.367 drift=0.00548 cap=0.00918 | Lg=+0.9621 | 2s
  240 acq  m=5 hq=0.077 fail | Dr=-0.173/+0.167 |Dr|max=0.693 Df=-0.575 | g r=0.563 f=0.812 p=0.674(0.018) max=1.502 | Ld=-0.3971 base=-0.411 drift=0.00375 cap=0.0105 | Lg=+1.0452 | 2s
  250 acq  m=8 hq=0.096 fail | Dr=-0.047/+0.273 |Dr|max=0.669 Df=-0.456 | g r=0.617 f=0.681 p=0.664(0.021) max=1.492 | Ld=-0.3764 base=-0.404 drift=0.00696 cap=0.0209 | Lg=+0.9690 | 3s
  260 acq  m=4 hq=0.042 fail | Dr=+0.031/+0.406 |Dr|max=0.533 Df=-0.378 | g r=0.570 f=0.633 p=0.608(0.010) max=1.537 | Ld=-0.3029 base=-0.362 drift=0.00497 cap=0.054 | Lg=+0.9067 | 3s
  270 acq  m=8 hq=0.104 fail | Dr=+0.097/+0.939 |Dr|max=0.939 Df=-0.182 | g r=0.479 f=0.663 p=0.615(0.003) max=1.417 | Ld=-0.2335 base=-0.386 drift=0.0237 cap=0.129 | Lg=+0.9623 | 3s
  280 acq  m=8 hq=0.104 fail | Dr=+0.017/+0.418 |Dr|max=0.513 Df=-0.322 | g r=0.556 f=0.749 p=0.646(0.010) max=1.510 | Ld=-0.2629 base=-0.306 drift=0.00767 cap=0.0356 | Lg=+0.8843 | 3s
  290 acq  m=7 hq=0.143 fail | Dr=+0.082/+0.396 |Dr|max=0.396 Df=-0.247 | g r=0.617 f=0.840 p=0.688(0.016) max=1.469 | Ld=-0.2292 base=-0.254 drift=0.0065 cap=0.0185 | Lg=+0.8619 | 3s
  300 acq  m=6 hq=0.039 fail | Dr=+0.080/+0.572 |Dr|max=0.572 Df=-0.437 | g r=0.653 f=0.840 p=0.719(0.004) max=1.511 | Ld=-0.4046 base=-0.439 drift=0.00743 cap=0.0267 | Lg=+1.0227 | 3s
  310 acq  m=7 hq=0.122 fail | Dr=-0.055/+0.347 |Dr|max=0.445 Df=-0.445 | g r=0.640 f=0.842 p=0.695(0.013) max=1.469 | Ld=-0.3766 base=-0.438 drift=0.0123 cap=0.0495 | Lg=+0.9759 | 3s
  320 acq  m=4 hq=0.032 fail | Dr=+0.029/+0.516 |Dr|max=0.545 Df=-0.416 | g r=0.611 f=0.736 p=0.653(0.012) max=1.267 | Ld=-0.2444 base=-0.261 drift=0.00643 cap=0.0101 | Lg=+0.8659 | 3s
  330 acq  m=7 hq=0.052 fail | Dr=+0.116/+0.582 |Dr|max=0.601 Df=-0.303 | g r=0.649 f=0.907 p=0.730(0.017) max=1.430 | Ld=-0.3068 base=-0.349 drift=0.00708 cap=0.0353 | Lg=+0.9613 | 3s
  340 acq  m=7 hq=0.142 fail | Dr=-0.013/+0.312 |Dr|max=0.618 Df=-0.421 | g r=0.576 f=0.736 p=0.659(0.005) max=1.436 | Ld=-0.2917 base=-0.32 drift=0.00732 cap=0.0206 | Lg=+0.9116 | 3s
  350 acq  m=7 hq=0.219 fail | Dr=-0.083/+0.322 |Dr|max=0.412 Df=-0.286 | g r=0.474 f=0.731 p=0.565(0.008) max=1.195 | Ld=-0.2800 base=-0.363 drift=0.0111 cap=0.0717 | Lg=+0.8459 | 3s
  360 acq  m=8 hq=0.296 fail | Dr=+0.092/+0.432 |Dr|max=0.468 Df=-0.169 | g r=0.519 f=0.730 p=0.656(0.003) max=1.362 | Ld=-0.2661 base=-0.285 drift=0.00489 cap=0.0136 | Lg=+0.8834 | 3s
  370 acq  m=6 hq=0.236 fail | Dr=-0.061/+0.506 |Dr|max=0.622 Df=-0.360 | g r=0.578 f=0.795 p=0.658(0.003) max=1.396 | Ld=-0.3224 base=-0.377 drift=0.0102 cap=0.0447 | Lg=+0.9096 | 4s
  380 acq  m=8 hq=0.103 fail | Dr=-0.006/+0.338 |Dr|max=0.603 Df=-0.396 | g r=0.584 f=0.834 p=0.686(0.006) max=1.467 | Ld=-0.3444 base=-0.369 drift=0.00632 cap=0.0185 | Lg=+0.9514 | 4s
  390 acq  m=8 hq=0.216 fail | Dr=+0.006/+0.468 |Dr|max=0.677 Df=-0.299 | g r=0.629 f=0.861 p=0.715(0.018) max=1.401 | Ld=-0.3904 base=-0.421 drift=0.0112 cap=0.0196 | Lg=+0.9850 | 4s
  400 acq  m=8 hq=0.242 fail | Dr=+0.038/+0.601 |Dr|max=0.601 Df=-0.251 | g r=0.565 f=0.817 p=0.661(0.008) max=1.332 | Ld=-0.2912 base=-0.312 drift=0.0069 cap=0.0142 | Lg=+0.9024 | 4s
  410 acq  m=8 hq=0.571 fail | Dr=+0.064/+0.507 |Dr|max=0.574 Df=-0.106 | g r=0.570 f=0.686 p=0.637(0.008) max=1.296 | Ld=-0.1370 base=-0.168 drift=0.0215 cap=0.00974 | Lg=+0.8184 | 4s
  420 acq  m=8 hq=0.205 fail | Dr=-0.024/+0.385 |Dr|max=0.752 Df=-0.274 | g r=0.522 f=0.705 p=0.603(0.010) max=1.235 | Ld=-0.1744 base=-0.206 drift=0.013 cap=0.0187 | Lg=+0.8289 | 4s
  430 acq  m=8 hq=0.376 fail | Dr=-0.061/+0.684 |Dr|max=0.684 Df=-0.241 | g r=0.579 f=0.780 p=0.644(0.005) max=1.356 | Ld=-0.2177 base=-0.274 drift=0.0127 cap=0.0433 | Lg=+0.8488 | 4s
  440 acq  m=6 hq=0.173 fail | Dr=+0.051/+0.724 |Dr|max=0.724 Df=-0.297 | g r=0.611 f=0.747 p=0.653(0.010) max=1.367 | Ld=-0.1620 base=-0.185 drift=0.0124 cap=0.0109 | Lg=+0.8448 | 4s
  450 acq  m=7 hq=0.109 fail | Dr=-0.022/+0.636 |Dr|max=0.636 Df=-0.290 | g r=0.632 f=0.807 p=0.661(0.009) max=1.396 | Ld=-0.2403 base=-0.265 drift=0.0153 cap=0.00921 | Lg=+0.8837 | 4s
  460 acq  m=6 hq=0.226 fail | Dr=+0.113/+0.607 |Dr|max=0.607 Df=-0.147 | g r=0.534 f=0.801 p=0.629(0.009) max=1.336 | Ld=-0.1457 base=-0.179 drift=0.0117 cap=0.022 | Lg=+0.8014 | 4s
  470 acq  m=8 hq=0.310 fail | Dr=-0.075/+0.542 |Dr|max=0.542 Df=-0.314 | g r=0.624 f=0.825 p=0.653(0.015) max=1.487 | Ld=-0.2863 base=-0.304 drift=0.0094 cap=0.00837 | Lg=+0.9013 | 4s
  480 acq  m=8 hq=0.047 fail | Dr=+0.037/+0.494 |Dr|max=0.765 Df=-0.297 | g r=0.615 f=0.815 p=0.677(0.011) max=1.382 | Ld=-0.2393 base=-0.259 drift=0.0153 cap=0.0048 | Lg=+0.8919 | 4s
  490 acq  m=7 hq=0.270 fail | Dr=-0.034/+0.763 |Dr|max=0.821 Df=-0.316 | g r=0.613 f=0.762 p=0.657(0.007) max=1.530 | Ld=-0.2406 base=-0.26 drift=0.0148 cap=0.00471 | Lg=+0.9434 | 5s
  500 acq  m=8 hq=0.455 fail | Dr=+0.045/+0.485 |Dr|max=0.615 Df=-0.115 | g r=0.489 f=0.647 p=0.564(0.002) max=1.314 | Ld=-0.1510 base=-0.214 drift=0.0217 cap=0.0415 | Lg=+0.8050 | 5s
  510 acq  m=8 hq=0.280 fail | Dr=+0.057/+0.637 |Dr|max=0.640 Df=-0.216 | g r=0.692 f=0.968 p=0.734(0.014) max=1.421 | Ld=-0.3684 base=-0.38 drift=0.00969 cap=0.00229 | Lg=+0.9918 | 5s
  520 acq  m=8 hq=0.168 fail | Dr=-0.002/+0.445 |Dr|max=0.886 Df=-0.285 | g r=0.600 f=0.846 p=0.684(0.018) max=1.345 | Ld=-0.2859 base=-0.312 drift=0.0173 cap=0.00889 | Lg=+0.9092 | 5s
  530 acq  m=8 hq=0.312 fail | Dr=-0.036/+0.517 |Dr|max=0.727 Df=-0.263 | g r=0.598 f=0.787 p=0.648(0.008) max=1.362 | Ld=-0.3031 base=-0.339 drift=0.0188 cap=0.0168 | Lg=+0.9317 | 5s
  540 acq  m=8 hq=0.235 fail | Dr=+0.048/+0.673 |Dr|max=0.673 Df=-0.158 | g r=0.516 f=0.692 p=0.605(0.021) max=1.251 | Ld=-0.1940 base=-0.209 drift=0.012 cap=0.00334 | Lg=+0.8585 | 5s
  550 acq  m=7 hq=0.146 fail | Dr=+0.015/+0.559 |Dr|max=0.722 Df=-0.267 | g r=0.645 f=0.843 p=0.663(0.004) max=1.299 | Ld=-0.1668 base=-0.181 drift=0.0109 cap=0.0033 | Lg=+0.8423 | 5s
  560 acq  m=3 hq=0.043 fail | Dr=+0.103/+0.795 |Dr|max=0.795 Df=-0.233 | g r=0.574 f=0.790 p=0.635(0.015) max=1.286 | Ld=-0.1940 base=-0.227 drift=0.0134 cap=0.0192 | Lg=+0.8489 | 5s
  570 acq  m=5 hq=0.080 fail | Dr=+0.016/+0.842 |Dr|max=0.842 Df=-0.234 | g r=0.551 f=0.810 p=0.627(0.019) max=1.359 | Ld=-0.1632 base=-0.208 drift=0.0164 cap=0.028 | Lg=+0.8419 | 5s
  580 acq  m=3 hq=0.083 fail | Dr=-0.013/+0.585 |Dr|max=0.808 Df=-0.347 | g r=0.619 f=0.849 p=0.663(0.007) max=1.351 | Ld=-0.1356 base=-0.152 drift=0.0143 cap=0.00185 | Lg=+0.8276 | 5s
  590 acq  m=6 hq=0.063 fail | Dr=-0.001/+0.511 |Dr|max=0.690 Df=-0.314 | g r=0.561 f=0.849 p=0.642(0.013) max=1.268 | Ld=-0.1431 base=-0.172 drift=0.0157 cap=0.0131 | Lg=+0.8341 | 5s
  600 acq  m=3 hq=0.016 fail | Dr=-0.017/+0.609 |Dr|max=0.609 Df=-0.360 | g r=0.611 f=0.858 p=0.644(0.006) max=1.264 | Ld=-0.1548 base=-0.176 drift=0.0151 cap=0.00609 | Lg=+0.8278 | 5s
  610 acq  m=6 hq=0.202 fail | Dr=-0.137/+0.426 |Dr|max=0.690 Df=-0.380 | g r=0.529 f=0.832 p=0.596(0.007) max=1.364 | Ld=-0.1710 base=-0.233 drift=0.0251 cap=0.0369 | Lg=+0.8253 | 6s
  620 acq  m=3 hq=0.198 fail | Dr=-0.028/+0.595 |Dr|max=0.718 Df=-0.286 | g r=0.645 f=0.817 p=0.635(0.014) max=1.307 | Ld=-0.1667 base=-0.181 drift=0.0133 cap=0.000885 | Lg=+0.8477 | 6s
  630 acq  m=7 hq=0.349 fail | Dr=+0.002/+0.694 |Dr|max=0.834 Df=-0.181 | g r=0.616 f=0.756 p=0.631(0.014) max=1.301 | Ld=-0.1802 base=-0.212 drift=0.0173 cap=0.014 | Lg=+0.8612 | 6s
  640 acq  m=5 hq=0.126 fail | Dr=+0.015/+0.672 |Dr|max=0.705 Df=-0.284 | g r=0.625 f=0.879 p=0.670(0.006) max=1.263 | Ld=-0.1459 base=-0.162 drift=0.0145 cap=0.00104 | Lg=+0.8408 | 6s
  650 acq  m=8 hq=0.417 fail | Dr=+0.029/+0.736 |Dr|max=0.736 Df=-0.150 | g r=0.631 f=0.829 p=0.669(0.016) max=1.336 | Ld=-0.1691 base=-0.187 drift=0.014 cap=0.00349 | Lg=+0.8401 | 6s
  660 acq  m=8 hq=0.429 fail | Dr=+0.090/+0.606 |Dr|max=0.606 Df=-0.054 | g r=0.532 f=0.732 p=0.588(0.021) max=1.247 | Ld=-0.0791 base=-0.0928 drift=0.0121 cap=0.00162 | Lg=+0.7751 | 6s
  670 acq  m=8 hq=0.302 fail | Dr=+0.017/+0.671 |Dr|max=0.675 Df=-0.197 | g r=0.698 f=0.913 p=0.699(0.015) max=1.396 | Ld=-0.2237 base=-0.238 drift=0.0126 cap=0.00192 | Lg=+0.8896 | 6s
  680 acq  m=8 hq=0.673 fail | Dr=+0.050/+0.727 |Dr|max=0.727 Df=-0.078 | g r=0.688 f=0.816 p=0.683(0.011) max=1.319 | Ld=-0.2899 base=-0.31 drift=0.0137 cap=0.00686 | Lg=+0.9227 | 6s
  690 acq  m=8 hq=0.165 fail | Dr=+0.046/+0.581 |Dr|max=0.722 Df=-0.181 | g r=0.578 f=0.769 p=0.620(0.017) max=1.296 | Ld=-0.1794 base=-0.194 drift=0.013 cap=0.00186 | Lg=+0.8327 | 6s
  700 acq  m=8 hq=0.475 fail | Dr=+0.051/+0.692 |Dr|max=0.692 Df=-0.094 | g r=0.513 f=0.659 p=0.568(0.002) max=1.231 | Ld=-0.1098 base=-0.125 drift=0.0152 cap=0.00029 | Lg=+0.8146 | 6s
  710 acq  m=8 hq=0.681 fail | Dr=+0.020/+0.644 |Dr|max=0.644 Df=-0.074 | g r=0.541 f=0.626 p=0.570(0.015) max=1.238 | Ld=-0.1792 base=-0.2 drift=0.013 cap=0.00824 | Lg=+0.8327 | 6s
  720 acq  m=8 hq=0.209 fail | Dr=+0.083/+0.824 |Dr|max=0.824 Df=-0.125 | g r=0.578 f=0.781 p=0.607(0.009) max=1.211 | Ld=-0.1254 base=-0.14 drift=0.0142 cap=0.000286 | Lg=+0.8146 | 6s
  730 acq  m=8 hq=0.860 fail | Dr=+0.132/+1.005 |Dr|max=1.005 Df=+0.042 | g r=0.676 f=0.766 p=0.678(0.006) max=1.370 | Ld=-0.3293 base=-0.371 drift=0.0146 cap=0.0271 | Lg=+0.9675 | 7s
  740 acq  m=8 hq=0.328 fail | Dr=-0.012/+0.762 |Dr|max=0.762 Df=-0.209 | g r=0.684 f=0.874 p=0.676(0.010) max=1.402 | Ld=-0.2255 base=-0.241 drift=0.0148 cap=0.00031 | Lg=+0.8912 | 7s
  750 acq  m=8 hq=0.197 fail | Dr=+0.046/+0.681 |Dr|max=0.681 Df=-0.203 | g r=0.657 f=0.913 p=0.678(0.009) max=1.445 | Ld=-0.1518 base=-0.169 drift=0.0165 cap=0.000645 | Lg=+0.8368 | 7s
  760 acq  m=8 hq=0.240 fail | Dr=+0.046/+0.761 |Dr|max=0.761 Df=-0.170 | g r=0.620 f=0.869 p=0.645(0.009) max=1.208 | Ld=-0.1565 base=-0.175 drift=0.0159 cap=0.00254 | Lg=+0.8317 | 7s
  770 acq  m=8 hq=0.370 fail | Dr=+0.032/+0.645 |Dr|max=0.645 Df=-0.130 | g r=0.538 f=0.726 p=0.577(0.010) max=1.213 | Ld=-0.1019 base=-0.114 drift=0.0119 cap=0.000459 | Lg=+0.7983 | 7s
  780 acq  m=8 hq=0.516 fail | Dr=+0.049/+0.699 |Dr|max=0.699 Df=-0.129 | g r=0.650 f=0.876 p=0.675(0.009) max=1.234 | Ld=-0.2201 base=-0.24 drift=0.0142 cap=0.00531 | Lg=+0.8733 | 7s
  790 acq  m=8 hq=0.518 fail | Dr=+0.091/+0.813 |Dr|max=0.813 Df=-0.076 | g r=0.651 f=0.822 p=0.652(0.013) max=1.239 | Ld=-0.1308 base=-0.151 drift=0.0165 cap=0.00334 | Lg=+0.8194 | 7s
  800 acq  m=8 hq=0.415 fail | Dr=+0.013/+0.725 |Dr|max=0.725 Df=-0.189 | g r=0.705 f=0.915 p=0.690(0.009) max=1.341 | Ld=-0.1905 base=-0.207 drift=0.0154 cap=0.000841 | Lg=+0.8686 | 7s
  810 acq  m=8 hq=0.533 fail | Dr=+0.010/+0.562 |Dr|max=0.703 Df=-0.158 | g r=0.714 f=0.918 p=0.688(0.005) max=1.338 | Ld=-0.1895 base=-0.208 drift=0.0165 cap=0.00199 | Lg=+0.8670 | 7s
  820 acq  m=8 hq=0.571 fail | Dr=-0.055/+0.580 |Dr|max=0.648 Df=-0.196 | g r=0.676 f=0.840 p=0.652(0.002) max=1.371 | Ld=-0.2302 base=-0.255 drift=0.0151 cap=0.00966 | Lg=+0.8634 | 7s
  830 acq  m=8 hq=0.750 fail | Dr=-0.032/+0.433 |Dr|max=0.731 Df=-0.137 | g r=0.631 f=0.764 p=0.610(0.000) max=1.261 | Ld=-0.2120 base=-0.254 drift=0.0212 cap=0.0205 | Lg=+0.8510 | 7s
  840 acq  m=8 hq=0.427 fail | Dr=+0.026/+0.596 |Dr|max=0.596 Df=-0.150 | g r=0.639 f=0.825 p=0.622(0.006) max=1.118 | Ld=-0.1190 base=-0.134 drift=0.0138 cap=0.0011 | Lg=+0.8087 | 7s
  850 acq  m=8 hq=0.304 fail | Dr=+0.022/+0.673 |Dr|max=0.673 Df=-0.171 | g r=0.664 f=0.824 p=0.650(0.021) max=1.210 | Ld=-0.1324 base=-0.152 drift=0.017 cap=0.00214 | Lg=+0.8213 | 8s
  860 acq  m=8 hq=0.726 fail | Dr=-0.090/+0.489 |Dr|max=0.759 Df=-0.205 | g r=0.671 f=0.827 p=0.638(0.004) max=1.235 | Ld=-0.2321 base=-0.263 drift=0.0184 cap=0.0122 | Lg=+0.8603 | 8s
  870 acq  m=8 hq=0.371 fail | Dr=-0.005/+0.756 |Dr|max=0.756 Df=-0.199 | g r=0.688 f=0.865 p=0.682(0.016) max=1.277 | Ld=-0.1674 base=-0.182 drift=0.014 cap=0.000553 | Lg=+0.8463 | 8s
  880 acq  m=8 hq=0.811 fail | Dr=+0.043/+0.654 |Dr|max=0.654 Df=-0.037 | g r=0.645 f=0.693 p=0.591(0.005) max=1.123 | Ld=-0.2155 base=-0.247 drift=0.0125 cap=0.0191 | Lg=+0.8429 | 8s
  890 acq  m=8 hq=0.512 fail | Dr=+0.045/+0.760 |Dr|max=0.760 Df=-0.085 | g r=0.600 f=0.767 p=0.601(0.019) max=1.146 | Ld=-0.0643 base=-0.0795 drift=0.0149 cap=0.000371 | Lg=+0.7837 | 8s
  900 acq  m=7 hq=0.396 fail | Dr=-0.000/+0.544 |Dr|max=0.581 Df=-0.190 | g r=0.699 f=0.872 p=0.656(0.016) max=1.260 | Ld=-0.1583 base=-0.175 drift=0.0121 cap=0.00469 | Lg=+0.8384 | 8s
  910 acq  m=6 hq=0.233 fail | Dr=-0.031/+0.573 |Dr|max=0.608 Df=-0.267 | g r=0.723 f=0.938 p=0.670(0.006) max=1.254 | Ld=-0.1130 base=-0.129 drift=0.016 cap=0.000203 | Lg=+0.8033 | 8s
  920 acq  m=6 hq=0.312 fail | Dr=+0.010/+0.728 |Dr|max=0.728 Df=-0.204 | g r=0.703 f=0.880 p=0.646(0.004) max=1.286 | Ld=-0.1187 base=-0.136 drift=0.0126 cap=0.00433 | Lg=+0.8017 | 8s
  930 acq  m=8 hq=0.801 fail | Dr=+0.065/+0.538 |Dr|max=0.561 Df=-0.021 | g r=0.575 f=0.675 p=0.586(0.011) max=1.492 | Ld=-0.1429 base=-0.181 drift=0.0142 cap=0.024 | Lg=+0.8135 | 8s
  940 acq  m=8 hq=0.530 fail | Dr=+0.036/+0.785 |Dr|max=0.785 Df=-0.114 | g r=0.656 f=0.867 p=0.613(0.013) max=1.286 | Ld=-0.1364 base=-0.16 drift=0.0127 cap=0.0113 | Lg=+0.8186 | 8s
  950 acq  m=8 hq=0.682 fail | Dr=+0.005/+0.546 |Dr|max=0.594 Df=-0.116 | g r=0.629 f=0.787 p=0.585(0.009) max=1.113 | Ld=-0.0585 base=-0.0755 drift=0.0128 cap=0.00416 | Lg=+0.7676 | 8s
  960 acq  m=7 hq=0.496 fail | Dr=+0.051/+0.573 |Dr|max=0.579 Df=-0.103 | g r=0.628 f=0.789 p=0.581(0.008) max=1.184 | Ld=-0.1059 base=-0.119 drift=0.011 cap=0.00258 | Lg=+0.7883 | 8s
  970 acq  m=8 hq=0.616 fail | Dr=+0.023/+0.671 |Dr|max=0.671 Df=-0.116 | g r=0.635 f=0.839 p=0.582(0.012) max=1.170 | Ld=-0.0471 base=-0.0726 drift=0.0151 cap=0.0104 | Lg=+0.7670 | 9s
  980 acq  m=7 hq=0.534 fail | Dr=-0.011/+0.368 |Dr|max=0.705 Df=-0.189 | g r=0.687 f=0.819 p=0.607(0.009) max=1.292 | Ld=-0.1482 base=-0.166 drift=0.0114 cap=0.00646 | Lg=+0.8189 | 9s
  990 acq  m=8 hq=0.637 fail | Dr=+0.002/+0.421 |Dr|max=0.726 Df=-0.118 | g r=0.572 f=0.773 p=0.541(0.006) max=1.149 | Ld=-0.0805 base=-0.088 drift=0.00749 cap=8.34e-05 | Lg=+0.7669 | 9s
 1000 acq  m=8 hq=0.457 fail | Dr=+0.037/+0.641 |Dr|max=0.641 Df=-0.137 | g r=0.638 f=0.850 p=0.596(0.011) max=1.255 | Ld=-0.1479 base=-0.169 drift=0.0116 cap=0.00956 | Lg=+0.8131 | 9s
 1010 acq  m=8 hq=0.365 fail | Dr=-0.057/+0.479 |Dr|max=0.654 Df=-0.235 | g r=0.686 f=0.903 p=0.599(0.012) max=1.201 | Ld=-0.1537 base=-0.171 drift=0.0124 cap=0.00496 | Lg=+0.8201 | 9s
 1020 acq  m=7 hq=0.144 fail | Dr=-0.013/+0.489 |Dr|max=0.608 Df=-0.244 | g r=0.700 f=0.852 p=0.609(0.006) max=1.166 | Ld=-0.1057 base=-0.12 drift=0.0117 cap=0.0028 | Lg=+0.7954 | 9s
 1030 acq  m=8 hq=0.833 fail | Dr=+0.103/+0.664 |Dr|max=0.664 Df=+0.016 | g r=0.542 f=0.689 p=0.534(0.001) max=1.091 | Ld=-0.0832 base=-0.122 drift=0.0129 cap=0.0262 | Lg=+0.7627 | 9s
 1040 acq  m=8 hq=0.754 fail | Dr=+0.033/+0.637 |Dr|max=0.637 Df=-0.074 | g r=0.594 f=0.804 p=0.557(0.001) max=1.140 | Ld=-0.1400 base=-0.176 drift=0.0149 cap=0.0209 | Lg=+0.8076 | 9s
 1050 acq  m=8 hq=0.552 fail | Dr=+0.060/+0.659 |Dr|max=0.659 Df=-0.082 | g r=0.613 f=0.810 p=0.567(0.011) max=1.194 | Ld=-0.0813 base=-0.111 drift=0.0152 cap=0.0148 | Lg=+0.7724 | 9s
 1060 acq  m=8 hq=0.521 fail | Dr=+0.104/+0.831 |Dr|max=0.831 Df=-0.049 | g r=0.644 f=0.818 p=0.620(0.010) max=1.279 | Ld=-0.1552 base=-0.187 drift=0.0161 cap=0.0155 | Lg=+0.8372 | 9s
 1070 acq  m=8 hq=0.563 fail | Dr=-0.026/+0.731 |Dr|max=0.731 Df=-0.166 | g r=0.636 f=0.833 p=0.575(0.015) max=1.183 | Ld=-0.0897 base=-0.115 drift=0.0162 cap=0.00957 | Lg=+0.7886 | 9s
 1080 acq  m=7 hq=0.251 fail | Dr=+0.007/+0.841 |Dr|max=0.841 Df=-0.211 | g r=0.727 f=0.917 p=0.630(0.010) max=1.270 | Ld=-0.1531 base=-0.173 drift=0.0143 cap=0.00517 | Lg=+0.8400 | 9s
 1090 acq  m=8 hq=0.275 fail | Dr=-0.024/+0.682 |Dr|max=0.682 Df=-0.233 | g r=0.713 f=0.911 p=0.616(0.012) max=1.268 | Ld=-0.1268 base=-0.141 drift=0.0112 cap=0.00306 | Lg=+0.8109 | 10s
 1100 acq  m=8 hq=0.353 fail | Dr=-0.009/+0.622 |Dr|max=0.622 Df=-0.210 | g r=0.741 f=0.948 p=0.643(0.005) max=1.247 | Ld=-0.1390 base=-0.156 drift=0.0124 cap=0.00473 | Lg=+0.8221 | 10s
 1110 acq  m=8 hq=0.345 fail | Dr=-0.011/+0.721 |Dr|max=0.721 Df=-0.205 | g r=0.728 f=0.908 p=0.628(0.035) max=1.203 | Ld=-0.0990 base=-0.114 drift=0.0129 cap=0.00219 | Lg=+0.8093 | 10s
 1120 acq  m=8 hq=0.440 fail | Dr=+0.040/+0.671 |Dr|max=0.671 Df=-0.141 | g r=0.702 f=0.864 p=0.614(0.003) max=1.175 | Ld=-0.0881 base=-0.103 drift=0.012 cap=0.0032 | Lg=+0.7954 | 10s
 1130 acq  m=8 hq=0.917 PASS | Dr=+0.109/+0.553 |Dr|max=0.553 Df=+0.040 | g r=0.516 f=0.616 p=0.508(0.003) max=1.098 | Ld=-0.1341 base=-0.182 drift=0.0193 cap=0.029 | Lg=+0.7934 | 10s
 1140 acq  m=8 hq=0.743 fail | Dr=+0.015/+0.637 |Dr|max=0.637 Df=-0.094 | g r=0.635 f=0.772 p=0.575(0.014) max=1.127 | Ld=-0.0505 base=-0.0691 drift=0.0157 cap=0.00285 | Lg=+0.7752 | 10s
 1150 acq  m=8 hq=0.530 fail | Dr=-0.036/+0.736 |Dr|max=0.736 Df=-0.187 | g r=0.689 f=0.904 p=0.616(0.016) max=1.279 | Ld=-0.1417 base=-0.161 drift=0.0124 cap=0.00727 | Lg=+0.8277 | 10s
 1160 acq  m=8 hq=0.640 fail | Dr=+0.134/+0.573 |Dr|max=0.595 Df=+0.019 | g r=0.613 f=0.773 p=0.578(0.013) max=1.352 | Ld=-0.1233 base=-0.154 drift=0.0148 cap=0.0155 | Lg=+0.7977 | 10s
 1170 acq  m=8 hq=0.344 fail | Dr=-0.025/+0.615 |Dr|max=0.615 Df=-0.211 | g r=0.720 f=0.882 p=0.618(0.019) max=1.204 | Ld=-0.1029 base=-0.118 drift=0.0146 cap=0.000163 | Lg=+0.7921 | 10s
 1180 acq  m=8 hq=0.831 fail | Dr=+0.035/+0.685 |Dr|max=0.692 Df=-0.023 | g r=0.589 f=0.608 p=0.526(0.002) max=1.155 | Ld=-0.0353 base=-0.0513 drift=0.0144 cap=0.0016 | Lg=+0.7589 | 10s
 1190 acq  m=8 hq=0.775 fail | Dr=+0.020/+0.657 |Dr|max=0.657 Df=-0.074 | g r=0.593 f=0.703 p=0.544(0.011) max=1.026 | Ld=-0.0586 base=-0.072 drift=0.0134 cap=1.36e-05 | Lg=+0.7658 | 10s
 1200 acq  m=8 hq=0.661 fail | Dr=+0.022/+0.665 |Dr|max=0.665 Df=-0.086 | g r=0.698 f=0.788 p=0.604(0.003) max=1.182 | Ld=-0.1066 base=-0.121 drift=0.0115 cap=0.00265 | Lg=+0.7976 | 11s
 1210 hold m=8 hq=0.477 fail | Dr=+0.003/+0.784 |Dr|max=0.784 Df=-0.166 | g r=0.743 f=0.909 p=0.653(0.013) max=1.287 | Ld=-0.0877 base=-0.101 drift=0.0126 cap=0.000455 | Lg=+0.8006 | 11s
 1220 hold m=8 hq=0.601 fail | Dr=+0.003/+0.475 |Dr|max=0.749 Df=-0.137 | g r=0.716 f=0.879 p=0.624(0.012) max=1.189 | Ld=-0.0861 base=-0.0979 drift=0.0111 cap=0.000752 | Lg=+0.7869 | 11s
 1230 hold m=8 hq=0.727 fail | Dr=+0.015/+0.580 |Dr|max=0.622 Df=-0.097 | g r=0.622 f=0.731 p=0.560(0.019) max=1.152 | Ld=-0.0583 base=-0.0686 drift=0.0103 cap=3.7e-05 | Lg=+0.7696 | 11s
 1240 hold m=8 hq=0.725 fail | Dr=+0.022/+0.659 |Dr|max=0.659 Df=-0.101 | g r=0.733 f=0.887 p=0.631(0.021) max=1.304 | Ld=-0.1141 base=-0.13 drift=0.0118 cap=0.00389 | Lg=+0.8090 | 11s
 1250 hold m=8 hq=0.781 fail | Dr=+0.067/+0.590 |Dr|max=0.596 Df=-0.035 | g r=0.733 f=0.856 p=0.634(0.002) max=1.223 | Ld=-0.1373 base=-0.156 drift=0.0124 cap=0.00665 | Lg=+0.8177 | 11s
 1260 hold m=8 hq=0.813 fail | Dr=-0.034/+0.497 |Dr|max=0.572 Df=-0.128 | g r=0.718 f=0.825 p=0.603(0.004) max=1.183 | Ld=-0.1231 base=-0.142 drift=0.0143 cap=0.00505 | Lg=+0.8013 | 11s
 1270 hold m=8 hq=0.638 fail | Dr=-0.004/+0.582 |Dr|max=0.610 Df=-0.131 | g r=0.706 f=0.839 p=0.613(0.015) max=1.110 | Ld=-0.0628 base=-0.076 drift=0.0131 cap=0.000131 | Lg=+0.7708 | 11s
 1280 hold m=8 hq=0.559 fail | Dr=+0.003/+0.546 |Dr|max=0.547 Df=-0.158 | g r=0.755 f=0.929 p=0.649(0.027) max=1.200 | Ld=-0.0946 base=-0.107 drift=0.0121 cap=0.000453 | Lg=+0.7827 | 11s
 1290 hold m=8 hq=0.837 fail | Dr=+0.089/+0.881 |Dr|max=0.881 Df=-0.003 | g r=0.681 f=0.809 p=0.612(0.020) max=1.295 | Ld=-0.0961 base=-0.122 drift=0.0119 cap=0.0143 | Lg=+0.7990 | 11s
 1300 hold m=8 hq=0.684 fail | Dr=-0.003/+0.589 |Dr|max=0.687 Df=-0.127 | g r=0.746 f=0.840 p=0.631(0.020) max=1.245 | Ld=-0.0999 base=-0.113 drift=0.0127 cap=0.00014 | Lg=+0.7924 | 11s
 1310 hold m=8 hq=0.708 fail | Dr=-0.056/+0.420 |Dr|max=0.698 Df=-0.174 | g r=0.761 f=0.867 p=0.634(0.015) max=1.219 | Ld=-0.1368 base=-0.153 drift=0.0121 cap=0.00417 | Lg=+0.8139 | 11s
 1320 hold m=8 hq=0.631 fail | Dr=+0.029/+0.675 |Dr|max=0.675 Df=-0.102 | g r=0.649 f=0.750 p=0.538(0.013) max=1.120 | Ld=-0.0731 base=-0.0916 drift=0.0151 cap=0.00349 | Lg=+0.7737 | 12s
 1330 hold m=8 hq=0.334 fail | Dr=-0.014/+0.437 |Dr|max=0.791 Df=-0.185 | g r=0.739 f=0.853 p=0.600(0.008) max=1.321 | Ld=-0.0997 base=-0.114 drift=0.0127 cap=0.00129 | Lg=+0.7955 | 12s
 1340 hold m=8 hq=0.669 fail | Dr=+0.029/+0.586 |Dr|max=0.586 Df=-0.071 | g r=0.682 f=0.780 p=0.570(0.013) max=1.141 | Ld=-0.0349 base=-0.0476 drift=0.0115 cap=0.00129 | Lg=+0.7430 | 12s
 1350 hold m=8 hq=0.511 fail | Dr=-0.017/+0.422 |Dr|max=0.595 Df=-0.169 | g r=0.712 f=0.860 p=0.572(0.013) max=1.197 | Ld=-0.0886 base=-0.105 drift=0.0104 cap=0.0062 | Lg=+0.7705 | 12s
 1360 hold m=8 hq=0.896 fail | Dr=-0.024/+0.438 |Dr|max=0.554 Df=-0.101 | g r=0.613 f=0.730 p=0.513(0.016) max=1.096 | Ld=-0.0800 base=-0.115 drift=0.0142 cap=0.0203 | Lg=+0.7650 | 12s
 1370 hold m=8 hq=0.596 fail | Dr=+0.040/+0.536 |Dr|max=0.588 Df=-0.097 | g r=0.655 f=0.812 p=0.561(0.015) max=1.107 | Ld=-0.0728 base=-0.0839 drift=0.011 cap=0.000203 | Lg=+0.7651 | 12s
 1380 hold m=8 hq=0.685 fail | Dr=+0.026/+0.528 |Dr|max=0.528 Df=-0.067 | g r=0.599 f=0.672 p=0.530(0.004) max=1.185 | Ld=-0.0415 base=-0.0508 drift=0.00916 cap=0.000113 | Lg=+0.7511 | 12s
 1390 hold m=8 hq=0.776 fail | Dr=-0.016/+0.435 |Dr|max=0.517 Df=-0.117 | g r=0.591 f=0.733 p=0.516(0.008) max=1.107 | Ld=-0.0912 base=-0.112 drift=0.011 cap=0.00947 | Lg=+0.7818 | 12s
 1400 hold m=8 hq=0.643 fail | Dr=+0.051/+0.626 |Dr|max=0.626 Df=-0.090 | g r=0.708 f=0.851 p=0.585(0.017) max=1.187 | Ld=-0.0746 base=-0.0862 drift=0.00993 cap=0.00168 | Lg=+0.7713 | 12s
 1410 hold m=8 hq=0.701 fail | Dr=+0.003/+0.592 |Dr|max=0.592 Df=-0.118 | g r=0.641 f=0.790 p=0.556(0.008) max=1.042 | Ld=-0.0881 base=-0.117 drift=0.0156 cap=0.0132 | Lg=+0.7787 | 12s
 1420 hold m=8 hq=0.807 fail | Dr=+0.067/+0.571 |Dr|max=0.571 Df=-0.018 | g r=0.607 f=0.723 p=0.520(0.009) max=1.187 | Ld=-0.1078 base=-0.142 drift=0.0135 cap=0.0207 | Lg=+0.7835 | 12s
 1430 hold m=8 hq=0.670 fail | Dr=-0.028/+0.428 |Dr|max=0.630 Df=-0.152 | g r=0.633 f=0.804 p=0.543(0.007) max=1.161 | Ld=-0.0668 base=-0.0759 drift=0.00915 cap=7.65e-07 | Lg=+0.7691 | 12s
 1440 hold m=8 hq=0.564 fail | Dr=+0.021/+0.625 |Dr|max=0.625 Df=-0.129 | g r=0.731 f=0.855 p=0.596(0.012) max=1.250 | Ld=-0.0954 base=-0.108 drift=0.011 cap=0.00197 | Lg=+0.7914 | 13s
 1450 hold m=8 hq=0.410 fail | Dr=+0.001/+0.501 |Dr|max=0.653 Df=-0.180 | g r=0.774 f=0.876 p=0.607(0.004) max=1.196 | Ld=-0.0949 base=-0.108 drift=0.0121 cap=0.00109 | Lg=+0.7907 | 13s
 1460 hold m=8 hq=0.709 fail | Dr=-0.027/+0.386 |Dr|max=0.586 Df=-0.155 | g r=0.692 f=0.838 p=0.578(0.004) max=1.089 | Ld=-0.0751 base=-0.0896 drift=0.0117 cap=0.0028 | Lg=+0.7692 | 13s
 1470 hold m=8 hq=0.451 fail | Dr=+0.000/+0.497 |Dr|max=0.615 Df=-0.177 | g r=0.775 f=0.888 p=0.626(0.007) max=1.188 | Ld=-0.0962 base=-0.111 drift=0.0117 cap=0.0034 | Lg=+0.7773 | 13s
 1480 hold m=8 hq=0.620 fail | Dr=-0.004/+0.736 |Dr|max=0.736 Df=-0.129 | g r=0.653 f=0.787 p=0.567(0.006) max=1.226 | Ld=-0.0791 base=-0.0922 drift=0.0126 cap=0.000553 | Lg=+0.7898 | 13s
 1490 hold m=8 hq=0.490 fail | Dr=+0.033/+0.678 |Dr|max=0.678 Df=-0.105 | g r=0.751 f=0.796 p=0.619(0.007) max=1.202 | Ld=-0.0985 base=-0.113 drift=0.0121 cap=0.0026 | Lg=+0.8014 | 13s
 1500 hold m=8 hq=0.399 fail | Dr=+0.011/+0.534 |Dr|max=0.621 Df=-0.162 | g r=0.718 f=0.867 p=0.598(0.003) max=1.212 | Ld=-0.0631 base=-0.0767 drift=0.0127 cap=0.00092 | Lg=+0.7698 | 13s
 1510 hold m=8 hq=0.805 fail | Dr=+0.004/+0.609 |Dr|max=0.609 Df=-0.084 | g r=0.696 f=0.811 p=0.608(0.012) max=1.312 | Ld=-0.0606 base=-0.0743 drift=0.0124 cap=0.00131 | Lg=+0.7796 | 13s
 1520 hold m=6 hq=0.095 fail | Dr=+0.021/+0.451 |Dr|max=0.616 Df=-0.221 | g r=0.807 f=0.827 p=0.680(0.004) max=1.341 | Ld=-0.1185 base=-0.129 drift=0.00987 cap=0.000329 | Lg=+0.8270 | 13s
 1530 hold m=8 hq=0.583 fail | Dr=-0.045/+0.508 |Dr|max=0.638 Df=-0.152 | g r=0.627 f=0.702 p=0.549(0.012) max=1.325 | Ld=-0.0638 base=-0.0785 drift=0.0116 cap=0.00303 | Lg=+0.7712 | 13s
 1540 hold m=8 hq=0.643 fail | Dr=+0.024/+0.499 |Dr|max=0.499 Df=-0.092 | g r=0.588 f=0.743 p=0.545(0.014) max=1.306 | Ld=-0.0815 base=-0.0916 drift=0.00901 cap=0.00103 | Lg=+0.7755 | 13s
 1550 hold m=8 hq=0.658 fail | Dr=+0.022/+0.529 |Dr|max=0.529 Df=-0.067 | g r=0.540 f=0.668 p=0.509(0.008) max=1.317 | Ld=-0.0385 base=-0.048 drift=0.00947 cap=6.09e-05 | Lg=+0.7367 | 14s
 1560 hold m=8 hq=0.944 PASS | Dr=-0.056/+0.381 |Dr|max=0.530 Df=-0.098 | g r=0.578 f=0.620 p=0.502(0.016) max=1.164 | Ld=-0.1448 base=-0.177 drift=0.0144 cap=0.0174 | Lg=+0.7796 | 14s
 1570 hold m=8 hq=0.574 fail | Dr=+0.003/+0.418 |Dr|max=0.655 Df=-0.123 | g r=0.695 f=0.844 p=0.597(0.013) max=1.209 | Ld=-0.1324 base=-0.145 drift=0.00907 cap=0.00369 | Lg=+0.7976 | 14s
 1580 hold m=8 hq=0.641 fail | Dr=+0.055/+0.653 |Dr|max=0.653 Df=-0.058 | g r=0.630 f=0.726 p=0.563(0.007) max=1.218 | Ld=-0.0800 base=-0.0904 drift=0.00812 cap=0.0022 | Lg=+0.7743 | 14s
 1590 hold m=8 hq=0.876 fail | Dr=+0.007/+0.561 |Dr|max=0.561 Df=-0.058 | g r=0.629 f=0.728 p=0.546(0.005) max=1.145 | Ld=-0.0147 base=-0.0241 drift=0.00895 cap=0.000406 | Lg=+0.7335 | 14s
 1600 hold m=8 hq=0.829 fail | Dr=+0.024/+0.547 |Dr|max=0.547 Df=-0.047 | g r=0.548 f=0.666 p=0.503(0.013) max=1.034 | Ld=-0.0363 base=-0.0462 drift=0.0099 cap=2.7e-06 | Lg=+0.7337 | 14s
 1610 hold m=8 hq=0.728 fail | Dr=-0.005/+0.451 |Dr|max=0.538 Df=-0.101 | g r=0.624 f=0.737 p=0.552(0.020) max=1.133 | Ld=-0.0832 base=-0.0934 drift=0.00895 cap=0.00121 | Lg=+0.7758 | 14s
 1620 hold m=8 hq=0.720 fail | Dr=+0.035/+0.454 |Dr|max=0.454 Df=-0.067 | g r=0.664 f=0.783 p=0.562(0.010) max=1.212 | Ld=-0.0891 base=-0.0984 drift=0.00844 cap=0.000827 | Lg=+0.7702 | 14s
 1630 hold m=8 hq=0.884 fail | Dr=-0.046/+0.509 |Dr|max=0.509 Df=-0.104 | g r=0.486 f=0.571 p=0.443(0.009) max=0.958 | Ld=-0.0373 base=-0.0473 drift=0.01 | Lg=+0.7437 | 14s
 1640 hold m=8 hq=0.580 fail | Dr=+0.044/+0.524 |Dr|max=0.524 Df=-0.092 | g r=0.695 f=0.823 p=0.591(0.005) max=1.140 | Ld=-0.0689 base=-0.0817 drift=0.0101 cap=0.00277 | Lg=+0.7779 | 14s
 1650 hold m=8 hq=0.819 fail | Dr=+0.028/+0.534 |Dr|max=0.534 Df=-0.065 | g r=0.656 f=0.793 p=0.577(0.022) max=1.225 | Ld=-0.0769 base=-0.0887 drift=0.00879 cap=0.00302 | Lg=+0.7679 | 15s
 1660 hold m=8 hq=0.812 fail | Dr=+0.039/+0.698 |Dr|max=0.698 Df=-0.045 | g r=0.625 f=0.793 p=0.564(0.021) max=1.223 | Ld=-0.0997 base=-0.114 drift=0.0104 cap=0.00351 | Lg=+0.7931 | 15s
 1670 hold m=8 hq=0.909 PASS | Dr=+0.010/+0.575 |Dr|max=0.575 Df=-0.051 | g r=0.468 f=0.543 p=0.466(0.008) max=1.116 | Ld=-0.0293 base=-0.04 drift=0.0106 cap=1.22e-05 | Lg=+0.7450 | 15s
 1680 hold m=8 hq=0.650 fail | Dr=-0.008/+0.557 |Dr|max=0.557 Df=-0.128 | g r=0.611 f=0.755 p=0.549(0.009) max=1.167 | Ld=-0.0684 base=-0.0783 drift=0.00929 cap=0.000682 | Lg=+0.7632 | 15s
 1690 hold m=8 hq=0.921 PASS | Dr=-0.039/+0.360 |Dr|max=0.580 Df=-0.091 | g r=0.513 f=0.589 p=0.460(0.006) max=1.142 | Ld=-0.0615 base=-0.0869 drift=0.0104 cap=0.015 | Lg=+0.7567 | 15s
 1700 hold m=8 hq=0.824 fail | Dr=-0.032/+0.562 |Dr|max=0.562 Df=-0.125 | g r=0.591 f=0.746 p=0.531(0.009) max=1.160 | Ld=-0.0715 base=-0.0833 drift=0.0118 cap=0.000108 | Lg=+0.7778 | 15s
 1710 hold m=8 hq=0.750 fail | Dr=-0.017/+0.479 |Dr|max=0.550 Df=-0.129 | g r=0.654 f=0.817 p=0.572(0.010) max=1.245 | Ld=-0.0732 base=-0.0857 drift=0.0101 cap=0.00244 | Lg=+0.7755 | 15s
 1720 hold m=8 hq=0.881 fail | Dr=+0.053/+0.385 |Dr|max=0.614 Df=-0.014 | g r=0.552 f=0.668 p=0.489(0.002) max=1.064 | Ld=-0.0950 base=-0.116 drift=0.0094 cap=0.0112 | Lg=+0.7758 | 15s
 1730 hold m=8 hq=0.798 fail | Dr=+0.011/+0.546 |Dr|max=0.546 Df=-0.080 | g r=0.605 f=0.756 p=0.516(0.010) max=1.069 | Ld=-0.0434 base=-0.0646 drift=0.0132 cap=0.00798 | Lg=+0.7503 | 15s
 1740 hold m=8 hq=0.711 fail | Dr=+0.017/+0.630 |Dr|max=0.630 Df=-0.088 | g r=0.589 f=0.720 p=0.525(0.008) max=1.134 | Ld=-0.0578 base=-0.079 drift=0.0126 cap=0.00864 | Lg=+0.7578 | 15s
 1750 hold m=8 hq=0.844 fail | Dr=-0.012/+0.357 |Dr|max=0.638 Df=-0.093 | g r=0.640 f=0.826 p=0.548(0.009) max=1.143 | Ld=-0.1063 base=-0.119 drift=0.00779 cap=0.00489 | Lg=+0.7861 | 15s
 1760 hold m=8 hq=0.940 PASS | Dr=-0.025/+0.533 |Dr|max=0.533 Df=-0.070 | g r=0.591 f=0.628 p=0.498(0.007) max=1.068 | Ld=-0.0662 base=-0.0807 drift=0.00996 cap=0.00449 | Lg=+0.7624 | 16s
 1770 hold m=8 hq=0.737 fail | Dr=+0.004/+0.435 |Dr|max=0.588 Df=-0.090 | g r=0.690 f=0.776 p=0.577(0.008) max=1.331 | Ld=-0.0977 base=-0.106 drift=0.00758 cap=0.000387 | Lg=+0.7690 | 16s
 1780 hold m=8 hq=0.770 fail | Dr=+0.021/+0.459 |Dr|max=0.550 Df=-0.076 | g r=0.692 f=0.799 p=0.568(0.012) max=1.191 | Ld=-0.0777 base=-0.0871 drift=0.00943 | Lg=+0.7662 | 16s
 1790 hold m=8 hq=0.943 PASS | Dr=+0.006/+0.698 |Dr|max=0.698 Df=-0.048 | g r=0.523 f=0.604 p=0.477(0.006) max=1.041 | Ld=-0.0431 base=-0.0575 drift=0.0143 cap=6.4e-05 | Lg=+0.7499 | 16s
 1800 hold m=8 hq=0.929 PASS | Dr=+0.119/+0.583 |Dr|max=0.583 Df=+0.079 | g r=0.538 f=0.570 p=0.469(0.002) max=1.025 | Ld=-0.0793 base=-0.109 drift=0.0109 cap=0.0186 | Lg=+0.7655 | 16s
 1810 hold m=8 hq=0.559 fail | Dr=+0.033/+0.375 |Dr|max=0.605 Df=-0.072 | g r=0.569 f=0.688 p=0.493(0.013) max=1.138 | Ld=-0.0515 base=-0.0586 drift=0.00713 cap=2.84e-06 | Lg=+0.7531 | 16s
 1820 hold m=8 hq=0.870 fail | Dr=+0.006/+0.483 |Dr|max=0.483 Df=-0.067 | g r=0.596 f=0.719 p=0.496(0.011) max=1.094 | Ld=-0.0390 base=-0.0471 drift=0.00793 cap=0.000167 | Lg=+0.7400 | 16s
 1830 hold m=8 hq=0.941 PASS | Dr=-0.073/+0.452 |Dr|max=0.478 Df=-0.107 | g r=0.483 f=0.474 p=0.409(0.003) max=0.902 | Ld=-0.0631 base=-0.097 drift=0.0132 cap=0.0208 | Lg=+0.7479 | 16s
 1840 hold m=8 hq=0.659 fail | Dr=+0.017/+0.548 |Dr|max=0.580 Df=-0.096 | g r=0.668 f=0.733 p=0.543(0.014) max=1.141 | Ld=-0.0393 base=-0.0528 drift=0.0115 cap=0.00189 | Lg=+0.7483 | 16s
 1850 hold m=8 hq=0.977 PASS | Dr=+0.064/+0.703 |Dr|max=0.703 Df=+0.023 | g r=0.519 f=0.560 p=0.458(0.009) max=1.139 | Ld=-0.0370 base=-0.0641 drift=0.0115 cap=0.0156 | Lg=+0.7349 | 16s
 1860 hold m=8 hq=0.954 PASS | Dr=+0.013/+0.531 |Dr|max=0.531 Df=-0.038 | g r=0.602 f=0.689 p=0.502(0.011) max=1.033 | Ld=-0.0091 base=-0.0182 drift=0.00908 | Lg=+0.7262 | 17s
 1870 hold m=8 hq=0.912 PASS | Dr=-0.013/+0.387 |Dr|max=0.449 Df=-0.068 | g r=0.464 f=0.522 p=0.415(0.006) max=0.961 | Ld=-0.0215 base=-0.0276 drift=0.00603 | Lg=+0.7272 | 17s
 1880 hold m=8 hq=0.662 fail | Dr=-0.020/+0.703 |Dr|max=0.703 Df=-0.145 | g r=0.672 f=0.793 p=0.559(0.012) max=1.249 | Ld=-0.0782 base=-0.0905 drift=0.0111 cap=0.00125 | Lg=+0.7782 | 17s
 1890 hold m=8 hq=0.892 fail | Dr=+0.034/+0.584 |Dr|max=0.584 Df=-0.042 | g r=0.659 f=0.772 p=0.554(0.003) max=1.140 | Ld=-0.0308 base=-0.0414 drift=0.0102 cap=0.000363 | Lg=+0.7550 | 17s
 1900 hold m=8 hq=0.921 PASS | Dr=+0.006/+0.562 |Dr|max=0.562 Df=-0.042 | g r=0.525 f=0.580 p=0.436(0.003) max=0.931 | Ld=-0.0378 base=-0.0516 drift=0.00828 cap=0.00549 | Lg=+0.7452 | 17s
 1910 hold m=8 hq=0.840 fail | Dr=+0.087/+0.502 |Dr|max=0.502 Df=+0.000 | g r=0.644 f=0.789 p=0.551(0.012) max=1.115 | Ld=-0.0520 base=-0.0626 drift=0.00822 cap=0.00236 | Lg=+0.7525 | 17s
 1920 hold m=8 hq=0.759 fail | Dr=+0.011/+0.488 |Dr|max=0.488 Df=-0.075 | g r=0.584 f=0.716 p=0.499(0.006) max=1.167 | Ld=-0.0503 base=-0.0571 drift=0.00679 cap=1.96e-08 | Lg=+0.7501 | 17s
 1930 hold m=8 hq=0.770 fail | Dr=+0.002/+0.570 |Dr|max=0.571 Df=-0.085 | g r=0.617 f=0.712 p=0.507(0.002) max=1.122 | Ld=-0.0465 base=-0.0604 drift=0.0109 cap=0.00299 | Lg=+0.7532 | 17s
 1940 hold m=8 hq=0.796 fail | Dr=+0.022/+0.550 |Dr|max=0.550 Df=-0.071 | g r=0.692 f=0.852 p=0.557(0.010) max=1.226 | Ld=-0.0600 base=-0.0698 drift=0.00726 cap=0.00249 | Lg=+0.7548 | 17s
 1950 hold m=8 hq=0.788 fail | Dr=+0.042/+0.576 |Dr|max=0.576 Df=-0.054 | g r=0.620 f=0.754 p=0.516(0.011) max=1.139 | Ld=-0.0280 base=-0.0372 drift=0.00905 cap=7.08e-05 | Lg=+0.7366 | 17s
 1960 hold m=8 hq=0.686 fail | Dr=-0.002/+0.466 |Dr|max=0.473 Df=-0.111 | g r=0.687 f=0.791 p=0.553(0.006) max=1.173 | Ld=-0.0716 base=-0.0838 drift=0.0104 cap=0.0018 | Lg=+0.7646 | 17s
 1970 hold m=8 hq=0.801 fail | Dr=+0.023/+0.514 |Dr|max=0.514 Df=-0.048 | g r=0.604 f=0.702 p=0.499(0.012) max=1.074 | Ld=-0.0147 base=-0.0243 drift=0.00965 cap=1.14e-06 | Lg=+0.7321 | 17s
 1980 hold m=8 hq=0.828 fail | Dr=+0.028/+0.534 |Dr|max=0.534 Df=-0.047 | g r=0.593 f=0.695 p=0.491(0.007) max=1.112 | Ld=-0.0478 base=-0.0585 drift=0.00873 cap=0.00204 | Lg=+0.7434 | 18s
 1990 hold m=8 hq=0.980 PASS | Dr=-0.123/+0.382 |Dr|max=0.516 Df=-0.145 | g r=0.403 f=0.391 p=0.350(0.007) max=0.989 | Ld=-0.0351 base=-0.0593 drift=0.0107 cap=0.0135 | Lg=+0.7297 | 18s
 2000 hold m=8 hq=0.924 PASS | Dr=+0.016/+0.343 |Dr|max=0.451 Df=-0.030 | g r=0.430 f=0.493 p=0.392(0.003) max=1.009 | Ld=-0.0139 base=-0.0194 drift=0.00554 | Lg=+0.7195 | 18s
 2010 hold m=8 hq=0.967 PASS | Dr=-0.095/+0.289 |Dr|max=0.498 Df=-0.124 | g r=0.472 f=0.475 p=0.383(0.002) max=0.983 | Ld=-0.0741 base=-0.102 drift=0.011 cap=0.0166 | Lg=+0.7551 | 18s
 2020 hold m=8 hq=0.825 fail | Dr=+0.012/+0.474 |Dr|max=0.481 Df=-0.075 | g r=0.600 f=0.745 p=0.515(0.009) max=1.234 | Ld=-0.0480 base=-0.0582 drift=0.00996 cap=0.000243 | Lg=+0.7537 | 18s
 2030 hold m=8 hq=0.943 PASS | Dr=+0.020/+0.407 |Dr|max=0.435 Df=-0.034 | g r=0.460 f=0.551 p=0.416(0.005) max=0.983 | Ld=-0.0241 base=-0.0307 drift=0.00662 cap=1.02e-06 | Lg=+0.7247 | 18s
 2040 hold m=8 hq=0.702 fail | Dr=+0.009/+0.546 |Dr|max=0.568 Df=-0.101 | g r=0.636 f=0.726 p=0.550(0.005) max=1.221 | Ld=-0.0523 base=-0.0648 drift=0.0119 cap=0.000633 | Lg=+0.7589 | 18s
 2050 hold m=8 hq=0.717 fail | Dr=+0.015/+0.437 |Dr|max=0.564 Df=-0.089 | g r=0.652 f=0.762 p=0.547(0.012) max=1.213 | Ld=-0.0617 base=-0.07 drift=0.00818 cap=0.000166 | Lg=+0.7517 | 18s
 2060 hold m=8 hq=0.757 fail | Dr=+0.051/+0.567 |Dr|max=0.567 Df=-0.057 | g r=0.727 f=0.843 p=0.605(0.003) max=1.237 | Ld=-0.1065 base=-0.117 drift=0.00859 cap=0.00152 | Lg=+0.7908 | 18s
 2070 hold m=8 hq=0.690 fail | Dr=+0.056/+0.557 |Dr|max=0.557 Df=-0.048 | g r=0.660 f=0.754 p=0.543(0.010) max=1.239 | Ld=-0.0545 base=-0.0613 drift=0.00674 cap=5.44e-05 | Lg=+0.7508 | 18s
 2080 hold m=8 hq=0.730 fail | Dr=+0.055/+0.474 |Dr|max=0.474 Df=-0.051 | g r=0.669 f=0.821 p=0.569(0.008) max=1.164 | Ld=-0.0588 base=-0.0667 drift=0.00782 cap=5.79e-05 | Lg=+0.7600 | 18s
 2090 hold m=8 hq=0.667 fail | Dr=+0.034/+0.603 |Dr|max=0.603 Df=-0.072 | g r=0.662 f=0.781 p=0.572(0.012) max=1.197 | Ld=-0.0722 base=-0.0826 drift=0.00977 cap=0.000612 | Lg=+0.7730 | 19s
 2100 hold m=8 hq=0.520 fail | Dr=+0.005/+0.506 |Dr|max=0.553 Df=-0.141 | g r=0.730 f=0.869 p=0.590(0.009) max=1.200 | Ld=-0.0869 base=-0.0945 drift=0.00758 cap=1.59e-05 | Lg=+0.7861 | 19s
 2110 hold m=8 hq=0.907 PASS | Dr=+0.013/+0.388 |Dr|max=0.469 Df=-0.045 | g r=0.633 f=0.733 p=0.506(0.017) max=1.039 | Ld=-0.0378 base=-0.0454 drift=0.00674 cap=0.000901 | Lg=+0.7409 | 19s
 2120 hold m=8 hq=0.743 fail | Dr=-0.058/+0.521 |Dr|max=0.588 Df=-0.151 | g r=0.697 f=0.820 p=0.544(0.007) max=1.149 | Ld=-0.0797 base=-0.0943 drift=0.011 cap=0.00359 | Lg=+0.7689 | 19s
 2130 hold m=8 hq=0.827 fail | Dr=+0.087/+0.469 |Dr|max=0.469 Df=+0.012 | g r=0.587 f=0.673 p=0.487(0.004) max=1.020 | Ld=-0.0687 base=-0.084 drift=0.00907 cap=0.00626 | Lg=+0.7552 | 19s
 2140 hold m=8 hq=0.796 fail | Dr=-0.013/+0.567 |Dr|max=0.569 Df=-0.099 | g r=0.687 f=0.798 p=0.555(0.007) max=1.153 | Ld=-0.0751 base=-0.0901 drift=0.0106 cap=0.00435 | Lg=+0.7704 | 19s
 2150 hold m=8 hq=0.788 fail | Dr=+0.032/+0.526 |Dr|max=0.526 Df=-0.064 | g r=0.656 f=0.794 p=0.539(0.009) max=1.080 | Ld=-0.0578 base=-0.0684 drift=0.00896 cap=0.00167 | Lg=+0.7498 | 20s
 2160 hold m=8 hq=0.849 fail | Dr=+0.042/+0.482 |Dr|max=0.566 Df=-0.044 | g r=0.677 f=0.792 p=0.558(0.008) max=1.205 | Ld=-0.0592 base=-0.0674 drift=0.00729 cap=0.000955 | Lg=+0.7473 | 20s
 2170 hold m=8 hq=0.652 fail | Dr=+0.001/+0.428 |Dr|max=0.515 Df=-0.112 | g r=0.693 f=0.799 p=0.540(0.011) max=1.130 | Ld=-0.0506 base=-0.0572 drift=0.0065 cap=0.00011 | Lg=+0.7542 | 20s
 2180 hold m=8 hq=0.942 PASS | Dr=-0.016/+0.453 |Dr|max=0.453 Df=-0.062 | g r=0.527 f=0.584 p=0.431(0.003) max=1.073 | Ld=-0.0137 base=-0.0224 drift=0.00876 cap=3.67e-06 | Lg=+0.7320 | 20s
 2190 hold m=8 hq=0.842 fail | Dr=+0.083/+0.654 |Dr|max=0.654 Df=+0.012 | g r=0.575 f=0.632 p=0.501(0.008) max=1.198 | Ld=-0.0630 base=-0.0791 drift=0.0105 cap=0.00561 | Lg=+0.7670 | 20s
 2200 hold m=8 hq=0.865 fail | Dr=+0.019/+0.669 |Dr|max=0.669 Df=-0.055 | g r=0.616 f=0.735 p=0.514(0.008) max=1.181 | Ld=-0.0301 base=-0.0401 drift=0.0099 cap=0.00011 | Lg=+0.7454 | 21s
 2210 hold m=8 hq=0.745 fail | Dr=+0.031/+0.516 |Dr|max=0.516 Df=-0.065 | g r=0.622 f=0.786 p=0.527(0.007) max=1.130 | Ld=-0.0376 base=-0.0464 drift=0.00886 cap=2.42e-05 | Lg=+0.7505 | 21s
 2220 hold m=8 hq=0.957 PASS | Dr=-0.004/+0.593 |Dr|max=0.593 Df=-0.037 | g r=0.506 f=0.509 p=0.419(0.004) max=1.039 | Ld=-0.0412 base=-0.0634 drift=0.0104 cap=0.0118 | Lg=+0.7425 | 21s
 2230 hold m=8 hq=0.897 fail | Dr=+0.010/+0.721 |Dr|max=0.721 Df=-0.054 | g r=0.587 f=0.661 p=0.495(0.002) max=1.017 | Ld=-0.0463 base=-0.0553 drift=0.00899 | Lg=+0.7538 | 21s
 2240 hold m=8 hq=0.921 PASS | Dr=+0.019/+0.701 |Dr|max=0.701 Df=-0.036 | g r=0.547 f=0.593 p=0.480(0.010) max=1.095 | Ld=-0.0412 base=-0.0511 drift=0.00994 cap=4.38e-06 | Lg=+0.7414 | 21s
 2250 hold m=8 hq=0.946 PASS | Dr=+0.008/+0.553 |Dr|max=0.553 Df=-0.035 | g r=0.484 f=0.561 p=0.422(0.004) max=0.992 | Ld=+0.0006 base=-0.00732 drift=0.0079 | Lg=+0.7226 | 21s
 2260 hold m=8 hq=0.907 PASS | Dr=-0.013/+0.582 |Dr|max=0.582 Df=-0.081 | g r=0.596 f=0.685 p=0.503(0.012) max=1.063 | Ld=-0.0446 base=-0.0588 drift=0.0108 cap=0.00331 | Lg=+0.7466 | 22s
 2270 hold m=8 hq=0.988 PASS | Dr=+0.025/+0.662 |Dr|max=0.662 Df=+0.007 | g r=0.301 f=0.296 p=0.332(0.007) max=0.957 | Ld=-0.0215 base=-0.0269 drift=0.00544 | Lg=+0.7234 | 22s
 2280 hold m=8 hq=0.989 PASS | Dr=+0.020/+0.461 |Dr|max=0.461 Df=+0.005 | g r=0.229 f=0.168 p=0.292(0.004) max=0.908 | Ld=-0.0024 base=-0.00899 drift=0.00662 | Lg=+0.7153 | 22s
 2290 hold m=8 hq=0.990 PASS | Dr=+0.010/+0.650 |Dr|max=0.650 Df=-0.008 | g r=0.173 f=0.125 p=0.286(0.001) max=1.082 | Ld=-0.0058 base=-0.0139 drift=0.00804 cap=9.59e-06 | Lg=+0.7152 | 22s
 2300 hold m=8 hq=0.981 PASS | Dr=+0.001/+0.623 |Dr|max=0.623 Df=-0.017 | g r=0.131 f=0.119 p=0.271(0.007) max=1.159 | Ld=-0.0179 base=-0.0275 drift=0.00944 cap=0.000134 | Lg=+0.7306 | 22s
 2310 hold m=8 hq=0.945 PASS | Dr=-0.013/+0.657 |Dr|max=0.657 Df=-0.036 | g r=0.160 f=0.140 p=0.267(0.003) max=0.980 | Ld=-0.0264 base=-0.0332 drift=0.00683 | Lg=+0.7261 | 22s
 2320 hold m=8 hq=0.991 PASS | Dr=+0.026/+0.565 |Dr|max=0.565 Df=+0.004 | g r=0.126 f=0.099 p=0.269(0.005) max=1.090 | Ld=-0.0110 base=-0.0173 drift=0.00634 | Lg=+0.7207 | 23s
 2330 hold m=8 hq=0.973 PASS | Dr=-0.013/+0.345 |Dr|max=0.345 Df=-0.032 | g r=0.105 f=0.086 p=0.240(0.003) max=0.929 | Ld=+0.0094 base=0.00348 drift=0.00588 | Lg=+0.7120 | 23s
 2340 hold m=8 hq=0.967 PASS | Dr=+0.012/+0.492 |Dr|max=0.492 Df=-0.010 | g r=0.096 f=0.077 p=0.250(0.001) max=0.890 | Ld=-0.0031 base=-0.00916 drift=0.00606 | Lg=+0.7128 | 23s
 2350 hold m=8 hq=0.971 PASS | Dr=+0.016/+0.590 |Dr|max=0.590 Df=-0.005 | g r=0.105 f=0.105 p=0.259(0.002) max=0.929 | Ld=-0.0199 base=-0.0272 drift=0.00726 | Lg=+0.7279 | 23s
 2360 hold m=8 hq=0.975 PASS | Dr=+0.109/+0.518 |Dr|max=0.518 Df=+0.086 | g r=0.141 f=0.134 p=0.310(0.003) max=0.989 | Ld=-0.0032 base=-0.0113 drift=0.00806 | Lg=+0.7144 | 23s
 2370 hold m=8 hq=0.987 PASS | Dr=+0.023/+0.625 |Dr|max=0.625 Df=-0.000 | g r=0.098 f=0.094 p=0.259(0.002) max=1.015 | Ld=-0.0153 base=-0.023 drift=0.00769 | Lg=+0.7240 | 24s
 2380 hold m=8 hq=0.959 PASS | Dr=+0.029/+0.492 |Dr|max=0.492 Df=+0.003 | g r=0.114 f=0.119 p=0.315(0.004) max=1.193 | Ld=-0.0174 base=-0.0259 drift=0.00847 cap=9.99e-06 | Lg=+0.7247 | 24s
 2390 hold m=8 hq=0.982 PASS | Dr=+0.023/+0.598 |Dr|max=0.598 Df=-0.009 | g r=0.115 f=0.109 p=0.330(0.005) max=1.168 | Ld=-0.0135 base=-0.029 drift=0.0148 cap=0.000711 | Lg=+0.7364 | 24s
 2400 hold m=8 hq=0.980 PASS | Dr=+0.003/+0.464 |Dr|max=0.464 Df=-0.025 | g r=0.075 f=0.068 p=0.286(0.002) max=1.019 | Ld=-0.0099 base=-0.0177 drift=0.00787 | Lg=+0.7228 | 24s
# shift (1,0) after 2400; frozen copy on new target: m=0 hq=0.000
 2410 post m=1 hq=0.000 fail | Dr=-12.764/+11.226 |Dr|max=46.085 Df=-43.934 | g r=59.647 f=35.321 p=36.452(0.381) max=201.683 | Ld=+349500.3750 base=1.54e+03 drift=155 cap=3.48e+05 | Lg=+730.7194 | 24s
 2420 post m=6 hq=0.009 fail | Dr=-1.151/+3.542 |Dr|max=5.478 Df=-1.326 | g r=7.131 f=6.919 p=7.051(0.091) max=35.565 | Ld=+599.1136 base=-0.672 drift=0.672 cap=599 | Lg=+2.0815 | 25s
 2430 post m=5 hq=0.007 fail | Dr=-0.887/+3.078 |Dr|max=4.545 Df=+0.881 | g r=6.053 f=5.978 p=5.760(0.121) max=42.252 | Ld=+372.9982 base=1.63 drift=0.489 cap=371 | Lg=+0.6120 | 25s
 2440 post m=4 hq=0.007 fail | Dr=-0.674/+2.706 |Dr|max=3.792 Df=+1.276 | g r=5.169 f=4.783 p=4.780(0.122) max=37.196 | Ld=+260.4361 base=2.01 drift=0.341 cap=258 | Lg=+0.4125 | 25s
 2450 post m=3 hq=0.003 fail | Dr=-0.518/+2.420 |Dr|max=3.194 Df=+1.394 | g r=4.529 f=4.271 p=4.238(0.019) max=33.306 | Ld=+184.5384 base=1.93 drift=0.248 cap=182 | Lg=+0.3789 | 25s
 2460 post m=4 hq=0.004 fail | Dr=-0.391/+2.212 |Dr|max=2.680 Df=+1.418 | g r=4.081 f=3.612 p=3.789(0.053) max=30.109 | Ld=+136.7063 base=1.92 drift=0.186 cap=135 | Lg=+0.3430 | 25s
 2470 post m=4 hq=0.005 fail | Dr=-0.284/+2.068 |Dr|max=2.260 Df=+1.376 | g r=3.706 f=3.184 p=3.430(0.037) max=22.957 | Ld=+109.0424 base=1.69 drift=0.144 cap=107 | Lg=+0.3568 | 25s
 2480 post m=3 hq=0.003 fail | Dr=-0.199/+1.945 |Dr|max=1.950 Df=+1.336 | g r=3.430 f=2.936 p=3.221(0.069) max=22.911 | Ld=+89.7869 base=1.52 drift=0.109 cap=88.2 | Lg=+0.3640 | 26s
 2490 post m=1 hq=0.003 fail | Dr=-0.144/+1.834 |Dr|max=1.834 Df=+1.178 | g r=3.244 f=2.663 p=2.985(0.032) max=17.792 | Ld=+76.1207 base=1.33 drift=0.0915 cap=74.7 | Lg=+0.3874 | 26s
 2500 post m=2 hq=0.004 fail | Dr=-0.098/+1.737 |Dr|max=1.737 Df=+1.075 | g r=3.068 f=2.489 p=2.798(0.031) max=18.079 | Ld=+63.3759 base=1.19 drift=0.0759 cap=62.1 | Lg=+0.4171 | 26s
 2510 post m=1 hq=0.002 fail | Dr=-0.068/+1.651 |Dr|max=1.651 Df=+0.953 | g r=2.921 f=2.403 p=2.701(0.052) max=17.673 | Ld=+55.0123 base=1.12 drift=0.063 cap=53.8 | Lg=+0.4271 | 26s
 2520 post m=2 hq=0.002 fail | Dr=-0.047/+1.575 |Dr|max=1.575 Df=+0.880 | g r=2.806 f=2.275 p=2.587(0.049) max=17.165 | Ld=+51.0948 base=0.93 drift=0.0565 cap=50.1 | Lg=+0.4747 | 26s
 2530 post m=2 hq=0.003 fail | Dr=-0.028/+1.506 |Dr|max=1.506 Df=+0.769 | g r=2.698 f=2.220 p=2.458(0.017) max=17.391 | Ld=+46.2107 base=0.844 drift=0.0481 cap=45.3 | Lg=+0.5076 | 26s
 2540 post m=1 hq=0.003 fail | Dr=-0.018/+1.426 |Dr|max=1.426 Df=+0.653 | g r=2.630 f=2.100 p=2.365(0.032) max=15.985 | Ld=+41.6824 base=0.624 drift=0.0419 cap=41 | Lg=+0.5322 | 27s
 2550 post m=2 hq=0.003 fail | Dr=-0.009/+1.354 |Dr|max=1.354 Df=+0.595 | g r=2.555 f=1.978 p=2.296(0.045) max=15.342 | Ld=+36.7881 base=0.631 drift=0.0367 cap=36.1 | Lg=+0.5706 | 27s
 2560 post m=2 hq=0.006 fail | Dr=-0.000/+1.289 |Dr|max=1.289 Df=+0.542 | g r=2.502 f=1.901 p=2.209(0.019) max=15.649 | Ld=+36.2679 base=0.563 drift=0.0311 cap=35.7 | Lg=+0.5865 | 27s
 2570 post m=1 hq=0.005 fail | Dr=+0.007/+1.226 |Dr|max=1.226 Df=+0.501 | g r=2.438 f=1.860 p=2.143(0.026) max=15.423 | Ld=+33.3697 base=0.483 drift=0.0283 cap=32.9 | Lg=+0.6054 | 27s
 2580 post m=1 hq=0.005 fail | Dr=+0.005/+1.160 |Dr|max=1.160 Df=+0.418 | g r=2.383 f=1.775 p=2.098(0.032) max=15.496 | Ld=+29.2308 base=0.372 drift=0.0248 cap=28.8 | Lg=+0.6455 | 27s
 2590 post m=1 hq=0.003 fail | Dr=+0.007/+1.107 |Dr|max=1.107 Df=+0.358 | g r=2.328 f=1.737 p=2.013(0.035) max=16.956 | Ld=+28.7471 base=0.349 drift=0.0242 cap=28.4 | Lg=+0.6821 | 27s
 2600 post m=1 hq=0.004 fail | Dr=+0.006/+1.045 |Dr|max=1.045 Df=+0.327 | g r=2.280 f=1.659 p=1.999(0.028) max=15.797 | Ld=+27.4952 base=0.292 drift=0.0217 cap=27.2 | Lg=+0.6776 | 27s
 2610 post m=2 hq=0.002 fail | Dr=+0.000/+0.992 |Dr|max=0.992 Df=+0.238 | g r=2.225 f=1.623 p=1.935(0.042) max=14.983 | Ld=+25.3739 base=0.241 drift=0.0194 cap=25.1 | Lg=+0.7106 | 28s
 2620 post m=1 hq=0.003 fail | Dr=-0.003/+0.952 |Dr|max=0.952 Df=+0.188 | g r=2.172 f=1.612 p=1.890(0.014) max=14.857 | Ld=+24.2265 base=0.192 drift=0.0168 cap=24 | Lg=+0.7293 | 28s
 2630 post m=2 hq=0.002 fail | Dr=-0.010/+0.896 |Dr|max=0.896 Df=+0.127 | g r=2.131 f=1.562 p=1.836(0.034) max=14.658 | Ld=+22.6684 base=0.0969 drift=0.0161 cap=22.6 | Lg=+0.7780 | 28s
 2640 post m=2 hq=0.003 fail | Dr=-0.016/+0.853 |Dr|max=0.853 Df=+0.064 | g r=2.081 f=1.484 p=1.783(0.014) max=13.994 | Ld=+22.5057 base=0.0976 drift=0.0149 cap=22.4 | Lg=+0.7903 | 28s
 2650 post m=2 hq=0.003 fail | Dr=-0.021/+0.812 |Dr|max=0.812 Df=-0.009 | g r=2.032 f=1.476 p=1.776(0.028) max=13.618 | Ld=+20.8324 base=0.0519 drift=0.0131 cap=20.8 | Lg=+0.8350 | 28s
 2660 post m=2 hq=0.004 fail | Dr=-0.028/+0.773 |Dr|max=0.773 Df=-0.081 | g r=1.996 f=1.501 p=1.715(0.037) max=15.633 | Ld=+19.7310 base=0.00722 drift=0.0123 cap=19.7 | Lg=+0.8677 | 28s
 2670 post m=2 hq=0.003 fail | Dr=-0.036/+0.736 |Dr|max=0.751 Df=-0.089 | g r=1.961 f=1.460 p=1.664(0.020) max=13.339 | Ld=+18.6764 base=-0.0802 drift=0.0118 cap=18.7 | Lg=+0.8866 | 28s
 2680 post m=1 hq=0.002 fail | Dr=-0.037/+0.707 |Dr|max=0.733 Df=-0.023 | g r=1.929 f=1.433 p=1.647(0.019) max=15.316 | Ld=+19.1678 base=0.0273 drift=0.0109 cap=19.1 | Lg=+0.8146 | 28s
 2690 post m=2 hq=0.003 fail | Dr=-0.039/+0.668 |Dr|max=0.708 Df=+0.001 | g r=1.892 f=1.400 p=1.656(0.029) max=14.310 | Ld=+18.1521 base=0.0789 drift=0.0102 cap=18.1 | Lg=+0.7800 | 28s
 2700 post m=2 hq=0.003 fail | Dr=-0.041/+0.640 |Dr|max=0.695 Df=+0.037 | g r=1.858 f=1.360 p=1.612(0.030) max=11.790 | Ld=+17.1283 base=0.0759 drift=0.00884 cap=17 | Lg=+0.7638 | 28s
 2710 post m=2 hq=0.005 fail | Dr=-0.046/+0.608 |Dr|max=0.683 Df=+0.046 | g r=1.822 f=1.415 p=1.604(0.011) max=13.189 | Ld=+17.1446 base=0.0916 drift=0.00852 cap=17 | Lg=+0.7344 | 28s
 2720 post m=2 hq=0.005 fail | Dr=-0.050/+0.576 |Dr|max=0.670 Df=+0.051 | g r=1.787 f=1.390 p=1.581(0.019) max=16.147 | Ld=+14.8958 base=0.0778 drift=0.00776 cap=14.8 | Lg=+0.7221 | 28s
 2730 post m=2 hq=0.005 fail | Dr=-0.055/+0.547 |Dr|max=0.658 Df=+0.073 | g r=1.759 f=1.405 p=1.557(0.010) max=11.895 | Ld=+15.6106 base=0.0795 drift=0.00719 cap=15.5 | Lg=+0.6983 | 29s
 2740 post m=2 hq=0.003 fail | Dr=-0.058/+0.517 |Dr|max=0.642 Df=+0.062 | g r=1.736 f=1.367 p=1.523(0.023) max=11.421 | Ld=+15.0893 base=0.13 drift=0.00647 cap=15 | Lg=+0.6935 | 29s
 2750 post m=2 hq=0.005 fail | Dr=-0.063/+0.480 |Dr|max=0.626 Df=+0.098 | g r=1.716 f=1.392 p=1.533(0.031) max=11.973 | Ld=+15.8440 base=0.115 drift=0.00586 cap=15.7 | Lg=+0.6628 | 29s
 2760 post m=2 hq=0.004 fail | Dr=-0.068/+0.451 |Dr|max=0.618 Df=+0.104 | g r=1.691 f=1.355 p=1.521(0.029) max=11.280 | Ld=+13.4539 base=0.17 drift=0.00527 cap=13.3 | Lg=+0.6488 | 29s
 2770 post m=2 hq=0.007 fail | Dr=-0.074/+0.421 |Dr|max=0.610 Df=+0.079 | g r=1.670 f=1.281 p=1.477(0.019) max=11.984 | Ld=+13.0682 base=0.15 drift=0.00479 cap=12.9 | Lg=+0.6524 | 29s
 2780 post m=2 hq=0.007 fail | Dr=-0.077/+0.395 |Dr|max=0.597 Df=+0.098 | g r=1.648 f=1.276 p=1.436(0.033) max=11.910 | Ld=+13.2532 base=0.176 drift=0.00472 cap=13.1 | Lg=+0.6446 | 29s
 2790 post m=2 hq=0.003 fail | Dr=-0.083/+0.364 |Dr|max=0.587 Df=+0.093 | g r=1.626 f=1.228 p=1.443(0.011) max=11.401 | Ld=+12.8444 base=0.167 drift=0.00447 cap=12.7 | Lg=+0.6391 | 29s
 2800 post m=2 hq=0.005 fail | Dr=-0.089/+0.343 |Dr|max=0.589 Df=+0.055 | g r=1.600 f=1.277 p=1.431(0.020) max=10.778 | Ld=+12.1281 base=0.178 drift=0.00435 cap=11.9 | Lg=+0.6287 | 29s
 2810 post m=2 hq=0.006 fail | Dr=-0.095/+0.320 |Dr|max=0.588 Df=+0.066 | g r=1.580 f=1.203 p=1.394(0.032) max=10.453 | Ld=+11.1719 base=0.157 drift=0.0043 cap=11 | Lg=+0.6416 | 29s
 2820 post m=2 hq=0.006 fail | Dr=-0.100/+0.293 |Dr|max=0.582 Df=+0.061 | g r=1.564 f=1.205 p=1.393(0.005) max=10.197 | Ld=+12.3056 base=0.158 drift=0.00408 cap=12.1 | Lg=+0.6415 | 29s
 2830 post m=2 hq=0.006 fail | Dr=-0.106/+0.271 |Dr|max=0.577 Df=+0.051 | g r=1.548 f=1.190 p=1.368(0.015) max=10.138 | Ld=+10.4818 base=0.142 drift=0.00393 cap=10.3 | Lg=+0.6386 | 29s
 2840 post m=2 hq=0.004 fail | Dr=-0.111/+0.273 |Dr|max=0.574 Df=+0.041 | g r=1.524 f=1.151 p=1.353(0.028) max=11.683 | Ld=+10.2224 base=0.12 drift=0.00395 cap=10.1 | Lg=+0.6614 | 29s
 2850 post m=2 hq=0.003 fail | Dr=-0.114/+0.275 |Dr|max=0.564 Df=+0.019 | g r=1.508 f=1.175 p=1.323(0.021) max=10.984 | Ld=+10.0384 base=0.149 drift=0.00399 cap=9.89 | Lg=+0.6436 | 30s
 2860 post m=2 hq=0.005 fail | Dr=-0.119/+0.276 |Dr|max=0.565 Df=-0.010 | g r=1.491 f=1.115 p=1.325(0.035) max=9.347 | Ld=+9.0756 base=0.13 drift=0.00398 cap=8.94 | Lg=+0.6499 | 30s
 2870 post m=2 hq=0.004 fail | Dr=-0.122/+0.275 |Dr|max=0.557 Df=-0.002 | g r=1.473 f=1.145 p=1.313(0.028) max=10.002 | Ld=+9.4662 base=0.115 drift=0.00364 cap=9.35 | Lg=+0.6486 | 30s
 2880 post m=2 hq=0.005 fail | Dr=-0.128/+0.275 |Dr|max=0.558 Df=-0.022 | g r=1.452 f=1.122 p=1.291(0.017) max=10.422 | Ld=+9.3199 base=0.0836 drift=0.00373 cap=9.23 | Lg=+0.6611 | 30s
 2890 post m=2 hq=0.005 fail | Dr=-0.131/+0.276 |Dr|max=0.556 Df=-0.043 | g r=1.429 f=1.156 p=1.277(0.028) max=11.380 | Ld=+9.0109 base=0.087 drift=0.0038 cap=8.92 | Lg=+0.6646 | 30s
 2900 post m=2 hq=0.006 fail | Dr=-0.134/+0.275 |Dr|max=0.551 Df=-0.048 | g r=1.412 f=1.117 p=1.259(0.012) max=8.639 | Ld=+7.2842 base=0.0707 drift=0.00385 cap=7.21 | Lg=+0.6715 | 30s
 2910 post m=2 hq=0.004 fail | Dr=-0.137/+0.276 |Dr|max=0.552 Df=-0.052 | g r=1.391 f=1.072 p=1.257(0.009) max=9.214 | Ld=+8.1691 base=0.0802 drift=0.00395 cap=8.08 | Lg=+0.6758 | 30s
 2920 post m=2 hq=0.005 fail | Dr=-0.141/+0.276 |Dr|max=0.551 Df=-0.066 | g r=1.374 f=1.115 p=1.234(0.011) max=9.918 | Ld=+7.2595 base=0.0809 drift=0.00399 cap=7.17 | Lg=+0.6651 | 30s
 2930 post m=2 hq=0.007 fail | Dr=-0.145/+0.275 |Dr|max=0.547 Df=-0.076 | g r=1.359 f=1.082 p=1.223(0.021) max=10.212 | Ld=+7.5400 base=0.0615 drift=0.00374 cap=7.47 | Lg=+0.6682 | 30s
 2940 post m=2 hq=0.005 fail | Dr=-0.148/+0.275 |Dr|max=0.546 Df=-0.103 | g r=1.343 f=1.074 p=1.204(0.013) max=9.806 | Ld=+6.7203 base=0.0425 drift=0.00411 cap=6.67 | Lg=+0.6835 | 30s
 2950 post m=2 hq=0.005 fail | Dr=-0.151/+0.274 |Dr|max=0.543 Df=-0.112 | g r=1.330 f=1.042 p=1.219(0.016) max=8.901 | Ld=+7.6379 base=0.025 drift=0.00411 cap=7.61 | Lg=+0.6929 | 30s
 2960 post m=2 hq=0.005 fail | Dr=-0.150/+0.274 |Dr|max=0.534 Df=-0.113 | g r=1.321 f=1.051 p=1.184(0.007) max=10.227 | Ld=+7.3687 base=0.0463 drift=0.00405 cap=7.32 | Lg=+0.6812 | 30s
 2970 post m=2 hq=0.004 fail | Dr=-0.151/+0.274 |Dr|max=0.537 Df=-0.122 | g r=1.310 f=1.059 p=1.173(0.003) max=9.419 | Ld=+7.6228 base=0.0109 drift=0.00401 cap=7.61 | Lg=+0.6925 | 31s
 2980 post m=2 hq=0.006 fail | Dr=-0.153/+0.273 |Dr|max=0.534 Df=-0.119 | g r=1.294 f=1.071 p=1.166(0.005) max=12.792 | Ld=+6.7939 base=0.0299 drift=0.00416 cap=6.76 | Lg=+0.6931 | 31s
 2990 post m=2 hq=0.004 fail | Dr=-0.156/+0.271 |Dr|max=0.535 Df=-0.143 | g r=1.282 f=1.041 p=1.168(0.021) max=9.385 | Ld=+6.1741 base=0.0231 drift=0.00413 cap=6.15 | Lg=+0.7043 | 31s
 3000 post m=2 hq=0.003 fail | Dr=-0.158/+0.270 |Dr|max=0.539 Df=-0.158 | g r=1.264 f=1.085 p=1.146(0.007) max=9.179 | Ld=+5.9673 base=0.00072 drift=0.00414 cap=5.96 | Lg=+0.6989 | 31s
 3010 post m=2 hq=0.005 fail | Dr=-0.162/+0.270 |Dr|max=0.540 Df=-0.162 | g r=1.256 f=1.048 p=1.137(0.018) max=8.268 | Ld=+5.8449 base=-0.00726 drift=0.00444 cap=5.85 | Lg=+0.7041 | 31s
 3020 post m=2 hq=0.005 fail | Dr=-0.163/+0.271 |Dr|max=0.540 Df=-0.183 | g r=1.247 f=1.053 p=1.137(0.013) max=8.435 | Ld=+6.2235 base=-0.0274 drift=0.00423 cap=6.25 | Lg=+0.7168 | 31s
 3030 post m=2 hq=0.002 fail | Dr=-0.165/+0.273 |Dr|max=0.542 Df=-0.189 | g r=1.237 f=1.042 p=1.126(0.019) max=8.826 | Ld=+5.5065 base=-0.00609 drift=0.00437 cap=5.51 | Lg=+0.7107 | 31s
 3040 post m=2 hq=0.004 fail | Dr=-0.167/+0.275 |Dr|max=0.549 Df=-0.197 | g r=1.224 f=1.048 p=1.111(0.009) max=8.095 | Ld=+5.3193 base=-0.0262 drift=0.00436 cap=5.34 | Lg=+0.7269 | 31s
 3050 post m=2 hq=0.005 fail | Dr=-0.167/+0.276 |Dr|max=0.546 Df=-0.213 | g r=1.216 f=1.004 p=1.098(0.012) max=7.819 | Ld=+5.4982 base=-0.0453 drift=0.00443 cap=5.54 | Lg=+0.7243 | 31s
 3060 post m=2 hq=0.004 fail | Dr=-0.169/+0.277 |Dr|max=0.550 Df=-0.231 | g r=1.208 f=1.025 p=1.114(0.012) max=8.849 | Ld=+5.5432 base=-0.0546 drift=0.00443 cap=5.59 | Lg=+0.7344 | 31s
 3070 post m=2 hq=0.004 fail | Dr=-0.172/+0.278 |Dr|max=0.553 Df=-0.236 | g r=1.200 f=1.025 p=1.082(0.010) max=8.456 | Ld=+5.5563 base=-0.0514 drift=0.00474 cap=5.6 | Lg=+0.7343 | 31s
 3080 post m=2 hq=0.005 fail | Dr=-0.173/+0.280 |Dr|max=0.563 Df=-0.286 | g r=1.191 f=1.014 p=1.108(0.023) max=8.665 | Ld=+5.9376 base=-0.0907 drift=0.00461 cap=6.02 | Lg=+0.7481 | 32s
 3090 post m=2 hq=0.004 fail | Dr=-0.175/+0.282 |Dr|max=0.573 Df=-0.272 | g r=1.182 f=0.996 p=1.098(0.005) max=8.699 | Ld=+5.5855 base=-0.0825 drift=0.00483 cap=5.66 | Lg=+0.7470 | 32s
 3100 post m=2 hq=0.004 fail | Dr=-0.177/+0.283 |Dr|max=0.579 Df=-0.281 | g r=1.172 f=1.017 p=1.071(0.012) max=10.205 | Ld=+5.2749 base=-0.121 drift=0.00487 cap=5.39 | Lg=+0.7617 | 32s
 3110 post m=2 hq=0.005 fail | Dr=-0.176/+0.285 |Dr|max=0.583 Df=-0.280 | g r=1.170 f=1.013 p=1.095(0.017) max=9.046 | Ld=+4.8045 base=-0.12 drift=0.0049 cap=4.92 | Lg=+0.7663 | 32s
 3120 post m=2 hq=0.006 fail | Dr=-0.176/+0.285 |Dr|max=0.587 Df=-0.301 | g r=1.161 f=1.002 p=1.074(0.010) max=7.891 | Ld=+4.8916 base=-0.128 drift=0.00488 cap=5.02 | Lg=+0.7782 | 32s
 3130 post m=2 hq=0.005 fail | Dr=-0.179/+0.286 |Dr|max=0.598 Df=-0.326 | g r=1.159 f=0.978 p=1.038(0.026) max=7.960 | Ld=+4.8668 base=-0.147 drift=0.00514 cap=5.01 | Lg=+0.7863 | 33s
 3140 post m=1 hq=0.004 fail | Dr=-0.181/+0.287 |Dr|max=0.609 Df=-0.336 | g r=1.158 f=0.956 p=1.060(0.007) max=10.906 | Ld=+4.2545 base=-0.159 drift=0.00499 cap=4.41 | Lg=+0.7999 | 33s
 3150 post m=2 hq=0.004 fail | Dr=-0.179/+0.290 |Dr|max=0.615 Df=-0.346 | g r=1.154 f=0.987 p=1.068(0.010) max=9.087 | Ld=+4.5627 base=-0.145 drift=0.00518 cap=4.7 | Lg=+0.7947 | 33s
 3160 post m=2 hq=0.004 fail | Dr=-0.178/+0.292 |Dr|max=0.614 Df=-0.322 | g r=1.152 f=0.935 p=1.049(0.016) max=11.701 | Ld=+4.4775 base=-0.152 drift=0.00496 cap=4.62 | Lg=+0.7913 | 33s
 3170 post m=1 hq=0.007 fail | Dr=-0.179/+0.294 |Dr|max=0.617 Df=-0.345 | g r=1.143 f=0.997 p=1.049(0.015) max=7.649 | Ld=+4.3129 base=-0.183 drift=0.005 cap=4.49 | Lg=+0.8036 | 33s
 3180 post m=2 hq=0.004 fail | Dr=-0.179/+0.296 |Dr|max=0.620 Df=-0.338 | g r=1.135 f=0.959 p=1.050(0.019) max=11.232 | Ld=+4.8205 base=-0.167 drift=0.00518 cap=4.98 | Lg=+0.7952 | 34s
 3190 post m=2 hq=0.004 fail | Dr=-0.180/+0.298 |Dr|max=0.621 Df=-0.345 | g r=1.130 f=0.946 p=1.065(0.018) max=8.849 | Ld=+4.2843 base=-0.176 drift=0.00531 cap=4.45 | Lg=+0.8074 | 34s
 3200 post m=2 hq=0.005 fail | Dr=-0.182/+0.302 |Dr|max=0.628 Df=-0.351 | g r=1.124 f=0.934 p=1.037(0.006) max=7.781 | Ld=+3.8079 base=-0.17 drift=0.00552 cap=3.97 | Lg=+0.8058 | 34s
 3210 post m=1 hq=0.005 fail | Dr=-0.183/+0.304 |Dr|max=0.628 Df=-0.375 | g r=1.118 f=0.941 p=1.044(0.009) max=8.540 | Ld=+4.6084 base=-0.177 drift=0.00558 cap=4.78 | Lg=+0.8084 | 34s
 3220 post m=2 hq=0.004 fail | Dr=-0.184/+0.309 |Dr|max=0.636 Df=-0.376 | g r=1.113 f=0.967 p=1.035(0.024) max=7.714 | Ld=+4.6439 base=-0.191 drift=0.00563 cap=4.83 | Lg=+0.8179 | 34s
 3230 post m=2 hq=0.006 fail | Dr=-0.185/+0.312 |Dr|max=0.637 Df=-0.381 | g r=1.104 f=0.929 p=1.066(0.017) max=7.481 | Ld=+4.4494 base=-0.201 drift=0.00586 cap=4.64 | Lg=+0.8257 | 35s
 3240 post m=1 hq=0.005 fail | Dr=-0.185/+0.316 |Dr|max=0.637 Df=-0.393 | g r=1.097 f=0.962 p=1.034(0.007) max=8.475 | Ld=+3.7025 base=-0.223 drift=0.0058 cap=3.92 | Lg=+0.8221 | 35s
 3250 post m=2 hq=0.005 fail | Dr=-0.185/+0.319 |Dr|max=0.634 Df=-0.405 | g r=1.090 f=0.977 p=1.033(0.012) max=10.441 | Ld=+4.2592 base=-0.199 drift=0.00609 cap=4.45 | Lg=+0.8234 | 35s
 3260 post m=2 hq=0.005 fail | Dr=-0.185/+0.324 |Dr|max=0.638 Df=-0.410 | g r=1.084 f=0.929 p=1.022(0.008) max=8.067 | Ld=+4.2659 base=-0.244 drift=0.00611 cap=4.5 | Lg=+0.8442 | 35s
 3270 post m=2 hq=0.006 fail | Dr=-0.184/+0.328 |Dr|max=0.637 Df=-0.424 | g r=1.080 f=0.966 p=1.021(0.005) max=7.656 | Ld=+4.0817 base=-0.229 drift=0.00604 cap=4.3 | Lg=+0.8541 | 35s
 3280 post m=2 hq=0.006 fail | Dr=-0.185/+0.333 |Dr|max=0.650 Df=-0.445 | g r=1.076 f=0.979 p=1.022(0.012) max=7.280 | Ld=+3.9946 base=-0.257 drift=0.0063 cap=4.24 | Lg=+0.8446 | 36s
 3290 post m=2 hq=0.005 fail | Dr=-0.185/+0.337 |Dr|max=0.652 Df=-0.451 | g r=1.071 f=0.962 p=1.016(0.018) max=8.318 | Ld=+3.8152 base=-0.234 drift=0.00655 cap=4.04 | Lg=+0.8268 | 36s
 3300 post m=1 hq=0.006 fail | Dr=-0.185/+0.339 |Dr|max=0.649 Df=-0.441 | g r=1.068 f=0.912 p=1.011(0.004) max=9.196 | Ld=+4.0072 base=-0.267 drift=0.00644 cap=4.27 | Lg=+0.8608 | 36s
 3310 post m=1 hq=0.005 fail | Dr=-0.184/+0.344 |Dr|max=0.649 Df=-0.470 | g r=1.059 f=0.989 p=1.005(0.016) max=8.450 | Ld=+4.1271 base=-0.291 drift=0.00643 cap=4.41 | Lg=+0.8648 | 36s
 3320 post m=2 hq=0.006 fail | Dr=-0.184/+0.346 |Dr|max=0.653 Df=-0.514 | g r=1.056 f=0.995 p=1.028(0.006) max=10.610 | Ld=+3.9927 base=-0.286 drift=0.00672 cap=4.27 | Lg=+0.8818 | 36s
 3330 post m=1 hq=0.012 fail | Dr=-0.186/+0.351 |Dr|max=0.662 Df=-0.486 | g r=1.053 f=1.030 p=1.030(0.004) max=6.982 | Ld=+4.6711 base=-0.299 drift=0.00676 cap=4.96 | Lg=+0.8727 | 37s
 3340 post m=1 hq=0.008 fail | Dr=-0.185/+0.352 |Dr|max=0.652 Df=-0.426 | g r=1.051 f=1.028 p=1.026(0.009) max=7.967 | Ld=+4.5910 base=-0.253 drift=0.00693 cap=4.84 | Lg=+0.8489 | 37s
 3350 post m=1 hq=0.008 fail | Dr=-0.181/+0.351 |Dr|max=0.635 Df=-0.340 | g r=1.043 f=1.025 p=1.026(0.019) max=9.309 | Ld=+5.0523 base=-0.161 drift=0.00694 cap=5.21 | Lg=+0.7925 | 37s
 3360 post m=2 hq=0.015 fail | Dr=-0.177/+0.355 |Dr|max=0.615 Df=-0.250 | g r=1.036 f=0.992 p=1.006(0.015) max=9.208 | Ld=+5.4159 base=-0.0915 drift=0.00686 cap=5.5 | Lg=+0.7540 | 37s
 3370 post m=2 hq=0.010 fail | Dr=-0.173/+0.358 |Dr|max=0.605 Df=-0.226 | g r=1.026 f=1.050 p=0.982(0.009) max=8.415 | Ld=+4.8166 base=-0.0541 drift=0.00651 cap=4.86 | Lg=+0.7359 | 38s
 3380 post m=1 hq=0.011 fail | Dr=-0.168/+0.361 |Dr|max=0.595 Df=-0.185 | g r=1.021 f=0.926 p=0.969(0.017) max=7.296 | Ld=+4.8923 base=-0.0292 drift=0.00637 cap=4.92 | Lg=+0.7168 | 38s
 3390 post m=2 hq=0.017 fail | Dr=-0.164/+0.363 |Dr|max=0.582 Df=-0.121 | g r=1.016 f=1.007 p=0.997(0.020) max=6.992 | Ld=+4.9311 base=0.0384 drift=0.0063 cap=4.89 | Lg=+0.6858 | 38s
 3400 post m=2 hq=0.028 fail | Dr=-0.162/+0.364 |Dr|max=0.561 Df=-0.086 | g r=1.005 f=1.026 p=1.006(0.012) max=7.928 | Ld=+5.8652 base=0.0688 drift=0.00613 cap=5.79 | Lg=+0.6739 | 38s
 3410 post m=2 hq=0.028 fail | Dr=-0.158/+0.364 |Dr|max=0.552 Df=-0.081 | g r=0.996 f=1.012 p=0.993(0.016) max=9.173 | Ld=+5.0295 base=0.0872 drift=0.00602 cap=4.94 | Lg=+0.6636 | 38s
 3420 post m=2 hq=0.029 fail | Dr=-0.152/+0.364 |Dr|max=0.539 Df=-0.049 | g r=0.987 f=0.984 p=0.982(0.004) max=9.387 | Ld=+4.8002 base=0.0904 drift=0.00565 cap=4.7 | Lg=+0.6618 | 39s
 3430 post m=3 hq=0.016 fail | Dr=-0.148/+0.366 |Dr|max=0.514 Df=-0.023 | g r=0.974 f=1.050 p=0.982(0.015) max=9.662 | Ld=+4.8723 base=0.121 drift=0.00564 cap=4.75 | Lg=+0.6427 | 39s
 3440 post m=2 hq=0.009 fail | Dr=-0.147/+0.365 |Dr|max=0.512 Df=+0.004 | g r=0.968 f=0.998 p=0.989(0.005) max=7.793 | Ld=+4.9144 base=0.149 drift=0.00555 cap=4.76 | Lg=+0.6306 | 39s
 3450 post m=2 hq=0.006 fail | Dr=-0.145/+0.365 |Dr|max=0.508 Df=+0.023 | g r=0.964 f=0.964 p=0.980(0.002) max=8.331 | Ld=+4.8484 base=0.163 drift=0.00539 cap=4.68 | Lg=+0.6260 | 39s
 3460 post m=2 hq=0.006 fail | Dr=-0.144/+0.367 |Dr|max=0.500 Df=+0.039 | g r=0.959 f=0.989 p=1.004(0.004) max=8.115 | Ld=+4.7005 base=0.161 drift=0.00515 cap=4.53 | Lg=+0.6240 | 39s
 3470 post m=2 hq=0.003 fail | Dr=-0.139/+0.369 |Dr|max=0.486 Df=+0.060 | g r=0.950 f=1.061 p=1.008(0.002) max=8.487 | Ld=+5.6955 base=0.17 drift=0.00527 cap=5.52 | Lg=+0.6210 | 39s
 3480 post m=2 hq=0.005 fail | Dr=-0.133/+0.369 |Dr|max=0.464 Df=+0.041 | g r=0.940 f=1.075 p=1.017(0.016) max=8.830 | Ld=+5.0849 base=0.189 drift=0.00479 cap=4.89 | Lg=+0.6144 | 40s
 3490 post m=2 hq=0.006 fail | Dr=-0.128/+0.369 |Dr|max=0.472 Df=+0.057 | g r=0.942 f=1.029 p=0.996(0.014) max=7.986 | Ld=+4.5831 base=0.203 drift=0.00452 cap=4.38 | Lg=+0.6071 | 40s
 3500 post m=2 hq=0.005 fail | Dr=-0.124/+0.369 |Dr|max=0.462 Df=+0.058 | g r=0.936 f=1.068 p=1.007(0.010) max=8.063 | Ld=+5.2975 base=0.201 drift=0.00453 cap=5.09 | Lg=+0.6129 | 40s
 3510 post m=2 hq=0.004 fail | Dr=-0.118/+0.369 |Dr|max=0.452 Df=+0.081 | g r=0.930 f=0.926 p=0.973(0.010) max=9.262 | Ld=+5.4918 base=0.171 drift=0.00423 cap=5.32 | Lg=+0.6208 | 40s
 3520 post m=2 hq=0.002 fail | Dr=-0.113/+0.370 |Dr|max=0.432 Df=+0.094 | g r=0.921 f=0.965 p=0.978(0.014) max=8.907 | Ld=+4.5012 base=0.18 drift=0.00412 cap=4.32 | Lg=+0.6120 | 40s
 3530 post m=1 hq=0.000 fail | Dr=-0.110/+0.370 |Dr|max=0.434 Df=+0.069 | g r=0.927 f=1.009 p=0.989(0.007) max=8.678 | Ld=+4.6887 base=0.203 drift=0.00384 cap=4.48 | Lg=+0.6060 | 40s
 3540 post m=1 hq=0.002 fail | Dr=-0.109/+0.371 |Dr|max=0.421 Df=+0.053 | g r=0.919 f=1.025 p=0.984(0.022) max=9.360 | Ld=+4.5218 base=0.186 drift=0.00387 cap=4.33 | Lg=+0.6110 | 40s
 3550 post m=2 hq=0.001 fail | Dr=-0.107/+0.372 |Dr|max=0.415 Df=+0.101 | g r=0.918 f=0.941 p=0.966(0.018) max=9.152 | Ld=+3.8529 base=0.206 drift=0.00389 cap=3.64 | Lg=+0.6012 | 40s
 3560 post m=2 hq=0.002 fail | Dr=-0.104/+0.372 |Dr|max=0.407 Df=+0.098 | g r=0.912 f=0.893 p=0.971(0.004) max=8.971 | Ld=+4.4891 base=0.157 drift=0.00375 cap=4.33 | Lg=+0.6219 | 40s
 3570 post m=2 hq=0.001 fail | Dr=-0.100/+0.371 |Dr|max=0.397 Df=+0.100 | g r=0.911 f=0.942 p=0.962(0.022) max=8.785 | Ld=+4.5989 base=0.177 drift=0.00374 cap=4.42 | Lg=+0.6178 | 40s
 3580 post m=0 hq=0.000 fail | Dr=-0.097/+0.370 |Dr|max=0.402 Df=+0.030 | g r=0.917 f=1.124 p=1.025(0.011) max=8.204 | Ld=+4.7831 base=0.176 drift=0.00343 cap=4.6 | Lg=+0.6135 | 40s
 3590 post m=1 hq=0.002 fail | Dr=-0.094/+0.367 |Dr|max=0.387 Df=+0.076 | g r=0.915 f=0.990 p=0.946(0.012) max=7.399 | Ld=+4.8575 base=0.183 drift=0.00353 cap=4.67 | Lg=+0.6105 | 41s
 3600 post m=1 hq=0.002 fail | Dr=-0.093/+0.364 |Dr|max=0.395 Df=+0.091 | g r=0.922 f=0.952 p=0.955(0.012) max=7.311 | Ld=+4.6705 base=0.182 drift=0.00342 cap=4.49 | Lg=+0.6132 | 41s
 3610 post m=1 hq=0.002 fail | Dr=-0.095/+0.360 |Dr|max=0.408 Df=+0.082 | g r=0.926 f=1.060 p=0.948(0.010) max=7.316 | Ld=+4.4967 base=0.185 drift=0.00334 cap=4.31 | Lg=+0.6136 | 41s
 3620 post m=1 hq=0.001 fail | Dr=-0.095/+0.358 |Dr|max=0.406 Df=+0.089 | g r=0.921 f=0.922 p=0.949(0.010) max=8.965 | Ld=+4.6017 base=0.178 drift=0.00334 cap=4.42 | Lg=+0.6179 | 41s
 3630 post m=0 hq=0.000 fail | Dr=-0.094/+0.357 |Dr|max=0.400 Df=+0.092 | g r=0.925 f=0.859 p=0.939(0.008) max=8.020 | Ld=+5.3132 base=0.196 drift=0.00336 cap=5.11 | Lg=+0.6032 | 41s
 3640 post m=0 hq=0.000 fail | Dr=-0.093/+0.354 |Dr|max=0.405 Df=+0.089 | g r=0.935 f=1.015 p=0.941(0.011) max=8.264 | Ld=+4.5168 base=0.166 drift=0.00309 cap=4.35 | Lg=+0.6208 | 41s
 3650 post m=1 hq=0.000 fail | Dr=-0.093/+0.352 |Dr|max=0.403 Df=+0.087 | g r=0.935 f=1.002 p=0.962(0.007) max=7.618 | Ld=+4.6474 base=0.167 drift=0.00317 cap=4.48 | Lg=+0.6144 | 41s
 3660 post m=1 hq=0.000 fail | Dr=-0.093/+0.349 |Dr|max=0.405 Df=+0.091 | g r=0.936 f=0.875 p=0.906(0.019) max=7.288 | Ld=+5.0548 base=0.197 drift=0.00311 cap=4.85 | Lg=+0.6091 | 41s
 3670 post m=0 hq=0.000 fail | Dr=-0.090/+0.347 |Dr|max=0.409 Df=+0.094 | g r=0.944 f=0.859 p=0.920(0.007) max=7.716 | Ld=+4.3468 base=0.179 drift=0.00309 cap=4.16 | Lg=+0.6162 | 41s
 3680 post m=0 hq=0.000 fail | Dr=-0.092/+0.346 |Dr|max=0.396 Df=+0.083 | g r=0.933 f=0.903 p=0.919(0.007) max=10.016 | Ld=+4.7708 base=0.172 drift=0.00314 cap=4.6 | Lg=+0.6189 | 41s
 3690 post m=0 hq=0.000 fail | Dr=-0.092/+0.343 |Dr|max=0.398 Df=+0.091 | g r=0.942 f=0.888 p=0.918(0.022) max=8.498 | Ld=+3.7448 base=0.18 drift=0.00309 cap=3.56 | Lg=+0.6145 | 41s
 3700 post m=0 hq=0.000 fail | Dr=-0.093/+0.341 |Dr|max=0.395 Df=+0.077 | g r=0.942 f=0.842 p=0.881(0.004) max=7.041 | Ld=+4.2253 base=0.179 drift=0.00314 cap=4.04 | Lg=+0.6128 | 41s
 3710 post m=0 hq=0.000 fail | Dr=-0.092/+0.338 |Dr|max=0.393 Df=+0.090 | g r=0.943 f=0.830 p=0.891(0.009) max=7.477 | Ld=+3.5556 base=0.18 drift=0.00326 cap=3.37 | Lg=+0.6105 | 42s
 3720 post m=0 hq=0.000 fail | Dr=-0.092/+0.334 |Dr|max=0.396 Df=+0.059 | g r=0.946 f=0.969 p=0.927(0.014) max=7.858 | Ld=+4.0180 base=0.164 drift=0.00328 cap=3.85 | Lg=+0.6158 | 42s
 3730 post m=0 hq=0.000 fail | Dr=-0.090/+0.331 |Dr|max=0.397 Df=+0.086 | g r=0.951 f=0.908 p=0.907(0.004) max=6.915 | Ld=+3.6078 base=0.151 drift=0.00314 cap=3.45 | Lg=+0.6257 | 42s
 3740 post m=0 hq=0.000 fail | Dr=-0.090/+0.328 |Dr|max=0.399 Df=+0.074 | g r=0.956 f=0.925 p=0.923(0.010) max=6.999 | Ld=+3.1271 base=0.162 drift=0.00327 cap=2.96 | Lg=+0.6192 | 42s
 3750 post m=0 hq=0.000 fail | Dr=-0.090/+0.326 |Dr|max=0.403 Df=+0.079 | g r=0.953 f=0.948 p=0.908(0.027) max=7.271 | Ld=+3.3227 base=0.15 drift=0.0033 cap=3.17 | Lg=+0.6217 | 42s
 3760 post m=0 hq=0.000 fail | Dr=-0.090/+0.323 |Dr|max=0.406 Df=+0.084 | g r=0.945 f=0.904 p=0.901(0.009) max=6.745 | Ld=+3.6108 base=0.172 drift=0.00317 cap=3.44 | Lg=+0.6161 | 42s
 3770 post m=0 hq=0.000 fail | Dr=-0.089/+0.320 |Dr|max=0.407 Df=+0.079 | g r=0.947 f=0.813 p=0.864(0.017) max=6.826 | Ld=+3.9162 base=0.171 drift=0.00328 cap=3.74 | Lg=+0.6166 | 42s
 3780 post m=0 hq=0.000 fail | Dr=-0.090/+0.316 |Dr|max=0.408 Df=+0.076 | g r=0.951 f=0.901 p=0.923(0.016) max=7.714 | Ld=+2.8789 base=0.167 drift=0.00329 cap=2.71 | Lg=+0.6191 | 42s
 3790 post m=0 hq=0.000 fail | Dr=-0.090/+0.313 |Dr|max=0.411 Df=+0.082 | g r=0.952 f=0.899 p=0.885(0.011) max=7.667 | Ld=+3.6559 base=0.174 drift=0.00333 cap=3.48 | Lg=+0.6153 | 42s
 3800 post m=0 hq=0.000 fail | Dr=-0.088/+0.311 |Dr|max=0.409 Df=+0.070 | g r=0.952 f=0.902 p=0.877(0.012) max=6.979 | Ld=+4.2169 base=0.149 drift=0.00313 cap=4.06 | Lg=+0.6254 | 42s
 3810 post m=0 hq=0.000 fail | Dr=-0.088/+0.309 |Dr|max=0.414 Df=+0.077 | g r=0.950 f=0.882 p=0.902(0.015) max=8.188 | Ld=+3.1507 base=0.165 drift=0.0034 cap=2.98 | Lg=+0.6180 | 42s
 3820 post m=0 hq=0.000 fail | Dr=-0.089/+0.307 |Dr|max=0.416 Df=+0.071 | g r=0.946 f=0.903 p=0.898(0.006) max=6.447 | Ld=+3.4912 base=0.175 drift=0.0033 cap=3.31 | Lg=+0.6135 | 42s
 3830 post m=0 hq=0.000 fail | Dr=-0.087/+0.305 |Dr|max=0.418 Df=+0.073 | g r=0.947 f=0.871 p=0.901(0.012) max=8.708 | Ld=+3.7104 base=0.163 drift=0.00321 cap=3.54 | Lg=+0.6197 | 43s
 3840 post m=0 hq=0.000 fail | Dr=-0.087/+0.303 |Dr|max=0.418 Df=+0.072 | g r=0.944 f=0.799 p=0.835(0.008) max=6.423 | Ld=+3.3266 base=0.181 drift=0.00349 cap=3.14 | Lg=+0.6135 | 43s
 3850 post m=0 hq=0.000 fail | Dr=-0.088/+0.302 |Dr|max=0.422 Df=+0.071 | g r=0.951 f=0.865 p=0.890(0.023) max=7.357 | Ld=+3.6108 base=0.162 drift=0.0034 cap=3.45 | Lg=+0.6192 | 43s
 3860 post m=0 hq=0.000 fail | Dr=-0.088/+0.300 |Dr|max=0.425 Df=+0.067 | g r=0.951 f=0.898 p=0.879(0.005) max=6.669 | Ld=+3.6544 base=0.173 drift=0.00341 cap=3.48 | Lg=+0.6189 | 43s
 3870 post m=1 hq=0.001 fail | Dr=-0.087/+0.297 |Dr|max=0.427 Df=+0.060 | g r=0.954 f=0.751 p=0.833(0.012) max=8.048 | Ld=+3.7301 base=0.161 drift=0.00352 cap=3.57 | Lg=+0.6213 | 43s
 3880 post m=0 hq=0.000 fail | Dr=-0.088/+0.295 |Dr|max=0.431 Df=+0.083 | g r=0.953 f=0.730 p=0.844(0.009) max=7.426 | Ld=+2.9305 base=0.173 drift=0.00362 cap=2.75 | Lg=+0.6183 | 43s
 3890 post m=0 hq=0.000 fail | Dr=-0.087/+0.293 |Dr|max=0.432 Df=+0.070 | g r=0.957 f=0.831 p=0.826(0.011) max=6.789 | Ld=+3.0006 base=0.158 drift=0.00347 cap=2.84 | Lg=+0.6234 | 43s
 3900 post m=0 hq=0.000 fail | Dr=-0.087/+0.290 |Dr|max=0.435 Df=+0.070 | g r=0.961 f=0.842 p=0.850(0.028) max=6.622 | Ld=+3.5082 base=0.147 drift=0.00351 cap=3.36 | Lg=+0.6274 | 43s
 3910 post m=0 hq=0.000 fail | Dr=-0.086/+0.289 |Dr|max=0.437 Df=+0.084 | g r=0.965 f=0.723 p=0.836(0.025) max=6.468 | Ld=+3.2172 base=0.151 drift=0.00361 cap=3.06 | Lg=+0.6263 | 43s
 3920 post m=0 hq=0.000 fail | Dr=-0.085/+0.287 |Dr|max=0.438 Df=+0.061 | g r=0.968 f=0.858 p=0.824(0.006) max=6.320 | Ld=+2.7403 base=0.157 drift=0.00381 cap=2.58 | Lg=+0.6218 | 43s
 3930 post m=0 hq=0.000 fail | Dr=-0.084/+0.285 |Dr|max=0.437 Df=+0.073 | g r=0.977 f=0.848 p=0.864(0.013) max=6.412 | Ld=+3.0203 base=0.164 drift=0.0036 cap=2.85 | Lg=+0.6193 | 43s
 3940 post m=0 hq=0.000 fail | Dr=-0.083/+0.283 |Dr|max=0.437 Df=+0.086 | g r=0.980 f=0.748 p=0.825(0.018) max=8.120 | Ld=+3.5653 base=0.16 drift=0.00359 cap=3.4 | Lg=+0.6219 | 44s
 3950 post m=1 hq=0.000 fail | Dr=-0.081/+0.281 |Dr|max=0.438 Df=+0.054 | g r=0.984 f=0.922 p=0.858(0.012) max=6.015 | Ld=+2.9275 base=0.169 drift=0.00382 cap=2.75 | Lg=+0.6167 | 44s
 3960 post m=0 hq=0.000 fail | Dr=-0.079/+0.280 |Dr|max=0.437 Df=+0.085 | g r=0.985 f=0.759 p=0.839(0.004) max=5.948 | Ld=+2.9032 base=0.163 drift=0.00362 cap=2.74 | Lg=+0.6226 | 44s
 3970 post m=0 hq=0.000 fail | Dr=-0.078/+0.278 |Dr|max=0.436 Df=+0.064 | g r=0.993 f=0.834 p=0.856(0.029) max=6.464 | Ld=+2.9702 base=0.164 drift=0.00377 cap=2.8 | Lg=+0.6201 | 44s
 3980 post m=0 hq=0.000 fail | Dr=-0.074/+0.277 |Dr|max=0.433 Df=+0.077 | g r=0.992 f=0.833 p=0.831(0.014) max=7.270 | Ld=+3.0628 base=0.165 drift=0.0037 cap=2.89 | Lg=+0.6182 | 44s
 3990 post m=0 hq=0.000 fail | Dr=-0.073/+0.277 |Dr|max=0.433 Df=+0.068 | g r=0.992 f=0.875 p=0.840(0.008) max=6.189 | Ld=+2.8589 base=0.153 drift=0.0037 cap=2.7 | Lg=+0.6250 | 44s
 4000 post m=0 hq=0.000 fail | Dr=-0.072/+0.276 |Dr|max=0.432 Df=+0.082 | g r=0.995 f=0.807 p=0.839(0.012) max=6.074 | Ld=+2.5035 base=0.141 drift=0.00351 cap=2.36 | Lg=+0.6279 | 44s
 4010 post m=0 hq=0.000 fail | Dr=-0.068/+0.276 |Dr|max=0.430 Df=+0.091 | g r=0.996 f=0.701 p=0.802(0.019) max=5.974 | Ld=+2.7109 base=0.141 drift=0.00363 cap=2.57 | Lg=+0.6294 | 45s
 4020 post m=0 hq=0.000 fail | Dr=-0.065/+0.275 |Dr|max=0.428 Df=+0.098 | g r=1.002 f=0.662 p=0.802(0.001) max=7.542 | Ld=+2.6302 base=0.148 drift=0.00365 cap=2.48 | Lg=+0.6257 | 45s
 4030 post m=1 hq=0.000 fail | Dr=-0.063/+0.275 |Dr|max=0.424 Df=+0.071 | g r=1.012 f=0.747 p=0.796(0.007) max=6.637 | Ld=+2.3849 base=0.141 drift=0.00356 cap=2.24 | Lg=+0.6303 | 45s
 4040 post m=0 hq=0.000 fail | Dr=-0.060/+0.273 |Dr|max=0.419 Df=+0.082 | g r=1.023 f=0.777 p=0.816(0.010) max=6.095 | Ld=+2.5652 base=0.142 drift=0.00347 cap=2.42 | Lg=+0.6290 | 45s
 4050 post m=1 hq=0.000 fail | Dr=-0.059/+0.273 |Dr|max=0.421 Df=+0.073 | g r=1.018 f=0.656 p=0.780(0.009) max=6.833 | Ld=+2.5798 base=0.154 drift=0.00367 cap=2.42 | Lg=+0.6226 | 45s
 4060 post m=1 hq=0.001 fail | Dr=-0.057/+0.273 |Dr|max=0.420 Df=+0.075 | g r=1.016 f=0.688 p=0.772(0.009) max=6.818 | Ld=+2.2655 base=0.147 drift=0.00367 cap=2.12 | Lg=+0.6298 | 45s
 4070 post m=1 hq=0.001 fail | Dr=-0.054/+0.273 |Dr|max=0.416 Df=+0.088 | g r=1.022 f=0.698 p=0.774(0.005) max=6.604 | Ld=+2.4686 base=0.143 drift=0.00358 cap=2.32 | Lg=+0.6280 | 46s
 4080 post m=1 hq=0.000 fail | Dr=-0.049/+0.280 |Dr|max=0.410 Df=+0.092 | g r=1.021 f=0.694 p=0.787(0.008) max=7.610 | Ld=+2.1550 base=0.155 drift=0.00347 cap=2 | Lg=+0.6239 | 46s
 4090 post m=0 hq=0.000 fail | Dr=-0.047/+0.289 |Dr|max=0.406 Df=+0.094 | g r=1.022 f=0.762 p=0.817(0.010) max=7.414 | Ld=+1.9115 base=0.135 drift=0.00364 cap=1.77 | Lg=+0.6349 | 46s
 4100 post m=1 hq=0.000 fail | Dr=-0.044/+0.298 |Dr|max=0.404 Df=+0.079 | g r=1.020 f=0.672 p=0.768(0.012) max=7.688 | Ld=+2.2792 base=0.154 drift=0.00359 cap=2.12 | Lg=+0.6250 | 46s
 4110 post m=1 hq=0.000 fail | Dr=-0.040/+0.309 |Dr|max=0.399 Df=+0.104 | g r=1.018 f=0.653 p=0.767(0.010) max=7.017 | Ld=+2.1612 base=0.142 drift=0.00366 cap=2.02 | Lg=+0.6282 | 46s
 4120 post m=0 hq=0.000 fail | Dr=-0.035/+0.320 |Dr|max=0.392 Df=+0.109 | g r=1.015 f=0.706 p=0.810(0.015) max=6.579 | Ld=+2.2719 base=0.133 drift=0.00343 cap=2.14 | Lg=+0.6350 | 46s
 4130 post m=1 hq=0.000 fail | Dr=-0.031/+0.331 |Dr|max=0.385 Df=+0.096 | g r=1.011 f=0.742 p=0.804(0.025) max=6.806 | Ld=+2.1965 base=0.123 drift=0.00342 cap=2.07 | Lg=+0.6394 | 47s
 4140 post m=1 hq=0.000 fail | Dr=-0.027/+0.341 |Dr|max=0.380 Df=+0.097 | g r=1.009 f=0.759 p=0.780(0.014) max=6.642 | Ld=+2.3698 base=0.138 drift=0.00345 cap=2.23 | Lg=+0.6323 | 47s
 4150 post m=0 hq=0.000 fail | Dr=-0.025/+0.352 |Dr|max=0.374 Df=+0.111 | g r=1.013 f=0.690 p=0.789(0.008) max=6.802 | Ld=+2.0728 base=0.129 drift=0.0033 cap=1.94 | Lg=+0.6340 | 47s
 4160 post m=0 hq=0.000 fail | Dr=-0.023/+0.363 |Dr|max=0.369 Df=+0.109 | g r=1.015 f=0.728 p=0.799(0.013) max=6.351 | Ld=+2.8416 base=0.121 drift=0.00334 cap=2.72 | Lg=+0.6408 | 47s
 4170 post m=1 hq=0.000 fail | Dr=-0.022/+0.368 |Dr|max=0.368 Df=+0.090 | g r=1.005 f=0.730 p=0.806(0.020) max=6.319 | Ld=+2.0798 base=0.114 drift=0.00341 cap=1.96 | Lg=+0.6438 | 47s
 4180 post m=0 hq=0.000 fail | Dr=-0.020/+0.376 |Dr|max=0.376 Df=+0.109 | g r=1.001 f=0.630 p=0.777(0.006) max=5.801 | Ld=+2.1377 base=0.127 drift=0.00359 cap=2.01 | Lg=+0.6364 | 48s
 4190 post m=1 hq=0.000 fail | Dr=-0.016/+0.384 |Dr|max=0.384 Df=+0.110 | g r=0.995 f=0.692 p=0.770(0.011) max=6.213 | Ld=+2.7277 base=0.123 drift=0.00339 cap=2.6 | Lg=+0.6385 | 48s
 4200 post m=0 hq=0.000 fail | Dr=-0.014/+0.393 |Dr|max=0.393 Df=+0.105 | g r=0.990 f=0.646 p=0.769(0.010) max=5.598 | Ld=+2.1989 base=0.11 drift=0.00338 cap=2.09 | Lg=+0.6453 | 48s
 4210 post m=0 hq=0.000 fail | Dr=-0.011/+0.400 |Dr|max=0.400 Df=+0.108 | g r=0.983 f=0.632 p=0.794(0.023) max=6.378 | Ld=+1.6277 base=0.117 drift=0.00334 cap=1.51 | Lg=+0.6399 | 48s
 4220 post m=1 hq=0.000 fail | Dr=-0.008/+0.405 |Dr|max=0.405 Df=+0.111 | g r=0.975 f=0.611 p=0.753(0.009) max=6.442 | Ld=+2.2161 base=0.122 drift=0.00337 cap=2.09 | Lg=+0.6389 | 48s
 4230 post m=0 hq=0.000 fail | Dr=-0.005/+0.413 |Dr|max=0.413 Df=+0.106 | g r=0.970 f=0.625 p=0.759(0.019) max=5.092 | Ld=+1.8535 base=0.0969 drift=0.00333 cap=1.75 | Lg=+0.6515 | 48s
 4240 post m=0 hq=0.000 fail | Dr=-0.002/+0.420 |Dr|max=0.420 Df=+0.107 | g r=0.966 f=0.714 p=0.788(0.028) max=6.126 | Ld=+1.6825 base=0.103 drift=0.00336 cap=1.58 | Lg=+0.6466 | 49s
 4250 post m=0 hq=0.000 fail | Dr=-0.000/+0.428 |Dr|max=0.428 Df=+0.112 | g r=0.962 f=0.711 p=0.775(0.010) max=5.999 | Ld=+1.6764 base=0.107 drift=0.00335 cap=1.57 | Lg=+0.6465 | 49s
 4260 post m=0 hq=0.000 fail | Dr=+0.002/+0.435 |Dr|max=0.435 Df=+0.119 | g r=0.958 f=0.684 p=0.783(0.011) max=5.619 | Ld=+2.0949 base=0.11 drift=0.00332 cap=1.98 | Lg=+0.6444 | 49s
 4270 post m=1 hq=0.000 fail | Dr=+0.005/+0.440 |Dr|max=0.440 Df=+0.109 | g r=0.954 f=0.740 p=0.764(0.015) max=5.509 | Ld=+1.5941 base=0.0923 drift=0.00341 cap=1.5 | Lg=+0.6544 | 49s
 4280 post m=0 hq=0.000 fail | Dr=+0.006/+0.445 |Dr|max=0.445 Df=+0.116 | g r=0.948 f=0.620 p=0.765(0.006) max=5.862 | Ld=+1.5991 base=0.104 drift=0.00341 cap=1.49 | Lg=+0.6483 | 49s
 4290 post m=0 hq=0.000 fail | Dr=+0.008/+0.451 |Dr|max=0.451 Df=+0.103 | g r=0.945 f=0.622 p=0.751(0.004) max=5.994 | Ld=+1.6350 base=0.108 drift=0.00341 cap=1.52 | Lg=+0.6442 | 50s
 4300 post m=1 hq=0.000 fail | Dr=+0.010/+0.457 |Dr|max=0.457 Df=+0.108 | g r=0.940 f=0.683 p=0.777(0.004) max=5.898 | Ld=+1.6682 base=0.102 drift=0.00324 cap=1.56 | Lg=+0.6458 | 50s
 4310 post m=2 hq=0.001 fail | Dr=+0.013/+0.461 |Dr|max=0.461 Df=+0.101 | g r=0.935 f=0.681 p=0.758(0.012) max=4.904 | Ld=+1.7146 base=0.0808 drift=0.00345 cap=1.63 | Lg=+0.6605 | 50s
 4320 post m=1 hq=0.000 fail | Dr=+0.015/+0.464 |Dr|max=0.464 Df=+0.113 | g r=0.927 f=0.593 p=0.739(0.004) max=5.780 | Ld=+1.7346 base=0.0928 drift=0.00327 cap=1.64 | Lg=+0.6531 | 50s
 4330 post m=0 hq=0.000 fail | Dr=+0.017/+0.468 |Dr|max=0.468 Df=+0.111 | g r=0.920 f=0.650 p=0.752(0.004) max=5.796 | Ld=+1.6194 base=0.0868 drift=0.00336 cap=1.53 | Lg=+0.6545 | 50s
 4340 post m=1 hq=0.000 fail | Dr=+0.020/+0.473 |Dr|max=0.473 Df=+0.104 | g r=0.915 f=0.624 p=0.731(0.009) max=6.070 | Ld=+1.3658 base=0.101 drift=0.00329 cap=1.26 | Lg=+0.6490 | 50s
 4350 post m=1 hq=0.000 fail | Dr=+0.021/+0.476 |Dr|max=0.476 Df=+0.110 | g r=0.909 f=0.643 p=0.751(0.023) max=5.085 | Ld=+1.4953 base=0.0785 drift=0.00325 cap=1.41 | Lg=+0.6584 | 51s
 4360 post m=0 hq=0.000 fail | Dr=+0.023/+0.479 |Dr|max=0.479 Df=+0.114 | g r=0.905 f=0.671 p=0.731(0.003) max=5.097 | Ld=+1.5967 base=0.095 drift=0.00333 cap=1.5 | Lg=+0.6504 | 51s
 4370 post m=0 hq=0.000 fail | Dr=+0.023/+0.479 |Dr|max=0.479 Df=+0.114 | g r=0.900 f=0.675 p=0.741(0.010) max=5.774 | Ld=+1.6795 base=0.0764 drift=0.00324 cap=1.6 | Lg=+0.6630 | 51s
 4380 post m=0 hq=0.000 fail | Dr=+0.025/+0.483 |Dr|max=0.483 Df=+0.115 | g r=0.894 f=0.684 p=0.737(0.004) max=5.333 | Ld=+1.3906 base=0.0864 drift=0.0033 cap=1.3 | Lg=+0.6549 | 51s
 4390 post m=0 hq=0.000 fail | Dr=+0.026/+0.487 |Dr|max=0.487 Df=+0.097 | g r=0.889 f=0.689 p=0.729(0.008) max=5.199 | Ld=+1.2608 base=0.0851 drift=0.00329 cap=1.17 | Lg=+0.6554 | 51s
 4400 post m=0 hq=0.000 fail | Dr=+0.027/+0.485 |Dr|max=0.485 Df=+0.112 | g r=0.887 f=0.637 p=0.737(0.013) max=5.892 | Ld=+1.4014 base=0.0779 drift=0.00337 cap=1.32 | Lg=+0.6605 | 52s
 4410 post m=1 hq=0.000 fail | Dr=+0.029/+0.484 |Dr|max=0.484 Df=+0.110 | g r=0.887 f=0.596 p=0.713(0.011) max=5.756 | Ld=+1.6426 base=0.0584 drift=0.00323 cap=1.58 | Lg=+0.6679 | 52s
 4420 post m=0 hq=0.000 fail | Dr=+0.030/+0.482 |Dr|max=0.482 Df=+0.095 | g r=0.887 f=0.707 p=0.747(0.013) max=6.850 | Ld=+1.4300 base=0.0784 drift=0.00314 cap=1.35 | Lg=+0.6599 | 52s
 4430 post m=1 hq=0.000 fail | Dr=+0.031/+0.481 |Dr|max=0.481 Df=+0.097 | g r=0.884 f=0.721 p=0.721(0.007) max=5.396 | Ld=+1.3732 base=0.0732 drift=0.00312 cap=1.3 | Lg=+0.6608 | 52s
 4440 post m=1 hq=0.000 fail | Dr=+0.031/+0.479 |Dr|max=0.479 Df=+0.104 | g r=0.878 f=0.592 p=0.704(0.001) max=5.204 | Ld=+1.5707 base=0.0553 drift=0.00326 cap=1.51 | Lg=+0.6705 | 52s
 4450 post m=0 hq=0.000 fail | Dr=+0.033/+0.481 |Dr|max=0.481 Df=+0.108 | g r=0.877 f=0.637 p=0.727(0.005) max=5.652 | Ld=+1.2725 base=0.071 drift=0.00306 cap=1.2 | Lg=+0.6636 | 52s
 4460 post m=1 hq=0.000 fail | Dr=+0.032/+0.483 |Dr|max=0.483 Df=+0.082 | g r=0.873 f=0.748 p=0.755(0.003) max=6.742 | Ld=+1.5721 base=0.0633 drift=0.00312 cap=1.51 | Lg=+0.6661 | 53s
 4470 post m=1 hq=0.000 fail | Dr=+0.032/+0.482 |Dr|max=0.482 Df=+0.092 | g r=0.864 f=0.640 p=0.712(0.010) max=7.785 | Ld=+1.3126 base=0.0547 drift=0.00313 cap=1.25 | Lg=+0.6699 | 53s
 4480 post m=1 hq=0.000 fail | Dr=+0.032/+0.481 |Dr|max=0.481 Df=+0.092 | g r=0.860 f=0.631 p=0.700(0.005) max=5.523 | Ld=+1.5108 base=0.0576 drift=0.00307 cap=1.45 | Lg=+0.6694 | 53s
 4490 post m=2 hq=0.001 fail | Dr=+0.031/+0.481 |Dr|max=0.481 Df=+0.071 | g r=0.854 f=0.762 p=0.722(0.004) max=5.387 | Ld=+1.2679 base=0.0524 drift=0.00295 cap=1.21 | Lg=+0.6707 | 53s
 4500 post m=1 hq=0.000 fail | Dr=+0.031/+0.481 |Dr|max=0.481 Df=+0.092 | g r=0.850 f=0.599 p=0.717(0.005) max=5.276 | Ld=+1.5851 base=0.0432 drift=0.00311 cap=1.54 | Lg=+0.6763 | 53s
 4510 post m=1 hq=0.000 fail | Dr=+0.031/+0.481 |Dr|max=0.481 Df=+0.087 | g r=0.841 f=0.645 p=0.684(0.014) max=6.050 | Ld=+1.1338 base=0.0334 drift=0.00296 cap=1.1 | Lg=+0.6800 | 53s
 4520 post m=1 hq=0.000 fail | Dr=+0.031/+0.482 |Dr|max=0.482 Df=+0.074 | g r=0.837 f=0.746 p=0.697(0.010) max=6.998 | Ld=+1.1768 base=0.0577 drift=0.00281 cap=1.12 | Lg=+0.6689 | 53s
 4530 post m=1 hq=0.000 fail | Dr=+0.031/+0.478 |Dr|max=0.478 Df=+0.082 | g r=0.831 f=0.700 p=0.675(0.006) max=5.881 | Ld=+1.1784 base=0.0572 drift=0.00295 cap=1.12 | Lg=+0.6692 | 53s
 4540 post m=1 hq=0.000 fail | Dr=+0.030/+0.477 |Dr|max=0.477 Df=+0.043 | g r=0.823 f=0.733 p=0.700(0.005) max=6.869 | Ld=+1.2213 base=0.0278 drift=0.00292 cap=1.19 | Lg=+0.6826 | 53s
 4550 post m=1 hq=0.000 fail | Dr=+0.030/+0.477 |Dr|max=0.477 Df=+0.064 | g r=0.817 f=0.613 p=0.668(0.002) max=6.501 | Ld=+1.4618 base=0.033 drift=0.00281 cap=1.43 | Lg=+0.6790 | 53s
 4560 post m=0 hq=0.000 fail | Dr=+0.029/+0.473 |Dr|max=0.473 Df=+0.076 | g r=0.815 f=0.663 p=0.683(0.004) max=6.414 | Ld=+1.0252 base=0.0425 drift=0.0027 cap=0.98 | Lg=+0.6768 | 53s
 4570 post m=0 hq=0.000 fail | Dr=+0.029/+0.469 |Dr|max=0.469 Df=+0.068 | g r=0.808 f=0.526 p=0.662(0.014) max=5.185 | Ld=+0.8489 base=0.0188 drift=0.00274 cap=0.827 | Lg=+0.6865 | 54s
 4580 post m=0 hq=0.000 fail | Dr=+0.030/+0.468 |Dr|max=0.468 Df=+0.048 | g r=0.806 f=0.628 p=0.665(0.010) max=5.809 | Ld=+2.0173 base=0.00404 drift=0.0027 cap=2.01 | Lg=+0.6949 | 54s
 4590 post m=1 hq=0.000 fail | Dr=+0.032/+0.466 |Dr|max=0.466 Df=+0.048 | g r=0.805 f=0.610 p=0.663(0.011) max=5.997 | Ld=+0.9552 base=0.0202 drift=0.00266 cap=0.932 | Lg=+0.6883 | 54s
 4600 post m=0 hq=0.000 fail | Dr=+0.034/+0.466 |Dr|max=0.466 Df=+0.049 | g r=0.809 f=0.589 p=0.677(0.006) max=5.450 | Ld=+1.1820 base=0.0163 drift=0.00276 cap=1.16 | Lg=+0.6881 | 54s
# COMPLETE 4600 updates in 54s; prehold 35/120; arrival=None
