# arm=wgangp_ref formulation=wgan + drift(0.1) + path-two_sided(10,t=1) device=cuda:0 steps=4600
# step phase modes hq pass | Dr mean/max |Dr|max Df | grad-norm real fake path(min) max | loss_d terms | loss_g | sec
# init=batch_feature_zero hook=None differs_from_old=G,D,prior public_path_match=G,D,prior ema_D_equals_D=None sha G=615e9d129c1c D=e15f6122daf7 prior=2531df2c5ad8
   10 acq  m=0 hq=0.000 fail | Dr=+0.011/+0.177 |Dr|max=0.177 Df=-0.015 | g r=0.742 f=0.338 p=0.732(0.017) max=1.536 | Ld=+1.1567 base=-0.000262 drift=0.000969 path=1.16 | Lg=+0.7135 | 1s
   20 acq  m=0 hq=0.000 fail | Dr=-0.006/+0.200 |Dr|max=0.228 Df=-0.095 | g r=0.693 f=0.201 p=0.685(0.022) max=1.379 | Ld=+1.3402 base=-0.0831 drift=0.00203 path=1.42 | Lg=+0.7589 | 1s
   30 acq  m=0 hq=0.000 fail | Dr=+0.006/+0.203 |Dr|max=0.203 Df=-0.139 | g r=0.660 f=0.231 p=0.635(0.013) max=1.496 | Ld=+1.2629 base=-0.117 drift=0.00136 path=1.38 | Lg=+0.7695 | 1s
   40 acq  m=0 hq=0.000 fail | Dr=+0.057/+0.292 |Dr|max=0.292 Df=-0.247 | g r=0.617 f=0.198 p=0.599(0.022) max=1.231 | Ld=+1.3327 base=-0.33 drift=0.00406 path=1.66 | Lg=+0.8603 | 1s
   50 acq  m=0 hq=0.000 fail | Dr=+0.101/+0.408 |Dr|max=0.408 Df=-0.401 | g r=0.748 f=0.191 p=0.756(0.021) max=1.561 | Ld=+0.7860 base=-0.523 drift=0.00581 path=1.3 | Lg=+0.9755 | 1s
   60 acq  m=1 hq=0.000 fail | Dr=+0.056/+0.333 |Dr|max=0.333 Df=-0.342 | g r=0.569 f=0.454 p=0.523(0.007) max=1.362 | Ld=+1.7938 base=-0.755 drift=0.0156 path=2.53 | Lg=+0.9788 | 1s
   70 acq  m=2 hq=0.004 fail | Dr=-0.280/+0.183 |Dr|max=0.722 Df=-0.285 | g r=0.891 f=1.113 p=1.043(0.025) max=2.136 | Ld=+1.3932 base=-0.0226 drift=0.0095 path=1.41 | Lg=+0.7709 | 1s
   80 acq  m=2 hq=0.004 fail | Dr=-0.451/-0.055 |Dr|max=0.786 Df=-0.562 | g r=1.018 f=1.108 p=1.092(0.047) max=2.324 | Ld=+2.2164 base=-0.0296 drift=0.0123 path=2.23 | Lg=+0.8955 | 1s
   90 acq  m=2 hq=0.005 fail | Dr=-0.238/+0.026 |Dr|max=0.519 Df=-0.251 | g r=0.968 f=1.009 p=1.030(0.036) max=1.942 | Ld=+1.2244 base=0.0278 drift=0.00492 path=1.19 | Lg=+0.7152 | 1s
  100 acq  m=5 hq=0.005 fail | Dr=-0.037/+0.327 |Dr|max=0.377 Df=-0.200 | g r=0.948 f=1.001 p=1.014(0.037) max=2.056 | Ld=+1.0714 base=-0.131 drift=0.00167 path=1.2 | Lg=+0.7849 | 1s
  110 acq  m=7 hq=0.013 fail | Dr=-0.110/+0.159 |Dr|max=0.434 Df=-0.142 | g r=0.999 f=1.005 p=1.026(0.025) max=2.103 | Ld=+1.1817 base=-0.0444 drift=0.00152 path=1.22 | Lg=+0.7593 | 1s
  120 acq  m=7 hq=0.014 fail | Dr=-0.147/+0.154 |Dr|max=0.490 Df=-0.291 | g r=1.019 f=1.041 p=1.057(0.033) max=2.124 | Ld=+1.2025 base=-0.106 drift=0.00193 path=1.31 | Lg=+0.8099 | 2s
  130 acq  m=7 hq=0.016 fail | Dr=-0.035/+0.156 |Dr|max=0.303 Df=-0.124 | g r=0.969 f=1.004 p=1.010(0.023) max=1.915 | Ld=+1.0088 base=-0.0677 drift=0.00046 path=1.08 | Lg=+0.7419 | 2s
  140 acq  m=8 hq=0.022 fail | Dr=-0.000/+0.173 |Dr|max=0.249 Df=-0.107 | g r=0.949 f=0.988 p=1.001(0.016) max=1.901 | Ld=+0.9759 base=-0.0885 drift=0.000283 path=1.06 | Lg=+0.7509 | 2s
  150 acq  m=8 hq=0.015 fail | Dr=-0.089/+0.109 |Dr|max=0.356 Df=-0.175 | g r=1.031 f=1.042 p=1.048(0.030) max=1.972 | Ld=+1.2041 base=-0.0601 drift=0.000723 path=1.26 | Lg=+0.7518 | 2s
  160 acq  m=8 hq=0.020 fail | Dr=+0.002/+0.173 |Dr|max=0.238 Df=-0.108 | g r=1.008 f=1.024 p=1.029(0.035) max=1.965 | Ld=+0.9645 base=-0.077 drift=0.000334 path=1.04 | Lg=+0.7499 | 2s
  170 acq  m=8 hq=0.015 fail | Dr=-0.020/+0.188 |Dr|max=0.309 Df=-0.130 | g r=0.993 f=1.011 p=1.021(0.070) max=1.887 | Ld=+0.9528 base=-0.0894 drift=0.000475 path=1.04 | Lg=+0.7595 | 2s
  180 acq  m=7 hq=0.012 fail | Dr=-0.005/+0.190 |Dr|max=0.273 Df=-0.114 | g r=1.009 f=1.039 p=1.032(0.016) max=1.945 | Ld=+0.9648 base=-0.0833 drift=0.000324 path=1.05 | Lg=+0.7545 | 2s
  190 acq  m=7 hq=0.017 fail | Dr=-0.003/+0.173 |Dr|max=0.243 Df=-0.120 | g r=1.016 f=1.028 p=1.017(0.041) max=1.877 | Ld=+1.1461 base=-0.0774 drift=0.00025 path=1.22 | Lg=+0.7567 | 2s
  200 acq  m=8 hq=0.018 fail | Dr=+0.020/+0.196 |Dr|max=0.281 Df=-0.101 | g r=1.026 f=1.022 p=1.037(0.029) max=1.995 | Ld=+1.0762 base=-0.0905 drift=0.000284 path=1.17 | Lg=+0.7685 | 2s
  210 acq  m=8 hq=0.020 fail | Dr=+0.003/+0.253 |Dr|max=0.297 Df=-0.097 | g r=0.989 f=0.999 p=1.008(0.038) max=1.930 | Ld=+0.9031 base=-0.112 drift=0.000981 path=1.01 | Lg=+0.7704 | 3s
  220 acq  m=7 hq=0.014 fail | Dr=+0.049/+0.231 |Dr|max=0.231 Df=-0.073 | g r=0.978 f=1.013 p=1.026(0.013) max=1.870 | Ld=+1.0628 base=-0.0929 drift=0.00053 path=1.16 | Lg=+0.7628 | 3s
  230 acq  m=8 hq=0.018 fail | Dr=-0.008/+0.206 |Dr|max=0.249 Df=-0.122 | g r=1.007 f=1.003 p=1.010(0.033) max=1.886 | Ld=+1.0376 base=-0.0773 drift=0.000535 path=1.11 | Lg=+0.7621 | 3s
  240 acq  m=8 hq=0.015 fail | Dr=+0.034/+0.253 |Dr|max=0.253 Df=-0.094 | g r=1.027 f=1.026 p=1.049(0.046) max=2.046 | Ld=+1.2194 base=-0.0986 drift=0.000411 path=1.32 | Lg=+0.7721 | 3s
  250 acq  m=8 hq=0.021 fail | Dr=+0.027/+0.216 |Dr|max=0.282 Df=-0.124 | g r=0.962 f=0.985 p=0.999(0.002) max=1.814 | Ld=+0.8533 base=-0.109 drift=0.000364 path=0.962 | Lg=+0.7747 | 3s
  260 acq  m=8 hq=0.022 fail | Dr=-0.006/+0.202 |Dr|max=0.338 Df=-0.175 | g r=1.011 f=1.013 p=1.024(0.045) max=1.924 | Ld=+1.0203 base=-0.0967 drift=0.000391 path=1.12 | Lg=+0.8020 | 3s
  270 acq  m=8 hq=0.023 fail | Dr=+0.036/+0.203 |Dr|max=0.203 Df=-0.112 | g r=0.995 f=1.015 p=1.014(0.044) max=1.825 | Ld=+0.9551 base=-0.113 drift=0.000357 path=1.07 | Lg=+0.7712 | 3s
  280 acq  m=3 hq=0.009 fail | Dr=+0.081/+0.325 |Dr|max=0.325 Df=-0.066 | g r=1.015 f=1.030 p=1.024(0.012) max=1.829 | Ld=+0.9941 base=-0.128 drift=0.00122 path=1.12 | Lg=+0.7828 | 3s
  290 acq  m=6 hq=0.013 fail | Dr=+0.015/+0.214 |Dr|max=0.261 Df=-0.148 | g r=0.973 f=0.997 p=1.002(0.046) max=1.852 | Ld=+0.9361 base=-0.129 drift=0.000359 path=1.06 | Lg=+0.7867 | 4s
  300 acq  m=8 hq=0.014 fail | Dr=+0.041/+0.258 |Dr|max=0.258 Df=-0.090 | g r=0.978 f=0.993 p=1.004(0.026) max=1.888 | Ld=+0.9345 base=-0.123 drift=0.000682 path=1.06 | Lg=+0.7757 | 4s
  310 acq  m=6 hq=0.012 fail | Dr=+0.084/+0.363 |Dr|max=0.363 Df=-0.104 | g r=0.978 f=1.039 p=1.038(0.003) max=2.020 | Ld=+1.0146 base=-0.144 drift=0.000746 path=1.16 | Lg=+0.8018 | 4s
  320 acq  m=8 hq=0.016 fail | Dr=-0.041/+0.153 |Dr|max=0.334 Df=-0.237 | g r=1.025 f=1.002 p=1.019(0.010) max=1.987 | Ld=+0.8391 base=-0.156 drift=0.000496 path=0.995 | Lg=+0.8056 | 4s
  330 acq  m=8 hq=0.025 fail | Dr=+0.057/+0.231 |Dr|max=0.248 Df=-0.113 | g r=0.978 f=0.995 p=1.017(0.024) max=1.916 | Ld=+0.8992 base=-0.133 drift=0.000519 path=1.03 | Lg=+0.7823 | 4s
  340 acq  m=7 hq=0.021 fail | Dr=+0.007/+0.179 |Dr|max=0.262 Df=-0.158 | g r=0.986 f=0.986 p=0.998(0.034) max=1.902 | Ld=+0.8621 base=-0.127 drift=0.00039 path=0.989 | Lg=+0.7865 | 4s
  350 acq  m=7 hq=0.029 fail | Dr=+0.020/+0.192 |Dr|max=0.263 Df=-0.166 | g r=0.998 f=0.998 p=1.014(0.034) max=1.969 | Ld=+0.8655 base=-0.146 drift=0.000381 path=1.01 | Lg=+0.7996 | 4s
  360 acq  m=6 hq=0.028 fail | Dr=+0.022/+0.186 |Dr|max=0.256 Df=-0.156 | g r=1.005 f=1.032 p=1.030(0.022) max=2.022 | Ld=+0.9797 base=-0.129 drift=0.000413 path=1.11 | Lg=+0.7783 | 4s
  370 acq  m=7 hq=0.035 fail | Dr=-0.002/+0.200 |Dr|max=0.236 Df=-0.177 | g r=0.992 f=0.989 p=0.999(0.028) max=1.837 | Ld=+0.8418 base=-0.143 drift=0.000422 path=0.984 | Lg=+0.7920 | 4s
  380 acq  m=7 hq=0.034 fail | Dr=+0.023/+0.255 |Dr|max=0.273 Df=-0.144 | g r=1.019 f=1.003 p=1.011(0.047) max=1.995 | Ld=+0.8790 base=-0.148 drift=0.000507 path=1.03 | Lg=+0.8037 | 5s
  390 acq  m=7 hq=0.037 fail | Dr=-0.013/+0.162 |Dr|max=0.332 Df=-0.178 | g r=1.037 f=1.036 p=1.038(0.015) max=1.905 | Ld=+0.8857 base=-0.148 drift=0.000542 path=1.03 | Lg=+0.7928 | 5s
  400 acq  m=8 hq=0.023 fail | Dr=+0.146/+0.457 |Dr|max=0.457 Df=+0.093 | g r=1.135 f=1.322 p=1.338(0.041) max=2.631 | Ld=+1.6637 base=-0.069 drift=0.000901 path=1.73 | Lg=+0.7619 | 5s
  410 acq  m=2 hq=0.002 fail | Dr=-0.050/+0.260 |Dr|max=0.876 Df=-0.520 | g r=1.239 f=1.253 p=1.264(0.013) max=6.587 | Ld=+5.7641 base=1.59 drift=0.00426 path=4.17 | Lg=+1.4352 | 5s
  420 acq  m=0 hq=0.000 fail | Dr=+0.005/+0.306 |Dr|max=0.626 Df=+0.272 | g r=0.775 f=0.977 p=0.867(0.034) max=3.747 | Ld=+3.0298 base=0.141 drift=0.00365 path=2.88 | Lg=+0.6434 | 5s
  430 acq  m=2 hq=0.002 fail | Dr=-0.020/+0.242 |Dr|max=0.391 Df=-0.111 | g r=0.779 f=0.928 p=0.826(0.019) max=3.263 | Ld=+2.4041 base=0.0162 drift=0.00144 path=2.39 | Lg=+0.7014 | 5s
  440 acq  m=1 hq=0.008 fail | Dr=+0.037/+0.220 |Dr|max=0.245 Df=-0.023 | g r=0.755 f=0.829 p=0.863(0.014) max=3.294 | Ld=+2.0107 base=-0.0808 drift=0.000768 path=2.09 | Lg=+0.7422 | 5s
  450 acq  m=1 hq=0.002 fail | Dr=+0.082/+0.281 |Dr|max=0.281 Df=-0.078 | g r=0.767 f=0.883 p=0.862(0.022) max=3.106 | Ld=+1.7984 base=-0.142 drift=0.00137 path=1.94 | Lg=+0.7732 | 5s
  460 acq  m=3 hq=0.011 fail | Dr=+0.098/+0.328 |Dr|max=0.328 Df=-0.057 | g r=0.804 f=0.890 p=0.879(0.007) max=4.255 | Ld=+1.8685 base=-0.165 drift=0.00215 path=2.03 | Lg=+0.7917 | 6s
  470 acq  m=2 hq=0.002 fail | Dr=+0.083/+0.294 |Dr|max=0.294 Df=-0.113 | g r=0.807 f=0.887 p=0.878(0.013) max=3.414 | Ld=+1.7129 base=-0.203 drift=0.00155 path=1.91 | Lg=+0.8037 | 6s
  480 acq  m=5 hq=0.069 fail | Dr=+0.033/+0.230 |Dr|max=0.305 Df=-0.146 | g r=0.863 f=0.939 p=0.881(0.021) max=3.785 | Ld=+1.7285 base=-0.164 drift=0.00109 path=1.89 | Lg=+0.7900 | 6s
  490 acq  m=3 hq=0.043 fail | Dr=-0.015/+0.176 |Dr|max=0.312 Df=-0.181 | g r=0.864 f=0.955 p=0.880(0.014) max=3.376 | Ld=+1.5943 base=-0.145 drift=0.000771 path=1.74 | Lg=+0.7734 | 6s
  500 acq  m=5 hq=0.018 fail | Dr=-0.010/+0.178 |Dr|max=0.329 Df=-0.199 | g r=0.859 f=0.892 p=0.863(0.005) max=4.011 | Ld=+1.5150 base=-0.204 drift=0.000669 path=1.72 | Lg=+0.8104 | 6s
  510 acq  m=5 hq=0.020 fail | Dr=-0.018/+0.164 |Dr|max=0.389 Df=-0.237 | g r=0.868 f=0.912 p=0.877(0.013) max=2.981 | Ld=+1.4284 base=-0.219 drift=0.00124 path=1.65 | Lg=+0.8134 | 6s
  520 acq  m=5 hq=0.034 fail | Dr=+0.008/+0.201 |Dr|max=0.330 Df=-0.207 | g r=0.851 f=0.964 p=0.889(0.006) max=3.438 | Ld=+1.4919 base=-0.198 drift=0.00096 path=1.69 | Lg=+0.8048 | 6s
  530 acq  m=5 hq=0.055 fail | Dr=-0.011/+0.223 |Dr|max=0.373 Df=-0.234 | g r=0.872 f=0.934 p=0.893(0.017) max=3.155 | Ld=+1.5076 base=-0.249 drift=0.00123 path=1.76 | Lg=+0.8357 | 6s
  540 acq  m=3 hq=0.015 fail | Dr=-0.021/+0.241 |Dr|max=0.410 Df=-0.289 | g r=0.874 f=0.939 p=0.903(0.007) max=2.640 | Ld=+1.3673 base=-0.275 drift=0.00169 path=1.64 | Lg=+0.8454 | 7s
  550 acq  m=5 hq=0.025 fail | Dr=-0.030/+0.239 |Dr|max=0.451 Df=-0.296 | g r=0.891 f=0.901 p=0.891(0.027) max=2.643 | Ld=+1.2629 base=-0.264 drift=0.00218 path=1.52 | Lg=+0.8369 | 7s
  560 acq  m=5 hq=0.028 fail | Dr=+0.003/+0.208 |Dr|max=0.375 Df=-0.199 | g r=0.902 f=0.892 p=0.896(0.009) max=2.771 | Ld=+1.3799 base=-0.184 drift=0.00141 path=1.56 | Lg=+0.8039 | 7s
  570 acq  m=3 hq=0.005 fail | Dr=+0.023/+0.258 |Dr|max=0.303 Df=-0.197 | g r=0.896 f=0.876 p=0.899(0.024) max=3.284 | Ld=+1.3097 base=-0.242 drift=0.00109 path=1.55 | Lg=+0.8347 | 7s
  580 acq  m=6 hq=0.024 fail | Dr=+0.012/+0.304 |Dr|max=0.351 Df=-0.225 | g r=0.891 f=1.026 p=0.949(0.015) max=3.626 | Ld=+1.2471 base=-0.236 drift=0.00201 path=1.48 | Lg=+0.8277 | 7s
  590 acq  m=8 hq=0.026 fail | Dr=+0.023/+0.291 |Dr|max=0.315 Df=-0.156 | g r=0.880 f=0.931 p=0.905(0.015) max=2.995 | Ld=+1.3473 base=-0.222 drift=0.00161 path=1.57 | Lg=+0.8200 | 7s
  600 acq  m=6 hq=0.029 fail | Dr=+0.031/+0.215 |Dr|max=0.280 Df=-0.169 | g r=0.872 f=0.977 p=0.928(0.013) max=3.637 | Ld=+1.3726 base=-0.235 drift=0.000861 path=1.61 | Lg=+0.8429 | 7s
  610 acq  m=5 hq=0.015 fail | Dr=+0.008/+0.122 |Dr|max=0.312 Df=-0.255 | g r=0.868 f=0.862 p=0.904(0.029) max=2.867 | Ld=+1.2975 base=-0.261 drift=0.000509 path=1.56 | Lg=+0.8423 | 7s
  620 acq  m=5 hq=0.021 fail | Dr=-0.030/+0.159 |Dr|max=0.395 Df=-0.283 | g r=0.905 f=0.856 p=0.895(0.017) max=3.230 | Ld=+1.3199 base=-0.271 drift=0.000861 path=1.59 | Lg=+0.8410 | 7s
  630 acq  m=7 hq=0.034 fail | Dr=-0.027/+0.179 |Dr|max=0.391 Df=-0.275 | g r=0.937 f=0.932 p=0.917(0.035) max=3.475 | Ld=+1.3296 base=-0.236 drift=0.000976 path=1.56 | Lg=+0.8299 | 8s
  640 acq  m=5 hq=0.009 fail | Dr=-0.016/+0.120 |Dr|max=0.321 Df=-0.269 | g r=0.972 f=0.910 p=0.931(0.017) max=2.655 | Ld=+1.4306 base=-0.258 drift=0.000581 path=1.69 | Lg=+0.8368 | 8s
  650 acq  m=7 hq=0.033 fail | Dr=-0.004/+0.170 |Dr|max=0.307 Df=-0.250 | g r=0.945 f=0.879 p=0.920(0.032) max=2.806 | Ld=+1.3444 base=-0.24 drift=0.000667 path=1.58 | Lg=+0.8289 | 8s
  660 acq  m=8 hq=0.022 fail | Dr=-0.013/+0.157 |Dr|max=0.293 Df=-0.257 | g r=0.966 f=0.967 p=0.941(0.025) max=3.060 | Ld=+1.2717 base=-0.235 drift=0.000586 path=1.51 | Lg=+0.8243 | 8s
  670 acq  m=5 hq=0.014 fail | Dr=-0.010/+0.136 |Dr|max=0.314 Df=-0.248 | g r=0.983 f=0.929 p=0.924(0.022) max=2.772 | Ld=+1.3164 base=-0.232 drift=0.000469 path=1.55 | Lg=+0.8190 | 8s
  680 acq  m=7 hq=0.045 fail | Dr=-0.012/+0.118 |Dr|max=0.361 Df=-0.232 | g r=0.980 f=0.918 p=0.916(0.021) max=2.604 | Ld=+1.3076 base=-0.261 drift=0.000505 path=1.57 | Lg=+0.8383 | 8s
  690 acq  m=7 hq=0.049 fail | Dr=-0.016/+0.129 |Dr|max=0.352 Df=-0.252 | g r=0.941 f=0.938 p=0.922(0.011) max=3.385 | Ld=+1.1960 base=-0.256 drift=0.000593 path=1.45 | Lg=+0.8344 | 8s
  700 acq  m=5 hq=0.034 fail | Dr=-0.010/+0.122 |Dr|max=0.388 Df=-0.259 | g r=0.983 f=0.913 p=0.929(0.014) max=3.196 | Ld=+1.1944 base=-0.247 drift=0.000593 path=1.44 | Lg=+0.8284 | 8s
  710 acq  m=7 hq=0.054 fail | Dr=-0.012/+0.132 |Dr|max=0.367 Df=-0.254 | g r=0.977 f=0.863 p=0.917(0.012) max=2.915 | Ld=+1.3508 base=-0.268 drift=0.000771 path=1.62 | Lg=+0.8414 | 9s
  720 acq  m=2 hq=0.018 fail | Dr=-0.011/+0.147 |Dr|max=0.343 Df=-0.268 | g r=0.976 f=0.876 p=0.909(0.033) max=2.833 | Ld=+1.2423 base=-0.258 drift=0.000704 path=1.5 | Lg=+0.8414 | 9s
  730 acq  m=6 hq=0.044 fail | Dr=-0.006/+0.129 |Dr|max=0.344 Df=-0.242 | g r=0.983 f=0.909 p=0.923(0.018) max=2.715 | Ld=+1.2330 base=-0.243 drift=0.000525 path=1.48 | Lg=+0.8272 | 9s
  740 acq  m=4 hq=0.044 fail | Dr=-0.011/+0.129 |Dr|max=0.320 Df=-0.250 | g r=0.973 f=0.871 p=0.908(0.021) max=3.290 | Ld=+1.2182 base=-0.212 drift=0.000529 path=1.43 | Lg=+0.8114 | 9s
  750 acq  m=7 hq=0.039 fail | Dr=-0.002/+0.120 |Dr|max=0.314 Df=-0.234 | g r=0.976 f=0.919 p=0.902(0.038) max=2.625 | Ld=+1.2485 base=-0.254 drift=0.000414 path=1.5 | Lg=+0.8275 | 9s
  760 acq  m=6 hq=0.051 fail | Dr=+0.011/+0.135 |Dr|max=0.296 Df=-0.210 | g r=0.969 f=0.890 p=0.923(0.017) max=2.915 | Ld=+1.2636 base=-0.251 drift=0.000435 path=1.51 | Lg=+0.8355 | 9s
  770 acq  m=4 hq=0.038 fail | Dr=+0.013/+0.131 |Dr|max=0.300 Df=-0.218 | g r=0.948 f=0.866 p=0.910(0.025) max=3.017 | Ld=+1.2223 base=-0.25 drift=0.000384 path=1.47 | Lg=+0.8392 | 9s
  780 acq  m=8 hq=0.060 fail | Dr=+0.017/+0.154 |Dr|max=0.286 Df=-0.205 | g r=0.945 f=0.882 p=0.909(0.020) max=3.262 | Ld=+1.1633 base=-0.229 drift=0.000391 path=1.39 | Lg=+0.8209 | 9s
  790 acq  m=8 hq=0.070 fail | Dr=+0.004/+0.120 |Dr|max=0.286 Df=-0.224 | g r=0.924 f=0.855 p=0.910(0.018) max=3.096 | Ld=+1.1744 base=-0.242 drift=0.000402 path=1.42 | Lg=+0.8235 | 10s
  800 acq  m=6 hq=0.083 fail | Dr=+0.009/+0.129 |Dr|max=0.317 Df=-0.219 | g r=0.923 f=0.882 p=0.908(0.014) max=3.221 | Ld=+1.2796 base=-0.248 drift=0.000462 path=1.53 | Lg=+0.8305 | 10s
  810 acq  m=5 hq=0.057 fail | Dr=-0.014/+0.143 |Dr|max=0.378 Df=-0.294 | g r=0.923 f=0.932 p=0.935(0.006) max=2.721 | Ld=+1.1514 base=-0.262 drift=0.000831 path=1.41 | Lg=+0.8353 | 10s
  820 acq  m=4 hq=0.046 fail | Dr=-0.011/+0.144 |Dr|max=0.375 Df=-0.264 | g r=0.914 f=0.884 p=0.914(0.008) max=2.785 | Ld=+1.2512 base=-0.246 drift=0.000934 path=1.5 | Lg=+0.8376 | 10s
  830 acq  m=4 hq=0.030 fail | Dr=-0.011/+0.144 |Dr|max=0.391 Df=-0.274 | g r=0.912 f=0.850 p=0.912(0.006) max=2.397 | Ld=+1.1106 base=-0.278 drift=0.000874 path=1.39 | Lg=+0.8480 | 10s
  840 acq  m=8 hq=0.060 fail | Dr=-0.014/+0.141 |Dr|max=0.373 Df=-0.238 | g r=0.921 f=0.886 p=0.917(0.029) max=2.376 | Ld=+1.1975 base=-0.237 drift=0.000715 path=1.43 | Lg=+0.8224 | 10s
  850 acq  m=4 hq=0.092 fail | Dr=+0.002/+0.149 |Dr|max=0.336 Df=-0.249 | g r=0.925 f=0.926 p=0.925(0.051) max=2.437 | Ld=+1.1523 base=-0.202 drift=0.000713 path=1.35 | Lg=+0.8059 | 10s
  860 acq  m=4 hq=0.007 fail | Dr=-0.011/+0.153 |Dr|max=0.344 Df=-0.276 | g r=0.929 f=0.878 p=0.907(0.005) max=2.849 | Ld=+1.1626 base=-0.232 drift=0.000818 path=1.39 | Lg=+0.8172 | 10s
  870 acq  m=6 hq=0.016 fail | Dr=-0.015/+0.139 |Dr|max=0.340 Df=-0.278 | g r=0.925 f=0.912 p=0.926(0.018) max=2.758 | Ld=+1.1302 base=-0.25 drift=0.000656 path=1.38 | Lg=+0.8347 | 10s
  880 acq  m=6 hq=0.077 fail | Dr=-0.017/+0.130 |Dr|max=0.376 Df=-0.254 | g r=0.897 f=0.874 p=0.915(0.017) max=2.552 | Ld=+1.2572 base=-0.226 drift=0.000653 path=1.48 | Lg=+0.8126 | 11s
  890 acq  m=2 hq=0.015 fail | Dr=-0.012/+0.133 |Dr|max=0.392 Df=-0.252 | g r=0.914 f=0.849 p=0.920(0.010) max=2.696 | Ld=+1.2357 base=-0.228 drift=0.000657 path=1.46 | Lg=+0.8193 | 11s
  900 acq  m=5 hq=0.064 fail | Dr=-0.006/+0.136 |Dr|max=0.371 Df=-0.207 | g r=0.918 f=0.908 p=0.919(0.019) max=2.615 | Ld=+1.1731 base=-0.224 drift=0.000532 path=1.4 | Lg=+0.8197 | 11s
  910 acq  m=2 hq=0.012 fail | Dr=-0.006/+0.131 |Dr|max=0.347 Df=-0.302 | g r=0.902 f=0.916 p=0.913(0.007) max=2.552 | Ld=+1.1680 base=-0.255 drift=0.000446 path=1.42 | Lg=+0.8336 | 11s
  920 acq  m=1 hq=0.009 fail | Dr=-0.000/+0.206 |Dr|max=0.301 Df=-0.352 | g r=0.874 f=0.847 p=0.908(0.010) max=2.515 | Ld=+1.0922 base=-0.339 drift=0.000741 path=1.43 | Lg=+0.8803 | 11s
  930 acq  m=7 hq=0.128 fail | Dr=-0.030/+0.189 |Dr|max=0.335 Df=-0.235 | g r=0.934 f=0.956 p=0.920(0.028) max=2.584 | Ld=+1.3233 base=-0.205 drift=0.000906 path=1.53 | Lg=+0.8003 | 11s
  940 acq  m=5 hq=0.055 fail | Dr=-0.027/+0.189 |Dr|max=0.355 Df=-0.274 | g r=0.971 f=0.943 p=0.916(0.012) max=2.767 | Ld=+1.1536 base=-0.25 drift=0.000981 path=1.4 | Lg=+0.8364 | 11s
  950 acq  m=8 hq=0.042 fail | Dr=-0.019/+0.195 |Dr|max=0.363 Df=-0.263 | g r=0.942 f=0.909 p=0.920(0.005) max=2.533 | Ld=+1.1310 base=-0.211 drift=0.000925 path=1.34 | Lg=+0.8101 | 11s
  960 acq  m=6 hq=0.116 fail | Dr=-0.013/+0.187 |Dr|max=0.362 Df=-0.243 | g r=0.932 f=0.903 p=0.929(0.012) max=2.492 | Ld=+0.9991 base=-0.257 drift=0.000833 path=1.26 | Lg=+0.8345 | 12s
  970 acq  m=6 hq=0.059 fail | Dr=-0.000/+0.217 |Dr|max=0.389 Df=-0.261 | g r=0.926 f=0.891 p=0.919(0.012) max=2.441 | Ld=+1.1542 base=-0.266 drift=0.00099 path=1.42 | Lg=+0.8408 | 12s
  980 acq  m=7 hq=0.107 fail | Dr=-0.008/+0.202 |Dr|max=0.355 Df=-0.223 | g r=0.918 f=0.902 p=0.923(0.026) max=2.633 | Ld=+0.9334 base=-0.245 drift=0.000834 path=1.18 | Lg=+0.8253 | 12s
  990 acq  m=6 hq=0.214 fail | Dr=-0.011/+0.210 |Dr|max=0.379 Df=-0.206 | g r=0.911 f=0.915 p=0.920(0.044) max=2.185 | Ld=+1.0163 base=-0.211 drift=0.000823 path=1.23 | Lg=+0.8062 | 12s
 1000 acq  m=2 hq=0.006 fail | Dr=-0.014/+0.198 |Dr|max=0.374 Df=-0.259 | g r=0.915 f=0.936 p=0.927(0.025) max=2.341 | Ld=+0.9561 base=-0.243 drift=0.000875 path=1.2 | Lg=+0.8272 | 12s
 1010 acq  m=3 hq=0.045 fail | Dr=+0.017/+0.180 |Dr|max=0.319 Df=-0.284 | g r=0.910 f=0.786 p=0.906(0.036) max=2.187 | Ld=+0.9385 base=-0.275 drift=0.000691 path=1.21 | Lg=+0.8501 | 12s
 1020 acq  m=5 hq=0.043 fail | Dr=+0.013/+0.251 |Dr|max=0.376 Df=-0.272 | g r=0.900 f=0.815 p=0.907(0.036) max=2.313 | Ld=+0.9246 base=-0.296 drift=0.00121 path=1.22 | Lg=+0.8631 | 12s
 1030 acq  m=4 hq=0.022 fail | Dr=+0.004/+0.285 |Dr|max=0.431 Df=-0.298 | g r=0.907 f=0.923 p=0.917(0.020) max=2.475 | Ld=+0.8520 base=-0.276 drift=0.00182 path=1.13 | Lg=+0.8457 | 12s
 1040 acq  m=7 hq=0.126 fail | Dr=-0.010/+0.293 |Dr|max=0.451 Df=-0.234 | g r=0.903 f=0.888 p=0.919(0.018) max=1.981 | Ld=+0.8936 base=-0.257 drift=0.0022 path=1.15 | Lg=+0.8330 | 13s
 1050 acq  m=6 hq=0.084 fail | Dr=+0.021/+0.227 |Dr|max=0.324 Df=-0.202 | g r=0.894 f=0.902 p=0.923(0.021) max=2.339 | Ld=+1.0581 base=-0.226 drift=0.00116 path=1.28 | Lg=+0.8208 | 13s
 1060 acq  m=7 hq=0.090 fail | Dr=+0.019/+0.192 |Dr|max=0.287 Df=-0.209 | g r=0.879 f=0.847 p=0.919(0.013) max=2.254 | Ld=+1.0091 base=-0.211 drift=0.000766 path=1.22 | Lg=+0.8081 | 13s
 1070 acq  m=6 hq=0.040 fail | Dr=+0.012/+0.171 |Dr|max=0.299 Df=-0.268 | g r=0.879 f=0.853 p=0.904(0.018) max=2.402 | Ld=+1.0042 base=-0.219 drift=0.000691 path=1.22 | Lg=+0.8141 | 13s
 1080 acq  m=8 hq=0.101 fail | Dr=+0.008/+0.178 |Dr|max=0.305 Df=-0.233 | g r=0.892 f=0.856 p=0.914(0.033) max=2.146 | Ld=+0.9216 base=-0.255 drift=0.000606 path=1.18 | Lg=+0.8316 | 13s
 1090 acq  m=4 hq=0.022 fail | Dr=+0.010/+0.165 |Dr|max=0.278 Df=-0.260 | g r=0.873 f=0.900 p=0.929(0.031) max=2.172 | Ld=+0.8566 base=-0.274 drift=0.000498 path=1.13 | Lg=+0.8459 | 13s
 1100 acq  m=5 hq=0.071 fail | Dr=+0.013/+0.187 |Dr|max=0.270 Df=-0.243 | g r=0.878 f=0.898 p=0.920(0.006) max=2.260 | Ld=+0.9096 base=-0.244 drift=0.000547 path=1.15 | Lg=+0.8264 | 13s
 1110 acq  m=7 hq=0.107 fail | Dr=+0.008/+0.202 |Dr|max=0.275 Df=-0.257 | g r=0.884 f=0.829 p=0.917(0.012) max=2.022 | Ld=+0.7761 base=-0.257 drift=0.000581 path=1.03 | Lg=+0.8361 | 13s
 1120 acq  m=7 hq=0.119 fail | Dr=+0.007/+0.207 |Dr|max=0.279 Df=-0.212 | g r=0.886 f=0.888 p=0.923(0.014) max=1.984 | Ld=+0.8203 base=-0.278 drift=0.000532 path=1.1 | Lg=+0.8412 | 13s
 1130 acq  m=4 hq=0.094 fail | Dr=+0.010/+0.189 |Dr|max=0.265 Df=-0.254 | g r=0.883 f=0.943 p=0.933(0.034) max=1.860 | Ld=+0.7339 base=-0.284 drift=0.000514 path=1.02 | Lg=+0.8517 | 14s
 1140 acq  m=3 hq=0.098 fail | Dr=-0.006/+0.158 |Dr|max=0.301 Df=-0.262 | g r=0.884 f=0.939 p=0.940(0.005) max=2.246 | Ld=+0.6413 base=-0.299 drift=0.000502 path=0.939 | Lg=+0.8642 | 14s
 1150 acq  m=4 hq=0.058 fail | Dr=-0.007/+0.164 |Dr|max=0.326 Df=-0.244 | g r=0.892 f=0.907 p=0.924(0.013) max=2.324 | Ld=+0.7112 base=-0.268 drift=0.000664 path=0.978 | Lg=+0.8393 | 14s
 1160 acq  m=5 hq=0.113 fail | Dr=-0.016/+0.146 |Dr|max=0.355 Df=-0.248 | g r=0.892 f=0.862 p=0.919(0.028) max=2.066 | Ld=+0.7158 base=-0.247 drift=0.000875 path=0.962 | Lg=+0.8273 | 14s
 1170 acq  m=8 hq=0.142 fail | Dr=-0.007/+0.148 |Dr|max=0.329 Df=-0.238 | g r=0.892 f=0.924 p=0.935(0.025) max=2.108 | Ld=+0.7552 base=-0.239 drift=0.000689 path=0.993 | Lg=+0.8236 | 14s
 1180 acq  m=3 hq=0.113 fail | Dr=-0.014/+0.135 |Dr|max=0.335 Df=-0.246 | g r=0.880 f=0.929 p=0.931(0.057) max=1.872 | Ld=+0.7544 base=-0.231 drift=0.000732 path=0.985 | Lg=+0.8124 | 14s
 1190 acq  m=5 hq=0.103 fail | Dr=-0.008/+0.177 |Dr|max=0.322 Df=-0.215 | g r=0.888 f=0.949 p=0.923(0.034) max=1.937 | Ld=+0.7713 base=-0.228 drift=0.000637 path=0.998 | Lg=+0.8197 | 14s
 1200 acq  m=5 hq=0.059 fail | Dr=+0.012/+0.165 |Dr|max=0.287 Df=-0.231 | g r=0.907 f=0.930 p=0.950(0.007) max=1.903 | Ld=+0.7702 base=-0.21 drift=0.000515 path=0.98 | Lg=+0.8102 | 14s
 1210 hold m=5 hq=0.137 fail | Dr=+0.002/+0.162 |Dr|max=0.334 Df=-0.241 | g r=0.886 f=0.920 p=0.923(0.017) max=1.822 | Ld=+0.7568 base=-0.237 drift=0.000645 path=0.993 | Lg=+0.8231 | 15s
 1220 hold m=6 hq=0.145 fail | Dr=+0.001/+0.165 |Dr|max=0.334 Df=-0.209 | g r=0.888 f=0.905 p=0.923(0.042) max=1.810 | Ld=+0.7252 base=-0.237 drift=0.000679 path=0.961 | Lg=+0.8219 | 15s
 1230 hold m=4 hq=0.047 fail | Dr=-0.001/+0.168 |Dr|max=0.329 Df=-0.268 | g r=0.900 f=0.931 p=0.937(0.056) max=1.836 | Ld=+0.6856 base=-0.255 drift=0.000723 path=0.94 | Lg=+0.8324 | 15s
 1240 hold m=4 hq=0.093 fail | Dr=-0.003/+0.186 |Dr|max=0.359 Df=-0.236 | g r=0.908 f=0.951 p=0.933(0.017) max=1.741 | Ld=+0.6862 base=-0.246 drift=0.000689 path=0.932 | Lg=+0.8316 | 15s
 1250 hold m=6 hq=0.228 fail | Dr=+0.012/+0.193 |Dr|max=0.346 Df=-0.169 | g r=0.916 f=0.977 p=0.944(0.032) max=1.761 | Ld=+0.7595 base=-0.184 drift=0.000843 path=0.943 | Lg=+0.7929 | 15s
 1260 hold m=6 hq=0.265 fail | Dr=+0.009/+0.193 |Dr|max=0.375 Df=-0.166 | g r=0.901 f=0.911 p=0.929(0.005) max=1.900 | Ld=+0.7480 base=-0.21 drift=0.000842 path=0.958 | Lg=+0.8182 | 15s
 1270 hold m=5 hq=0.088 fail | Dr=+0.014/+0.174 |Dr|max=0.285 Df=-0.211 | g r=0.903 f=0.972 p=0.943(0.007) max=1.787 | Ld=+0.6195 base=-0.263 drift=0.000653 path=0.882 | Lg=+0.8353 | 15s
 1280 hold m=6 hq=0.091 fail | Dr=+0.013/+0.154 |Dr|max=0.325 Df=-0.263 | g r=0.895 f=0.894 p=0.927(0.024) max=2.009 | Ld=+0.6380 base=-0.308 drift=0.00063 path=0.945 | Lg=+0.8651 | 15s
 1290 hold m=7 hq=0.136 fail | Dr=+0.002/+0.155 |Dr|max=0.340 Df=-0.221 | g r=0.915 f=0.942 p=0.939(0.018) max=1.952 | Ld=+0.6218 base=-0.251 drift=0.000682 path=0.872 | Lg=+0.8292 | 15s
 1300 hold m=7 hq=0.104 fail | Dr=-0.001/+0.160 |Dr|max=0.357 Df=-0.196 | g r=0.899 f=0.943 p=0.932(0.013) max=1.918 | Ld=+0.6409 base=-0.267 drift=0.000682 path=0.907 | Lg=+0.8420 | 16s
 1310 hold m=5 hq=0.028 fail | Dr=+0.007/+0.165 |Dr|max=0.296 Df=-0.245 | g r=0.917 f=0.925 p=0.934(0.013) max=2.009 | Ld=+0.6930 base=-0.27 drift=0.000612 path=0.962 | Lg=+0.8452 | 16s
 1320 hold m=3 hq=0.041 fail | Dr=+0.012/+0.161 |Dr|max=0.260 Df=-0.246 | g r=0.917 f=0.933 p=0.943(0.033) max=1.938 | Ld=+0.6108 base=-0.26 drift=0.000467 path=0.871 | Lg=+0.8358 | 16s
 1330 hold m=6 hq=0.225 fail | Dr=+0.005/+0.164 |Dr|max=0.317 Df=-0.197 | g r=0.910 f=0.967 p=0.934(0.024) max=1.819 | Ld=+0.6617 base=-0.209 drift=0.000567 path=0.87 | Lg=+0.8098 | 16s
 1340 hold m=7 hq=0.161 fail | Dr=+0.008/+0.164 |Dr|max=0.328 Df=-0.193 | g r=0.908 f=0.991 p=0.931(0.040) max=1.881 | Ld=+0.7786 base=-0.192 drift=0.000575 path=0.97 | Lg=+0.7965 | 16s
 1350 hold m=7 hq=0.172 fail | Dr=+0.014/+0.160 |Dr|max=0.273 Df=-0.185 | g r=0.917 f=0.990 p=0.941(0.041) max=1.786 | Ld=+0.7246 base=-0.177 drift=0.000529 path=0.901 | Lg=+0.7856 | 16s
 1360 hold m=6 hq=0.143 fail | Dr=-0.004/+0.131 |Dr|max=0.273 Df=-0.235 | g r=0.895 f=0.923 p=0.928(0.030) max=1.695 | Ld=+0.6524 base=-0.212 drift=0.000426 path=0.864 | Lg=+0.8090 | 16s
 1370 hold m=3 hq=0.015 fail | Dr=-0.006/+0.125 |Dr|max=0.279 Df=-0.252 | g r=0.918 f=0.927 p=0.939(0.024) max=1.758 | Ld=+0.6161 base=-0.244 drift=0.000391 path=0.859 | Lg=+0.8287 | 16s
 1380 hold m=4 hq=0.012 fail | Dr=+0.010/+0.145 |Dr|max=0.275 Df=-0.205 | g r=0.904 f=0.955 p=0.934(0.003) max=1.890 | Ld=+0.6515 base=-0.222 drift=0.000403 path=0.873 | Lg=+0.8179 | 17s
 1390 hold m=7 hq=0.215 fail | Dr=-0.001/+0.131 |Dr|max=0.289 Df=-0.195 | g r=0.913 f=0.961 p=0.934(0.022) max=1.911 | Ld=+0.6292 base=-0.209 drift=0.000464 path=0.838 | Lg=+0.8046 | 17s
 1400 hold m=5 hq=0.128 fail | Dr=+0.000/+0.151 |Dr|max=0.308 Df=-0.211 | g r=0.920 f=0.951 p=0.938(0.026) max=2.078 | Ld=+0.6581 base=-0.191 drift=0.00056 path=0.849 | Lg=+0.8000 | 17s
 1410 hold m=7 hq=0.237 fail | Dr=-0.002/+0.152 |Dr|max=0.314 Df=-0.176 | g r=0.913 f=0.971 p=0.937(0.044) max=1.834 | Ld=+0.6409 base=-0.186 drift=0.00063 path=0.826 | Lg=+0.7957 | 17s
 1420 hold m=5 hq=0.221 fail | Dr=-0.005/+0.156 |Dr|max=0.337 Df=-0.223 | g r=0.932 f=0.972 p=0.945(0.015) max=1.814 | Ld=+0.6878 base=-0.154 drift=0.00065 path=0.841 | Lg=+0.7766 | 17s
 1430 hold m=7 hq=0.075 fail | Dr=-0.009/+0.152 |Dr|max=0.337 Df=-0.234 | g r=0.917 f=0.873 p=0.926(0.045) max=1.866 | Ld=+0.5884 base=-0.207 drift=0.000719 path=0.794 | Lg=+0.8096 | 17s
 1440 hold m=4 hq=0.065 fail | Dr=-0.008/+0.144 |Dr|max=0.342 Df=-0.207 | g r=0.917 f=0.991 p=0.943(0.017) max=1.848 | Ld=+0.7393 base=-0.161 drift=0.000713 path=0.9 | Lg=+0.7864 | 17s
 1450 hold m=5 hq=0.116 fail | Dr=-0.011/+0.163 |Dr|max=0.348 Df=-0.230 | g r=0.914 f=0.989 p=0.933(0.012) max=1.753 | Ld=+0.5474 base=-0.235 drift=0.000934 path=0.781 | Lg=+0.8214 | 17s
 1460 hold m=5 hq=0.045 fail | Dr=+0.007/+0.167 |Dr|max=0.346 Df=-0.202 | g r=0.917 f=0.931 p=0.939(0.012) max=2.012 | Ld=+0.5746 base=-0.208 drift=0.000685 path=0.782 | Lg=+0.8079 | 17s
 1470 hold m=4 hq=0.115 fail | Dr=+0.002/+0.169 |Dr|max=0.382 Df=-0.211 | g r=0.915 f=0.990 p=0.938(0.046) max=1.953 | Ld=+0.5889 base=-0.232 drift=0.000771 path=0.821 | Lg=+0.8254 | 18s
 1480 hold m=5 hq=0.135 fail | Dr=-0.005/+0.167 |Dr|max=0.404 Df=-0.199 | g r=0.909 f=0.947 p=0.927(0.022) max=1.969 | Ld=+0.5594 base=-0.245 drift=0.000765 path=0.804 | Lg=+0.8320 | 18s
 1490 hold m=8 hq=0.176 fail | Dr=+0.000/+0.157 |Dr|max=0.356 Df=-0.224 | g r=0.919 f=0.950 p=0.946(0.024) max=1.914 | Ld=+0.5332 base=-0.228 drift=0.000801 path=0.76 | Lg=+0.8157 | 18s
 1500 hold m=7 hq=0.182 fail | Dr=-0.001/+0.156 |Dr|max=0.369 Df=-0.205 | g r=0.914 f=0.936 p=0.940(0.046) max=1.819 | Ld=+0.5844 base=-0.24 drift=0.000853 path=0.823 | Lg=+0.8251 | 18s
 1510 hold m=4 hq=0.126 fail | Dr=-0.007/+0.163 |Dr|max=0.395 Df=-0.221 | g r=0.915 f=0.962 p=0.934(0.041) max=1.845 | Ld=+0.6515 base=-0.221 drift=0.000978 path=0.872 | Lg=+0.8102 | 18s
 1520 hold m=5 hq=0.024 fail | Dr=-0.004/+0.164 |Dr|max=0.410 Df=-0.259 | g r=0.916 f=0.901 p=0.935(0.024) max=1.917 | Ld=+0.6631 base=-0.183 drift=0.00106 path=0.845 | Lg=+0.7955 | 18s
 1530 hold m=8 hq=0.186 fail | Dr=-0.005/+0.152 |Dr|max=0.389 Df=-0.180 | g r=0.926 f=0.876 p=0.935(0.038) max=1.902 | Ld=+0.5614 base=-0.227 drift=0.000844 path=0.787 | Lg=+0.8190 | 18s
 1540 hold m=8 hq=0.301 fail | Dr=-0.004/+0.162 |Dr|max=0.403 Df=-0.177 | g r=0.924 f=1.016 p=0.949(0.041) max=1.769 | Ld=+0.6996 base=-0.181 drift=0.000855 path=0.88 | Lg=+0.7897 | 18s
 1550 hold m=7 hq=0.269 fail | Dr=-0.002/+0.139 |Dr|max=0.369 Df=-0.172 | g r=0.902 f=0.927 p=0.932(0.047) max=1.770 | Ld=+0.6498 base=-0.176 drift=0.000631 path=0.825 | Lg=+0.7870 | 19s
 1560 hold m=8 hq=0.224 fail | Dr=-0.001/+0.138 |Dr|max=0.360 Df=-0.197 | g r=0.912 f=0.930 p=0.936(0.038) max=1.726 | Ld=+0.5803 base=-0.172 drift=0.000744 path=0.751 | Lg=+0.7883 | 19s
 1570 hold m=5 hq=0.194 fail | Dr=-0.014/+0.116 |Dr|max=0.312 Df=-0.202 | g r=0.909 f=0.933 p=0.933(0.007) max=1.773 | Ld=+0.4888 base=-0.25 drift=0.000605 path=0.738 | Lg=+0.8315 | 19s
 1580 hold m=6 hq=0.177 fail | Dr=-0.007/+0.122 |Dr|max=0.323 Df=-0.220 | g r=0.915 f=0.974 p=0.945(0.020) max=1.871 | Ld=+0.5938 base=-0.18 drift=0.000565 path=0.773 | Lg=+0.7925 | 19s
 1590 hold m=6 hq=0.184 fail | Dr=-0.002/+0.113 |Dr|max=0.271 Df=-0.220 | g r=0.900 f=0.936 p=0.921(0.022) max=1.762 | Ld=+0.5422 base=-0.227 drift=0.000481 path=0.768 | Lg=+0.8166 | 19s
 1600 hold m=4 hq=0.167 fail | Dr=+0.001/+0.117 |Dr|max=0.283 Df=-0.154 | g r=0.910 f=0.975 p=0.920(0.020) max=1.853 | Ld=+0.5957 base=-0.175 drift=0.000514 path=0.77 | Lg=+0.7881 | 19s
 1610 hold m=4 hq=0.142 fail | Dr=-0.010/+0.108 |Dr|max=0.309 Df=-0.247 | g r=0.912 f=0.972 p=0.949(0.047) max=1.823 | Ld=+0.6187 base=-0.168 drift=0.000535 path=0.786 | Lg=+0.7857 | 19s
 1620 hold m=6 hq=0.074 fail | Dr=-0.006/+0.114 |Dr|max=0.316 Df=-0.248 | g r=0.926 f=0.984 p=0.945(0.012) max=1.808 | Ld=+0.6092 base=-0.195 drift=0.000514 path=0.803 | Lg=+0.8042 | 19s
 1630 hold m=8 hq=0.308 fail | Dr=-0.004/+0.125 |Dr|max=0.318 Df=-0.175 | g r=0.910 f=0.951 p=0.932(0.029) max=1.819 | Ld=+0.6028 base=-0.157 drift=0.000517 path=0.759 | Lg=+0.7780 | 20s
 1640 hold m=6 hq=0.426 fail | Dr=+0.000/+0.122 |Dr|max=0.309 Df=-0.138 | g r=0.912 f=0.933 p=0.926(0.024) max=1.805 | Ld=+0.5388 base=-0.193 drift=0.000496 path=0.731 | Lg=+0.7990 | 20s
 1650 hold m=7 hq=0.203 fail | Dr=+0.002/+0.137 |Dr|max=0.296 Df=-0.174 | g r=0.917 f=0.914 p=0.933(0.044) max=1.777 | Ld=+0.5010 base=-0.212 drift=0.000571 path=0.712 | Lg=+0.8151 | 20s
 1660 hold m=7 hq=0.154 fail | Dr=-0.014/+0.129 |Dr|max=0.311 Df=-0.218 | g r=0.900 f=0.908 p=0.915(0.043) max=1.708 | Ld=+0.5752 base=-0.218 drift=0.000516 path=0.793 | Lg=+0.8109 | 20s
 1670 hold m=8 hq=0.291 fail | Dr=-0.007/+0.141 |Dr|max=0.290 Df=-0.154 | g r=0.915 f=0.958 p=0.932(0.051) max=1.763 | Ld=+0.5656 base=-0.203 drift=0.000505 path=0.768 | Lg=+0.8053 | 20s
 1680 hold m=4 hq=0.154 fail | Dr=+0.003/+0.143 |Dr|max=0.281 Df=-0.207 | g r=0.916 f=0.900 p=0.941(0.015) max=1.790 | Ld=+0.5613 base=-0.195 drift=0.000522 path=0.756 | Lg=+0.8061 | 20s
 1690 hold m=8 hq=0.173 fail | Dr=-0.003/+0.125 |Dr|max=0.292 Df=-0.192 | g r=0.918 f=0.916 p=0.948(0.027) max=1.715 | Ld=+0.4937 base=-0.229 drift=0.000511 path=0.722 | Lg=+0.8211 | 20s
 1700 hold m=5 hq=0.115 fail | Dr=+0.001/+0.122 |Dr|max=0.281 Df=-0.169 | g r=0.909 f=0.915 p=0.927(0.045) max=1.754 | Ld=+0.5398 base=-0.18 drift=0.000506 path=0.719 | Lg=+0.7881 | 20s
 1710 hold m=7 hq=0.139 fail | Dr=+0.006/+0.128 |Dr|max=0.294 Df=-0.201 | g r=0.931 f=0.955 p=0.955(0.044) max=1.823 | Ld=+0.6305 base=-0.142 drift=0.000527 path=0.772 | Lg=+0.7787 | 21s
 1720 hold m=6 hq=0.126 fail | Dr=+0.004/+0.121 |Dr|max=0.292 Df=-0.164 | g r=0.909 f=0.951 p=0.947(0.001) max=1.694 | Ld=+0.6812 base=-0.158 drift=0.000512 path=0.839 | Lg=+0.7813 | 21s
 1730 hold m=5 hq=0.213 fail | Dr=-0.006/+0.131 |Dr|max=0.300 Df=-0.210 | g r=0.905 f=0.906 p=0.935(0.046) max=1.738 | Ld=+0.5256 base=-0.221 drift=0.000498 path=0.746 | Lg=+0.8146 | 21s
 1740 hold m=8 hq=0.275 fail | Dr=-0.002/+0.141 |Dr|max=0.303 Df=-0.179 | g r=0.911 f=0.927 p=0.935(0.031) max=1.725 | Ld=+0.6352 base=-0.153 drift=0.00053 path=0.787 | Lg=+0.7742 | 21s
 1750 hold m=7 hq=0.212 fail | Dr=+0.002/+0.144 |Dr|max=0.320 Df=-0.167 | g r=0.914 f=0.963 p=0.944(0.023) max=1.903 | Ld=+0.5604 base=-0.197 drift=0.000516 path=0.757 | Lg=+0.7981 | 21s
 1760 hold m=7 hq=0.135 fail | Dr=-0.001/+0.137 |Dr|max=0.312 Df=-0.221 | g r=0.917 f=1.001 p=0.947(0.026) max=1.736 | Ld=+0.6176 base=-0.165 drift=0.000515 path=0.782 | Lg=+0.7851 | 21s
 1770 hold m=8 hq=0.197 fail | Dr=-0.003/+0.145 |Dr|max=0.302 Df=-0.184 | g r=0.913 f=0.963 p=0.943(0.026) max=1.784 | Ld=+0.5899 base=-0.171 drift=0.000503 path=0.76 | Lg=+0.7855 | 21s
 1780 hold m=7 hq=0.300 fail | Dr=+0.002/+0.146 |Dr|max=0.303 Df=-0.184 | g r=0.932 f=0.993 p=0.965(0.016) max=1.754 | Ld=+0.5757 base=-0.182 drift=0.000477 path=0.757 | Lg=+0.7927 | 21s
 1790 hold m=3 hq=0.127 fail | Dr=-0.001/+0.138 |Dr|max=0.306 Df=-0.211 | g r=0.920 f=0.985 p=0.951(0.013) max=1.691 | Ld=+0.5679 base=-0.197 drift=0.000472 path=0.764 | Lg=+0.8055 | 22s
 1800 hold m=8 hq=0.310 fail | Dr=-0.001/+0.129 |Dr|max=0.314 Df=-0.181 | g r=0.933 f=0.944 p=0.951(0.039) max=1.671 | Ld=+0.6141 base=-0.154 drift=0.000484 path=0.768 | Lg=+0.7757 | 22s
 1810 hold m=4 hq=0.163 fail | Dr=+0.002/+0.135 |Dr|max=0.300 Df=-0.189 | g r=0.907 f=0.962 p=0.941(0.022) max=1.650 | Ld=+0.5697 base=-0.156 drift=0.000498 path=0.726 | Lg=+0.7758 | 22s
 1820 hold m=7 hq=0.162 fail | Dr=-0.003/+0.137 |Dr|max=0.307 Df=-0.199 | g r=0.911 f=0.953 p=0.943(0.024) max=1.718 | Ld=+0.5269 base=-0.186 drift=0.000471 path=0.712 | Lg=+0.7973 | 22s
 1830 hold m=4 hq=0.156 fail | Dr=+0.005/+0.144 |Dr|max=0.298 Df=-0.246 | g r=0.917 f=0.914 p=0.947(0.014) max=1.679 | Ld=+0.5240 base=-0.186 drift=0.000488 path=0.709 | Lg=+0.7946 | 22s
 1840 hold m=8 hq=0.169 fail | Dr=-0.004/+0.141 |Dr|max=0.312 Df=-0.205 | g r=0.902 f=0.971 p=0.934(0.031) max=1.668 | Ld=+0.5895 base=-0.164 drift=0.000516 path=0.753 | Lg=+0.7781 | 22s
 1850 hold m=7 hq=0.275 fail | Dr=-0.004/+0.147 |Dr|max=0.305 Df=-0.183 | g r=0.909 f=0.925 p=0.937(0.014) max=1.789 | Ld=+0.6249 base=-0.14 drift=0.000526 path=0.764 | Lg=+0.7703 | 22s
 1860 hold m=8 hq=0.331 fail | Dr=+0.006/+0.132 |Dr|max=0.325 Df=-0.134 | g r=0.919 f=0.887 p=0.947(0.006) max=1.643 | Ld=+0.5411 base=-0.203 drift=0.000488 path=0.744 | Lg=+0.8081 | 22s
 1870 hold m=7 hq=0.367 fail | Dr=+0.001/+0.130 |Dr|max=0.323 Df=-0.153 | g r=0.919 f=1.014 p=0.957(0.016) max=1.690 | Ld=+0.5810 base=-0.139 drift=0.000515 path=0.719 | Lg=+0.7711 | 23s
 1880 hold m=5 hq=0.190 fail | Dr=-0.010/+0.132 |Dr|max=0.313 Df=-0.181 | g r=0.901 f=0.964 p=0.943(0.031) max=1.649 | Ld=+0.5034 base=-0.202 drift=0.000492 path=0.705 | Lg=+0.8058 | 23s
 1890 hold m=7 hq=0.160 fail | Dr=+0.002/+0.144 |Dr|max=0.314 Df=-0.215 | g r=0.912 f=1.023 p=0.951(0.022) max=1.597 | Ld=+0.5880 base=-0.168 drift=0.000508 path=0.756 | Lg=+0.7828 | 23s
 1900 hold m=7 hq=0.316 fail | Dr=-0.003/+0.147 |Dr|max=0.323 Df=-0.175 | g r=0.929 f=1.043 p=0.968(0.022) max=1.679 | Ld=+0.5096 base=-0.171 drift=0.000532 path=0.68 | Lg=+0.7865 | 23s
 1910 hold m=6 hq=0.323 fail | Dr=-0.002/+0.141 |Dr|max=0.312 Df=-0.187 | g r=0.907 f=0.994 p=0.942(0.012) max=1.693 | Ld=+0.5158 base=-0.165 drift=0.00049 path=0.68 | Lg=+0.7828 | 23s
 1920 hold m=7 hq=0.259 fail | Dr=-0.001/+0.150 |Dr|max=0.318 Df=-0.189 | g r=0.927 f=0.977 p=0.956(0.040) max=1.745 | Ld=+0.5213 base=-0.162 drift=0.000566 path=0.683 | Lg=+0.7856 | 23s
 1930 hold m=7 hq=0.158 fail | Dr=-0.001/+0.161 |Dr|max=0.319 Df=-0.180 | g r=0.926 f=0.978 p=0.960(0.004) max=1.697 | Ld=+0.5860 base=-0.128 drift=0.000597 path=0.714 | Lg=+0.7683 | 23s
 1940 hold m=7 hq=0.189 fail | Dr=-0.008/+0.151 |Dr|max=0.313 Df=-0.175 | g r=0.915 f=0.918 p=0.930(0.042) max=1.638 | Ld=+0.5182 base=-0.155 drift=0.000572 path=0.673 | Lg=+0.7816 | 23s
 1950 hold m=7 hq=0.283 fail | Dr=-0.000/+0.172 |Dr|max=0.306 Df=-0.164 | g r=0.916 f=0.996 p=0.959(0.027) max=1.663 | Ld=+0.4739 base=-0.196 drift=0.000581 path=0.669 | Lg=+0.8022 | 24s
 1960 hold m=6 hq=0.109 fail | Dr=+0.004/+0.183 |Dr|max=0.311 Df=-0.212 | g r=0.925 f=0.913 p=0.942(0.054) max=1.679 | Ld=+0.5863 base=-0.159 drift=0.000622 path=0.745 | Lg=+0.7824 | 24s
 1970 hold m=7 hq=0.233 fail | Dr=-0.001/+0.186 |Dr|max=0.333 Df=-0.167 | g r=0.936 f=0.960 p=0.943(0.054) max=1.678 | Ld=+0.5333 base=-0.189 drift=0.000702 path=0.722 | Lg=+0.7981 | 24s
 1980 hold m=7 hq=0.216 fail | Dr=-0.008/+0.200 |Dr|max=0.336 Df=-0.167 | g r=0.905 f=0.930 p=0.937(0.039) max=1.682 | Ld=+0.4982 base=-0.169 drift=0.000792 path=0.666 | Lg=+0.7828 | 24s
 1990 hold m=5 hq=0.061 fail | Dr=+0.012/+0.182 |Dr|max=0.320 Df=-0.194 | g r=0.931 f=0.927 p=0.954(0.037) max=1.677 | Ld=+0.5738 base=-0.163 drift=0.000637 path=0.736 | Lg=+0.7825 | 24s
 2000 hold m=4 hq=0.028 fail | Dr=-0.008/+0.143 |Dr|max=0.350 Df=-0.182 | g r=0.921 f=0.877 p=0.926(0.008) max=1.764 | Ld=+0.5193 base=-0.207 drift=0.000701 path=0.726 | Lg=+0.8079 | 24s
 2010 hold m=5 hq=0.074 fail | Dr=-0.008/+0.137 |Dr|max=0.370 Df=-0.185 | g r=0.919 f=0.951 p=0.929(0.053) max=1.731 | Ld=+0.5116 base=-0.212 drift=0.000736 path=0.723 | Lg=+0.8067 | 24s
 2020 hold m=6 hq=0.108 fail | Dr=-0.003/+0.162 |Dr|max=0.355 Df=-0.157 | g r=0.905 f=0.956 p=0.921(0.030) max=1.698 | Ld=+0.5087 base=-0.179 drift=0.000725 path=0.687 | Lg=+0.7920 | 24s
 2030 hold m=5 hq=0.204 fail | Dr=+0.006/+0.183 |Dr|max=0.340 Df=-0.126 | g r=0.926 f=0.977 p=0.943(0.024) max=1.737 | Ld=+0.5565 base=-0.13 drift=0.000679 path=0.686 | Lg=+0.7664 | 25s
 2040 hold m=8 hq=0.310 fail | Dr=-0.004/+0.188 |Dr|max=0.331 Df=-0.140 | g r=0.929 f=0.960 p=0.937(0.044) max=1.702 | Ld=+0.4910 base=-0.165 drift=0.00072 path=0.655 | Lg=+0.7855 | 25s
 2050 hold m=2 hq=0.128 fail | Dr=-0.001/+0.186 |Dr|max=0.337 Df=-0.198 | g r=0.930 f=0.936 p=0.948(0.047) max=1.667 | Ld=+0.5317 base=-0.158 drift=0.000705 path=0.688 | Lg=+0.7839 | 25s
 2060 hold m=7 hq=0.085 fail | Dr=+0.002/+0.207 |Dr|max=0.312 Df=-0.210 | g r=0.952 f=1.007 p=0.972(0.042) max=1.748 | Ld=+0.5464 base=-0.185 drift=0.000681 path=0.731 | Lg=+0.7986 | 25s
 2070 hold m=8 hq=0.290 fail | Dr=-0.006/+0.213 |Dr|max=0.343 Df=-0.170 | g r=0.931 f=0.964 p=0.953(0.031) max=1.651 | Ld=+0.5420 base=-0.181 drift=0.000808 path=0.722 | Lg=+0.7932 | 25s
 2080 hold m=8 hq=0.263 fail | Dr=-0.004/+0.208 |Dr|max=0.329 Df=-0.170 | g r=0.932 f=0.962 p=0.950(0.042) max=1.767 | Ld=+0.5837 base=-0.146 drift=0.000748 path=0.729 | Lg=+0.7747 | 25s
 2090 hold m=6 hq=0.086 fail | Dr=-0.001/+0.200 |Dr|max=0.341 Df=-0.196 | g r=0.943 f=0.994 p=0.953(0.048) max=1.689 | Ld=+0.5013 base=-0.164 drift=0.000748 path=0.665 | Lg=+0.7856 | 25s
 2100 hold m=3 hq=0.097 fail | Dr=+0.010/+0.191 |Dr|max=0.332 Df=-0.158 | g r=0.916 f=0.884 p=0.927(0.019) max=1.717 | Ld=+0.5448 base=-0.189 drift=0.000771 path=0.733 | Lg=+0.7964 | 25s
 2110 hold m=8 hq=0.122 fail | Dr=+0.004/+0.196 |Dr|max=0.337 Df=-0.165 | g r=0.933 f=0.952 p=0.945(0.034) max=1.766 | Ld=+0.6023 base=-0.18 drift=0.000781 path=0.782 | Lg=+0.7936 | 26s
 2120 hold m=6 hq=0.221 fail | Dr=-0.004/+0.172 |Dr|max=0.355 Df=-0.134 | g r=0.922 f=0.964 p=0.940(0.039) max=1.719 | Ld=+0.6211 base=-0.133 drift=0.000667 path=0.753 | Lg=+0.7658 | 26s
 2130 hold m=5 hq=0.136 fail | Dr=-0.007/+0.183 |Dr|max=0.344 Df=-0.170 | g r=0.912 f=0.966 p=0.930(0.031) max=1.662 | Ld=+0.4236 base=-0.193 drift=0.000719 path=0.616 | Lg=+0.7970 | 26s
 2140 hold m=8 hq=0.134 fail | Dr=+0.000/+0.200 |Dr|max=0.329 Df=-0.166 | g r=0.909 f=0.953 p=0.937(0.033) max=1.780 | Ld=+0.4730 base=-0.196 drift=0.000748 path=0.668 | Lg=+0.7979 | 26s
 2150 hold m=7 hq=0.157 fail | Dr=-0.014/+0.176 |Dr|max=0.334 Df=-0.173 | g r=0.897 f=0.914 p=0.922(0.023) max=1.757 | Ld=+0.5532 base=-0.162 drift=0.000702 path=0.714 | Lg=+0.7782 | 26s
 2160 hold m=8 hq=0.254 fail | Dr=-0.005/+0.191 |Dr|max=0.331 Df=-0.150 | g r=0.897 f=0.924 p=0.922(0.034) max=1.623 | Ld=+0.4749 base=-0.187 drift=0.000713 path=0.662 | Lg=+0.7923 | 26s
 2170 hold m=7 hq=0.135 fail | Dr=+0.001/+0.197 |Dr|max=0.343 Df=-0.169 | g r=0.931 f=0.967 p=0.949(0.059) max=1.663 | Ld=+0.5202 base=-0.168 drift=0.000691 path=0.688 | Lg=+0.7889 | 26s
 2180 hold m=6 hq=0.284 fail | Dr=+0.000/+0.203 |Dr|max=0.353 Df=-0.155 | g r=0.928 f=0.999 p=0.963(0.042) max=1.687 | Ld=+0.4795 base=-0.139 drift=0.000721 path=0.617 | Lg=+0.7704 | 26s
 2190 hold m=6 hq=0.258 fail | Dr=-0.008/+0.199 |Dr|max=0.337 Df=-0.159 | g r=0.897 f=0.925 p=0.931(0.014) max=1.698 | Ld=+0.5632 base=-0.159 drift=0.000783 path=0.722 | Lg=+0.7770 | 27s
 2200 hold m=8 hq=0.360 fail | Dr=+0.007/+0.175 |Dr|max=0.348 Df=-0.135 | g r=0.927 f=0.977 p=0.959(0.006) max=1.649 | Ld=+0.5572 base=-0.159 drift=0.000657 path=0.716 | Lg=+0.7829 | 27s
 2210 hold m=7 hq=0.169 fail | Dr=+0.003/+0.164 |Dr|max=0.366 Df=-0.163 | g r=0.925 f=0.925 p=0.947(0.044) max=1.856 | Ld=+0.4988 base=-0.201 drift=0.000821 path=0.699 | Lg=+0.8003 | 27s
 2220 hold m=7 hq=0.167 fail | Dr=-0.005/+0.185 |Dr|max=0.356 Df=-0.167 | g r=0.961 f=1.016 p=0.979(0.043) max=1.922 | Ld=+0.4716 base=-0.176 drift=0.000764 path=0.647 | Lg=+0.7919 | 27s
 2230 hold m=4 hq=0.147 fail | Dr=-0.000/+0.194 |Dr|max=0.362 Df=-0.173 | g r=0.938 f=0.951 p=0.950(0.037) max=1.693 | Ld=+0.4337 base=-0.175 drift=0.000788 path=0.608 | Lg=+0.7901 | 27s
 2240 hold m=8 hq=0.309 fail | Dr=-0.008/+0.178 |Dr|max=0.373 Df=-0.177 | g r=0.947 f=0.951 p=0.961(0.020) max=1.874 | Ld=+0.4726 base=-0.194 drift=0.000828 path=0.666 | Lg=+0.7981 | 27s
 2250 hold m=7 hq=0.256 fail | Dr=-0.008/+0.193 |Dr|max=0.354 Df=-0.165 | g r=0.918 f=0.955 p=0.952(0.055) max=1.799 | Ld=+0.4911 base=-0.19 drift=0.000777 path=0.681 | Lg=+0.7981 | 27s
 2260 hold m=8 hq=0.315 fail | Dr=-0.002/+0.182 |Dr|max=0.370 Df=-0.169 | g r=0.926 f=0.919 p=0.950(0.070) max=1.796 | Ld=+0.5412 base=-0.152 drift=0.000886 path=0.692 | Lg=+0.7770 | 27s
 2270 hold m=8 hq=0.383 fail | Dr=-0.000/+0.221 |Dr|max=0.318 Df=-0.151 | g r=0.914 f=0.963 p=0.947(0.025) max=1.802 | Ld=+0.5068 base=-0.167 drift=0.000814 path=0.673 | Lg=+0.7831 | 27s
 2280 hold m=7 hq=0.261 fail | Dr=+0.003/+0.214 |Dr|max=0.329 Df=-0.144 | g r=0.919 f=0.924 p=0.952(0.034) max=1.761 | Ld=+0.5143 base=-0.158 drift=0.000753 path=0.672 | Lg=+0.7772 | 28s
 2290 hold m=8 hq=0.200 fail | Dr=+0.011/+0.201 |Dr|max=0.337 Df=-0.137 | g r=0.928 f=0.880 p=0.952(0.043) max=1.795 | Ld=+0.5266 base=-0.167 drift=0.000765 path=0.693 | Lg=+0.7826 | 28s
 2300 hold m=6 hq=0.127 fail | Dr=-0.005/+0.191 |Dr|max=0.356 Df=-0.138 | g r=0.916 f=0.910 p=0.934(0.020) max=1.655 | Ld=+0.4712 base=-0.165 drift=0.00075 path=0.636 | Lg=+0.7851 | 28s
 2310 hold m=8 hq=0.185 fail | Dr=-0.008/+0.192 |Dr|max=0.340 Df=-0.163 | g r=0.888 f=0.929 p=0.920(0.047) max=1.681 | Ld=+0.5309 base=-0.177 drift=0.000811 path=0.707 | Lg=+0.7892 | 28s
 2320 hold m=6 hq=0.202 fail | Dr=-0.006/+0.185 |Dr|max=0.358 Df=-0.156 | g r=0.891 f=0.908 p=0.924(0.037) max=1.644 | Ld=+0.4073 base=-0.196 drift=0.000791 path=0.603 | Lg=+0.7964 | 28s
 2330 hold m=4 hq=0.242 fail | Dr=+0.002/+0.192 |Dr|max=0.353 Df=-0.149 | g r=0.909 f=0.957 p=0.944(0.008) max=1.594 | Ld=+0.4246 base=-0.21 drift=0.00077 path=0.634 | Lg=+0.8074 | 28s
 2340 hold m=8 hq=0.288 fail | Dr=-0.004/+0.198 |Dr|max=0.361 Df=-0.167 | g r=0.943 f=0.963 p=0.970(0.040) max=1.808 | Ld=+0.5373 base=-0.145 drift=0.0008 path=0.682 | Lg=+0.7772 | 28s
 2350 hold m=6 hq=0.445 fail | Dr=+0.004/+0.213 |Dr|max=0.332 Df=-0.123 | g r=0.927 f=0.950 p=0.968(0.040) max=1.752 | Ld=+0.4977 base=-0.154 drift=0.000756 path=0.651 | Lg=+0.7809 | 28s
 2360 hold m=8 hq=0.260 fail | Dr=+0.007/+0.208 |Dr|max=0.346 Df=-0.128 | g r=0.938 f=0.867 p=0.949(0.047) max=1.643 | Ld=+0.5640 base=-0.177 drift=0.000718 path=0.741 | Lg=+0.7939 | 29s
 2370 hold m=8 hq=0.474 fail | Dr=-0.001/+0.215 |Dr|max=0.340 Df=-0.147 | g r=0.945 f=0.995 p=0.970(0.053) max=1.731 | Ld=+0.5170 base=-0.149 drift=0.000771 path=0.665 | Lg=+0.7775 | 29s
 2380 hold m=8 hq=0.300 fail | Dr=-0.007/+0.214 |Dr|max=0.350 Df=-0.149 | g r=0.918 f=0.908 p=0.953(0.025) max=1.696 | Ld=+0.5202 base=-0.163 drift=0.00085 path=0.683 | Lg=+0.7835 | 29s
 2390 hold m=8 hq=0.415 fail | Dr=-0.000/+0.218 |Dr|max=0.353 Df=-0.130 | g r=0.939 f=0.926 p=0.975(0.052) max=1.663 | Ld=+0.5822 base=-0.14 drift=0.000746 path=0.721 | Lg=+0.7723 | 29s
 2400 hold m=7 hq=0.387 fail | Dr=+0.004/+0.227 |Dr|max=0.327 Df=-0.123 | g r=0.925 f=0.951 p=0.968(0.021) max=1.672 | Ld=+0.5070 base=-0.159 drift=0.000894 path=0.665 | Lg=+0.7795 | 29s
# shift (1,0) after 2400; frozen copy on new target: m=4 hq=0.011
 2410 post m=5 hq=0.116 fail | Dr=-0.017/+0.194 |Dr|max=0.392 Df=-0.132 | g r=0.940 f=0.901 p=0.972(0.034) max=1.876 | Ld=+0.6200 base=-0.0991 drift=0.00115 path=0.718 | Lg=+0.7499 | 29s
 2420 post m=6 hq=0.149 fail | Dr=-0.004/+0.149 |Dr|max=0.346 Df=-0.125 | g r=0.907 f=0.966 p=0.947(0.018) max=1.707 | Ld=+0.5436 base=-0.142 drift=0.00063 path=0.685 | Lg=+0.7730 | 29s
 2430 post m=5 hq=0.122 fail | Dr=+0.034/+0.259 |Dr|max=0.390 Df=-0.106 | g r=1.158 f=1.189 p=1.154(0.033) max=2.214 | Ld=+1.2332 base=-0.0603 drift=0.000675 path=1.29 | Lg=+0.7373 | 29s
 2440 post m=6 hq=0.124 fail | Dr=+0.018/+0.212 |Dr|max=0.357 Df=-0.140 | g r=0.937 f=1.026 p=0.973(0.023) max=1.697 | Ld=+0.5743 base=-0.104 drift=0.000602 path=0.678 | Lg=+0.7544 | 30s
 2450 post m=6 hq=0.161 fail | Dr=+0.003/+0.171 |Dr|max=0.345 Df=-0.130 | g r=0.900 f=0.941 p=0.926(0.018) max=1.634 | Ld=+0.5699 base=-0.109 drift=0.000598 path=0.678 | Lg=+0.7546 | 30s
 2460 post m=8 hq=0.163 fail | Dr=+0.005/+0.185 |Dr|max=0.380 Df=-0.134 | g r=0.923 f=1.007 p=0.959(0.034) max=1.632 | Ld=+0.5007 base=-0.121 drift=0.000794 path=0.621 | Lg=+0.7631 | 30s
 2470 post m=7 hq=0.358 fail | Dr=+0.012/+0.182 |Dr|max=0.358 Df=-0.080 | g r=0.890 f=0.915 p=0.924(0.029) max=1.635 | Ld=+0.6502 base=-0.0969 drift=0.000662 path=0.746 | Lg=+0.7463 | 30s
 2480 post m=7 hq=0.169 fail | Dr=-0.014/+0.141 |Dr|max=0.349 Df=-0.120 | g r=0.845 f=0.873 p=0.893(0.027) max=1.560 | Ld=+0.5162 base=-0.159 drift=0.000668 path=0.675 | Lg=+0.7744 | 30s
 2490 post m=6 hq=0.249 fail | Dr=+0.002/+0.166 |Dr|max=0.331 Df=-0.122 | g r=0.897 f=0.987 p=0.935(0.033) max=1.609 | Ld=+0.5502 base=-0.106 drift=0.000701 path=0.656 | Lg=+0.7538 | 30s
 2500 post m=8 hq=0.277 fail | Dr=+0.002/+0.177 |Dr|max=0.311 Df=-0.114 | g r=0.884 f=0.952 p=0.924(0.064) max=1.780 | Ld=+0.5315 base=-0.127 drift=0.000642 path=0.658 | Lg=+0.7607 | 30s
 2510 post m=7 hq=0.152 fail | Dr=+0.008/+0.187 |Dr|max=0.339 Df=-0.117 | g r=0.918 f=0.950 p=0.935(0.020) max=1.593 | Ld=+0.4983 base=-0.129 drift=0.000744 path=0.627 | Lg=+0.7663 | 30s
 2520 post m=6 hq=0.237 fail | Dr=+0.018/+0.190 |Dr|max=0.343 Df=-0.112 | g r=0.919 f=0.947 p=0.948(0.008) max=1.648 | Ld=+0.5054 base=-0.137 drift=0.000777 path=0.642 | Lg=+0.7694 | 31s
 2530 post m=7 hq=0.210 fail | Dr=+0.001/+0.173 |Dr|max=0.371 Df=-0.115 | g r=0.881 f=0.952 p=0.919(0.028) max=1.609 | Ld=+0.5129 base=-0.134 drift=0.000901 path=0.646 | Lg=+0.7638 | 31s
 2540 post m=7 hq=0.163 fail | Dr=+0.009/+0.188 |Dr|max=0.354 Df=-0.098 | g r=0.857 f=0.884 p=0.887(0.022) max=1.705 | Ld=+0.4827 base=-0.144 drift=0.000961 path=0.626 | Lg=+0.7695 | 31s
 2550 post m=7 hq=0.261 fail | Dr=+0.002/+0.181 |Dr|max=0.358 Df=-0.094 | g r=0.807 f=0.821 p=0.850(0.018) max=1.527 | Ld=+0.5981 base=-0.142 drift=0.00102 path=0.739 | Lg=+0.7661 | 31s
 2560 post m=7 hq=0.232 fail | Dr=-0.002/+0.176 |Dr|max=0.363 Df=-0.126 | g r=0.899 f=0.889 p=0.922(0.002) max=1.645 | Ld=+0.5279 base=-0.158 drift=0.00105 path=0.685 | Lg=+0.7816 | 31s
 2570 post m=7 hq=0.158 fail | Dr=+0.000/+0.178 |Dr|max=0.352 Df=-0.101 | g r=0.858 f=0.896 p=0.884(0.022) max=1.642 | Ld=+0.5232 base=-0.157 drift=0.00115 path=0.679 | Lg=+0.7736 | 31s
 2580 post m=8 hq=0.302 fail | Dr=-0.005/+0.192 |Dr|max=0.387 Df=-0.105 | g r=0.887 f=0.881 p=0.907(0.021) max=1.624 | Ld=+0.5430 base=-0.14 drift=0.00116 path=0.682 | Lg=+0.7687 | 31s
 2590 post m=8 hq=0.418 fail | Dr=-0.003/+0.191 |Dr|max=0.406 Df=-0.096 | g r=0.892 f=0.923 p=0.924(0.034) max=1.619 | Ld=+0.5685 base=-0.143 drift=0.00124 path=0.71 | Lg=+0.7711 | 32s
 2600 post m=8 hq=0.197 fail | Dr=+0.005/+0.194 |Dr|max=0.364 Df=-0.096 | g r=0.867 f=0.875 p=0.882(0.041) max=1.535 | Ld=+0.5378 base=-0.151 drift=0.00122 path=0.687 | Lg=+0.7678 | 32s
 2610 post m=8 hq=0.245 fail | Dr=-0.015/+0.193 |Dr|max=0.384 Df=-0.114 | g r=0.873 f=0.920 p=0.901(0.011) max=1.575 | Ld=+0.5638 base=-0.158 drift=0.00126 path=0.721 | Lg=+0.7759 | 32s
 2620 post m=4 hq=0.111 fail | Dr=-0.001/+0.204 |Dr|max=0.344 Df=-0.103 | g r=0.856 f=0.840 p=0.871(0.021) max=1.548 | Ld=+0.5905 base=-0.15 drift=0.00139 path=0.739 | Lg=+0.7692 | 32s
 2630 post m=6 hq=0.160 fail | Dr=-0.011/+0.239 |Dr|max=0.369 Df=-0.133 | g r=0.889 f=0.925 p=0.918(0.029) max=1.636 | Ld=+0.5351 base=-0.161 drift=0.00121 path=0.695 | Lg=+0.7797 | 32s
 2640 post m=7 hq=0.378 fail | Dr=-0.009/+0.250 |Dr|max=0.389 Df=-0.105 | g r=0.915 f=0.905 p=0.945(0.026) max=1.647 | Ld=+0.5482 base=-0.119 drift=0.00135 path=0.666 | Lg=+0.7584 | 32s
 2650 post m=8 hq=0.430 fail | Dr=-0.002/+0.237 |Dr|max=0.381 Df=-0.110 | g r=0.900 f=0.937 p=0.915(0.002) max=1.606 | Ld=+0.5250 base=-0.124 drift=0.00134 path=0.648 | Lg=+0.7619 | 32s
 2660 post m=6 hq=0.224 fail | Dr=-0.008/+0.219 |Dr|max=0.386 Df=-0.114 | g r=0.885 f=0.899 p=0.897(0.024) max=1.633 | Ld=+0.5276 base=-0.134 drift=0.00121 path=0.66 | Lg=+0.7654 | 32s
 2670 post m=8 hq=0.267 fail | Dr=-0.003/+0.210 |Dr|max=0.352 Df=-0.102 | g r=0.816 f=0.790 p=0.831(0.027) max=1.484 | Ld=+0.6183 base=-0.13 drift=0.00133 path=0.747 | Lg=+0.7589 | 33s
 2680 post m=7 hq=0.364 fail | Dr=-0.012/+0.233 |Dr|max=0.378 Df=-0.094 | g r=0.884 f=0.770 p=0.898(0.025) max=1.648 | Ld=+0.5531 base=-0.153 drift=0.00144 path=0.705 | Lg=+0.7716 | 33s
 2690 post m=7 hq=0.269 fail | Dr=+0.015/+0.261 |Dr|max=0.375 Df=-0.153 | g r=0.984 f=1.031 p=1.010(0.027) max=1.790 | Ld=+0.5491 base=-0.134 drift=0.00116 path=0.682 | Lg=+0.7706 | 33s
 2700 post m=8 hq=0.196 fail | Dr=+0.005/+0.265 |Dr|max=0.376 Df=-0.149 | g r=0.961 f=0.952 p=0.980(0.010) max=1.728 | Ld=+0.6099 base=-0.119 drift=0.00121 path=0.728 | Lg=+0.7642 | 33s
 2710 post m=6 hq=0.350 fail | Dr=+0.011/+0.276 |Dr|max=0.354 Df=-0.122 | g r=0.973 f=1.016 p=0.995(0.009) max=1.715 | Ld=+0.5343 base=-0.143 drift=0.00116 path=0.676 | Lg=+0.7764 | 33s
 2720 post m=8 hq=0.406 fail | Dr=-0.001/+0.272 |Dr|max=0.355 Df=-0.109 | g r=0.938 f=0.930 p=0.951(0.027) max=1.640 | Ld=+0.5831 base=-0.131 drift=0.00122 path=0.712 | Lg=+0.7660 | 33s
 2730 post m=6 hq=0.342 fail | Dr=+0.016/+0.266 |Dr|max=0.380 Df=-0.121 | g r=0.938 f=1.024 p=0.970(0.030) max=1.712 | Ld=+0.6358 base=-0.122 drift=0.00107 path=0.757 | Lg=+0.7640 | 33s
 2740 post m=7 hq=0.329 fail | Dr=+0.008/+0.277 |Dr|max=0.370 Df=-0.157 | g r=0.959 f=1.059 p=0.996(0.018) max=1.751 | Ld=+0.6264 base=-0.128 drift=0.00108 path=0.754 | Lg=+0.7673 | 34s
 2750 post m=6 hq=0.374 fail | Dr=+0.004/+0.283 |Dr|max=0.362 Df=-0.122 | g r=0.971 f=0.956 p=0.985(0.024) max=1.740 | Ld=+0.5604 base=-0.142 drift=0.00106 path=0.702 | Lg=+0.7750 | 34s
 2760 post m=8 hq=0.266 fail | Dr=+0.001/+0.286 |Dr|max=0.381 Df=-0.138 | g r=0.984 f=0.981 p=1.012(0.045) max=1.844 | Ld=+0.7317 base=-0.107 drift=0.00103 path=0.837 | Lg=+0.7569 | 34s
 2770 post m=7 hq=0.317 fail | Dr=+0.003/+0.256 |Dr|max=0.376 Df=-0.128 | g r=0.894 f=0.851 p=0.918(0.031) max=1.656 | Ld=+0.5448 base=-0.154 drift=0.00123 path=0.697 | Lg=+0.7795 | 34s
 2780 post m=7 hq=0.204 fail | Dr=+0.006/+0.257 |Dr|max=0.403 Df=-0.153 | g r=0.945 f=0.966 p=0.971(0.032) max=1.704 | Ld=+0.5349 base=-0.151 drift=0.00117 path=0.685 | Lg=+0.7782 | 34s
 2790 post m=8 hq=0.248 fail | Dr=+0.011/+0.251 |Dr|max=0.368 Df=-0.128 | g r=0.963 f=0.974 p=0.972(0.043) max=1.704 | Ld=+0.5927 base=-0.0999 drift=0.000972 path=0.692 | Lg=+0.7525 | 34s
 2800 post m=8 hq=0.363 fail | Dr=-0.005/+0.254 |Dr|max=0.365 Df=-0.114 | g r=0.907 f=0.912 p=0.930(0.040) max=1.590 | Ld=+0.5951 base=-0.111 drift=0.00116 path=0.705 | Lg=+0.7543 | 34s
 2810 post m=8 hq=0.502 fail | Dr=-0.008/+0.269 |Dr|max=0.340 Df=-0.110 | g r=0.925 f=0.954 p=0.947(0.034) max=1.678 | Ld=+0.5509 base=-0.123 drift=0.00123 path=0.673 | Lg=+0.7620 | 34s
 2820 post m=6 hq=0.269 fail | Dr=+0.014/+0.285 |Dr|max=0.349 Df=-0.122 | g r=0.937 f=0.938 p=0.952(0.024) max=1.709 | Ld=+0.5339 base=-0.121 drift=0.00117 path=0.654 | Lg=+0.7631 | 35s
 2830 post m=7 hq=0.268 fail | Dr=+0.003/+0.287 |Dr|max=0.350 Df=-0.127 | g r=0.953 f=0.942 p=0.966(0.046) max=1.669 | Ld=+0.5565 base=-0.128 drift=0.00115 path=0.683 | Lg=+0.7645 | 35s
 2840 post m=7 hq=0.418 fail | Dr=-0.011/+0.280 |Dr|max=0.363 Df=-0.128 | g r=0.904 f=0.883 p=0.927(0.025) max=1.663 | Ld=+0.5216 base=-0.156 drift=0.00123 path=0.676 | Lg=+0.7765 | 35s
 2850 post m=7 hq=0.310 fail | Dr=+0.013/+0.276 |Dr|max=0.358 Df=-0.117 | g r=0.950 f=0.959 p=0.968(0.033) max=1.632 | Ld=+0.5399 base=-0.128 drift=0.00114 path=0.667 | Lg=+0.7679 | 35s
 2860 post m=8 hq=0.284 fail | Dr=-0.023/+0.265 |Dr|max=0.390 Df=-0.181 | g r=0.939 f=0.921 p=0.949(0.017) max=1.634 | Ld=+0.5175 base=-0.126 drift=0.00133 path=0.642 | Lg=+0.7650 | 35s
 2870 post m=8 hq=0.450 fail | Dr=+0.008/+0.307 |Dr|max=0.361 Df=-0.100 | g r=0.961 f=0.991 p=0.987(0.017) max=1.662 | Ld=+0.6569 base=-0.106 drift=0.00128 path=0.762 | Lg=+0.7539 | 35s
 2880 post m=8 hq=0.314 fail | Dr=+0.026/+0.312 |Dr|max=0.343 Df=-0.138 | g r=1.002 f=1.078 p=1.010(0.022) max=1.800 | Ld=+0.6075 base=-0.115 drift=0.00114 path=0.721 | Lg=+0.7639 | 35s
 2890 post m=7 hq=0.220 fail | Dr=-0.002/+0.281 |Dr|max=0.339 Df=-0.123 | g r=0.899 f=0.921 p=0.909(0.027) max=1.543 | Ld=+0.5376 base=-0.153 drift=0.00132 path=0.69 | Lg=+0.7808 | 35s
 2900 post m=7 hq=0.243 fail | Dr=+0.008/+0.265 |Dr|max=0.356 Df=-0.115 | g r=0.881 f=0.896 p=0.902(0.029) max=1.534 | Ld=+0.5759 base=-0.129 drift=0.00134 path=0.703 | Lg=+0.7607 | 36s
 2910 post m=6 hq=0.339 fail | Dr=-0.014/+0.234 |Dr|max=0.369 Df=-0.136 | g r=0.886 f=0.904 p=0.884(0.017) max=1.595 | Ld=+0.5507 base=-0.125 drift=0.00138 path=0.675 | Lg=+0.7598 | 36s
 2920 post m=7 hq=0.396 fail | Dr=-0.003/+0.250 |Dr|max=0.380 Df=-0.105 | g r=0.848 f=0.836 p=0.862(0.031) max=1.522 | Ld=+0.6159 base=-0.134 drift=0.00159 path=0.749 | Lg=+0.7655 | 36s
 2930 post m=6 hq=0.219 fail | Dr=+0.005/+0.270 |Dr|max=0.372 Df=-0.106 | g r=0.886 f=0.798 p=0.879(0.010) max=1.528 | Ld=+0.5377 base=-0.133 drift=0.00147 path=0.67 | Lg=+0.7647 | 36s
 2940 post m=7 hq=0.278 fail | Dr=+0.004/+0.282 |Dr|max=0.378 Df=-0.099 | g r=0.918 f=0.988 p=0.923(0.039) max=1.576 | Ld=+0.5136 base=-0.118 drift=0.00145 path=0.63 | Lg=+0.7624 | 36s
 2950 post m=6 hq=0.284 fail | Dr=+0.010/+0.268 |Dr|max=0.396 Df=-0.106 | g r=0.889 f=0.878 p=0.905(0.004) max=1.588 | Ld=+0.4351 base=-0.17 drift=0.00149 path=0.604 | Lg=+0.7900 | 36s
 2960 post m=8 hq=0.338 fail | Dr=-0.011/+0.292 |Dr|max=0.381 Df=-0.125 | g r=0.925 f=0.971 p=0.925(0.033) max=1.627 | Ld=+0.5447 base=-0.124 drift=0.00164 path=0.667 | Lg=+0.7649 | 36s
 2970 post m=7 hq=0.274 fail | Dr=+0.009/+0.288 |Dr|max=0.400 Df=-0.104 | g r=0.909 f=0.949 p=0.915(0.053) max=1.585 | Ld=+0.5318 base=-0.111 drift=0.00167 path=0.641 | Lg=+0.7622 | 37s
 2980 post m=6 hq=0.302 fail | Dr=+0.012/+0.273 |Dr|max=0.394 Df=-0.101 | g r=0.889 f=0.895 p=0.910(0.039) max=1.543 | Ld=+0.5098 base=-0.15 drift=0.00177 path=0.658 | Lg=+0.7729 | 37s
 2990 post m=7 hq=0.417 fail | Dr=-0.021/+0.255 |Dr|max=0.378 Df=-0.124 | g r=0.842 f=0.801 p=0.853(0.034) max=1.512 | Ld=+0.5192 base=-0.146 drift=0.00164 path=0.663 | Lg=+0.7612 | 37s
 3000 post m=8 hq=0.303 fail | Dr=-0.004/+0.267 |Dr|max=0.390 Df=-0.097 | g r=0.923 f=0.807 p=0.906(0.031) max=1.634 | Ld=+0.4292 base=-0.156 drift=0.00148 path=0.584 | Lg=+0.7813 | 37s
 3010 post m=7 hq=0.259 fail | Dr=+0.008/+0.294 |Dr|max=0.384 Df=-0.113 | g r=0.925 f=0.995 p=0.926(0.037) max=1.725 | Ld=+0.5245 base=-0.143 drift=0.00145 path=0.666 | Lg=+0.7789 | 37s
 3020 post m=5 hq=0.304 fail | Dr=-0.018/+0.297 |Dr|max=0.379 Df=-0.117 | g r=0.905 f=0.854 p=0.913(0.011) max=1.745 | Ld=+0.5482 base=-0.127 drift=0.00149 path=0.674 | Lg=+0.7631 | 37s
 3030 post m=8 hq=0.389 fail | Dr=+0.001/+0.294 |Dr|max=0.383 Df=-0.129 | g r=0.914 f=1.014 p=0.936(0.041) max=1.620 | Ld=+0.5943 base=-0.104 drift=0.00167 path=0.697 | Lg=+0.7558 | 37s
 3040 post m=4 hq=0.271 fail | Dr=+0.026/+0.265 |Dr|max=0.410 Df=-0.128 | g r=0.956 f=1.068 p=0.977(0.066) max=1.650 | Ld=+0.5438 base=-0.125 drift=0.00148 path=0.667 | Lg=+0.7658 | 37s
 3050 post m=6 hq=0.366 fail | Dr=+0.003/+0.253 |Dr|max=0.412 Df=-0.124 | g r=0.951 f=0.979 p=0.968(0.027) max=1.783 | Ld=+0.5128 base=-0.132 drift=0.00142 path=0.643 | Lg=+0.7721 | 37s
 3060 post m=7 hq=0.316 fail | Dr=-0.005/+0.259 |Dr|max=0.395 Df=-0.107 | g r=0.920 f=0.902 p=0.915(0.025) max=1.777 | Ld=+0.4760 base=-0.145 drift=0.00153 path=0.619 | Lg=+0.7762 | 38s
 3070 post m=6 hq=0.293 fail | Dr=-0.007/+0.283 |Dr|max=0.381 Df=-0.128 | g r=0.905 f=0.854 p=0.888(0.028) max=1.643 | Ld=+0.5382 base=-0.124 drift=0.00164 path=0.661 | Lg=+0.7639 | 38s
 3080 post m=8 hq=0.355 fail | Dr=-0.021/+0.291 |Dr|max=0.391 Df=-0.122 | g r=0.888 f=0.812 p=0.881(0.030) max=1.606 | Ld=+0.4694 base=-0.17 drift=0.00209 path=0.637 | Lg=+0.7854 | 38s
 3090 post m=8 hq=0.492 fail | Dr=-0.000/+0.280 |Dr|max=0.373 Df=-0.086 | g r=0.850 f=0.832 p=0.864(0.052) max=1.506 | Ld=+0.5509 base=-0.132 drift=0.00185 path=0.681 | Lg=+0.7601 | 38s
 3100 post m=7 hq=0.497 fail | Dr=-0.006/+0.307 |Dr|max=0.421 Df=-0.088 | g r=0.956 f=0.978 p=0.935(0.014) max=1.638 | Ld=+0.5188 base=-0.102 drift=0.00183 path=0.619 | Lg=+0.7573 | 38s
 3110 post m=7 hq=0.440 fail | Dr=+0.010/+0.300 |Dr|max=0.399 Df=-0.099 | g r=0.985 f=1.050 p=0.976(0.051) max=1.703 | Ld=+0.5396 base=-0.102 drift=0.00143 path=0.641 | Lg=+0.7601 | 38s
 3120 post m=7 hq=0.403 fail | Dr=-0.006/+0.315 |Dr|max=0.378 Df=-0.124 | g r=0.981 f=1.053 p=0.975(0.060) max=1.719 | Ld=+0.4984 base=-0.122 drift=0.00158 path=0.619 | Lg=+0.7716 | 38s
 3130 post m=7 hq=0.336 fail | Dr=-0.004/+0.303 |Dr|max=0.378 Df=-0.119 | g r=0.958 f=0.960 p=0.939(0.091) max=1.611 | Ld=+0.4933 base=-0.105 drift=0.00148 path=0.597 | Lg=+0.7574 | 38s
 3140 post m=7 hq=0.475 fail | Dr=+0.009/+0.324 |Dr|max=0.384 Df=-0.111 | g r=1.015 f=1.101 p=1.018(0.027) max=1.837 | Ld=+0.5856 base=-0.112 drift=0.00135 path=0.696 | Lg=+0.7627 | 39s
 3150 post m=7 hq=0.474 fail | Dr=+0.010/+0.342 |Dr|max=0.384 Df=-0.132 | g r=0.996 f=0.985 p=1.023(0.019) max=1.916 | Ld=+0.6337 base=-0.126 drift=0.00152 path=0.758 | Lg=+0.7750 | 39s
 3160 post m=5 hq=0.312 fail | Dr=+0.015/+0.313 |Dr|max=0.392 Df=-0.145 | g r=0.979 f=1.008 p=1.011(0.036) max=1.721 | Ld=+0.5707 base=-0.116 drift=0.00129 path=0.685 | Lg=+0.7634 | 39s
 3170 post m=7 hq=0.350 fail | Dr=-0.005/+0.255 |Dr|max=0.426 Df=-0.138 | g r=0.981 f=0.963 p=0.998(0.041) max=1.794 | Ld=+0.5764 base=-0.138 drift=0.00142 path=0.713 | Lg=+0.7748 | 39s
 3180 post m=8 hq=0.423 fail | Dr=-0.009/+0.285 |Dr|max=0.406 Df=-0.164 | g r=0.971 f=1.012 p=1.007(0.045) max=1.764 | Ld=+0.6055 base=-0.12 drift=0.00133 path=0.724 | Lg=+0.7664 | 39s
 3190 post m=8 hq=0.521 fail | Dr=+0.018/+0.305 |Dr|max=0.378 Df=-0.098 | g r=0.950 f=1.014 p=0.982(0.028) max=1.740 | Ld=+0.5868 base=-0.0868 drift=0.00138 path=0.672 | Lg=+0.7453 | 39s
 3200 post m=6 hq=0.445 fail | Dr=-0.004/+0.310 |Dr|max=0.398 Df=-0.139 | g r=0.970 f=1.081 p=1.018(0.050) max=1.795 | Ld=+0.5395 base=-0.125 drift=0.00152 path=0.663 | Lg=+0.7631 | 39s
 3210 post m=4 hq=0.205 fail | Dr=-0.009/+0.298 |Dr|max=0.402 Df=-0.142 | g r=0.921 f=0.995 p=0.960(0.009) max=1.670 | Ld=+0.4345 base=-0.179 drift=0.00161 path=0.612 | Lg=+0.7926 | 39s
 3220 post m=7 hq=0.314 fail | Dr=-0.022/+0.288 |Dr|max=0.377 Df=-0.128 | g r=0.922 f=0.843 p=0.943(0.075) max=1.574 | Ld=+0.4388 base=-0.16 drift=0.00147 path=0.597 | Lg=+0.7869 | 39s
 3230 post m=6 hq=0.319 fail | Dr=+0.003/+0.313 |Dr|max=0.379 Df=-0.121 | g r=0.920 f=0.925 p=0.946(0.021) max=1.667 | Ld=+0.4514 base=-0.17 drift=0.00151 path=0.62 | Lg=+0.7917 | 40s
 3240 post m=7 hq=0.306 fail | Dr=-0.012/+0.352 |Dr|max=0.384 Df=-0.136 | g r=0.950 f=0.944 p=0.981(0.002) max=1.805 | Ld=+0.4996 base=-0.14 drift=0.00197 path=0.638 | Lg=+0.7763 | 40s
 3250 post m=5 hq=0.222 fail | Dr=-0.005/+0.337 |Dr|max=0.384 Df=-0.121 | g r=0.928 f=0.916 p=0.957(0.018) max=1.556 | Ld=+0.4998 base=-0.116 drift=0.00194 path=0.614 | Lg=+0.7608 | 40s
 3260 post m=7 hq=0.478 fail | Dr=+0.003/+0.337 |Dr|max=0.413 Df=-0.105 | g r=0.936 f=0.949 p=0.959(0.026) max=1.587 | Ld=+0.5041 base=-0.161 drift=0.00247 path=0.662 | Lg=+0.7819 | 40s
 3270 post m=8 hq=0.494 fail | Dr=+0.009/+0.332 |Dr|max=0.418 Df=-0.080 | g r=0.941 f=0.899 p=0.966(0.041) max=1.724 | Ld=+0.4273 base=-0.152 drift=0.00198 path=0.577 | Lg=+0.7790 | 40s
 3280 post m=8 hq=0.255 fail | Dr=-0.012/+0.351 |Dr|max=0.394 Df=-0.139 | g r=0.966 f=0.927 p=0.974(0.041) max=1.694 | Ld=+0.6031 base=-0.123 drift=0.00193 path=0.724 | Lg=+0.7721 | 40s
 3290 post m=7 hq=0.304 fail | Dr=-0.008/+0.360 |Dr|max=0.416 Df=-0.134 | g r=0.959 f=0.945 p=0.985(0.016) max=1.673 | Ld=+0.5757 base=-0.141 drift=0.00214 path=0.714 | Lg=+0.7834 | 40s
 3300 post m=8 hq=0.434 fail | Dr=-0.002/+0.352 |Dr|max=0.423 Df=-0.106 | g r=1.017 f=0.973 p=1.029(0.031) max=1.848 | Ld=+0.6181 base=-0.105 drift=0.00193 path=0.721 | Lg=+0.7625 | 40s
 3310 post m=8 hq=0.420 fail | Dr=+0.005/+0.340 |Dr|max=0.404 Df=-0.116 | g r=0.969 f=1.009 p=1.000(0.026) max=1.647 | Ld=+0.6907 base=-0.0912 drift=0.00167 path=0.78 | Lg=+0.7514 | 41s
 3320 post m=8 hq=0.372 fail | Dr=-0.002/+0.342 |Dr|max=0.433 Df=-0.147 | g r=0.969 f=1.090 p=1.019(0.042) max=1.770 | Ld=+0.5890 base=-0.14 drift=0.00255 path=0.726 | Lg=+0.7811 | 41s
 3330 post m=6 hq=0.361 fail | Dr=-0.020/+0.327 |Dr|max=0.393 Df=-0.108 | g r=0.912 f=0.847 p=0.935(0.009) max=1.599 | Ld=+0.4961 base=-0.134 drift=0.0023 path=0.628 | Lg=+0.7739 | 41s
 3340 post m=8 hq=0.410 fail | Dr=-0.023/+0.330 |Dr|max=0.384 Df=-0.123 | g r=0.903 f=0.881 p=0.915(0.015) max=1.591 | Ld=+0.4851 base=-0.13 drift=0.00256 path=0.612 | Lg=+0.7647 | 41s
 3350 post m=8 hq=0.254 fail | Dr=+0.001/+0.370 |Dr|max=0.397 Df=-0.144 | g r=0.977 f=0.965 p=0.985(0.060) max=1.922 | Ld=+0.5464 base=-0.117 drift=0.00269 path=0.66 | Lg=+0.7679 | 41s
 3360 post m=5 hq=0.288 fail | Dr=-0.025/+0.347 |Dr|max=0.410 Df=-0.152 | g r=0.979 f=1.021 p=0.989(0.073) max=1.686 | Ld=+0.5671 base=-0.101 drift=0.00206 path=0.666 | Lg=+0.7574 | 41s
 3370 post m=8 hq=0.226 fail | Dr=-0.001/+0.344 |Dr|max=0.415 Df=-0.154 | g r=0.979 f=1.058 p=0.979(0.054) max=1.765 | Ld=+0.5077 base=-0.118 drift=0.0029 path=0.623 | Lg=+0.7725 | 41s
 3380 post m=8 hq=0.393 fail | Dr=+0.005/+0.345 |Dr|max=0.392 Df=-0.106 | g r=0.926 f=0.935 p=0.941(0.048) max=1.733 | Ld=+0.5328 base=-0.127 drift=0.00275 path=0.657 | Lg=+0.7717 | 41s
 3390 post m=5 hq=0.211 fail | Dr=+0.003/+0.334 |Dr|max=0.392 Df=-0.134 | g r=0.921 f=0.984 p=0.939(0.002) max=1.590 | Ld=+0.5648 base=-0.123 drift=0.00264 path=0.685 | Lg=+0.7701 | 42s
 3400 post m=8 hq=0.340 fail | Dr=+0.014/+0.352 |Dr|max=0.405 Df=-0.095 | g r=0.932 f=0.897 p=0.943(0.038) max=1.717 | Ld=+0.5450 base=-0.107 drift=0.00346 path=0.649 | Lg=+0.7637 | 42s
 3410 post m=8 hq=0.406 fail | Dr=-0.011/+0.336 |Dr|max=0.434 Df=-0.126 | g r=0.939 f=0.961 p=0.942(0.075) max=1.689 | Ld=+0.5522 base=-0.116 drift=0.0034 path=0.665 | Lg=+0.7624 | 42s
 3420 post m=8 hq=0.396 fail | Dr=+0.012/+0.331 |Dr|max=0.406 Df=-0.094 | g r=0.897 f=0.880 p=0.904(0.026) max=1.588 | Ld=+0.5548 base=-0.113 drift=0.00348 path=0.664 | Lg=+0.7574 | 42s
 3430 post m=8 hq=0.409 fail | Dr=-0.007/+0.325 |Dr|max=0.430 Df=-0.122 | g r=0.946 f=0.951 p=0.950(0.016) max=1.770 | Ld=+0.4827 base=-0.125 drift=0.00285 path=0.605 | Lg=+0.7718 | 42s
 3440 post m=6 hq=0.259 fail | Dr=+0.004/+0.331 |Dr|max=0.428 Df=-0.115 | g r=0.948 f=0.979 p=0.956(0.016) max=1.664 | Ld=+0.5023 base=-0.143 drift=0.00304 path=0.642 | Lg=+0.7774 | 42s
 3450 post m=8 hq=0.291 fail | Dr=-0.012/+0.327 |Dr|max=0.455 Df=-0.128 | g r=0.937 f=0.912 p=0.940(0.038) max=1.637 | Ld=+0.5316 base=-0.12 drift=0.00378 path=0.648 | Lg=+0.7663 | 42s
 3460 post m=8 hq=0.399 fail | Dr=-0.027/+0.334 |Dr|max=0.481 Df=-0.139 | g r=0.928 f=0.987 p=0.948(0.012) max=1.692 | Ld=+0.5528 base=-0.0986 drift=0.00366 path=0.648 | Lg=+0.7596 | 42s
 3470 post m=8 hq=0.294 fail | Dr=-0.004/+0.366 |Dr|max=0.486 Df=-0.128 | g r=0.928 f=0.944 p=0.932(0.053) max=1.749 | Ld=+0.5420 base=-0.137 drift=0.00478 path=0.674 | Lg=+0.7753 | 43s
 3480 post m=6 hq=0.188 fail | Dr=+0.019/+0.337 |Dr|max=0.462 Df=-0.120 | g r=0.934 f=0.924 p=0.928(0.035) max=1.544 | Ld=+0.4856 base=-0.15 drift=0.00402 path=0.632 | Lg=+0.7873 | 43s
 3490 post m=8 hq=0.441 fail | Dr=-0.022/+0.335 |Dr|max=0.490 Df=-0.115 | g r=0.913 f=0.893 p=0.913(0.036) max=1.581 | Ld=+0.4763 base=-0.15 drift=0.00407 path=0.622 | Lg=+0.7791 | 43s
 3500 post m=7 hq=0.452 fail | Dr=-0.017/+0.328 |Dr|max=0.484 Df=-0.119 | g r=0.888 f=0.863 p=0.894(0.019) max=1.591 | Ld=+0.4850 base=-0.132 drift=0.00486 path=0.613 | Lg=+0.7727 | 43s
 3510 post m=7 hq=0.400 fail | Dr=-0.004/+0.363 |Dr|max=0.458 Df=-0.112 | g r=0.966 f=0.964 p=0.956(0.047) max=1.721 | Ld=+0.5534 base=-0.1 drift=0.00353 path=0.65 | Lg=+0.7515 | 43s
 3520 post m=6 hq=0.335 fail | Dr=-0.000/+0.315 |Dr|max=0.464 Df=-0.123 | g r=0.919 f=0.917 p=0.901(0.029) max=1.601 | Ld=+0.4665 base=-0.151 drift=0.00351 path=0.614 | Lg=+0.7839 | 43s
 3530 post m=8 hq=0.475 fail | Dr=+0.005/+0.303 |Dr|max=0.458 Df=-0.086 | g r=0.873 f=0.882 p=0.881(0.031) max=1.559 | Ld=+0.5103 base=-0.129 drift=0.00386 path=0.635 | Lg=+0.7657 | 43s
 3540 post m=7 hq=0.290 fail | Dr=+0.000/+0.356 |Dr|max=0.490 Df=-0.122 | g r=0.959 f=0.955 p=0.942(0.056) max=1.687 | Ld=+0.5386 base=-0.122 drift=0.0046 path=0.656 | Lg=+0.7702 | 43s
 3550 post m=7 hq=0.346 fail | Dr=-0.003/+0.365 |Dr|max=0.460 Df=-0.117 | g r=0.975 f=0.965 p=0.942(0.005) max=1.725 | Ld=+0.5571 base=-0.0893 drift=0.00338 path=0.643 | Lg=+0.7573 | 44s
 3560 post m=8 hq=0.422 fail | Dr=-0.016/+0.361 |Dr|max=0.494 Df=-0.131 | g r=0.944 f=0.948 p=0.927(0.015) max=1.693 | Ld=+0.5525 base=-0.0885 drift=0.00424 path=0.637 | Lg=+0.7520 | 44s
 3570 post m=8 hq=0.598 fail | Dr=-0.016/+0.379 |Dr|max=0.477 Df=-0.105 | g r=1.005 f=1.037 p=0.983(0.018) max=1.747 | Ld=+0.5411 base=-0.0865 drift=0.00294 path=0.625 | Lg=+0.7588 | 44s
 3580 post m=8 hq=0.248 fail | Dr=+0.009/+0.404 |Dr|max=0.429 Df=-0.128 | g r=1.008 f=0.960 p=0.970(0.051) max=1.755 | Ld=+0.4969 base=-0.136 drift=0.00352 path=0.629 | Lg=+0.7779 | 44s
 3590 post m=8 hq=0.395 fail | Dr=-0.005/+0.394 |Dr|max=0.484 Df=-0.116 | g r=1.007 f=0.987 p=0.977(0.020) max=1.739 | Ld=+0.5224 base=-0.105 drift=0.00351 path=0.624 | Lg=+0.7604 | 44s
 3600 post m=8 hq=0.484 fail | Dr=+0.006/+0.407 |Dr|max=0.499 Df=-0.087 | g r=1.015 f=0.976 p=1.004(0.032) max=1.693 | Ld=+0.5930 base=-0.111 drift=0.00333 path=0.701 | Lg=+0.7658 | 44s
 3610 post m=8 hq=0.211 fail | Dr=-0.025/+0.431 |Dr|max=0.523 Df=-0.193 | g r=1.042 f=1.066 p=1.051(0.026) max=1.801 | Ld=+0.6843 base=-0.114 drift=0.00337 path=0.795 | Lg=+0.7755 | 44s
 3620 post m=8 hq=0.362 fail | Dr=-0.028/+0.411 |Dr|max=0.574 Df=-0.197 | g r=1.033 f=1.108 p=1.059(0.014) max=1.803 | Ld=+0.7018 base=-0.128 drift=0.00325 path=0.827 | Lg=+0.7822 | 44s
 3630 post m=8 hq=0.251 fail | Dr=+0.012/+0.412 |Dr|max=0.474 Df=-0.138 | g r=0.981 f=1.021 p=1.000(0.052) max=1.749 | Ld=+0.6503 base=-0.101 drift=0.0035 path=0.748 | Lg=+0.7606 | 45s
 3640 post m=8 hq=0.436 fail | Dr=-0.006/+0.409 |Dr|max=0.515 Df=-0.121 | g r=0.958 f=0.955 p=0.975(0.043) max=1.672 | Ld=+0.5050 base=-0.155 drift=0.00407 path=0.656 | Lg=+0.7857 | 45s
 3650 post m=8 hq=0.293 fail | Dr=-0.006/+0.435 |Dr|max=0.532 Df=-0.168 | g r=0.970 f=0.990 p=0.982(0.009) max=1.673 | Ld=+0.5402 base=-0.162 drift=0.00462 path=0.697 | Lg=+0.7980 | 45s
 3660 post m=8 hq=0.344 fail | Dr=-0.004/+0.422 |Dr|max=0.495 Df=-0.131 | g r=0.959 f=0.957 p=0.974(0.029) max=1.679 | Ld=+0.5149 base=-0.143 drift=0.00492 path=0.653 | Lg=+0.7840 | 45s
 3670 post m=8 hq=0.454 fail | Dr=-0.021/+0.401 |Dr|max=0.492 Df=-0.142 | g r=0.965 f=0.959 p=0.982(0.041) max=1.689 | Ld=+0.4745 base=-0.116 drift=0.00329 path=0.587 | Lg=+0.7629 | 45s
 3680 post m=8 hq=0.520 fail | Dr=-0.008/+0.420 |Dr|max=0.506 Df=-0.125 | g r=0.956 f=1.053 p=0.983(0.023) max=1.663 | Ld=+0.5367 base=-0.134 drift=0.00387 path=0.667 | Lg=+0.7763 | 45s
 3690 post m=7 hq=0.232 fail | Dr=+0.006/+0.407 |Dr|max=0.510 Df=-0.142 | g r=0.995 f=1.009 p=1.007(0.044) max=1.701 | Ld=+0.5516 base=-0.13 drift=0.00372 path=0.678 | Lg=+0.7759 | 45s
 3700 post m=8 hq=0.571 fail | Dr=-0.003/+0.396 |Dr|max=0.488 Df=-0.094 | g r=0.969 f=0.943 p=0.977(0.016) max=1.673 | Ld=+0.5422 base=-0.0985 drift=0.00412 path=0.637 | Lg=+0.7599 | 45s
 3710 post m=4 hq=0.243 fail | Dr=+0.010/+0.405 |Dr|max=0.479 Df=-0.126 | g r=0.961 f=0.990 p=0.946(0.019) max=1.654 | Ld=+0.5864 base=-0.105 drift=0.00424 path=0.688 | Lg=+0.7656 | 46s
 3720 post m=7 hq=0.230 fail | Dr=-0.002/+0.365 |Dr|max=0.512 Df=-0.125 | g r=0.958 f=0.923 p=0.959(0.023) max=1.676 | Ld=+0.5022 base=-0.105 drift=0.0044 path=0.603 | Lg=+0.7579 | 46s
 3730 post m=6 hq=0.165 fail | Dr=-0.003/+0.402 |Dr|max=0.489 Df=-0.136 | g r=0.983 f=0.968 p=0.986(0.038) max=1.646 | Ld=+0.5986 base=-0.088 drift=0.00451 path=0.682 | Lg=+0.7522 | 46s
 3740 post m=7 hq=0.428 fail | Dr=-0.018/+0.380 |Dr|max=0.532 Df=-0.135 | g r=1.013 f=0.976 p=0.979(0.023) max=1.692 | Ld=+0.5592 base=-0.0794 drift=0.00483 path=0.634 | Lg=+0.7520 | 46s
 3750 post m=7 hq=0.440 fail | Dr=-0.008/+0.385 |Dr|max=0.530 Df=-0.102 | g r=0.989 f=0.979 p=0.955(0.045) max=1.668 | Ld=+0.5843 base=-0.0904 drift=0.0046 path=0.67 | Lg=+0.7604 | 46s
 3760 post m=8 hq=0.421 fail | Dr=+0.010/+0.401 |Dr|max=0.505 Df=-0.101 | g r=0.967 f=0.963 p=0.937(0.025) max=1.621 | Ld=+0.4461 base=-0.12 drift=0.00481 path=0.562 | Lg=+0.7684 | 46s
 3770 post m=7 hq=0.306 fail | Dr=-0.007/+0.381 |Dr|max=0.502 Df=-0.130 | g r=0.954 f=0.975 p=0.922(0.009) max=1.656 | Ld=+0.4975 base=-0.119 drift=0.00454 path=0.612 | Lg=+0.7786 | 46s
 3780 post m=8 hq=0.281 fail | Dr=+0.002/+0.412 |Dr|max=0.491 Df=-0.118 | g r=0.942 f=0.922 p=0.923(0.022) max=1.631 | Ld=+0.5390 base=-0.108 drift=0.00544 path=0.642 | Lg=+0.7655 | 46s
 3790 post m=8 hq=0.348 fail | Dr=-0.008/+0.399 |Dr|max=0.501 Df=-0.110 | g r=0.929 f=0.859 p=0.909(0.051) max=1.559 | Ld=+0.4575 base=-0.121 drift=0.00465 path=0.574 | Lg=+0.7670 | 47s
 3800 post m=8 hq=0.354 fail | Dr=-0.001/+0.394 |Dr|max=0.550 Df=-0.104 | g r=0.956 f=0.879 p=0.927(0.046) max=1.626 | Ld=+0.5652 base=-0.103 drift=0.00583 path=0.662 | Lg=+0.7621 | 47s
 3810 post m=7 hq=0.377 fail | Dr=-0.010/+0.403 |Dr|max=0.555 Df=-0.138 | g r=0.994 f=1.022 p=0.995(0.018) max=1.645 | Ld=+0.5155 base=-0.14 drift=0.005 path=0.651 | Lg=+0.7860 | 47s
 3820 post m=8 hq=0.244 fail | Dr=-0.034/+0.428 |Dr|max=0.594 Df=-0.254 | g r=1.045 f=1.060 p=1.082(0.032) max=1.790 | Ld=+0.7084 base=-0.162 drift=0.00348 path=0.867 | Lg=+0.8252 | 47s
 3830 post m=8 hq=0.400 fail | Dr=-0.024/+0.411 |Dr|max=0.499 Df=-0.147 | g r=1.003 f=1.064 p=0.984(0.025) max=1.664 | Ld=+0.5458 base=-0.123 drift=0.00447 path=0.665 | Lg=+0.7715 | 47s
 3840 post m=7 hq=0.252 fail | Dr=+0.010/+0.405 |Dr|max=0.475 Df=-0.121 | g r=0.990 f=0.979 p=0.949(0.015) max=1.633 | Ld=+0.5304 base=-0.0991 drift=0.0045 path=0.625 | Lg=+0.7564 | 47s
 3850 post m=8 hq=0.420 fail | Dr=+0.004/+0.403 |Dr|max=0.476 Df=-0.100 | g r=0.929 f=0.899 p=0.898(0.016) max=1.664 | Ld=+0.5333 base=-0.129 drift=0.00461 path=0.657 | Lg=+0.7691 | 47s
 3860 post m=8 hq=0.286 fail | Dr=+0.015/+0.407 |Dr|max=0.462 Df=-0.106 | g r=0.926 f=0.868 p=0.884(0.018) max=1.651 | Ld=+0.5468 base=-0.143 drift=0.00569 path=0.684 | Lg=+0.7824 | 47s
 3870 post m=7 hq=0.382 fail | Dr=+0.008/+0.406 |Dr|max=0.510 Df=-0.106 | g r=0.943 f=0.928 p=0.896(0.062) max=1.678 | Ld=+0.5062 base=-0.127 drift=0.00637 path=0.627 | Lg=+0.7706 | 47s
 3880 post m=8 hq=0.387 fail | Dr=+0.009/+0.381 |Dr|max=0.472 Df=-0.085 | g r=0.869 f=0.784 p=0.837(0.029) max=1.513 | Ld=+0.5254 base=-0.134 drift=0.00653 path=0.653 | Lg=+0.7681 | 48s
 3890 post m=8 hq=0.392 fail | Dr=+0.002/+0.411 |Dr|max=0.510 Df=-0.107 | g r=0.944 f=0.893 p=0.918(0.046) max=1.580 | Ld=+0.5539 base=-0.0872 drift=0.00543 path=0.636 | Lg=+0.7524 | 48s
 3900 post m=8 hq=0.353 fail | Dr=-0.007/+0.419 |Dr|max=0.496 Df=-0.130 | g r=0.989 f=0.898 p=0.964(0.007) max=1.707 | Ld=+0.5043 base=-0.0973 drift=0.00462 path=0.597 | Lg=+0.7593 | 48s
 3910 post m=5 hq=0.302 fail | Dr=+0.009/+0.436 |Dr|max=0.503 Df=-0.096 | g r=0.989 f=0.887 p=0.959(0.026) max=1.664 | Ld=+0.5458 base=-0.102 drift=0.00479 path=0.642 | Lg=+0.7593 | 48s
 3920 post m=7 hq=0.475 fail | Dr=-0.002/+0.392 |Dr|max=0.516 Df=-0.109 | g r=0.958 f=0.997 p=0.913(0.015) max=1.616 | Ld=+0.4584 base=-0.124 drift=0.00572 path=0.577 | Lg=+0.7745 | 48s
 3930 post m=8 hq=0.532 fail | Dr=-0.011/+0.384 |Dr|max=0.500 Df=-0.099 | g r=0.926 f=0.952 p=0.881(0.021) max=1.536 | Ld=+0.5156 base=-0.11 drift=0.00511 path=0.62 | Lg=+0.7624 | 48s
 3940 post m=8 hq=0.390 fail | Dr=-0.012/+0.403 |Dr|max=0.533 Df=-0.136 | g r=0.955 f=0.985 p=0.961(0.048) max=1.745 | Ld=+0.4668 base=-0.118 drift=0.00503 path=0.579 | Lg=+0.7624 | 48s
 3950 post m=6 hq=0.339 fail | Dr=-0.018/+0.434 |Dr|max=0.563 Df=-0.142 | g r=1.029 f=1.012 p=1.059(0.038) max=1.788 | Ld=+0.8199 base=-0.0719 drift=0.00371 path=0.888 | Lg=+0.7459 | 48s
 3960 post m=7 hq=0.127 fail | Dr=-0.012/+0.434 |Dr|max=0.554 Df=-0.169 | g r=1.014 f=1.023 p=1.040(0.047) max=1.762 | Ld=+0.6682 base=-0.0961 drift=0.00402 path=0.76 | Lg=+0.7618 | 49s
 3970 post m=8 hq=0.389 fail | Dr=-0.011/+0.435 |Dr|max=0.531 Df=-0.158 | g r=0.948 f=0.960 p=0.980(0.053) max=1.688 | Ld=+0.5083 base=-0.134 drift=0.00547 path=0.637 | Lg=+0.7848 | 49s
 3980 post m=8 hq=0.299 fail | Dr=-0.015/+0.420 |Dr|max=0.528 Df=-0.149 | g r=0.975 f=0.901 p=0.995(0.015) max=1.678 | Ld=+0.4879 base=-0.104 drift=0.00407 path=0.588 | Lg=+0.7688 | 49s
 3990 post m=7 hq=0.303 fail | Dr=-0.011/+0.430 |Dr|max=0.532 Df=-0.150 | g r=0.980 f=1.057 p=1.009(0.064) max=1.695 | Ld=+0.5857 base=-0.0943 drift=0.00434 path=0.676 | Lg=+0.7590 | 49s
 4000 post m=8 hq=0.336 fail | Dr=+0.006/+0.446 |Dr|max=0.532 Df=-0.135 | g r=1.005 f=1.021 p=1.031(0.050) max=1.800 | Ld=+0.5927 base=-0.114 drift=0.00437 path=0.702 | Lg=+0.7648 | 49s
 4010 post m=7 hq=0.369 fail | Dr=-0.002/+0.429 |Dr|max=0.552 Df=-0.108 | g r=0.975 f=0.937 p=0.994(0.029) max=1.690 | Ld=+0.5371 base=-0.122 drift=0.00496 path=0.654 | Lg=+0.7804 | 49s
 4020 post m=8 hq=0.458 fail | Dr=-0.007/+0.434 |Dr|max=0.522 Df=-0.134 | g r=0.964 f=0.967 p=1.005(0.027) max=1.703 | Ld=+0.5728 base=-0.0963 drift=0.00462 path=0.664 | Lg=+0.7551 | 49s
 4030 post m=8 hq=0.379 fail | Dr=-0.012/+0.423 |Dr|max=0.546 Df=-0.138 | g r=0.969 f=0.950 p=1.003(0.024) max=1.709 | Ld=+0.5694 base=-0.0974 drift=0.00481 path=0.662 | Lg=+0.7648 | 49s
 4040 post m=8 hq=0.430 fail | Dr=-0.012/+0.431 |Dr|max=0.563 Df=-0.131 | g r=0.993 f=0.961 p=1.020(0.036) max=1.696 | Ld=+0.5922 base=-0.0986 drift=0.00438 path=0.686 | Lg=+0.7658 | 50s
 4050 post m=8 hq=0.419 fail | Dr=-0.004/+0.435 |Dr|max=0.513 Df=-0.131 | g r=0.982 f=0.960 p=1.012(0.079) max=1.701 | Ld=+0.5942 base=-0.0944 drift=0.00434 path=0.684 | Lg=+0.7601 | 50s
 4060 post m=8 hq=0.447 fail | Dr=-0.007/+0.426 |Dr|max=0.495 Df=-0.099 | g r=0.966 f=0.904 p=0.988(0.009) max=1.652 | Ld=+0.6054 base=-0.0951 drift=0.00389 path=0.697 | Lg=+0.7564 | 50s
 4070 post m=8 hq=0.282 fail | Dr=-0.002/+0.406 |Dr|max=0.510 Df=-0.124 | g r=0.993 f=0.914 p=0.999(0.014) max=1.716 | Ld=+0.5490 base=-0.102 drift=0.00417 path=0.647 | Lg=+0.7557 | 50s
 4080 post m=8 hq=0.409 fail | Dr=-0.016/+0.418 |Dr|max=0.549 Df=-0.129 | g r=0.974 f=0.928 p=1.012(0.010) max=1.701 | Ld=+0.6725 base=-0.0756 drift=0.0044 path=0.744 | Lg=+0.7517 | 50s
 4090 post m=8 hq=0.506 fail | Dr=-0.010/+0.412 |Dr|max=0.549 Df=-0.132 | g r=0.989 f=1.030 p=1.012(0.035) max=1.677 | Ld=+0.6089 base=-0.0866 drift=0.00514 path=0.69 | Lg=+0.7553 | 50s
 4100 post m=8 hq=0.393 fail | Dr=-0.011/+0.407 |Dr|max=0.542 Df=-0.145 | g r=0.952 f=0.995 p=0.984(0.023) max=1.608 | Ld=+0.5195 base=-0.119 drift=0.0049 path=0.634 | Lg=+0.7737 | 50s
 4110 post m=5 hq=0.319 fail | Dr=-0.012/+0.414 |Dr|max=0.561 Df=-0.120 | g r=0.982 f=0.958 p=1.006(0.042) max=1.740 | Ld=+0.5572 base=-0.117 drift=0.00436 path=0.669 | Lg=+0.7747 | 50s
 4120 post m=7 hq=0.314 fail | Dr=-0.012/+0.407 |Dr|max=0.516 Df=-0.130 | g r=0.944 f=0.923 p=0.959(0.017) max=1.588 | Ld=+0.4726 base=-0.104 drift=0.00458 path=0.572 | Lg=+0.7605 | 50s
 4130 post m=7 hq=0.457 fail | Dr=+0.012/+0.418 |Dr|max=0.468 Df=-0.080 | g r=0.930 f=0.921 p=0.950(0.031) max=1.830 | Ld=+0.5371 base=-0.121 drift=0.00446 path=0.653 | Lg=+0.7793 | 51s
 4140 post m=8 hq=0.376 fail | Dr=-0.010/+0.423 |Dr|max=0.549 Df=-0.121 | g r=0.946 f=0.963 p=0.967(0.057) max=1.594 | Ld=+0.4434 base=-0.121 drift=0.00537 path=0.559 | Lg=+0.7793 | 51s
 4150 post m=8 hq=0.274 fail | Dr=-0.009/+0.422 |Dr|max=0.504 Df=-0.126 | g r=0.948 f=0.890 p=0.949(0.038) max=1.599 | Ld=+0.5136 base=-0.115 drift=0.00423 path=0.624 | Lg=+0.7749 | 51s
 4160 post m=8 hq=0.349 fail | Dr=-0.000/+0.444 |Dr|max=0.477 Df=-0.123 | g r=0.958 f=0.977 p=0.976(0.031) max=1.609 | Ld=+0.4846 base=-0.0996 drift=0.00455 path=0.58 | Lg=+0.7632 | 51s
 4170 post m=8 hq=0.579 fail | Dr=-0.023/+0.441 |Dr|max=0.531 Df=-0.116 | g r=0.944 f=0.930 p=0.960(0.047) max=1.621 | Ld=+0.5006 base=-0.0956 drift=0.0054 path=0.591 | Lg=+0.7643 | 51s
 4180 post m=8 hq=0.467 fail | Dr=-0.004/+0.445 |Dr|max=0.491 Df=-0.108 | g r=0.895 f=0.886 p=0.920(0.053) max=1.512 | Ld=+0.4455 base=-0.136 drift=0.00551 path=0.576 | Lg=+0.7808 | 51s
 4190 post m=6 hq=0.413 fail | Dr=+0.004/+0.405 |Dr|max=0.455 Df=-0.078 | g r=0.795 f=0.694 p=0.827(0.035) max=1.416 | Ld=+0.5714 base=-0.116 drift=0.00633 path=0.681 | Lg=+0.7648 | 51s
 4200 post m=8 hq=0.574 fail | Dr=-0.003/+0.420 |Dr|max=0.492 Df=-0.098 | g r=0.910 f=0.889 p=0.915(0.036) max=1.568 | Ld=+0.5686 base=-0.109 drift=0.00598 path=0.671 | Lg=+0.7578 | 51s
 4210 post m=8 hq=0.468 fail | Dr=-0.005/+0.437 |Dr|max=0.509 Df=-0.122 | g r=0.976 f=1.014 p=0.998(0.049) max=1.700 | Ld=+0.4796 base=-0.123 drift=0.00441 path=0.598 | Lg=+0.7692 | 52s
 4220 post m=8 hq=0.526 fail | Dr=-0.004/+0.456 |Dr|max=0.505 Df=-0.118 | g r=0.952 f=0.964 p=0.988(0.006) max=1.672 | Ld=+0.5306 base=-0.102 drift=0.00437 path=0.628 | Lg=+0.7601 | 52s
 4230 post m=8 hq=0.537 fail | Dr=-0.028/+0.437 |Dr|max=0.542 Df=-0.156 | g r=0.987 f=1.042 p=1.023(0.012) max=1.738 | Ld=+0.5610 base=-0.129 drift=0.00445 path=0.685 | Lg=+0.7853 | 52s
 4240 post m=8 hq=0.353 fail | Dr=-0.026/+0.430 |Dr|max=0.566 Df=-0.161 | g r=1.009 f=0.997 p=1.041(0.021) max=1.711 | Ld=+0.6395 base=-0.0943 drift=0.00511 path=0.729 | Lg=+0.7606 | 52s
 4250 post m=5 hq=0.173 fail | Dr=-0.015/+0.399 |Dr|max=0.594 Df=-0.198 | g r=1.012 f=1.037 p=1.043(0.006) max=1.739 | Ld=+0.6321 base=-0.126 drift=0.00502 path=0.753 | Lg=+0.7806 | 52s
 4260 post m=5 hq=0.220 fail | Dr=-0.016/+0.357 |Dr|max=0.621 Df=-0.185 | g r=1.010 f=0.930 p=1.035(0.034) max=1.752 | Ld=+0.6165 base=-0.142 drift=0.00578 path=0.753 | Lg=+0.7913 | 52s
 4270 post m=7 hq=0.413 fail | Dr=-0.024/+0.395 |Dr|max=0.580 Df=-0.157 | g r=0.950 f=0.973 p=0.998(0.003) max=1.674 | Ld=+0.5333 base=-0.103 drift=0.00597 path=0.63 | Lg=+0.7783 | 52s
 4280 post m=8 hq=0.273 fail | Dr=-0.018/+0.411 |Dr|max=0.587 Df=-0.165 | g r=0.937 f=0.944 p=0.987(0.028) max=1.668 | Ld=+0.4531 base=-0.131 drift=0.00529 path=0.579 | Lg=+0.7761 | 52s
 4290 post m=6 hq=0.160 fail | Dr=-0.013/+0.414 |Dr|max=0.588 Df=-0.176 | g r=0.981 f=0.955 p=1.013(0.041) max=1.677 | Ld=+0.4993 base=-0.133 drift=0.00568 path=0.627 | Lg=+0.7838 | 53s
 4300 post m=7 hq=0.281 fail | Dr=-0.009/+0.402 |Dr|max=0.574 Df=-0.177 | g r=0.964 f=1.015 p=1.020(0.059) max=1.717 | Ld=+0.5499 base=-0.127 drift=0.00549 path=0.672 | Lg=+0.7805 | 53s
 4310 post m=8 hq=0.317 fail | Dr=+0.003/+0.428 |Dr|max=0.538 Df=-0.127 | g r=0.982 f=1.011 p=1.006(0.045) max=1.714 | Ld=+0.5982 base=-0.0791 drift=0.00589 path=0.671 | Lg=+0.7500 | 53s
 4320 post m=7 hq=0.427 fail | Dr=-0.042/+0.439 |Dr|max=0.621 Df=-0.162 | g r=0.968 f=0.990 p=1.006(0.021) max=1.713 | Ld=+0.5902 base=-0.103 drift=0.00639 path=0.687 | Lg=+0.7728 | 53s
 4330 post m=8 hq=0.484 fail | Dr=-0.015/+0.436 |Dr|max=0.593 Df=-0.134 | g r=0.957 f=0.995 p=1.003(0.019) max=1.708 | Ld=+0.4740 base=-0.16 drift=0.0053 path=0.629 | Lg=+0.8000 | 53s
 4340 post m=8 hq=0.410 fail | Dr=-0.019/+0.460 |Dr|max=0.540 Df=-0.148 | g r=0.995 f=0.965 p=1.006(0.022) max=1.733 | Ld=+0.6253 base=-0.0868 drift=0.00534 path=0.707 | Lg=+0.7614 | 53s
 4350 post m=6 hq=0.231 fail | Dr=-0.017/+0.452 |Dr|max=0.581 Df=-0.148 | g r=0.959 f=0.897 p=0.933(0.020) max=1.658 | Ld=+0.6105 base=-0.13 drift=0.00945 path=0.731 | Lg=+0.7835 | 53s
 4360 post m=8 hq=0.282 fail | Dr=-0.033/+0.442 |Dr|max=0.553 Df=-0.170 | g r=0.971 f=0.941 p=0.972(0.031) max=1.797 | Ld=+0.5409 base=-0.114 drift=0.00581 path=0.649 | Lg=+0.7791 | 53s
 4370 post m=7 hq=0.413 fail | Dr=-0.028/+0.393 |Dr|max=0.602 Df=-0.160 | g r=0.980 f=1.037 p=0.975(0.044) max=1.660 | Ld=+0.5115 base=-0.0978 drift=0.00712 path=0.602 | Lg=+0.7711 | 54s
 4380 post m=7 hq=0.379 fail | Dr=-0.030/+0.440 |Dr|max=0.565 Df=-0.156 | g r=0.997 f=1.013 p=0.988(0.035) max=1.729 | Ld=+0.5376 base=-0.112 drift=0.00557 path=0.644 | Lg=+0.7744 | 54s
 4390 post m=8 hq=0.349 fail | Dr=-0.002/+0.412 |Dr|max=0.565 Df=-0.147 | g r=0.991 f=1.036 p=0.990(0.062) max=1.728 | Ld=+0.5271 base=-0.124 drift=0.00721 path=0.644 | Lg=+0.7866 | 54s
 4400 post m=7 hq=0.488 fail | Dr=-0.005/+0.430 |Dr|max=0.547 Df=-0.117 | g r=0.974 f=1.005 p=0.963(0.022) max=1.634 | Ld=+0.5119 base=-0.0922 drift=0.00637 path=0.598 | Lg=+0.7587 | 54s
 4410 post m=7 hq=0.260 fail | Dr=-0.019/+0.439 |Dr|max=0.534 Df=-0.156 | g r=0.978 f=0.906 p=0.939(0.050) max=1.744 | Ld=+0.4417 base=-0.123 drift=0.00764 path=0.557 | Lg=+0.7811 | 54s
 4420 post m=8 hq=0.447 fail | Dr=-0.018/+0.459 |Dr|max=0.531 Df=-0.133 | g r=0.927 f=0.904 p=0.930(0.020) max=1.620 | Ld=+0.4594 base=-0.118 drift=0.00697 path=0.57 | Lg=+0.7714 | 54s
 4430 post m=8 hq=0.501 fail | Dr=-0.007/+0.455 |Dr|max=0.545 Df=-0.100 | g r=0.914 f=0.827 p=0.907(0.027) max=1.624 | Ld=+0.4733 base=-0.117 drift=0.00694 path=0.584 | Lg=+0.7757 | 54s
 4440 post m=8 hq=0.626 fail | Dr=+0.018/+0.465 |Dr|max=0.524 Df=-0.074 | g r=0.951 f=0.949 p=0.936(0.004) max=1.682 | Ld=+0.4460 base=-0.135 drift=0.00772 path=0.573 | Lg=+0.7823 | 54s
 4450 post m=8 hq=0.525 fail | Dr=-0.005/+0.451 |Dr|max=0.565 Df=-0.143 | g r=1.009 f=1.071 p=1.011(0.029) max=1.974 | Ld=+0.5570 base=-0.119 drift=0.0068 path=0.67 | Lg=+0.7708 | 55s
 4460 post m=8 hq=0.574 fail | Dr=-0.024/+0.479 |Dr|max=0.598 Df=-0.142 | g r=1.011 f=1.011 p=1.054(0.085) max=1.751 | Ld=+0.6488 base=-0.0864 drift=0.00656 path=0.729 | Lg=+0.7657 | 55s
 4470 post m=8 hq=0.462 fail | Dr=-0.051/+0.439 |Dr|max=0.619 Df=-0.182 | g r=1.013 f=1.028 p=1.043(0.042) max=1.712 | Ld=+0.6081 base=-0.13 drift=0.00647 path=0.731 | Lg=+0.7880 | 55s
 4480 post m=7 hq=0.380 fail | Dr=-0.030/+0.468 |Dr|max=0.575 Df=-0.151 | g r=0.978 f=0.936 p=0.997(0.054) max=1.642 | Ld=+0.4479 base=-0.128 drift=0.00603 path=0.57 | Lg=+0.7787 | 55s
 4490 post m=8 hq=0.329 fail | Dr=-0.009/+0.455 |Dr|max=0.553 Df=-0.159 | g r=1.005 f=1.037 p=1.002(0.064) max=1.847 | Ld=+0.4944 base=-0.133 drift=0.00663 path=0.621 | Lg=+0.7809 | 55s
 4500 post m=8 hq=0.617 fail | Dr=-0.046/+0.448 |Dr|max=0.601 Df=-0.144 | g r=1.000 f=1.020 p=0.982(0.033) max=1.710 | Ld=+0.5896 base=-0.0907 drift=0.00737 path=0.673 | Lg=+0.7594 | 55s
 4510 post m=8 hq=0.400 fail | Dr=+0.007/+0.466 |Dr|max=0.549 Df=-0.120 | g r=0.929 f=0.922 p=0.930(0.021) max=1.652 | Ld=+0.4609 base=-0.145 drift=0.00798 path=0.598 | Lg=+0.7883 | 55s
 4520 post m=7 hq=0.329 fail | Dr=-0.025/+0.439 |Dr|max=0.596 Df=-0.158 | g r=0.954 f=0.938 p=0.924(0.061) max=1.666 | Ld=+0.5710 base=-0.116 drift=0.00946 path=0.678 | Lg=+0.7876 | 55s
 4530 post m=8 hq=0.550 fail | Dr=-0.018/+0.439 |Dr|max=0.557 Df=-0.136 | g r=0.965 f=0.890 p=0.939(0.029) max=1.698 | Ld=+0.4666 base=-0.133 drift=0.00704 path=0.592 | Lg=+0.7901 | 56s
 4540 post m=8 hq=0.555 fail | Dr=-0.022/+0.454 |Dr|max=0.575 Df=-0.146 | g r=0.978 f=1.024 p=0.978(0.025) max=1.996 | Ld=+0.4057 base=-0.121 drift=0.00681 path=0.519 | Lg=+0.7794 | 56s
 4550 post m=7 hq=0.390 fail | Dr=-0.034/+0.482 |Dr|max=0.540 Df=-0.144 | g r=1.004 f=1.024 p=1.006(0.045) max=1.647 | Ld=+0.4927 base=-0.102 drift=0.00613 path=0.589 | Lg=+0.7665 | 56s
 4560 post m=8 hq=0.452 fail | Dr=+0.017/+0.492 |Dr|max=0.506 Df=-0.111 | g r=0.951 f=0.960 p=0.939(0.066) max=1.692 | Ld=+0.4146 base=-0.114 drift=0.00682 path=0.522 | Lg=+0.7731 | 56s
 4570 post m=7 hq=0.276 fail | Dr=-0.032/+0.466 |Dr|max=0.551 Df=-0.169 | g r=0.980 f=0.986 p=0.939(0.057) max=1.565 | Ld=+0.4352 base=-0.125 drift=0.00546 path=0.555 | Lg=+0.7811 | 56s
 4580 post m=8 hq=0.542 fail | Dr=-0.032/+0.434 |Dr|max=0.587 Df=-0.141 | g r=0.952 f=0.979 p=0.935(0.040) max=1.906 | Ld=+0.3780 base=-0.117 drift=0.00574 path=0.489 | Lg=+0.7684 | 56s
 4590 post m=8 hq=0.494 fail | Dr=+0.009/+0.462 |Dr|max=0.544 Df=-0.101 | g r=0.907 f=0.870 p=0.859(0.040) max=1.428 | Ld=+0.4466 base=-0.138 drift=0.00817 path=0.576 | Lg=+0.7766 | 56s
 4600 post m=8 hq=0.593 fail | Dr=+0.014/+0.444 |Dr|max=0.444 Df=-0.085 | g r=0.879 f=0.910 p=0.839(0.010) max=1.407 | Ld=+0.5115 base=-0.127 drift=0.00675 path=0.632 | Lg=+0.7656 | 56s
# COMPLETE 4600 updates in 56s; prehold 0/120; arrival=None
