START problem=rotated100 steps=7000 device=cuda:0 events=reports/simple-critic/toy100/runs_ctrl/hook/sec_nodamp/bench/rotated100/events.jsonl
EVAL step=0/7000 model=live modes=0/100 hq=0.0213 pass=False elapsed=0.4s
EVAL step=0/7000 model=ema modes=0/100 hq=0.0213 pass=False elapsed=0.6s
TRAIN step=1/7000 d=4.6524 g=0.7012 train_seconds=0.0
EVAL step=1/7000 model=live modes=0/100 hq=0.0210 pass=False elapsed=0.7s
EVAL step=1/7000 model=ema modes=0/100 hq=0.0213 pass=False elapsed=0.8s
EVAL step=10/7000 model=live modes=0/100 hq=0.0238 pass=False elapsed=1.1s
EVAL step=10/7000 model=ema modes=0/100 hq=0.0218 pass=False elapsed=1.1s
EVAL step=25/7000 model=live modes=0/100 hq=0.0238 pass=False elapsed=1.5s
EVAL step=25/7000 model=ema modes=0/100 hq=0.0221 pass=False elapsed=1.6s
EVAL step=50/7000 model=live modes=0/100 hq=0.0515 pass=False elapsed=2.0s
EVAL step=50/7000 model=ema modes=0/100 hq=0.0240 pass=False elapsed=2.1s
EVAL step=100/7000 model=live modes=0/100 hq=0.1244 pass=False elapsed=2.9s
EVAL step=100/7000 model=ema modes=0/100 hq=0.0291 pass=False elapsed=3.0s
TRAIN step=250/7000 d=-0.0165 g=0.8061 train_seconds=3.0
EVAL step=250/7000 model=live modes=64/100 hq=0.4858 pass=False elapsed=5.0s
EVAL step=250/7000 model=ema modes=0/100 hq=0.0779 pass=False elapsed=5.1s
TRAIN step=500/7000 d=-0.0077 g=0.7874 train_seconds=6.1
EVAL step=500/7000 model=live modes=76/100 hq=0.7277 pass=False elapsed=8.3s
EVAL step=500/7000 model=ema modes=48/100 hq=0.4109 pass=False elapsed=8.4s
TRAIN step=750/7000 d=0.0030 g=0.7854 train_seconds=9.1
EVAL step=750/7000 model=live modes=89/100 hq=0.8004 pass=False elapsed=11.6s
EVAL step=750/7000 model=ema modes=77/100 hq=0.6960 pass=False elapsed=11.8s
TRAIN step=1000/7000 d=0.0067 g=0.7568 train_seconds=12.2
EVAL step=1000/7000 model=live modes=96/100 hq=0.8438 pass=False elapsed=15.0s
EVAL step=1000/7000 model=ema modes=86/100 hq=0.7843 pass=False elapsed=15.0s
TRAIN step=1250/7000 d=0.0150 g=0.7457 train_seconds=15.1
EVAL step=1250/7000 model=live modes=99/100 hq=0.8845 pass=False elapsed=18.2s
EVAL step=1250/7000 model=ema modes=95/100 hq=0.8436 pass=False elapsed=18.3s
TRAIN step=1500/7000 d=0.0085 g=0.7141 train_seconds=18.2
EVAL step=1500/7000 model=live modes=99/100 hq=0.9013 pass=False elapsed=21.6s
EVAL step=1500/7000 model=ema modes=98/100 hq=0.8840 pass=False elapsed=21.7s
TRAIN step=1750/7000 d=0.0290 g=0.7122 train_seconds=21.3
EVAL step=1750/7000 model=live modes=100/100 hq=0.8926 pass=False elapsed=24.9s
EVAL step=1750/7000 model=ema modes=99/100 hq=0.9161 pass=False elapsed=25.1s
TRAIN step=2000/7000 d=0.0137 g=0.7183 train_seconds=24.2
EVAL step=2000/7000 model=live modes=100/100 hq=0.8809 pass=False elapsed=28.2s
EVAL step=2000/7000 model=ema modes=100/100 hq=0.9259 pass=False elapsed=28.3s
TRAIN step=2250/7000 d=0.0124 g=0.6976 train_seconds=27.3
EVAL step=2250/7000 model=live modes=100/100 hq=0.9084 pass=False elapsed=31.6s
EVAL step=2250/7000 model=ema modes=100/100 hq=0.9349 pass=False elapsed=31.7s
TRAIN step=2500/7000 d=0.0118 g=0.6947 train_seconds=30.3
EVAL step=2500/7000 model=live modes=100/100 hq=0.9055 pass=False elapsed=34.9s
EVAL step=2500/7000 model=ema modes=100/100 hq=0.9386 pass=False elapsed=35.0s
TRAIN step=2750/7000 d=0.0107 g=0.6975 train_seconds=33.4
EVAL step=2750/7000 model=live modes=100/100 hq=0.9176 pass=False elapsed=38.4s
EVAL step=2750/7000 model=ema modes=100/100 hq=0.9467 pass=False elapsed=38.5s
TRAIN step=3000/7000 d=0.0010 g=0.6982 train_seconds=36.6
EVAL step=3000/7000 model=live modes=100/100 hq=0.9022 pass=False elapsed=41.9s
EVAL step=3000/7000 model=ema modes=100/100 hq=0.9454 pass=False elapsed=42.0s
TRAIN step=3250/7000 d=0.0044 g=0.6940 train_seconds=39.7
EVAL step=3250/7000 model=live modes=100/100 hq=0.9102 pass=False elapsed=45.2s
EVAL step=3250/7000 model=ema modes=100/100 hq=0.9443 pass=False elapsed=45.3s
TRAIN step=3500/7000 d=0.0141 g=0.6942 train_seconds=42.7
EVAL step=3500/7000 model=live modes=100/100 hq=0.9008 pass=False elapsed=48.6s
EVAL step=3500/7000 model=ema modes=100/100 hq=0.9446 pass=False elapsed=48.7s
TRAIN step=3750/7000 d=0.0045 g=0.6972 train_seconds=45.8
EVAL step=3750/7000 model=live modes=100/100 hq=0.9048 pass=False elapsed=51.9s
EVAL step=3750/7000 model=ema modes=100/100 hq=0.9494 pass=False elapsed=52.1s
TRAIN step=4000/7000 d=0.0057 g=0.6958 train_seconds=48.9
EVAL step=4000/7000 model=live modes=100/100 hq=0.8860 pass=False elapsed=55.4s
EVAL step=4000/7000 model=ema modes=100/100 hq=0.9569 pass=False elapsed=55.5s
TRAIN step=4250/7000 d=0.0077 g=0.6954 train_seconds=51.8
EVAL step=4250/7000 model=live modes=100/100 hq=0.8697 pass=False elapsed=58.7s
EVAL step=4250/7000 model=ema modes=100/100 hq=0.9487 pass=False elapsed=58.8s
TRAIN step=4500/7000 d=0.0081 g=0.6967 train_seconds=54.9
EVAL step=4500/7000 model=live modes=100/100 hq=0.8900 pass=False elapsed=62.1s
EVAL step=4500/7000 model=ema modes=100/100 hq=0.9458 pass=False elapsed=62.2s
TRAIN step=4750/7000 d=0.0107 g=0.6949 train_seconds=57.9
EVAL step=4750/7000 model=live modes=100/100 hq=0.8396 pass=False elapsed=65.3s
EVAL step=4750/7000 model=ema modes=100/100 hq=0.9510 pass=False elapsed=65.5s
TRAIN step=5000/7000 d=0.0075 g=0.6939 train_seconds=60.9
EVAL step=5000/7000 model=live modes=100/100 hq=0.8925 pass=False elapsed=68.6s
EVAL step=5000/7000 model=ema modes=100/100 hq=0.9523 pass=False elapsed=68.7s
TRAIN step=5250/7000 d=0.0050 g=0.6937 train_seconds=64.0
EVAL step=5250/7000 model=live modes=100/100 hq=0.8729 pass=False elapsed=71.9s
EVAL step=5250/7000 model=ema modes=100/100 hq=0.9549 pass=False elapsed=72.1s
TRAIN step=5500/7000 d=0.0055 g=0.6934 train_seconds=67.0
EVAL step=5500/7000 model=live modes=100/100 hq=0.9012 pass=False elapsed=75.3s
EVAL step=5500/7000 model=ema modes=100/100 hq=0.9601 pass=False elapsed=75.4s
TRAIN step=5750/7000 d=0.0054 g=0.6941 train_seconds=70.0
EVAL step=5750/7000 model=live modes=100/100 hq=0.9085 pass=False elapsed=78.6s
EVAL step=5750/7000 model=ema modes=100/100 hq=0.9580 pass=False elapsed=78.8s
TRAIN step=6000/7000 d=0.0078 g=0.6937 train_seconds=73.1
EVAL step=6000/7000 model=live modes=100/100 hq=0.7934 pass=False elapsed=82.0s
EVAL step=6000/7000 model=ema modes=100/100 hq=0.9623 pass=False elapsed=82.2s
TRAIN step=6250/7000 d=0.0145 g=0.6932 train_seconds=76.2
EVAL step=6250/7000 model=live modes=100/100 hq=0.8864 pass=False elapsed=85.4s
EVAL step=6250/7000 model=ema modes=100/100 hq=0.9599 pass=False elapsed=85.5s
TRAIN step=6500/7000 d=0.0199 g=0.6950 train_seconds=79.2
EVAL step=6500/7000 model=live modes=99/100 hq=0.8185 pass=False elapsed=88.7s
EVAL step=6500/7000 model=ema modes=100/100 hq=0.9642 pass=False elapsed=88.9s
TRAIN step=6750/7000 d=0.0198 g=0.6938 train_seconds=82.4
EVAL step=6750/7000 model=live modes=87/100 hq=0.7361 pass=False elapsed=92.2s
EVAL step=6750/7000 model=ema modes=100/100 hq=0.9617 pass=False elapsed=92.4s
TRAIN step=7000/7000 d=0.0097 g=0.6951 train_seconds=85.5
EVAL step=7000/7000 model=live modes=100/100 hq=0.8649 pass=False elapsed=95.6s
EVAL step=7000/7000 model=ema modes=100/100 hq=0.9635 pass=False elapsed=95.8s
COMPLETE problem=rotated100 steps=7000 live_modes=100/100 live_hq=0.8649 stable_pass=None total_seconds=96.8
