START ratio_g425_d2125_p85 two_pole
{"event": "DONE", "candidate": "ratio_g425_d2125_p85", "task": "two_pole", "status": "FAIL", "suffix": 0, "live": {"mean_abs": 0.19183991849422455, "grad_med": 0.18321049213409424}, "error": null}
START ratio_g425_d2125_p85 mode_hold
{"event": "DONE", "candidate": "ratio_g425_d2125_p85", "task": "mode_hold", "status": "FAIL", "suffix": 0, "live": {"modes": 6, "hq": 1.0}, "error": null}
START ratio_g425_d2125_p85 vector_unequal_mass
{"event": "DONE", "candidate": "ratio_g425_d2125_p85", "task": "vector_unequal_mass", "status": "FAIL", "suffix": 0, "live": {"sw1_normalized": 0.14210362625839992, "mean_error": 0.1719076931476593, "covariance_error": 0.19767692685127258, "target_scale": 1.7593294382095337, "sample_count": 4096, "mass_tv": 0.13164062798023224, "min_mass_ratio": 0.614107608795166, "hq": 0.99365234375, "component_covariance_error": 0.6032128855586052, "component_covariance_errors": [0.3376748263835907, 0.5552810430526733, 0.5456544160842896, 0.9742412567138672], "component_min_eigen_ratio": 0.0023005465045571327, "component_mass": [0.681640625, 0.22119140625, 0.079833984375, 0.017333984375], "target_mass": [0.550000011920929, 0.30000001192092896, 0.12999999523162842, 0.019999999552965164], "component_counts": [2792, 906, 327, 71]}, "error": null}
START ratio_g425_d2125_p85 vector_unequal_width
{"event": "DONE", "candidate": "ratio_g425_d2125_p85", "task": "vector_unequal_width", "status": "FAIL", "suffix": 0, "live": {"sw1_normalized": 0.135989908296233, "mean_error": 0.1811254918575287, "covariance_error": 0.036346934735774994, "target_scale": 2.1343955993652344, "sample_count": 4096, "mass_tv": 0.10498046875, "min_mass_ratio": 0.7158203125, "hq": 0.982177734375, "component_covariance_error": 4.834720525890589, "component_covariance_errors": [17.131019592285156, 0.9638510346412659, 1.0724310874938965, 0.17158038914203644], "component_min_eigen_ratio": 0.2937483787536621, "component_mass": [0.178955078125, 0.27783203125, 0.216064453125, 0.3271484375], "target_mass": [0.25, 0.25, 0.25, 0.25], "component_counts": [733, 1138, 885, 1340]}, "error": null}
START ratio_g425_d2125_p85 vector_anisotropic
{"event": "DONE", "candidate": "ratio_g425_d2125_p85", "task": "vector_anisotropic", "status": "PASS", "suffix": 7, "live": {"sw1_normalized": 0.14054606134379724, "mean_error": 0.18669980764389038, "covariance_error": 0.22760650515556335, "target_scale": 2.032285690307617, "sample_count": 4096, "mass_tv": 0.1223958283662796, "min_mass_ratio": 0.6328125, "hq": 0.98291015625, "component_covariance_error": 0.6218006064494451, "component_covariance_errors": [0.202516570687294, 0.7903299331665039, 0.8725553154945374], "component_min_eigen_ratio": 0.7756208181381226, "component_mass": [0.44140625, 0.2109375, 0.34765625], "target_mass": [0.3333333432674408, 0.3333333432674408, 0.3333333432674408], "component_counts": [1808, 864, 1424]}, "error": null}
START ratio_g425_d2125_p85 vector_overlap
{"event": "DONE", "candidate": "ratio_g425_d2125_p85", "task": "vector_overlap", "status": "FAIL", "suffix": 0, "live": {"sw1_normalized": 0.16212742440341457, "mean_error": 0.18678419291973114, "covariance_error": 0.649620771408081, "target_scale": 0.8501437306404114, "sample_count": 4096}, "error": null}
START ratio_g425_d2125_p85 img_blobs4
{"event": "DONE", "candidate": "ratio_g425_d2125_p85", "task": "img_blobs4", "status": "PASS", "suffix": 10, "live": {"modes": 4, "hq": 0.96875, "mean_rmse": 0.017700165510177612, "quality_mode_fractions": [0.21875, 0.25, 0.1875, 0.3125], "mode_fractions": [0.25, 0.25, 0.1875, 0.3125], "distribution_tv": 0.0625}, "error": null}
START ratio_g425_d6375_p85 two_pole
{"event": "DONE", "candidate": "ratio_g425_d6375_p85", "task": "two_pole", "status": "PASS", "suffix": 15, "live": {"mean_abs": 0.7604601383209229, "grad_med": 0.32428908348083496}, "error": null}
START ratio_g425_d6375_p85 mode_hold
{"event": "DONE", "candidate": "ratio_g425_d6375_p85", "task": "mode_hold", "status": "PASS", "suffix": 5, "live": {"modes": 8, "hq": 1.0}, "error": null}
START ratio_g425_d6375_p85 vector_unequal_mass
{"event": "DONE", "candidate": "ratio_g425_d6375_p85", "task": "vector_unequal_mass", "status": "FAIL", "suffix": 0, "live": {"sw1_normalized": 0.06225779771755941, "mean_error": 0.02781703695654869, "covariance_error": 0.13288100063800812, "target_scale": 1.7593294382095337, "sample_count": 4096, "mass_tv": 0.033867187798023224, "min_mass_ratio": 0.54931640625, "hq": 1.0, "component_covariance_error": 0.5124944597482681, "component_covariance_errors": [0.3167533278465271, 0.3821737468242645, 0.3825107514858246, 0.9685400128364563], "component_min_eigen_ratio": 0.00022467575035989285, "component_mass": [0.5576171875, 0.275146484375, 0.15625, 0.010986328125], "target_mass": [0.550000011920929, 0.30000001192092896, 0.12999999523162842, 0.019999999552965164], "component_counts": [2284, 1127, 640, 45]}, "error": null}
START ratio_g425_d6375_p85 vector_unequal_width
{"event": "DONE", "candidate": "ratio_g425_d6375_p85", "task": "vector_unequal_width", "status": "FAIL", "suffix": 0, "live": {"sw1_normalized": 0.08845812206555988, "mean_error": 0.10147015750408173, "covariance_error": 0.11528562009334564, "target_scale": 2.1343955993652344, "sample_count": 4096, "mass_tv": 0.073486328125, "min_mass_ratio": 0.8125, "hq": 0.97119140625, "component_covariance_error": 0.7475546859204769, "component_covariance_errors": [0.8826662302017212, 0.21188952028751373, 1.8089299201965332, 0.08673307299613953], "component_min_eigen_ratio": 0.033908694982528687, "component_mass": [0.235595703125, 0.203125, 0.23779296875, 0.323486328125], "target_mass": [0.25, 0.25, 0.25, 0.25], "component_counts": [965, 832, 974, 1325]}, "error": null}
START ratio_g425_d6375_p85 vector_anisotropic
{"event": "DONE", "candidate": "ratio_g425_d6375_p85", "task": "vector_anisotropic", "status": "FAIL", "suffix": 0, "live": {"sw1_normalized": 0.0894271810473551, "mean_error": 0.11067276448011398, "covariance_error": 0.09795837104320526, "target_scale": 2.032285690307617, "sample_count": 4096, "mass_tv": 0.0465494841337204, "min_mass_ratio": 0.90966796875, "hq": 0.963623046875, "component_covariance_error": 1.0927942047516506, "component_covariance_errors": [1.9302864074707031, 0.18381471931934357, 1.1642814874649048], "component_min_eigen_ratio": 0.44048696756362915, "component_mass": [0.30322265625, 0.31689453125, 0.3798828125], "target_mass": [0.3333333432674408, 0.3333333432674408, 0.3333333432674408], "component_counts": [1242, 1298, 1556]}, "error": null}
START ratio_g425_d6375_p85 vector_overlap
{"event": "DONE", "candidate": "ratio_g425_d6375_p85", "task": "vector_overlap", "status": "FAIL", "suffix": 3, "live": {"sw1_normalized": 0.07082618052456541, "mean_error": 0.07181806862354279, "covariance_error": 0.1965647041797638, "target_scale": 0.8501437306404114, "sample_count": 4096}, "error": null}
START ratio_g425_d6375_p85 img_blobs4
{"event": "DONE", "candidate": "ratio_g425_d6375_p85", "task": "img_blobs4", "status": "FAIL", "suffix": 0, "live": {"modes": 3, "hq": 1.0, "mean_rmse": 0.004534153733402491, "quality_mode_fractions": [0.375, 0.28125, 0.09375, 0.25], "mode_fractions": [0.375, 0.28125, 0.09375, 0.25], "distribution_tv": 0.15625}, "error": null}
START ratio_g34_d255_p85 two_pole
{"event": "DONE", "candidate": "ratio_g34_d255_p85", "task": "two_pole", "status": "FAIL", "suffix": 0, "live": {"mean_abs": 0.29465606808662415, "grad_med": 0.5332215428352356}, "error": null}
START ratio_g34_d255_p85 mode_hold
{"event": "DONE", "candidate": "ratio_g34_d255_p85", "task": "mode_hold", "status": "FAIL", "suffix": 0, "live": {"modes": 7, "hq": 1.0}, "error": null}
START ratio_g34_d255_p85 vector_unequal_mass
{"event": "DONE", "candidate": "ratio_g34_d255_p85", "task": "vector_unequal_mass", "status": "FAIL", "suffix": 0, "live": {"sw1_normalized": 0.11777547587548044, "mean_error": 0.11463760584592819, "covariance_error": 0.2742151618003845, "target_scale": 1.7593294382095337, "sample_count": 4096, "mass_tv": 0.07170898467302322, "min_mass_ratio": 0.4150390625, "hq": 0.994873046875, "component_covariance_error": 0.6799670308828354, "component_covariance_errors": [0.4458428919315338, 0.494136244058609, 0.8108621835708618, 0.9690268039703369], "component_min_eigen_ratio": 4.656612873077393e-10, "component_mass": [0.58642578125, 0.239990234375, 0.165283203125, 0.00830078125], "target_mass": [0.550000011920929, 0.30000001192092896, 0.12999999523162842, 0.019999999552965164], "component_counts": [2402, 983, 677, 34]}, "error": null}
START ratio_g34_d255_p85 vector_unequal_width
{"event": "DONE", "candidate": "ratio_g34_d255_p85", "task": "vector_unequal_width", "status": "FAIL", "suffix": 0, "live": {"sw1_normalized": 0.1291114276280162, "mean_error": 0.17878961563110352, "covariance_error": 0.02739938721060753, "target_scale": 2.1343955993652344, "sample_count": 4096, "mass_tv": 0.0947265625, "min_mass_ratio": 0.7255859375, "hq": 0.970458984375, "component_covariance_error": 5.433841243386269, "component_covariance_errors": [10.234800338745117, 10.509136199951172, 0.8200230002403259, 0.17140543460845947], "component_min_eigen_ratio": 0.7485750317573547, "component_mass": [0.181396484375, 0.2255859375, 0.248291015625, 0.3447265625], "target_mass": [0.25, 0.25, 0.25, 0.25], "component_counts": [743, 924, 1017, 1412]}, "error": null}
START ratio_g34_d255_p85 vector_anisotropic
{"event": "DONE", "candidate": "ratio_g34_d255_p85", "task": "vector_anisotropic", "status": "FAIL", "suffix": 0, "live": {"sw1_normalized": 0.16131440678721692, "mean_error": 0.18758338689804077, "covariance_error": 0.39104974269866943, "target_scale": 2.032285690307617, "sample_count": 4096, "mass_tv": 0.1233723908662796, "min_mass_ratio": 0.6298828125, "hq": 0.9619140625, "component_covariance_error": 2.094727079073588, "component_covariance_errors": [0.7088785767555237, 0.2157025933265686, 5.359600067138672], "component_min_eigen_ratio": 0.13786642253398895, "component_mass": [0.362548828125, 0.2099609375, 0.427490234375], "target_mass": [0.3333333432674408, 0.3333333432674408, 0.3333333432674408], "component_counts": [1485, 860, 1751]}, "error": null}
START ratio_g34_d255_p85 vector_overlap
{"event": "DONE", "candidate": "ratio_g34_d255_p85", "task": "vector_overlap", "status": "FAIL", "suffix": 1, "live": {"sw1_normalized": 0.10115569641685909, "mean_error": 0.14491873979568481, "covariance_error": 0.16730916500091553, "target_scale": 0.8501437306404114, "sample_count": 4096}, "error": null}
START ratio_g34_d255_p85 img_blobs4
{"event": "DONE", "candidate": "ratio_g34_d255_p85", "task": "img_blobs4", "status": "PASS", "suffix": 10, "live": {"modes": 4, "hq": 0.96875, "mean_rmse": 0.015524178743362427, "quality_mode_fractions": [0.28125, 0.3125, 0.125, 0.25], "mode_fractions": [0.28125, 0.3125, 0.15625, 0.25], "distribution_tv": 0.09375}, "error": null}
START ratio_g34_d68_p85 two_pole
{"event": "DONE", "candidate": "ratio_g34_d68_p85", "task": "two_pole", "status": "PASS", "suffix": 15, "live": {"mean_abs": 0.7600871920585632, "grad_med": 0.3153917193412781}, "error": null}
START ratio_g34_d68_p85 mode_hold
{"event": "DONE", "candidate": "ratio_g34_d68_p85", "task": "mode_hold", "status": "FAIL", "suffix": 0, "live": {"modes": 7, "hq": 1.0}, "error": null}
START ratio_g34_d68_p85 vector_unequal_mass
{"event": "DONE", "candidate": "ratio_g34_d68_p85", "task": "vector_unequal_mass", "status": "FAIL", "suffix": 0, "live": {"sw1_normalized": 0.06301758499016656, "mean_error": 0.05200774222612381, "covariance_error": 0.14603203535079956, "target_scale": 1.7593294382095337, "sample_count": 4096, "mass_tv": 0.04233396798372269, "min_mass_ratio": 0.709885835647583, "hq": 0.99267578125, "component_covariance_error": 0.548170804977417, "component_covariance_errors": [0.4420517385005951, 0.3321533203125, 0.4403696358203888, 0.9781085252761841], "component_min_eigen_ratio": 9.613577276468277e-07, "component_mass": [0.555419921875, 0.3369140625, 0.09228515625, 0.015380859375], "target_mass": [0.550000011920929, 0.30000001192092896, 0.12999999523162842, 0.019999999552965164], "component_counts": [2275, 1380, 378, 63]}, "error": null}
START ratio_g34_d68_p85 vector_unequal_width
{"event": "DONE", "candidate": "ratio_g34_d68_p85", "task": "vector_unequal_width", "status": "FAIL", "suffix": 0, "live": {"sw1_normalized": 0.03950016317028555, "mean_error": 0.013444611802697182, "covariance_error": 0.06009897589683533, "target_scale": 2.1343955993652344, "sample_count": 4096, "mass_tv": 0.005126953125, "min_mass_ratio": 0.984375, "hq": 0.98974609375, "component_covariance_error": 2.017709542065859, "component_covariance_errors": [7.282991886138916, 0.42804431915283203, 0.250479131937027, 0.10932283103466034], "component_min_eigen_ratio": 0.05847233533859253, "component_mass": [0.24609375, 0.248779296875, 0.250732421875, 0.25439453125], "target_mass": [0.25, 0.25, 0.25, 0.25], "component_counts": [1008, 1019, 1027, 1042]}, "error": null}
START ratio_g34_d68_p85 vector_anisotropic
{"event": "DONE", "candidate": "ratio_g34_d68_p85", "task": "vector_anisotropic", "status": "FAIL", "suffix": 0, "live": {"sw1_normalized": 0.08580099610231036, "mean_error": 0.09900351613759995, "covariance_error": 0.08961131423711777, "target_scale": 2.032285690307617, "sample_count": 4096, "mass_tv": 0.0567220002412796, "min_mass_ratio": 0.829833984375, "hq": 0.976318359375, "component_covariance_error": 1.1134425103664398, "component_covariance_errors": [3.028308391571045, 0.1781623363494873, 0.13385680317878723], "component_min_eigen_ratio": 0.7233294248580933, "component_mass": [0.276611328125, 0.3671875, 0.356201171875], "target_mass": [0.3333333432674408, 0.3333333432674408, 0.3333333432674408], "component_counts": [1133, 1504, 1459]}, "error": null}
START ratio_g34_d68_p85 vector_overlap
{"event": "DONE", "candidate": "ratio_g34_d68_p85", "task": "vector_overlap", "status": "PASS", "suffix": 5, "live": {"sw1_normalized": 0.07389496772954163, "mean_error": 0.06321457028388977, "covariance_error": 0.19078558683395386, "target_scale": 0.8501437306404114, "sample_count": 4096}, "error": null}
START ratio_g34_d68_p85 img_blobs4
{"event": "DONE", "candidate": "ratio_g34_d68_p85", "task": "img_blobs4", "status": "PASS", "suffix": 12, "live": {"modes": 4, "hq": 1.0, "mean_rmse": 0.00727788545191288, "quality_mode_fractions": [0.28125, 0.25, 0.34375, 0.125], "mode_fractions": [0.28125, 0.25, 0.34375, 0.125], "distribution_tv": 0.125}, "error": null}
START ratio_g25_d375_p100 two_pole
{"event": "DONE", "candidate": "ratio_g25_d375_p100", "task": "two_pole", "status": "PASS", "suffix": 11, "live": {"mean_abs": 0.7530675530433655, "grad_med": 0.5888493061065674}, "error": null}
START ratio_g25_d375_p100 mode_hold
{"event": "DONE", "candidate": "ratio_g25_d375_p100", "task": "mode_hold", "status": "FAIL", "suffix": 0, "live": {"modes": 1, "hq": 0.0810546875}, "error": null}
START ratio_g25_d375_p100 vector_unequal_mass
{"event": "DONE", "candidate": "ratio_g25_d375_p100", "task": "vector_unequal_mass", "status": "FAIL", "suffix": 0, "live": {"sw1_normalized": 0.18034738020744223, "mean_error": 0.23570792376995087, "covariance_error": 0.49825870990753174, "target_scale": 1.7593294382095337, "sample_count": 4096, "mass_tv": 0.14999999105930328, "min_mass_ratio": 0.0, "hq": 1.0, "component_covariance_error": 0.6545329988002777, "component_covariance_errors": [0.30633434653282166, 0.3117976486682892, 1.0, 1.0], "component_min_eigen_ratio": 0.0, "component_mass": [0.698974609375, 0.301025390625, 0.0, 0.0], "target_mass": [0.550000011920929, 0.30000001192092896, 0.12999999523162842, 0.019999999552965164], "component_counts": [2863, 1233, 0, 0]}, "error": null}
START ratio_g25_d375_p100 vector_unequal_width
{"event": "DONE", "candidate": "ratio_g25_d375_p100", "task": "vector_unequal_width", "status": "FAIL", "suffix": 0, "live": {"sw1_normalized": 0.06814669581149166, "mean_error": 0.09096664935350418, "covariance_error": 0.08917877078056335, "target_scale": 2.1343955993652344, "sample_count": 4096, "mass_tv": 0.05810546875, "min_mass_ratio": 0.767578125, "hq": 0.9775390625, "component_covariance_error": 4.867848370224237, "component_covariance_errors": [18.68248748779297, 0.19926717877388, 0.19381360709667206, 0.39582520723342896], "component_min_eigen_ratio": 0.6241515874862671, "component_mass": [0.25439453125, 0.19189453125, 0.26171875, 0.2919921875], "target_mass": [0.25, 0.25, 0.25, 0.25], "component_counts": [1042, 786, 1072, 1196]}, "error": null}
START ratio_g25_d375_p100 vector_anisotropic
{"event": "DONE", "candidate": "ratio_g25_d375_p100", "task": "vector_anisotropic", "status": "PASS", "suffix": 11, "live": {"sw1_normalized": 0.06937279564205825, "mean_error": 0.07998292148113251, "covariance_error": 0.10964123159646988, "target_scale": 2.032285690307617, "sample_count": 4096, "mass_tv": 0.0675455778837204, "min_mass_ratio": 0.8818359375, "hq": 0.972412109375, "component_covariance_error": 0.6451408217350642, "component_covariance_errors": [0.14945505559444427, 0.3781135678291321, 1.4078538417816162], "component_min_eigen_ratio": 0.5161573886871338, "component_mass": [0.2939453125, 0.40087890625, 0.30517578125], "target_mass": [0.3333333432674408, 0.3333333432674408, 0.3333333432674408], "component_counts": [1204, 1642, 1250]}, "error": null}
START ratio_g25_d375_p100 vector_overlap
{"event": "DONE", "candidate": "ratio_g25_d375_p100", "task": "vector_overlap", "status": "FAIL", "suffix": 0, "live": {"sw1_normalized": 0.13105201238585448, "mean_error": 0.19076524674892426, "covariance_error": 0.1436084508895874, "target_scale": 0.8501437306404114, "sample_count": 4096}, "error": null}
START ratio_g25_d375_p100 img_blobs4
{"event": "DONE", "candidate": "ratio_g25_d375_p100", "task": "img_blobs4", "status": "FAIL", "suffix": 0, "live": {"modes": 3, "hq": 0.8125, "mean_rmse": 0.05080550163984299, "quality_mode_fractions": [0.3125, 0.125, 0.0625, 0.3125], "mode_fractions": [0.4375, 0.15625, 0.0625, 0.34375], "distribution_tv": 0.28125}, "error": null}
START ratio_g25_d15_p85 two_pole
{"event": "DONE", "candidate": "ratio_g25_d15_p85", "task": "two_pole", "status": "FAIL", "suffix": 0, "live": {"mean_abs": 0.12098938971757889, "grad_med": 0.019161969423294067}, "error": null}
START ratio_g25_d15_p85 mode_hold
{"event": "DONE", "candidate": "ratio_g25_d15_p85", "task": "mode_hold", "status": "PASS", "suffix": 6, "live": {"modes": 8, "hq": 1.0}, "error": null}
START ratio_g25_d15_p85 vector_unequal_mass
{"event": "DONE", "candidate": "ratio_g25_d15_p85", "task": "vector_unequal_mass", "status": "FAIL", "suffix": 0, "live": {"sw1_normalized": 0.10451732327347446, "mean_error": 0.13549217581748962, "covariance_error": 0.1916087120771408, "target_scale": 1.7593294382095337, "sample_count": 4096, "mass_tv": 0.058769531548023224, "min_mass_ratio": 0.59814453125, "hq": 0.988525390625, "component_covariance_error": 0.48113588988780975, "component_covariance_errors": [0.2894507050514221, 0.296384334564209, 0.3713773488998413, 0.9673311710357666], "component_min_eigen_ratio": 0.0011521469568833709, "component_mass": [0.5810546875, 0.249267578125, 0.15771484375, 0.011962890625], "target_mass": [0.550000011920929, 0.30000001192092896, 0.12999999523162842, 0.019999999552965164], "component_counts": [2380, 1021, 646, 49]}, "error": null}
START ratio_g25_d15_p85 vector_unequal_width
{"event": "DONE", "candidate": "ratio_g25_d15_p85", "task": "vector_unequal_width", "status": "FAIL", "suffix": 0, "live": {"sw1_normalized": 0.05709266645212227, "mean_error": 0.0739695355296135, "covariance_error": 0.09457810968160629, "target_scale": 2.1343955993652344, "sample_count": 4096, "mass_tv": 0.041259765625, "min_mass_ratio": 0.8349609375, "hq": 0.98583984375, "component_covariance_error": 1.5219247117638588, "component_covariance_errors": [3.606154441833496, 0.2738482654094696, 2.019412040710449, 0.18828409910202026], "component_min_eigen_ratio": 0.5806926488876343, "component_mass": [0.252197265625, 0.208740234375, 0.25048828125, 0.28857421875], "target_mass": [0.25, 0.25, 0.25, 0.25], "component_counts": [1033, 855, 1026, 1182]}, "error": null}
START ratio_g25_d15_p85 vector_anisotropic
{"event": "DONE", "candidate": "ratio_g25_d15_p85", "task": "vector_anisotropic", "status": "FAIL", "suffix": 0, "live": {"sw1_normalized": 0.11655027895275752, "mean_error": 0.15880273282527924, "covariance_error": 0.21201878786087036, "target_scale": 2.032285690307617, "sample_count": 4096, "mass_tv": 0.0850423127412796, "min_mass_ratio": 0.744873046875, "hq": 0.98876953125, "component_covariance_error": 1.110497643550237, "component_covariance_errors": [0.33237192034721375, 0.14808207750320435, 2.851038932800293], "component_min_eigen_ratio": 0.3018207550048828, "component_mass": [0.416259765625, 0.248291015625, 0.33544921875], "target_mass": [0.3333333432674408, 0.3333333432674408, 0.3333333432674408], "component_counts": [1705, 1017, 1374]}, "error": null}
START ratio_g25_d15_p85 vector_overlap
{"event": "DONE", "candidate": "ratio_g25_d15_p85", "task": "vector_overlap", "status": "FAIL", "suffix": 2, "live": {"sw1_normalized": 0.09697844148987822, "mean_error": 0.04065663367509842, "covariance_error": 0.4007214307785034, "target_scale": 0.8501437306404114, "sample_count": 4096}, "error": null}
START ratio_g25_d15_p85 img_blobs4
{"event": "DONE", "candidate": "ratio_g25_d15_p85", "task": "img_blobs4", "status": "PASS", "suffix": 6, "live": {"modes": 4, "hq": 0.96875, "mean_rmse": 0.00915939174592495, "quality_mode_fractions": [0.21875, 0.28125, 0.1875, 0.28125], "mode_fractions": [0.21875, 0.28125, 0.1875, 0.3125], "distribution_tv": 0.09375}, "error": null}
