START problem=rotated100 steps=7000 device=cuda:0 events=/ml2/hypergan/gpu-known-winner-20260924/runs/simpler22_reference/rotated100/native/rotated100/events.jsonl
EVAL step=0/7000 model=live modes=0/100 hq=0.0201 pass=False elapsed=0.4s
EVAL step=0/7000 model=ema modes=0/100 hq=0.0201 pass=False elapsed=0.5s
TRAIN step=1/7000 d=0.8544 g=0.7047 train_seconds=0.1
EVAL step=1/7000 model=live modes=0/100 hq=0.0202 pass=False elapsed=0.7s
EVAL step=1/7000 model=ema modes=0/100 hq=0.0201 pass=False elapsed=0.7s
EVAL step=10/7000 model=live modes=0/100 hq=0.0199 pass=False elapsed=0.9s
EVAL step=10/7000 model=ema modes=0/100 hq=0.0205 pass=False elapsed=1.0s
EVAL step=25/7000 model=live modes=0/100 hq=0.0209 pass=False elapsed=1.2s
EVAL step=25/7000 model=ema modes=0/100 hq=0.0204 pass=False elapsed=1.3s
EVAL step=50/7000 model=live modes=0/100 hq=0.0217 pass=False elapsed=1.6s
EVAL step=50/7000 model=ema modes=0/100 hq=0.0209 pass=False elapsed=1.7s
EVAL step=100/7000 model=live modes=0/100 hq=0.0282 pass=False elapsed=2.3s
EVAL step=100/7000 model=ema modes=0/100 hq=0.0216 pass=False elapsed=2.4s
TRAIN step=250/7000 d=0.6930 g=0.6950 train_seconds=2.8
EVAL step=250/7000 model=live modes=0/100 hq=0.0243 pass=False elapsed=4.3s
EVAL step=250/7000 model=ema modes=0/100 hq=0.0232 pass=False elapsed=4.4s
TRAIN step=500/7000 d=0.6723 g=0.7164 train_seconds=5.6
EVAL step=500/7000 model=live modes=0/100 hq=0.1998 pass=False elapsed=7.4s
EVAL step=500/7000 model=ema modes=0/100 hq=0.0408 pass=False elapsed=7.5s
TRAIN step=750/7000 d=0.6868 g=0.7042 train_seconds=8.6
EVAL step=750/7000 model=live modes=100/100 hq=0.9095 pass=False elapsed=10.6s
EVAL step=750/7000 model=ema modes=1/100 hq=0.3266 pass=False elapsed=10.7s
TRAIN step=1000/7000 d=0.6845 g=0.7118 train_seconds=11.4
EVAL step=1000/7000 model=live modes=100/100 hq=0.8841 pass=False elapsed=13.7s
EVAL step=1000/7000 model=ema modes=100/100 hq=0.8839 pass=False elapsed=13.8s
TRAIN step=1250/7000 d=0.6858 g=0.7120 train_seconds=14.1
EVAL step=1250/7000 model=live modes=100/100 hq=0.9257 pass=False elapsed=16.7s
EVAL step=1250/7000 model=ema modes=100/100 hq=0.9359 pass=False elapsed=16.8s
TRAIN step=1500/7000 d=0.6831 g=0.7093 train_seconds=16.8
EVAL step=1500/7000 model=live modes=100/100 hq=0.9114 pass=False elapsed=19.7s
EVAL step=1500/7000 model=ema modes=100/100 hq=0.9452 pass=False elapsed=19.8s
TRAIN step=1750/7000 d=0.6879 g=0.7054 train_seconds=19.7
EVAL step=1750/7000 model=live modes=100/100 hq=0.9243 pass=False elapsed=22.8s
EVAL step=1750/7000 model=ema modes=100/100 hq=0.9617 pass=False elapsed=23.0s
TRAIN step=2000/7000 d=0.6866 g=0.7041 train_seconds=22.7
EVAL step=2000/7000 model=live modes=100/100 hq=0.9276 pass=False elapsed=26.1s
EVAL step=2000/7000 model=ema modes=100/100 hq=0.9728 pass=True elapsed=26.3s
TRAIN step=2250/7000 d=0.6854 g=0.7015 train_seconds=25.5
EVAL step=2250/7000 model=live modes=100/100 hq=0.9285 pass=False elapsed=29.2s
EVAL step=2250/7000 model=ema modes=100/100 hq=0.9788 pass=True elapsed=29.3s
TRAIN step=2500/7000 d=0.6875 g=0.7036 train_seconds=28.1
EVAL step=2500/7000 model=live modes=100/100 hq=0.9294 pass=False elapsed=32.1s
EVAL step=2500/7000 model=ema modes=100/100 hq=0.9796 pass=True elapsed=32.2s
TRAIN step=2750/7000 d=0.6885 g=0.7025 train_seconds=30.9
EVAL step=2750/7000 model=live modes=100/100 hq=0.9331 pass=False elapsed=35.1s
EVAL step=2750/7000 model=ema modes=100/100 hq=0.9798 pass=True elapsed=35.3s
TRAIN step=3000/7000 d=0.6866 g=0.7039 train_seconds=33.7
EVAL step=3000/7000 model=live modes=100/100 hq=0.9306 pass=False elapsed=38.2s
EVAL step=3000/7000 model=ema modes=100/100 hq=0.9796 pass=True elapsed=38.3s
TRAIN step=3250/7000 d=0.6857 g=0.7040 train_seconds=36.4
EVAL step=3250/7000 model=live modes=100/100 hq=0.9323 pass=False elapsed=41.2s
EVAL step=3250/7000 model=ema modes=100/100 hq=0.9805 pass=True elapsed=41.3s
TRAIN step=3500/7000 d=0.6869 g=0.7032 train_seconds=39.3
EVAL step=3500/7000 model=live modes=100/100 hq=0.9347 pass=False elapsed=44.4s
EVAL step=3500/7000 model=ema modes=100/100 hq=0.9812 pass=True elapsed=44.5s
TRAIN step=3750/7000 d=0.6881 g=0.7030 train_seconds=42.1
EVAL step=3750/7000 model=live modes=100/100 hq=0.9310 pass=False elapsed=47.4s
EVAL step=3750/7000 model=ema modes=100/100 hq=0.9819 pass=True elapsed=47.6s
TRAIN step=4000/7000 d=0.6884 g=0.7044 train_seconds=44.9
EVAL step=4000/7000 model=live modes=100/100 hq=0.9333 pass=False elapsed=50.5s
EVAL step=4000/7000 model=ema modes=100/100 hq=0.9823 pass=True elapsed=50.6s
TRAIN step=4250/7000 d=0.6890 g=0.7029 train_seconds=47.6
EVAL step=4250/7000 model=live modes=100/100 hq=0.9361 pass=False elapsed=53.5s
EVAL step=4250/7000 model=ema modes=100/100 hq=0.9826 pass=True elapsed=53.6s
TRAIN step=4500/7000 d=0.6870 g=0.7031 train_seconds=50.3
EVAL step=4500/7000 model=live modes=100/100 hq=0.9366 pass=False elapsed=56.5s
EVAL step=4500/7000 model=ema modes=100/100 hq=0.9830 pass=True elapsed=56.7s
TRAIN step=4750/7000 d=0.6903 g=0.7025 train_seconds=53.2
EVAL step=4750/7000 model=live modes=100/100 hq=0.9431 pass=False elapsed=59.7s
EVAL step=4750/7000 model=ema modes=100/100 hq=0.9837 pass=True elapsed=59.8s
TRAIN step=5000/7000 d=0.6889 g=0.7027 train_seconds=56.0
EVAL step=5000/7000 model=live modes=100/100 hq=0.9518 pass=False elapsed=62.7s
EVAL step=5000/7000 model=ema modes=100/100 hq=0.9840 pass=True elapsed=62.8s
TRAIN step=5250/7000 d=0.6890 g=0.7009 train_seconds=58.7
EVAL step=5250/7000 model=live modes=100/100 hq=0.9594 pass=False elapsed=65.7s
EVAL step=5250/7000 model=ema modes=100/100 hq=0.9838 pass=True elapsed=65.7s
TRAIN step=5500/7000 d=0.6898 g=0.6995 train_seconds=61.4
EVAL step=5500/7000 model=live modes=100/100 hq=0.9658 pass=False elapsed=68.5s
EVAL step=5500/7000 model=ema modes=100/100 hq=0.9847 pass=True elapsed=68.6s
TRAIN step=5750/7000 d=0.6926 g=0.7030 train_seconds=64.1
EVAL step=5750/7000 model=live modes=100/100 hq=0.9739 pass=True elapsed=71.5s
EVAL step=5750/7000 model=ema modes=100/100 hq=0.9857 pass=True elapsed=71.6s
TRAIN step=6000/7000 d=0.6893 g=0.7004 train_seconds=66.9
EVAL step=6000/7000 model=live modes=100/100 hq=0.9771 pass=True elapsed=74.5s
EVAL step=6000/7000 model=ema modes=100/100 hq=0.9856 pass=True elapsed=74.6s
TRAIN step=6250/7000 d=0.6916 g=0.6986 train_seconds=69.7
EVAL step=6250/7000 model=live modes=100/100 hq=0.9822 pass=True elapsed=77.5s
EVAL step=6250/7000 model=ema modes=100/100 hq=0.9861 pass=True elapsed=77.7s
TRAIN step=6500/7000 d=0.6895 g=0.6988 train_seconds=72.4
EVAL step=6500/7000 model=live modes=100/100 hq=0.9829 pass=True elapsed=80.5s
EVAL step=6500/7000 model=ema modes=100/100 hq=0.9853 pass=True elapsed=80.7s
TRAIN step=6750/7000 d=0.6899 g=0.6991 train_seconds=75.2
EVAL step=6750/7000 model=live modes=100/100 hq=0.9855 pass=True elapsed=83.6s
EVAL step=6750/7000 model=ema modes=100/100 hq=0.9861 pass=True elapsed=83.7s
TRAIN step=7000/7000 d=0.6909 g=0.7039 train_seconds=77.8
EVAL step=7000/7000 model=live modes=100/100 hq=0.9859 pass=True elapsed=86.4s
EVAL step=7000/7000 model=ema modes=100/100 hq=0.9864 pass=True elapsed=86.5s
COMPLETE problem=rotated100 steps=7000 live_modes=100/100 live_hq=0.9859 stable_pass=6750 total_seconds=88.0
