START equal_lr_0034 two_pole
{"event": "DONE", "candidate": "equal_lr_0034", "task": "two_pole", "status": "FAIL", "suffix": 0, "live": {"mean_abs": 0.24816809594631195, "grad_med": 0.2779606282711029}, "error": null}
START equal_lr_0034 trajectory
{"event": "DONE", "candidate": "equal_lr_0034", "task": "trajectory", "status": "PASS", "suffix": 21, "live": {"identity_mse": 1.6746613255236298e-05}, "error": null}
START equal_lr_0034 residual_student
{"event": "DONE", "candidate": "equal_lr_0034", "task": "residual_student", "status": "PASS", "suffix": 22, "live": {"identity_mse": 1.7305266737821512e-05, "success_rate": 1.0, "wrong_pad_rate": 0.0}, "error": null}
START equal_lr_0034 unipolar
unipolar_dir arm=locked_rpgan step=1/400 cover=0.0102 leak=0.3214 neu_hold=0.9932 cos_plus=+0.5669 hit=FAIL
unipolar_dir arm=locked_rpgan step=50/400 cover=0.5743 leak=0.0025 neu_hold=0.8319 cos_plus=+0.9982 hit=FAIL
unipolar_dir arm=locked_rpgan step=100/400 cover=0.9006 leak=0.0000 neu_hold=0.8219 cos_plus=+1.0000 hit=FAIL
unipolar_dir arm=locked_rpgan step=150/400 cover=0.9381 leak=0.0000 neu_hold=0.8958 cos_plus=+1.0000 hit=PASS
unipolar_dir arm=locked_rpgan step=200/400 cover=0.9879 leak=0.0000 neu_hold=0.9405 cos_plus=+1.0000 hit=PASS
unipolar_dir arm=locked_rpgan step=250/400 cover=0.9463 leak=0.0007 neu_hold=0.9043 cos_plus=+0.9996 hit=PASS
unipolar_dir arm=locked_rpgan step=300/400 cover=0.9299 leak=0.0006 neu_hold=0.9930 cos_plus=+0.9992 hit=PASS
unipolar_dir arm=locked_rpgan step=350/400 cover=0.9734 leak=0.0001 neu_hold=0.9171 cos_plus=+0.9998 hit=PASS
unipolar_dir arm=locked_rpgan step=400/400 cover=0.9539 leak=0.0004 neu_hold=0.9217 cos_plus=+0.9998 hit=PASS
unipolar_dir arm=locked_rpgan step=400 seed=0 cover=0.9539 leak=0.0004 neu_hold=0.9217 cos_plus=+0.9998 hit=PASS
{"event": "DONE", "candidate": "equal_lr_0034", "task": "unipolar", "status": "PASS", "suffix": 17, "live": {"cover": 0.9539373048469351, "off_caption": 0.0004003718457420486, "neu_hold": 0.9216863662004471}, "error": null}
START equal_lr_0034 ae_gan_hold
ae-gan-hold arm=equal_lr_0034 step=0 recon=1.2815 hold=1.4373 phase=init
ae-gan-hold arm=equal_lr_0034 step=1 recon=1.2492 hold=1.3755 loss=4.2109
ae-gan-hold arm=equal_lr_0034 step=50 recon=0.0181 hold=0.0216 loss=0.9895
ae-gan-hold arm=equal_lr_0034 step=100 recon=0.0071 hold=0.0225 loss=1.0194
ae-gan-hold arm=equal_lr_0034 step=150 recon=0.0262 hold=0.0675 loss=0.8942
ae-gan-hold arm=equal_lr_0034 step=200 recon=0.0163 hold=0.0070 loss=0.7933
{"event": "DONE", "candidate": "equal_lr_0034", "task": "ae_gan_hold", "status": "PASS", "suffix": 22, "live": {"recon_mse": 0.010587993077933788, "hold": 0.00048828125}, "error": null}
START equal_lr_0034 cover_leftover
cover_leftover start arm=locked steps=800 seed=0 teacher=faithful_guard_e cover=1.5 penalty_coeff=3.0 kappa=1.2 fm=0.0 n_particles=12
cover_leftover arm=locked step=1/800 d=0.7237 g=1.7259 cap=0.0000 u_kept=0.007 content=0.000 leak=0.000 err=0.750 covered=0
cover_leftover arm=locked step=50/800 d=0.4675 g=1.6936 cap=0.0000 u_kept=0.190 content=0.313 leak=0.092 err=0.596 covered=0
cover_leftover arm=locked step=100/800 d=0.5657 g=1.2394 cap=0.0000 u_kept=0.345 content=0.540 leak=0.001 err=0.463 covered=0
cover_leftover arm=locked step=150/800 d=0.6759 g=0.9458 cap=0.0000 u_kept=0.498 content=0.675 leak=0.004 err=0.364 covered=0
cover_leftover arm=locked step=200/800 d=0.6971 g=0.8428 cap=0.0000 u_kept=0.576 content=0.769 leak=0.041 err=0.292 covered=0
cover_leftover arm=locked step=250/800 d=0.6856 g=0.8243 cap=0.0000 u_kept=0.616 content=0.833 leak=0.004 err=0.265 covered=0
cover_leftover arm=locked step=300/800 d=0.6932 g=0.7809 cap=0.0000 u_kept=0.664 content=0.903 leak=0.007 err=0.224 covered=0
cover_leftover arm=locked step=350/800 d=0.7012 g=0.7486 cap=0.0000 u_kept=0.728 content=0.966 leak=0.020 err=0.181 covered=1
cover_leftover arm=locked step=400/800 d=0.6929 g=0.7261 cap=0.0000 u_kept=0.789 content=0.987 leak=0.002 err=0.139 covered=1
cover_leftover arm=locked step=450/800 d=0.6973 g=0.7123 cap=0.0000 u_kept=0.846 content=0.993 leak=0.004 err=0.108 covered=1
cover_leftover arm=locked step=500/800 d=0.6926 g=0.7025 cap=0.0000 u_kept=0.896 content=1.029 leak=0.009 err=0.079 covered=1
cover_leftover arm=locked step=550/800 d=0.6947 g=0.6973 cap=0.0000 u_kept=0.927 content=0.979 leak=0.011 err=0.050 covered=1
cover_leftover arm=locked step=600/800 d=0.6926 g=0.6966 cap=0.0000 u_kept=0.962 content=0.996 leak=0.001 err=0.032 covered=1
cover_leftover arm=locked step=650/800 d=0.6904 g=0.6947 cap=0.0000 u_kept=0.965 content=0.997 leak=0.008 err=0.024 covered=1
cover_leftover arm=locked step=700/800 d=0.6934 g=0.6927 cap=0.0000 u_kept=0.985 content=1.008 leak=0.000 err=0.010 covered=1
cover_leftover arm=locked step=750/800 d=0.6923 g=0.6914 cap=0.0000 u_kept=0.989 content=1.000 leak=0.003 err=0.014 covered=1
cover_leftover arm=locked step=800/800 d=0.6944 g=0.6926 cap=0.0000 u_kept=0.977 content=0.990 leak=0.002 err=0.016 covered=1
cover_leftover DONE arm=locked pass=1 reasons=none u_kept=0.902 content=0.960 leak=0.000 err=0.067 same_dir=0.001 particle_rms=0.062
{"event": "DONE", "candidate": "equal_lr_0034", "task": "cover_leftover", "status": "PASS", "suffix": 11, "live": {"u_kept": 0.9766498110380979, "content_kept": 0.9904332414359259, "leak_ratio": 0.0018319733996423576, "pole_rel_err_plus": 0.016206977888941765, "pole_rel_err_minus": 0.01567201316356659, "same_dir": 0.0023268322637860833}, "error": null}
START equal_lr_0034 unused_token_hold
unused-token arm=equal_lr_0034 step=1 hold=0.9952 concept=0.0000 unused_dist=0.0048
unused-token arm=equal_lr_0034 step=50 hold=0.9885 concept=0.4463 unused_dist=0.0115
unused-token arm=equal_lr_0034 step=100 hold=0.9902 concept=0.8037 unused_dist=0.0098
unused-token arm=equal_lr_0034 step=150 hold=0.9935 concept=0.9209 unused_dist=0.0065
unused-token arm=equal_lr_0034 step=200 hold=0.9969 concept=0.8691 unused_dist=0.0031
{"event": "DONE", "candidate": "equal_lr_0034", "task": "unused_token_hold", "status": "PASS", "suffix": 12, "live": {"unused_hold": 0.9968661030288786, "concept_move": 0.8691159590921416}, "error": null}
START equal_lr_0034 mid_scale_identity
mid_scale arm=locked step=1 seed=0 concept+=+0.5774 concept-=+0.0000 id0=+0.0062 id_mid=+0.0185 scales=[-1.0, 0.0, 0.5, 1.0] gate=FAIL why=concept,identity_0,identity_mid
mid_scale arm=locked step=50 seed=0 concept+=+0.8751 concept-=+0.1699 id0=+0.3398 id_mid=+0.8477 scales=[-1.0, 0.0, 0.5, 1.0] gate=FAIL why=concept,identity_0,identity_mid
mid_scale arm=locked step=100 seed=0 concept+=+0.9097 concept-=+0.7045 id0=+0.5344 id_mid=+0.7874 scales=[-1.0, 0.0, 0.5, 1.0] gate=FAIL why=concept,identity_0,identity_mid
mid_scale arm=locked step=150 seed=0 concept+=+0.9557 concept-=+0.8604 id0=+0.6105 id_mid=+0.7315 scales=[-1.0, 0.0, 0.5, 1.0] gate=FAIL why=concept,identity_0,identity_mid
mid_scale arm=locked step=200 seed=0 concept+=+0.9848 concept-=+0.9494 id0=+0.6636 id_mid=+0.9249 scales=[-1.0, 0.0, 0.5, 1.0] gate=FAIL why=concept,identity_0
mid_scale arm=locked step=250 seed=0 concept+=+0.9906 concept-=+0.9861 id0=+0.7822 id_mid=+0.9762 scales=[-1.0, 0.0, 0.5, 1.0] gate=FAIL why=identity_0
mid_scale arm=locked step=300 seed=0 concept+=+0.9972 concept-=+0.9981 id0=+0.9003 id_mid=+0.9817 scales=[-1.0, 0.0, 0.5, 1.0] gate=PASS why=locked
mid_scale arm=locked step=350 seed=0 concept+=+0.9996 concept-=+0.9999 id0=+0.9999 id_mid=+0.9491 scales=[-1.0, 0.0, 0.5, 1.0] gate=PASS why=locked
mid_scale arm=locked step=400 seed=0 concept+=+0.9999 concept-=+0.9996 id0=+0.9738 id_mid=+0.9423 scales=[-1.0, 0.0, 0.5, 1.0] gate=PASS why=locked
mid_scale arm=locked step=450 seed=0 concept+=+0.9997 concept-=+0.9998 id0=+0.9840 id_mid=+0.9311 scales=[-1.0, 0.0, 0.5, 1.0] gate=PASS why=locked
mid_scale arm=locked step=500 seed=0 concept+=+0.9992 concept-=+0.9997 id0=+0.9526 id_mid=+0.9964 scales=[-1.0, 0.0, 0.5, 1.0] gate=PASS why=locked
mid_scale arm=locked step=550 seed=0 concept+=+0.9999 concept-=+0.9999 id0=+0.9775 id_mid=+0.9755 scales=[-1.0, 0.0, 0.5, 1.0] gate=PASS why=locked
mid_scale arm=locked step=600 seed=0 concept+=+0.9995 concept-=+0.9998 id0=+0.9679 id_mid=+0.9825 scales=[-1.0, 0.0, 0.5, 1.0] gate=PASS why=locked
mid_scale arm=locked step=650 seed=0 concept+=+0.9999 concept-=+0.9999 id0=+0.9963 id_mid=+0.9903 scales=[-1.0, 0.0, 0.5, 1.0] gate=PASS why=locked
mid_scale arm=locked step=700 seed=0 concept+=+0.9997 concept-=+0.9999 id0=+0.9866 id_mid=+0.9760 scales=[-1.0, 0.0, 0.5, 1.0] gate=PASS why=locked
mid_scale arm=locked step=750 seed=0 concept+=+1.0000 concept-=+0.9996 id0=+0.9886 id_mid=+0.9944 scales=[-1.0, 0.0, 0.5, 1.0] gate=PASS why=locked
mid_scale arm=locked step=800 seed=0 concept+=+0.9999 concept-=+0.9999 id0=+0.9823 id_mid=+0.9921 scales=[-1.0, 0.0, 0.5, 1.0] gate=PASS why=locked
mid_scale arm=locked step=800 seed=0 concept+=+0.9999 concept-=+0.9999 id0=+0.9823 id_mid=+0.9921 scales=[-1.0, 0.0, 0.5, 1.0] gate=PASS why=locked
{"event": "DONE", "candidate": "equal_lr_0034", "task": "mid_scale_identity", "status": "PASS", "suffix": 16, "live": {"concept_cos_plus": 0.999926745891571, "concept_cos_minus": 0.9999064207077026, "concept_mag_plus": 1.0012080669403076, "concept_mag_minus": 0.998935341835022, "identity_at_0": 0.982255372841356, "identity_at_mid": 0.9921295862733797}, "error": null}
START equal_lr_0034 mode_hold
{"event": "DONE", "candidate": "equal_lr_0034", "task": "mode_hold", "status": "PASS", "suffix": 7, "live": {"modes": 8, "hq": 1.0}, "error": null}
START equal_lr_0034 vector_two_broad
{"event": "DONE", "candidate": "equal_lr_0034", "task": "vector_two_broad", "status": "PASS", "suffix": 10, "live": {"sw1_normalized": 0.06430549562168741, "mean_error": 0.040749143809080124, "covariance_error": 0.10981544107198715, "target_scale": 1.0555585622787476, "sample_count": 4096, "mass_tv": 0.022216796875, "min_mass_ratio": 0.95556640625, "hq": 0.9931640625, "component_covariance_error": 0.30955716222524643, "component_covariance_errors": [0.21832047402858734, 0.4007938504219055], "component_min_eigen_ratio": 0.6913217306137085, "component_mass": [0.477783203125, 0.522216796875], "target_mass": [0.5, 0.5], "component_counts": [1957, 2139]}, "error": null}
START equal_lr_0034 vector_unequal_mass
{"event": "DONE", "candidate": "equal_lr_0034", "task": "vector_unequal_mass", "status": "FAIL", "suffix": 0, "live": {"sw1_normalized": 0.06264122961108391, "mean_error": 0.08010224252939224, "covariance_error": 0.14551781117916107, "target_scale": 1.7593294382095337, "sample_count": 4096, "mass_tv": 0.031669922173023224, "min_mass_ratio": 0.0, "hq": 0.982666015625, "component_covariance_error": 1.3314502760767937, "component_covariance_errors": [0.28139209747314453, 0.45851799845695496, 3.585891008377075, 1.0], "component_min_eigen_ratio": 0.0, "component_mass": [0.5673828125, 0.288330078125, 0.144287109375, 0.0], "target_mass": [0.550000011920929, 0.30000001192092896, 0.12999999523162842, 0.019999999552965164], "component_counts": [2324, 1181, 591, 0]}, "error": null}
START equal_lr_0034 vector_unequal_width
{"event": "DONE", "candidate": "equal_lr_0034", "task": "vector_unequal_width", "status": "FAIL", "suffix": 0, "live": {"sw1_normalized": 0.05782645450824726, "mean_error": 0.017781401053071022, "covariance_error": 0.0733116865158081, "target_scale": 2.1343955993652344, "sample_count": 4096, "mass_tv": 0.0517578125, "min_mass_ratio": 0.79296875, "hq": 0.98681640625, "component_covariance_error": 4.40162168443203, "component_covariance_errors": [0.9290927648544312, 16.081745147705078, 0.28308695554733276, 0.31256186962127686], "component_min_eigen_ratio": 0.003361683338880539, "component_mass": [0.27294921875, 0.1982421875, 0.25244140625, 0.2763671875], "target_mass": [0.25, 0.25, 0.25, 0.25], "component_counts": [1118, 812, 1034, 1132]}, "error": null}
START equal_lr_0034 vector_anisotropic
{"event": "DONE", "candidate": "equal_lr_0034", "task": "vector_anisotropic", "status": "PASS", "suffix": 13, "live": {"sw1_normalized": 0.14381649441625222, "mean_error": 0.1680222898721695, "covariance_error": 0.2610800564289093, "target_scale": 2.032285690307617, "sample_count": 4096, "mass_tv": 0.1171061247587204, "min_mass_ratio": 0.804931640625, "hq": 0.985595703125, "component_covariance_error": 0.3813341756661733, "component_covariance_errors": [0.40378037095069885, 0.3591993749141693, 0.38102278113365173], "component_min_eigen_ratio": 0.3317638039588928, "component_mass": [0.268310546875, 0.450439453125, 0.28125], "target_mass": [0.3333333432674408, 0.3333333432674408, 0.3333333432674408], "component_counts": [1099, 1845, 1152]}, "error": null}
START equal_lr_0034 vector_overlap
{"event": "DONE", "candidate": "equal_lr_0034", "task": "vector_overlap", "status": "FAIL", "suffix": 0, "live": {"sw1_normalized": 0.12038240256551108, "mean_error": 0.1120518296957016, "covariance_error": 0.5369550585746765, "target_scale": 0.8501437306404114, "sample_count": 4096}, "error": null}
START equal_lr_0034 vector_spiral
{"event": "DONE", "candidate": "equal_lr_0034", "task": "vector_spiral", "status": "PASS", "suffix": 23, "live": {"sw1_normalized": 0.056328842310558624, "mean_error": 0.0715583860874176, "covariance_error": 0.12785671651363373, "target_scale": 1.224178433418274, "sample_count": 4096}, "error": null}
START equal_lr_0034 img_stripes2
{"event": "DONE", "candidate": "equal_lr_0034", "task": "img_stripes2", "status": "FAIL", "suffix": 2, "live": {"modes": 2, "hq": 0.96875, "mean_rmse": 0.02698669396340847, "quality_mode_fractions": [0.40625, 0.5625], "mode_fractions": [0.4375, 0.5625], "distribution_tv": 0.0625}, "error": null}
START equal_lr_0034 img_bars4
{"event": "DONE", "candidate": "equal_lr_0034", "task": "img_bars4", "status": "FAIL", "suffix": 0, "live": {"modes": 4, "hq": 0.625, "mean_rmse": 0.0805492028594017, "quality_mode_fractions": [0.125, 0.125, 0.15625, 0.21875], "mode_fractions": [0.25, 0.375, 0.15625, 0.21875], "distribution_tv": 0.125}, "error": null}
START equal_lr_0034 img_blobs4
{"event": "DONE", "candidate": "equal_lr_0034", "task": "img_blobs4", "status": "PASS", "suffix": 16, "live": {"modes": 4, "hq": 1.0, "mean_rmse": 0.007729510311037302, "quality_mode_fractions": [0.28125, 0.21875, 0.25, 0.25], "mode_fractions": [0.28125, 0.21875, 0.25, 0.25], "distribution_tv": 0.03125}, "error": null}
START equal_lr_0034 img_intensity2
{"event": "DONE", "candidate": "equal_lr_0034", "task": "img_intensity2", "status": "PASS", "suffix": 6, "live": {"modes": 2, "hq": 1.0, "mean_rmse": 0.01075651403516531, "quality_mode_fractions": [0.53125, 0.46875], "mode_fractions": [0.53125, 0.46875], "distribution_tv": 0.03125}, "error": null}
START equal_lr_00425 two_pole
{"event": "DONE", "candidate": "equal_lr_00425", "task": "two_pole", "status": "PASS", "suffix": 7, "live": {"mean_abs": 0.3517892360687256, "grad_med": 0.3972667455673218}, "error": null}
START equal_lr_00425 trajectory
{"event": "DONE", "candidate": "equal_lr_00425", "task": "trajectory", "status": "PASS", "suffix": 19, "live": {"identity_mse": 2.0105224393773824e-05}, "error": null}
START equal_lr_00425 residual_student
{"event": "DONE", "candidate": "equal_lr_00425", "task": "residual_student", "status": "PASS", "suffix": 19, "live": {"identity_mse": 1.6864316421560943e-05, "success_rate": 1.0, "wrong_pad_rate": 0.0}, "error": null}
START equal_lr_00425 unipolar
unipolar_dir arm=locked_rpgan step=1/400 cover=0.0127 leak=0.3214 neu_hold=0.9915 cos_plus=+0.5669 hit=FAIL
unipolar_dir arm=locked_rpgan step=50/400 cover=0.6702 leak=0.0000 neu_hold=0.8229 cos_plus=+0.9998 hit=FAIL
unipolar_dir arm=locked_rpgan step=100/400 cover=0.9980 leak=0.0000 neu_hold=0.8406 cos_plus=+1.0000 hit=FAIL
unipolar_dir arm=locked_rpgan step=150/400 cover=0.9935 leak=0.0000 neu_hold=0.9856 cos_plus=+1.0000 hit=PASS
unipolar_dir arm=locked_rpgan step=200/400 cover=0.9403 leak=0.0002 neu_hold=0.9699 cos_plus=+0.9998 hit=PASS
unipolar_dir arm=locked_rpgan step=250/400 cover=0.9465 leak=0.0000 neu_hold=0.9483 cos_plus=+0.9997 hit=PASS
unipolar_dir arm=locked_rpgan step=300/400 cover=0.9925 leak=0.0002 neu_hold=0.9657 cos_plus=+0.9997 hit=PASS
unipolar_dir arm=locked_rpgan step=350/400 cover=0.9700 leak=0.0004 neu_hold=0.9619 cos_plus=+0.9998 hit=PASS
unipolar_dir arm=locked_rpgan step=400/400 cover=0.9826 leak=0.0007 neu_hold=0.9706 cos_plus=+0.9996 hit=PASS
unipolar_dir arm=locked_rpgan step=400 seed=0 cover=0.9826 leak=0.0007 neu_hold=0.9706 cos_plus=+0.9996 hit=PASS
{"event": "DONE", "candidate": "equal_lr_00425", "task": "unipolar", "status": "PASS", "suffix": 18, "live": {"cover": 0.982617710057589, "off_caption": 0.0006809285182022889, "neu_hold": 0.9705528393387794}, "error": null}
START equal_lr_00425 ae_gan_hold
ae-gan-hold arm=equal_lr_00425 step=0 recon=1.2815 hold=1.4373 phase=init
ae-gan-hold arm=equal_lr_00425 step=1 recon=1.2391 hold=1.3600 loss=4.2147
ae-gan-hold arm=equal_lr_00425 step=50 recon=0.0050 hold=0.0425 loss=1.0889
ae-gan-hold arm=equal_lr_00425 step=100 recon=0.0212 hold=0.0651 loss=0.9269
ae-gan-hold arm=equal_lr_00425 step=150 recon=0.0183 hold=0.0275 loss=0.8411
ae-gan-hold arm=equal_lr_00425 step=200 recon=0.0048 hold=0.0045 loss=0.8341
{"event": "DONE", "candidate": "equal_lr_00425", "task": "ae_gan_hold", "status": "PASS", "suffix": 22, "live": {"recon_mse": 0.0042147161439061165, "hold": 0.0006670046132057905}, "error": null}
START equal_lr_00425 cover_leftover
cover_leftover start arm=locked steps=800 seed=0 teacher=faithful_guard_e cover=1.5 penalty_coeff=3.0 kappa=1.2 fm=0.0 n_particles=12
cover_leftover arm=locked step=1/800 d=0.7237 g=1.7440 cap=0.0000 u_kept=0.008 content=0.000 leak=0.000 err=0.749 covered=0
cover_leftover arm=locked step=50/800 d=0.4063 g=1.6250 cap=0.0165 u_kept=0.230 content=0.387 leak=0.089 err=0.561 covered=0
cover_leftover arm=locked step=100/800 d=0.6130 g=1.0883 cap=0.0000 u_kept=0.416 content=0.651 leak=0.009 err=0.406 covered=0
cover_leftover arm=locked step=150/800 d=0.6895 g=0.8604 cap=0.0000 u_kept=0.582 content=0.749 leak=0.018 err=0.313 covered=0
cover_leftover arm=locked step=200/800 d=0.6850 g=0.8249 cap=0.0000 u_kept=0.588 content=0.822 leak=0.007 err=0.279 covered=0
cover_leftover arm=locked step=250/800 d=0.6928 g=0.7741 cap=0.0000 u_kept=0.681 content=0.900 leak=0.001 err=0.215 covered=0
cover_leftover arm=locked step=300/800 d=0.6918 g=0.7398 cap=0.0000 u_kept=0.759 content=0.955 leak=0.012 err=0.164 covered=1
cover_leftover arm=locked step=350/800 d=0.6956 g=0.7176 cap=0.0000 u_kept=0.820 content=0.980 leak=0.005 err=0.119 covered=1
cover_leftover arm=locked step=400/800 d=0.6932 g=0.7039 cap=0.0000 u_kept=0.880 content=0.999 leak=0.000 err=0.079 covered=1
cover_leftover arm=locked step=450/800 d=0.6962 g=0.6972 cap=0.0000 u_kept=0.928 content=0.997 leak=0.004 err=0.050 covered=1
cover_leftover arm=locked step=500/800 d=0.6936 g=0.6945 cap=0.0000 u_kept=0.962 content=1.019 leak=0.007 err=0.032 covered=1
cover_leftover arm=locked step=550/800 d=0.6930 g=0.6943 cap=0.0000 u_kept=0.983 content=0.987 leak=0.010 err=0.016 covered=1
cover_leftover arm=locked step=600/800 d=0.6923 g=0.6945 cap=0.0000 u_kept=0.996 content=1.013 leak=0.002 err=0.008 covered=1
cover_leftover arm=locked step=650/800 d=0.6920 g=0.6937 cap=0.0000 u_kept=0.988 content=0.988 leak=0.002 err=0.009 covered=1
cover_leftover arm=locked step=700/800 d=0.6933 g=0.6938 cap=0.0000 u_kept=1.005 content=1.014 leak=0.001 err=0.008 covered=1
cover_leftover arm=locked step=750/800 d=0.6933 g=0.6924 cap=0.0000 u_kept=0.998 content=0.989 leak=0.004 err=0.013 covered=1
cover_leftover arm=locked step=800/800 d=0.6931 g=0.6945 cap=0.0000 u_kept=0.994 content=0.994 leak=0.002 err=0.007 covered=1
cover_leftover DONE arm=locked pass=1 reasons=none u_kept=0.936 content=0.964 leak=0.000 err=0.046 same_dir=0.002 particle_rms=0.069
{"event": "DONE", "candidate": "equal_lr_00425", "task": "cover_leftover", "status": "PASS", "suffix": 14, "live": {"u_kept": 0.9944554467891492, "content_kept": 0.9939026651870989, "leak_ratio": 0.0020671901799351553, "pole_rel_err_plus": 0.00673892954364419, "pole_rel_err_minus": 0.003417979460209608, "same_dir": 0.002780375526160004}, "error": null}
START equal_lr_00425 unused_token_hold
unused-token arm=equal_lr_00425 step=1 hold=0.9940 concept=0.0000 unused_dist=0.0060
unused-token arm=equal_lr_00425 step=50 hold=0.9866 concept=0.5466 unused_dist=0.0134
unused-token arm=equal_lr_00425 step=100 hold=0.9894 concept=0.9615 unused_dist=0.0106
unused-token arm=equal_lr_00425 step=150 hold=0.9966 concept=0.8692 unused_dist=0.0034
unused-token arm=equal_lr_00425 step=200 hold=0.9919 concept=0.9652 unused_dist=0.0081
{"event": "DONE", "candidate": "equal_lr_00425", "task": "unused_token_hold", "status": "PASS", "suffix": 14, "live": {"unused_hold": 0.9919152026996017, "concept_move": 0.9652063899110885}, "error": null}
START equal_lr_00425 mid_scale_identity
mid_scale arm=locked step=1 seed=0 concept+=+0.5774 concept-=+0.0000 id0=+0.0077 id_mid=+0.0232 scales=[-1.0, 0.0, 0.5, 1.0] gate=FAIL why=concept,identity_0,identity_mid
mid_scale arm=locked step=50 seed=0 concept+=+0.8945 concept-=+0.3563 id0=+0.4002 id_mid=+0.9569 scales=[-1.0, 0.0, 0.5, 1.0] gate=FAIL why=concept,identity_0
mid_scale arm=locked step=100 seed=0 concept+=+0.9434 concept-=+0.7625 id0=+0.5845 id_mid=+0.7469 scales=[-1.0, 0.0, 0.5, 1.0] gate=FAIL why=concept,identity_0,identity_mid
mid_scale arm=locked step=150 seed=0 concept+=+0.9738 concept-=+0.9350 id0=+0.6337 id_mid=+0.8426 scales=[-1.0, 0.0, 0.5, 1.0] gate=FAIL why=concept,identity_0,identity_mid
mid_scale arm=locked step=200 seed=0 concept+=+0.9904 concept-=+0.9808 id0=+0.7412 id_mid=+0.9896 scales=[-1.0, 0.0, 0.5, 1.0] gate=FAIL why=identity_0
mid_scale arm=locked step=250 seed=0 concept+=+0.9973 concept-=+0.9980 id0=+0.8790 id_mid=+0.9805 scales=[-1.0, 0.0, 0.5, 1.0] gate=PASS why=locked
mid_scale arm=locked step=300 seed=0 concept+=+0.9996 concept-=+0.9996 id0=+0.9984 id_mid=+0.9933 scales=[-1.0, 0.0, 0.5, 1.0] gate=PASS why=locked
mid_scale arm=locked step=350 seed=0 concept+=+0.9992 concept-=+0.9999 id0=+0.9717 id_mid=+0.8846 scales=[-1.0, 0.0, 0.5, 1.0] gate=PASS why=locked
mid_scale arm=locked step=400 seed=0 concept+=+0.9995 concept-=+0.9996 id0=+0.9531 id_mid=+0.9556 scales=[-1.0, 0.0, 0.5, 1.0] gate=PASS why=locked
mid_scale arm=locked step=450 seed=0 concept+=+0.9998 concept-=+0.9998 id0=+0.9869 id_mid=+0.9847 scales=[-1.0, 0.0, 0.5, 1.0] gate=PASS why=locked
mid_scale arm=locked step=500 seed=0 concept+=+0.9996 concept-=+0.9999 id0=+0.9873 id_mid=+0.9932 scales=[-1.0, 0.0, 0.5, 1.0] gate=PASS why=locked
mid_scale arm=locked step=550 seed=0 concept+=+0.9999 concept-=+0.9999 id0=+0.9977 id_mid=+0.9845 scales=[-1.0, 0.0, 0.5, 1.0] gate=PASS why=locked
mid_scale arm=locked step=600 seed=0 concept+=+1.0000 concept-=+0.9999 id0=+0.9961 id_mid=+0.9996 scales=[-1.0, 0.0, 0.5, 1.0] gate=PASS why=locked
mid_scale arm=locked step=650 seed=0 concept+=+1.0000 concept-=+1.0000 id0=+0.9983 id_mid=+0.9945 scales=[-1.0, 0.0, 0.5, 1.0] gate=PASS why=locked
mid_scale arm=locked step=700 seed=0 concept+=+1.0000 concept-=+1.0000 id0=+0.9951 id_mid=+0.9899 scales=[-1.0, 0.0, 0.5, 1.0] gate=PASS why=locked
mid_scale arm=locked step=750 seed=0 concept+=+1.0000 concept-=+1.0000 id0=+0.9989 id_mid=+0.9926 scales=[-1.0, 0.0, 0.5, 1.0] gate=PASS why=locked
mid_scale arm=locked step=800 seed=0 concept+=+1.0000 concept-=+1.0000 id0=+0.9988 id_mid=+0.9977 scales=[-1.0, 0.0, 0.5, 1.0] gate=PASS why=locked
mid_scale arm=locked step=800 seed=0 concept+=+1.0000 concept-=+1.0000 id0=+0.9988 id_mid=+0.9977 scales=[-1.0, 0.0, 0.5, 1.0] gate=PASS why=locked
{"event": "DONE", "candidate": "equal_lr_00425", "task": "mid_scale_identity", "status": "PASS", "suffix": 17, "live": {"concept_cos_plus": 0.9999809861183167, "concept_cos_minus": 0.999997615814209, "concept_mag_plus": 0.9993701577186584, "concept_mag_minus": 1.0006170272827148, "identity_at_0": 0.998754588090076, "identity_at_mid": 0.9977136742896218}, "error": null}
START equal_lr_00425 mode_hold
{"event": "DONE", "candidate": "equal_lr_00425", "task": "mode_hold", "status": "FAIL", "suffix": 0, "live": {"modes": 7, "hq": 1.0}, "error": null}
START equal_lr_00425 vector_two_broad
{"event": "DONE", "candidate": "equal_lr_00425", "task": "vector_two_broad", "status": "PASS", "suffix": 9, "live": {"sw1_normalized": 0.07675706494665469, "mean_error": 0.07901620119810104, "covariance_error": 0.10687433928251266, "target_scale": 1.0555585622787476, "sample_count": 4096, "mass_tv": 0.029052734375, "min_mass_ratio": 0.94189453125, "hq": 0.990966796875, "component_covariance_error": 0.41585035622119904, "component_covariance_errors": [0.40131908655166626, 0.4303816258907318], "component_min_eigen_ratio": 0.45081350207328796, "component_mass": [0.529052734375, 0.470947265625], "target_mass": [0.5, 0.5], "component_counts": [2167, 1929]}, "error": null}
START equal_lr_00425 vector_unequal_mass
{"event": "DONE", "candidate": "equal_lr_00425", "task": "vector_unequal_mass", "status": "FAIL", "suffix": 0, "live": {"sw1_normalized": 0.1915931855410421, "mean_error": 0.20180685818195343, "covariance_error": 0.49059736728668213, "target_scale": 1.7593294382095337, "sample_count": 4096, "mass_tv": 0.14999999105930328, "min_mass_ratio": 0.0, "hq": 0.987060546875, "component_covariance_error": 0.7634255141019821, "component_covariance_errors": [0.37685418128967285, 0.6768478751182556, 1.0, 1.0], "component_min_eigen_ratio": 0.0, "component_mass": [0.62939453125, 0.37060546875, 0.0, 0.0], "target_mass": [0.550000011920929, 0.30000001192092896, 0.12999999523162842, 0.019999999552965164], "component_counts": [2578, 1518, 0, 0]}, "error": null}
START equal_lr_00425 vector_unequal_width
{"event": "DONE", "candidate": "equal_lr_00425", "task": "vector_unequal_width", "status": "FAIL", "suffix": 0, "live": {"sw1_normalized": 0.12538977396209958, "mean_error": 0.1757175475358963, "covariance_error": 0.08871160447597504, "target_scale": 2.1343955993652344, "sample_count": 4096, "mass_tv": 0.08203125, "min_mass_ratio": 0.7255859375, "hq": 0.97021484375, "component_covariance_error": 0.5068370178341866, "component_covariance_errors": [0.827191948890686, 0.4049006402492523, 0.14876985549926758, 0.6464856266975403], "component_min_eigen_ratio": 0.09104593098163605, "component_mass": [0.181396484375, 0.241455078125, 0.2451171875, 0.33203125], "target_mass": [0.25, 0.25, 0.25, 0.25], "component_counts": [743, 989, 1004, 1360]}, "error": null}
START equal_lr_00425 vector_anisotropic
{"event": "DONE", "candidate": "equal_lr_00425", "task": "vector_anisotropic", "status": "PASS", "suffix": 6, "live": {"sw1_normalized": 0.07881438977647177, "mean_error": 0.09212532639503479, "covariance_error": 0.029741013422608376, "target_scale": 2.032285690307617, "sample_count": 4096, "mass_tv": 0.0831705778837204, "min_mass_ratio": 0.7998046875, "hq": 0.96240234375, "component_covariance_error": 0.5356099133690199, "component_covariance_errors": [0.12403755635023117, 0.0852547138929367, 1.3975374698638916], "component_min_eigen_ratio": 0.15382346510887146, "component_mass": [0.41650390625, 0.2666015625, 0.31689453125], "target_mass": [0.3333333432674408, 0.3333333432674408, 0.3333333432674408], "component_counts": [1706, 1092, 1298]}, "error": null}
START equal_lr_00425 vector_overlap
{"event": "DONE", "candidate": "equal_lr_00425", "task": "vector_overlap", "status": "FAIL", "suffix": 1, "live": {"sw1_normalized": 0.11450480069297965, "mean_error": 0.0613708533346653, "covariance_error": 0.3680897653102875, "target_scale": 0.8501437306404114, "sample_count": 4096}, "error": null}
START equal_lr_00425 vector_spiral
{"event": "DONE", "candidate": "equal_lr_00425", "task": "vector_spiral", "status": "PASS", "suffix": 24, "live": {"sw1_normalized": 0.03454171196008084, "mean_error": 0.028621336445212364, "covariance_error": 0.0506434328854084, "target_scale": 1.224178433418274, "sample_count": 4096}, "error": null}
START equal_lr_00425 img_stripes2
{"event": "DONE", "candidate": "equal_lr_00425", "task": "img_stripes2", "status": "FAIL", "suffix": 2, "live": {"modes": 2, "hq": 0.96875, "mean_rmse": 0.01835145615041256, "quality_mode_fractions": [0.4375, 0.53125], "mode_fractions": [0.4375, 0.5625], "distribution_tv": 0.0625}, "error": null}
START equal_lr_00425 img_bars4
{"event": "DONE", "candidate": "equal_lr_00425", "task": "img_bars4", "status": "PASS", "suffix": 5, "live": {"modes": 4, "hq": 0.90625, "mean_rmse": 0.01838206872344017, "quality_mode_fractions": [0.21875, 0.28125, 0.15625, 0.25], "mode_fractions": [0.21875, 0.34375, 0.15625, 0.28125], "distribution_tv": 0.125}, "error": null}
START equal_lr_00425 img_blobs4
{"event": "DONE", "candidate": "equal_lr_00425", "task": "img_blobs4", "status": "PASS", "suffix": 17, "live": {"modes": 4, "hq": 0.96875, "mean_rmse": 0.013072035275399685, "quality_mode_fractions": [0.15625, 0.25, 0.15625, 0.40625], "mode_fractions": [0.15625, 0.25, 0.15625, 0.4375], "distribution_tv": 0.1875}, "error": null}
START equal_lr_00425 img_intensity2
{"event": "DONE", "candidate": "equal_lr_00425", "task": "img_intensity2", "status": "PASS", "suffix": 10, "live": {"modes": 2, "hq": 0.96875, "mean_rmse": 0.019060788676142693, "quality_mode_fractions": [0.53125, 0.4375], "mode_fractions": [0.53125, 0.46875], "distribution_tv": 0.03125}, "error": null}
