{"event": "START", "candidate": "simpler22_reference", "task": "staggered100", "environment": {"profile": "cuda_fp32_v1", "torch": "2.13.0+cu126", "torch_revision": "cf30153c4c131c8164ee7798e5022d810682e2cb", "cuda": "12.6", "cudnn": 91002, "gpu": "NVIDIA RTX A6000", "gpu_uuid": "cb4ce47d-d968-bffd-5646-e830a9fa1c69", "device": "cuda:0", "visible_devices": "1", "deterministic": true, "tf32": false, "cudnn_benchmark": false, "cublas_workspace": ":4096:8", "threads": 1, "interop": 1, "adam_foreach": false, "adam_fused": false}}
START problem=staggered100 steps=7000 device=cuda:0 events=/ml2/hypergan/gpu-known-winner-20260924/runs/simpler22_reference/staggered100/native/staggered100/events.jsonl
EVAL step=0/7000 model=live modes=0/100 hq=0.0256 pass=False elapsed=0.5s
EVAL step=0/7000 model=ema modes=0/100 hq=0.0256 pass=False elapsed=0.6s
TRAIN step=1/7000 d=0.8578 g=0.7067 train_seconds=0.1
EVAL step=1/7000 model=live modes=0/100 hq=0.0239 pass=False elapsed=0.8s
EVAL step=1/7000 model=ema modes=0/100 hq=0.0256 pass=False elapsed=0.9s
EVAL step=10/7000 model=live modes=0/100 hq=0.0261 pass=False elapsed=1.1s
EVAL step=10/7000 model=ema modes=0/100 hq=0.0257 pass=False elapsed=1.2s
EVAL step=25/7000 model=live modes=0/100 hq=0.0297 pass=False elapsed=1.6s
EVAL step=25/7000 model=ema modes=0/100 hq=0.0259 pass=False elapsed=1.7s
EVAL step=50/7000 model=live modes=0/100 hq=0.0306 pass=False elapsed=2.1s
EVAL step=50/7000 model=ema modes=0/100 hq=0.0260 pass=False elapsed=2.3s
EVAL step=100/7000 model=live modes=0/100 hq=0.0330 pass=False elapsed=3.0s
EVAL step=100/7000 model=ema modes=0/100 hq=0.0260 pass=False elapsed=3.1s
TRAIN step=250/7000 d=0.6913 g=0.6966 train_seconds=3.2
EVAL step=250/7000 model=live modes=0/100 hq=0.0330 pass=False elapsed=5.1s
EVAL step=250/7000 model=ema modes=0/100 hq=0.0285 pass=False elapsed=5.3s
TRAIN step=500/7000 d=0.6744 g=0.7136 train_seconds=6.3
EVAL step=500/7000 model=live modes=1/100 hq=0.3282 pass=False elapsed=8.6s
EVAL step=500/7000 model=ema modes=0/100 hq=0.0697 pass=False elapsed=8.7s
TRAIN step=750/7000 d=0.6946 g=0.6952 train_seconds=9.5
EVAL step=750/7000 model=live modes=100/100 hq=0.9671 pass=False elapsed=12.1s
EVAL step=750/7000 model=ema modes=45/100 hq=0.4883 pass=False elapsed=12.1s
{"event": "UPDATES", "candidate": "simpler22_reference", "task": "staggered100", "adam_calls": 2000}
TRAIN step=1000/7000 d=0.6936 g=0.6972 train_seconds=12.8
EVAL step=1000/7000 model=live modes=100/100 hq=0.9650 pass=False elapsed=15.6s
EVAL step=1000/7000 model=ema modes=100/100 hq=0.9415 pass=False elapsed=15.7s
TRAIN step=1250/7000 d=0.6911 g=0.7001 train_seconds=15.8
EVAL step=1250/7000 model=live modes=100/100 hq=0.9595 pass=False elapsed=18.9s
EVAL step=1250/7000 model=ema modes=100/100 hq=0.9681 pass=False elapsed=19.0s
TRAIN step=1500/7000 d=0.6884 g=0.7033 train_seconds=19.0
EVAL step=1500/7000 model=live modes=100/100 hq=0.9408 pass=False elapsed=22.3s
EVAL step=1500/7000 model=ema modes=100/100 hq=0.9688 pass=False elapsed=22.5s
TRAIN step=1750/7000 d=0.6891 g=0.7019 train_seconds=22.1
EVAL step=1750/7000 model=live modes=100/100 hq=0.9445 pass=False elapsed=25.7s
EVAL step=1750/7000 model=ema modes=100/100 hq=0.9731 pass=True elapsed=25.9s
{"event": "UPDATES", "candidate": "simpler22_reference", "task": "staggered100", "adam_calls": 4000}
TRAIN step=2000/7000 d=0.6870 g=0.7011 train_seconds=24.9
EVAL step=2000/7000 model=live modes=100/100 hq=0.9464 pass=False elapsed=28.9s
EVAL step=2000/7000 model=ema modes=100/100 hq=0.9815 pass=True elapsed=29.0s
TRAIN step=2250/7000 d=0.6872 g=0.7026 train_seconds=28.1
EVAL step=2250/7000 model=live modes=100/100 hq=0.9435 pass=False elapsed=32.3s
EVAL step=2250/7000 model=ema modes=100/100 hq=0.9845 pass=True elapsed=32.5s
TRAIN step=2500/7000 d=0.6919 g=0.7013 train_seconds=31.2
EVAL step=2500/7000 model=live modes=100/100 hq=0.9445 pass=False elapsed=35.7s
EVAL step=2500/7000 model=ema modes=100/100 hq=0.9846 pass=True elapsed=35.8s
TRAIN step=2750/7000 d=0.6904 g=0.7008 train_seconds=34.4
EVAL step=2750/7000 model=live modes=100/100 hq=0.9442 pass=False elapsed=39.2s
EVAL step=2750/7000 model=ema modes=100/100 hq=0.9847 pass=True elapsed=39.3s
{"event": "UPDATES", "candidate": "simpler22_reference", "task": "staggered100", "adam_calls": 6000}
TRAIN step=3000/7000 d=0.6888 g=0.7040 train_seconds=37.5
EVAL step=3000/7000 model=live modes=100/100 hq=0.9418 pass=False elapsed=42.6s
EVAL step=3000/7000 model=ema modes=100/100 hq=0.9845 pass=True elapsed=42.7s
TRAIN step=3250/7000 d=0.6898 g=0.6997 train_seconds=40.6
EVAL step=3250/7000 model=live modes=100/100 hq=0.9419 pass=False elapsed=46.0s
EVAL step=3250/7000 model=ema modes=100/100 hq=0.9848 pass=True elapsed=46.1s
TRAIN step=3500/7000 d=0.6875 g=0.7029 train_seconds=43.7
EVAL step=3500/7000 model=live modes=100/100 hq=0.9445 pass=False elapsed=49.3s
EVAL step=3500/7000 model=ema modes=100/100 hq=0.9839 pass=True elapsed=49.5s
TRAIN step=3750/7000 d=0.6897 g=0.7026 train_seconds=46.8
EVAL step=3750/7000 model=live modes=100/100 hq=0.9390 pass=False elapsed=52.7s
EVAL step=3750/7000 model=ema modes=100/100 hq=0.9849 pass=True elapsed=52.8s
{"event": "UPDATES", "candidate": "simpler22_reference", "task": "staggered100", "adam_calls": 8000}
TRAIN step=4000/7000 d=0.6882 g=0.7009 train_seconds=49.8
EVAL step=4000/7000 model=live modes=100/100 hq=0.9410 pass=False elapsed=56.0s
EVAL step=4000/7000 model=ema modes=100/100 hq=0.9851 pass=True elapsed=56.1s
TRAIN step=4250/7000 d=0.6897 g=0.7003 train_seconds=52.8
EVAL step=4250/7000 model=live modes=100/100 hq=0.9457 pass=False elapsed=59.3s
EVAL step=4250/7000 model=ema modes=100/100 hq=0.9851 pass=True elapsed=59.5s
TRAIN step=4500/7000 d=0.6904 g=0.7051 train_seconds=55.9
EVAL step=4500/7000 model=live modes=100/100 hq=0.9466 pass=False elapsed=62.8s
EVAL step=4500/7000 model=ema modes=100/100 hq=0.9851 pass=True elapsed=62.9s
TRAIN step=4750/7000 d=0.6894 g=0.7021 train_seconds=58.9
EVAL step=4750/7000 model=live modes=100/100 hq=0.9524 pass=False elapsed=66.1s
EVAL step=4750/7000 model=ema modes=100/100 hq=0.9859 pass=True elapsed=66.2s
{"event": "UPDATES", "candidate": "simpler22_reference", "task": "staggered100", "adam_calls": 10000}
TRAIN step=5000/7000 d=0.6883 g=0.7018 train_seconds=62.1
EVAL step=5000/7000 model=live modes=100/100 hq=0.9571 pass=False elapsed=69.5s
EVAL step=5000/7000 model=ema modes=100/100 hq=0.9863 pass=True elapsed=69.6s
TRAIN step=5250/7000 d=0.6885 g=0.7000 train_seconds=65.2
EVAL step=5250/7000 model=live modes=100/100 hq=0.9637 pass=False elapsed=72.8s
EVAL step=5250/7000 model=ema modes=100/100 hq=0.9862 pass=True elapsed=72.9s
TRAIN step=5500/7000 d=0.6882 g=0.6997 train_seconds=68.2
EVAL step=5500/7000 model=live modes=100/100 hq=0.9719 pass=True elapsed=76.0s
EVAL step=5500/7000 model=ema modes=100/100 hq=0.9872 pass=True elapsed=76.1s
TRAIN step=5750/7000 d=0.6907 g=0.7011 train_seconds=71.1
EVAL step=5750/7000 model=live modes=100/100 hq=0.9778 pass=True elapsed=79.2s
EVAL step=5750/7000 model=ema modes=100/100 hq=0.9874 pass=True elapsed=79.3s
{"event": "UPDATES", "candidate": "simpler22_reference", "task": "staggered100", "adam_calls": 12000}
TRAIN step=6000/7000 d=0.6909 g=0.7018 train_seconds=74.0
EVAL step=6000/7000 model=live modes=100/100 hq=0.9813 pass=True elapsed=82.3s
EVAL step=6000/7000 model=ema modes=100/100 hq=0.9873 pass=True elapsed=82.4s
TRAIN step=6250/7000 d=0.6920 g=0.7003 train_seconds=76.8
EVAL step=6250/7000 model=live modes=100/100 hq=0.9843 pass=True elapsed=85.2s
EVAL step=6250/7000 model=ema modes=100/100 hq=0.9876 pass=True elapsed=85.3s
TRAIN step=6500/7000 d=0.6911 g=0.6992 train_seconds=79.6
EVAL step=6500/7000 model=live modes=100/100 hq=0.9863 pass=True elapsed=88.2s
EVAL step=6500/7000 model=ema modes=100/100 hq=0.9879 pass=True elapsed=88.3s
TRAIN step=6750/7000 d=0.6921 g=0.7004 train_seconds=82.3
EVAL step=6750/7000 model=live modes=100/100 hq=0.9876 pass=True elapsed=91.1s
EVAL step=6750/7000 model=ema modes=100/100 hq=0.9885 pass=True elapsed=91.2s
{"event": "UPDATES", "candidate": "simpler22_reference", "task": "staggered100", "adam_calls": 14000}
TRAIN step=7000/7000 d=0.6911 g=0.6987 train_seconds=84.9
EVAL step=7000/7000 model=live modes=100/100 hq=0.9885 pass=True elapsed=93.8s
EVAL step=7000/7000 model=ema modes=100/100 hq=0.9884 pass=True elapsed=93.9s
COMPLETE problem=staggered100 steps=7000 live_modes=100/100 live_hq=0.9885 stable_pass=6500 total_seconds=94.9
{"event": "DONE", "candidate": "simpler22_reference", "task": "staggered100", "status": "PASS", "seconds": 96.56657192995772, "environment": {"profile": "cuda_fp32_v1", "torch": "2.13.0+cu126", "torch_revision": "cf30153c4c131c8164ee7798e5022d810682e2cb", "cuda": "12.6", "cudnn": 91002, "gpu": "NVIDIA RTX A6000", "gpu_uuid": "cb4ce47d-d968-bffd-5646-e830a9fa1c69", "device": "cuda:0", "visible_devices": "1", "deterministic": true, "tf32": false, "cudnn_benchmark": false, "cublas_workspace": ":4096:8", "threads": 1, "interop": 1, "adam_foreach": false, "adam_fused": false}, "device_proof": {"adam_calls": 14000, "optimizers": {"139146774800352": {"calls": 7000, "parameters": 35073, "device": "cuda:0"}, "139146774802848": {"calls": 7000, "parameters": 40006, "device": "cuda:0"}}, "cpu_parameter_calls": 0, "gradient_devices": ["cuda:0"]}, "artifact": "/ml2/hypergan/gpu-known-winner-20260924/runs/simpler22_reference/staggered100/result.json"}
