{"cpu": "AVX512", "cpu_env": {"ATEN_CPU_CAPABILITY": null, "MKL_ENABLE_INSTRUCTIONS": null, "ONEDNN_MAX_CPU_ISA": null, "DNNL_MAX_CPU_ISA": null}, "event": "DECLARED", "phase": "cold", "method": "reachstall_trustopen", "seed": 0, "host": "neural", "torch": "2.14.0+cpu", "shared_gate_eligible": false, "purity": "GAN dynamics only: no coverage, likelihood, anchor, assignment or clip ladder"}
{"event": "TRUST_MEAN", "step": 50, "armed": false, "mean": 0.10226998652975601, "open": null, "fires": 0}
{"event": "TRUST_MEAN", "step": 100, "armed": false, "mean": 0.19375689416302197, "open": 0.09148690763326596, "fires": 0}
{"event": "TRUST_MEAN", "step": 150, "armed": false, "mean": 0.19203027930926794, "open": -0.0017266148537540271, "fires": 0}
{"event": "TRUST_MEAN", "step": 200, "armed": false, "mean": 0.1720551390043368, "open": -0.019975140304931138, "fires": 0}
{"event": "TRUST_MEAN", "step": 250, "armed": false, "mean": 0.17096368332058215, "open": -0.0010914556837546552, "fires": 0}
{"event": "TRUST_MEAN", "step": 300, "armed": false, "mean": 0.12833887950584846, "open": -0.042624803814733686, "fires": 0}
{"event": "TRUST_MEAN", "step": 350, "armed": false, "mean": 0.19483133687863707, "open": 0.06649245737278861, "fires": 0}
{"event": "TRUST_MEAN", "step": 400, "armed": false, "mean": 0.1611139852499136, "open": -0.03371735162872347, "fires": 0}
{"event": "TRUST_MEAN", "step": 450, "armed": false, "mean": 0.12035484312629834, "open": -0.04075914212361527, "fires": 0}
{"event": "TRUST_MEAN", "step": 500, "armed": false, "mean": 0.12730072014239385, "open": 0.006945877016095517, "fires": 0}
{"event": "TRUST_MEAN", "step": 550, "armed": false, "mean": 0.11739164122348317, "open": -0.009909078918910685, "fires": 0}
{"event": "TRUST_MEAN", "step": 600, "armed": false, "mean": 0.10777458191411099, "open": -0.009617059309372178, "fires": 0}
{"event": "TRUST_MEAN", "step": 650, "armed": false, "mean": 0.10417247192527972, "open": -0.003602109988831273, "fires": 0}
{"event": "TRUST_MEAN", "step": 700, "armed": false, "mean": 0.12590000083867672, "open": 0.021727528913397007, "fires": 0}
{"event": "TRUST_MEAN", "step": 750, "armed": false, "mean": 0.09286733427663073, "open": -0.033032666562045995, "fires": 0}
{"event": "TRUST_MEAN", "step": 800, "armed": false, "mean": 0.10105637897759363, "open": 0.008189044700962905, "fires": 0}
{"event": "TRUST_MEAN", "step": 850, "armed": false, "mean": 0.06235478553410401, "open": -0.038701593443489626, "fires": 0}
{"event": "TRUST_OPEN_ARM", "step": 850, "phase": "cold_acquire"}
{"event": "TRUST_MEAN", "step": 900, "armed": true, "mean": 0.06920028424040639, "open": 0.006845498706302383, "fires": 0}
{"event": "TRUST_MEAN", "step": 950, "armed": true, "mean": 0.07431409569907677, "open": 0.005113811458670375, "fires": 0}
{"event": "TRUST_MEAN", "step": 1000, "armed": true, "mean": 0.07188305378143031, "open": -0.0024310419176464537, "fires": 0}
{"event": "TRUST_MEAN", "step": 1050, "armed": true, "mean": 0.07588183813695908, "open": 0.0039987843555287644, "fires": 0}
{"event": "TRUST_MEAN", "step": 1100, "armed": true, "mean": 0.07862163668116164, "open": 0.0027397985442025596, "fires": 0}
{"event": "TRUST_MEAN", "step": 1150, "armed": true, "mean": 0.08122517652040502, "open": 0.002603539839243385, "fires": 0}
{"event": "TRUST_MEAN", "step": 1200, "armed": true, "mean": 0.0843790976076611, "open": 0.0031539210872560813, "fires": 0}
{"cpu": "AVX512", "cpu_env": {"ATEN_CPU_CAPABILITY": null, "MKL_ENABLE_INSTRUCTIONS": null, "ONEDNN_MAX_CPU_ISA": null, "DNNL_MAX_CPU_ISA": null}, "event": "COLD", "task": "mode_hold", "passed": true, "status": "PASS", "seconds": 23.6, "tail": [{"step": 1000, "modes": 8, "hq": 0.9921875}, {"step": 1050, "modes": 8, "hq": 0.91845703125}, {"step": 1100, "modes": 8, "hq": 1.0}, {"step": 1150, "modes": 8, "hq": 0.983154296875}, {"step": 1200, "modes": 8, "hq": 0.998046875}], "dynamics": {"method": "pr84_slope_utilisation_reach", "scratch_optimizer_policy": "pr84_slope_utilisation_reach", "shared_gate_eligible": false, "curvature_bound": 0.25, "d_curvature_bound": 3.0, "advantage_gate": null, "outer_steps": 1200, "gate_open": 0, "bound_evaluated": 1200, "bound_active": 1200, "d_bound_active": 82, "gradient_evaluations_per_outer_step": 3.0, "moment_updates_per_outer_step": 1, "rng_replay_verified": 2400, "update_order": "alternating: D Adam step, then G+prior Adam step against the new D", "smooth_critic": true, "smooth_width_cap": 0.15, "reach": 0.5, "ramp": "stall", "game_bound": false, "game_steps": 1, "b_cap_slope": 1.0, "widened_updates": 1043, "max_width": 0.5, "trust_open_reject": true, "trust_open_armed": true, "trust_open_arm_update": 850, "trust_open_arm_phase": "cold_acquire", "trust_open_checks": 350, "trust_open_fires": 0, "trust_open_fires_warm": 0, "trust_open_fires_acquire": 0, "trust_open_fires_stay": 0, "trust_open_fires_dropout": 0, "trust_open_delta": 0.1, "trust_open_lag": 50, "trust_open_max": 0.022235108660092054, "trust_open_max_step": 1116, "trust_open_max_dropout": null, "trust_open_max_dropout_step": null}}
{"cpu": "AVX512", "cpu_env": {"ATEN_CPU_CAPABILITY": null, "MKL_ENABLE_INSTRUCTIONS": null, "ONEDNN_MAX_CPU_ISA": null, "DNNL_MAX_CPU_ISA": null}, "event": "DONE"}
