# per-observation false-fail rate of a perfect n-atom sampler (sustained, independent obs)
isotropic          n=  3 core_err=0.942 core_eig=0.709 spill=0.033 any=0.943 sust_any=1.000
isotropic          n=  5 core_err=0.782 core_eig=0.295 spill=0.054 any=0.786 sust_any=1.000
isotropic          n=  8 core_err=0.560 core_eig=0.069 spill=0.083 any=0.575 sust_any=0.986
isotropic          n= 10 core_err=0.439 core_eig=0.024 spill=0.103 any=0.469 sust_any=0.958
isotropic          n= 12 core_err=0.354 core_eig=0.009 spill=0.124 any=0.401 sust_any=0.923
isotropic          n= 16 core_err=0.226 core_eig=0.001 spill=0.133 any=0.296 sust_any=0.827
isotropic          n= 20 core_err=0.146 core_eig=0.000 spill=0.108 any=0.211 sust_any=0.694
isotropic          n= 24 core_err=0.102 core_eig=0.000 spill=0.071 any=0.146 sust_any=0.545
isotropic          n= 32 core_err=0.046 core_eig=0.000 spill=0.042 any=0.078 sust_any=0.332
isotropic          n= 40 core_err=0.021 core_eig=0.000 spill=0.040 any=0.055 sust_any=0.245
isotropic          n= 48 core_err=0.014 core_eig=0.000 spill=0.027 any=0.037 sust_any=0.172
isotropic          n= 64 core_err=0.003 core_eig=0.000 spill=0.014 any=0.017 sust_any=0.080
anisotropic[0]     n=  3 core_err=0.667 core_eig=0.709 spill=0.033 any=0.861 sust_any=1.000
anisotropic[0]     n=  5 core_err=0.495 core_eig=0.297 spill=0.055 any=0.617 sust_any=0.992
anisotropic[0]     n=  8 core_err=0.341 core_eig=0.066 spill=0.086 any=0.413 sust_any=0.930
anisotropic[0]     n= 10 core_err=0.274 core_eig=0.028 spill=0.106 any=0.351 sust_any=0.885
anisotropic[0]     n= 12 core_err=0.227 core_eig=0.010 spill=0.122 any=0.311 sust_any=0.845
anisotropic[0]     n= 16 core_err=0.154 core_eig=0.002 spill=0.133 any=0.255 sust_any=0.770
anisotropic[0]     n= 20 core_err=0.108 core_eig=0.000 spill=0.110 any=0.194 sust_any=0.659
anisotropic[0]     n= 24 core_err=0.078 core_eig=0.000 spill=0.070 any=0.135 sust_any=0.514
anisotropic[0]     n= 32 core_err=0.041 core_eig=0.000 spill=0.047 any=0.081 sust_any=0.343
anisotropic[0]     n= 40 core_err=0.024 core_eig=0.000 spill=0.041 any=0.060 sust_any=0.265
anisotropic[0]     n= 48 core_err=0.016 core_eig=0.000 spill=0.025 any=0.038 sust_any=0.175
anisotropic[0]     n= 64 core_err=0.006 core_eig=0.000 spill=0.014 any=0.019 sust_any=0.092
anisotropic[1]     n=  3 core_err=0.666 core_eig=0.713 spill=0.033 any=0.864 sust_any=1.000
anisotropic[1]     n=  5 core_err=0.491 core_eig=0.293 spill=0.056 any=0.611 sust_any=0.991
anisotropic[1]     n=  8 core_err=0.337 core_eig=0.068 spill=0.085 any=0.407 sust_any=0.927
anisotropic[1]     n= 10 core_err=0.273 core_eig=0.024 spill=0.110 any=0.352 sust_any=0.885
anisotropic[1]     n= 12 core_err=0.221 core_eig=0.009 spill=0.115 any=0.302 sust_any=0.835
anisotropic[1]     n= 16 core_err=0.155 core_eig=0.001 spill=0.135 any=0.254 sust_any=0.768
anisotropic[1]     n= 20 core_err=0.107 core_eig=0.000 spill=0.102 any=0.187 sust_any=0.645
anisotropic[1]     n= 24 core_err=0.079 core_eig=0.000 spill=0.072 any=0.137 sust_any=0.522
anisotropic[1]     n= 32 core_err=0.042 core_eig=0.000 spill=0.047 any=0.081 sust_any=0.344
anisotropic[1]     n= 40 core_err=0.026 core_eig=0.000 spill=0.042 any=0.063 sust_any=0.277
anisotropic[1]     n= 48 core_err=0.017 core_eig=0.000 spill=0.025 any=0.039 sust_any=0.179
anisotropic[1]     n= 64 core_err=0.006 core_eig=0.000 spill=0.015 any=0.019 sust_any=0.093
anisotropic[2]     n=  3 core_err=0.718 core_eig=0.711 spill=0.033 any=0.877 sust_any=1.000
anisotropic[2]     n=  5 core_err=0.540 core_eig=0.294 spill=0.054 any=0.636 sust_any=0.994
anisotropic[2]     n=  8 core_err=0.368 core_eig=0.070 spill=0.087 any=0.428 sust_any=0.939
anisotropic[2]     n= 10 core_err=0.295 core_eig=0.027 spill=0.104 any=0.362 sust_any=0.894
anisotropic[2]     n= 12 core_err=0.238 core_eig=0.009 spill=0.121 any=0.318 sust_any=0.853
anisotropic[2]     n= 16 core_err=0.162 core_eig=0.001 spill=0.129 any=0.253 sust_any=0.768
anisotropic[2]     n= 20 core_err=0.115 core_eig=0.000 spill=0.109 any=0.199 sust_any=0.670
anisotropic[2]     n= 24 core_err=0.077 core_eig=0.000 spill=0.068 any=0.132 sust_any=0.506
anisotropic[2]     n= 32 core_err=0.046 core_eig=0.000 spill=0.048 any=0.085 sust_any=0.358
anisotropic[2]     n= 40 core_err=0.024 core_eig=0.000 spill=0.041 any=0.059 sust_any=0.264
anisotropic[2]     n= 48 core_err=0.015 core_eig=0.000 spill=0.026 any=0.039 sust_any=0.179
anisotropic[2]     n= 64 core_err=0.006 core_eig=0.000 spill=0.014 any=0.019 sust_any=0.090
# worst per-metric rate by n: {"3": 0.9425, "5": 0.7825, "8": 0.5598, "10": 0.439, "12": 0.3544, "16": 0.2261, "20": 0.1461, "24": 0.1018, "32": 0.0476, "40": 0.0425, "48": 0.0274, "64": 0.0147}
# N_MIN = 32
