# 18 episodes, 18 workers
[    20s] vector_anisotropic     axis_silu              v4 SUST(15) -> v5 SUST suffix=15 sw1=0.041 tv=0.019 core=0.17 eig=0.31 spill=0.023 resolved_eig=0.31 resolved_spill=0.023 failing=- 17.3s
[    21s] vector_anisotropic     leaky_orig             v4 SUST( 5) -> v5 SUST suffix= 5 sw1=0.141 tv=0.107 core=0.14 eig=0.56 spill=0.034 resolved_eig=0.56 resolved_spill=0.034 failing=- 17.0s
[    22s] vector_two_broad       leaky_orig             v4 SUST(19) -> v5 SUST suffix=19 sw1=0.039 tv=0.015 core=0.20 eig=0.56 spill=0.024 resolved_eig=0.56 resolved_spill=0.024 failing=- 18.0s
[    25s] vector_scale_drift     leaky_orig             v4 SUST(22) -> v5 SUST suffix=22 sw1=0.070 tv=0.020 core=0.19 eig=0.72 spill=0.046 resolved_eig=0.72 resolved_spill=0.046 failing=- 20.7s
[    25s] vector_overlap         leaky_orig             v4 fail( 4) -> v5 fail suffix= 4 sw1=0.092 failing=- 21.7s
[    26s] vector_scale_drift     axis_silu              v4 SUST(11) -> v5 SUST suffix=11 sw1=0.056 tv=0.002 core=0.40 eig=0.89 spill=0.036 resolved_eig=0.89 resolved_spill=0.036 failing=- 21.2s
[    26s] vector_spiral          axis_silu              v4 SUST(21) -> v5 SUST suffix=21 sw1=0.042 failing=- 21.7s
[    27s] vector_unequal_width   axis_silu              v4 SUST( 8) -> v5 SUST suffix= 8 sw1=0.091 tv=0.056 core=0.16 eig=0.57 spill=0.041 resolved_eig=0.57 resolved_spill=0.041 failing=- 24.4s
[    27s] vector_unequal_mass    silu_dlr3              v4 fail( 0) -> v5 SUST suffix=10 sw1=0.092 tv=0.055 core=0.48 eig=0.08 spill=0.011 resolved_eig=0.44 resolved_spill=0.011 minmass=0.90 rare_mass=0.025 comp_eigs=0.44/0.50/0.63/0.08 failing=- 25.0s
[    29s] vector_overlap         axis_silu              v4 fail( 4) -> v5 fail suffix= 4 sw1=0.136 failing=- 24.4s
[    30s] vector_unequal_mass    leaky_orig             v4 fail( 0) -> v5 fail suffix= 1 sw1=0.081 tv=0.052 core=0.31 eig=0.45 spill=0.418 resolved_eig=0.77 resolved_spill=0.048 minmass=0.91 rare_mass=0.024 comp_eigs=0.77/0.94/0.81/0.45 failing=- 25.4s
[    30s] vector_spiral          leaky_orig             v4 SUST(23) -> v5 SUST suffix=23 sw1=0.063 failing=- 26.5s
[    30s] vector_unequal_mass    axis_silu              v4 fail( 0) -> v5 fail suffix= 2 sw1=0.137 tv=0.086 core=0.39 eig=0.00 spill=0.046 resolved_eig=0.70 resolved_spill=0.046 minmass=0.65 rare_mass=0.013 comp_eigs=0.75/0.92/0.70/0.00 failing=- 25.5s
[    31s] vector_two_broad       axis_silu              v4 SUST(21) -> v5 SUST suffix=21 sw1=0.107 tv=0.021 core=0.38 eig=0.41 spill=0.006 resolved_eig=0.41 resolved_spill=0.006 failing=- 28.5s
[    32s] vector_narrow          axis_silu              v4 fail( 0) -> v5 fail suffix= 0 sw1=0.147 tv=0.158 core=0.96 eig=0.00 spill=0.027 resolved_eig=0.00 resolved_spill=0.027 failing=mass_tv,component_covariance_error,component_min_eigen_ratio 27.7s
[    33s] vector_unequal_width   leaky_orig             v4 fail( 0) -> v5 fail suffix= 0 sw1=0.085 tv=0.083 core=0.18 eig=0.50 spill=0.055 resolved_eig=0.50 resolved_spill=0.055 failing=resolved_max_component_spill 28.3s
[    33s] vector_unequal_mass    linear_skip_d96_beta5  v4 fail( 3) -> v5 SUST suffix= 7 sw1=0.066 tv=0.047 core=0.44 eig=0.27 spill=0.021 resolved_eig=0.27 resolved_spill=0.021 minmass=0.91 rare_mass=0.029 comp_eigs=0.53/0.77/0.27/0.56 failing=- 30.0s
[    35s] vector_narrow          leaky_orig             v4 fail( 0) -> v5 fail suffix= 0 sw1=0.499 tv=0.500 core=0.87 eig=0.00 spill=1.000 resolved_eig=0.00 resolved_spill=1.000 failing=sw1_normalized,mass_tv,component_covariance_error,component_min_eigen_ratio 29.9s
# done in 35s
