START generation00_candidate00
generation00_candidate00 ring4 objective=0.220889 modes=2 hq=0.2539 seconds=7.8
generation00_candidate00 grid9 objective=0.291924 modes=7 hq=1.0000 seconds=7.5
START generation00_candidate01
generation00_candidate01 ring4 objective=0.195591 modes=4 hq=0.9167 seconds=7.4
generation00_candidate01 grid9 objective=0.411999 modes=2 hq=0.4275 seconds=7.8
START generation00_candidate02
generation00_candidate02 ring4 objective=0.309170 modes=2 hq=0.2375 seconds=7.9
generation00_candidate02 grid9 objective=0.260703 modes=9 hq=1.0000 seconds=7.1
START generation00_candidate03
generation00_candidate03 ring4 objective=0.326730 modes=3 hq=0.2441 seconds=6.9
generation00_candidate03 grid9 objective=0.375817 modes=2 hq=0.4065 seconds=6.8
START generation00_candidate04
generation00_candidate04 ring4 objective=0.211408 modes=2 hq=0.4141 seconds=6.7
generation00_candidate04 grid9 objective=0.345249 modes=5 hq=0.7419 seconds=6.7
START generation00_candidate05
generation00_candidate05 ring4 objective=0.312263 modes=4 hq=0.8408 seconds=7.5
generation00_candidate05 grid9 objective=0.393662 modes=4 hq=0.7473 seconds=6.9
START generation00_candidate06
generation00_candidate06 ring4 objective=0.234658 modes=4 hq=0.6726 seconds=6.7
generation00_candidate06 grid9 objective=0.434876 modes=5 hq=0.8286 seconds=6.7
START generation00_candidate07
generation00_candidate07 ring4 objective=0.233987 modes=4 hq=0.8296 seconds=6.7
generation00_candidate07 grid9 objective=0.464217 modes=3 hq=0.4910 seconds=6.8
GENERATION 0 best=generation00_candidate00 objective=0.256407
START generation01_candidate00
generation01_candidate00 ring4 objective=0.215268 modes=3 hq=0.6636 seconds=6.9
generation01_candidate00 grid9 objective=0.352081 modes=5 hq=0.5759 seconds=6.9
START generation01_candidate01
generation01_candidate01 ring4 objective=0.236319 modes=2 hq=0.2498 seconds=6.9
generation01_candidate01 grid9 objective=0.281745 modes=6 hq=0.8406 seconds=7.0
START generation01_candidate02
generation01_candidate02 ring4 objective=0.507998 modes=3 hq=0.5046 seconds=7.0
generation01_candidate02 grid9 objective=0.423812 modes=5 hq=0.8230 seconds=7.0
START generation01_candidate03
generation01_candidate03 ring4 objective=0.209557 modes=3 hq=0.8230 seconds=6.9
generation01_candidate03 grid9 objective=0.376261 modes=4 hq=0.6814 seconds=6.9
START generation01_candidate04
generation01_candidate04 ring4 objective=0.290304 modes=4 hq=1.0000 seconds=6.9
generation01_candidate04 grid9 objective=0.343394 modes=7 hq=1.0000 seconds=6.9
START generation01_candidate05
generation01_candidate05 ring4 objective=0.333744 modes=2 hq=0.3203 seconds=6.7
generation01_candidate05 grid9 objective=0.288869 modes=7 hq=0.9099 seconds=6.8
START generation01_candidate06
generation01_candidate06 ring4 objective=0.271494 modes=3 hq=0.4829 seconds=6.7
generation01_candidate06 grid9 objective=0.322412 modes=5 hq=0.7549 seconds=6.8
START generation01_candidate07
generation01_candidate07 ring4 objective=0.379730 modes=2 hq=0.4941 seconds=6.8
generation01_candidate07 grid9 objective=0.308964 modes=5 hq=0.5017 seconds=6.8
GENERATION 1 best=generation00_candidate00 objective=0.256407
START generation02_candidate00
generation02_candidate00 ring4 objective=0.286605 modes=3 hq=0.6729 seconds=6.8
generation02_candidate00 grid9 objective=0.357985 modes=5 hq=0.4155 seconds=7.0
START generation02_candidate01
generation02_candidate01 ring4 objective=0.323243 modes=3 hq=0.7478 seconds=6.8
generation02_candidate01 grid9 objective=0.316610 modes=7 hq=0.8364 seconds=6.9
START generation02_candidate02
generation02_candidate02 ring4 objective=0.393013 modes=4 hq=0.7539 seconds=7.3
generation02_candidate02 grid9 objective=0.307036 modes=6 hq=0.8306 seconds=6.9
START generation02_candidate03
generation02_candidate03 ring4 objective=0.179796 modes=1 hq=0.2539 seconds=6.7
generation02_candidate03 grid9 objective=0.457560 modes=2 hq=0.4150 seconds=6.6
START generation02_candidate04
generation02_candidate04 ring4 objective=0.244335 modes=3 hq=0.5945 seconds=6.6
generation02_candidate04 grid9 objective=0.398392 modes=6 hq=0.9099 seconds=6.8
START generation02_candidate05
generation02_candidate05 ring4 objective=0.228836 modes=4 hq=1.0000 seconds=6.8
generation02_candidate05 grid9 objective=0.221659 modes=8 hq=1.0000 seconds=6.6
START generation02_candidate06
generation02_candidate06 ring4 objective=0.241560 modes=1 hq=0.1670 seconds=6.6
generation02_candidate06 grid9 objective=0.316253 modes=6 hq=0.8384 seconds=6.7
START generation02_candidate07
generation02_candidate07 ring4 objective=0.398588 modes=2 hq=0.2466 seconds=6.7
generation02_candidate07 grid9 objective=0.343924 modes=4 hq=0.6660 seconds=6.8
GENERATION 2 best=generation02_candidate05 objective=0.225247
START generation03_candidate00
generation03_candidate00 ring4 objective=0.212990 modes=1 hq=0.1704 seconds=6.8
generation03_candidate00 grid9 objective=0.387396 modes=4 hq=0.4224 seconds=6.8
START generation03_candidate01
generation03_candidate01 ring4 objective=0.324298 modes=2 hq=0.5691 seconds=6.7
generation03_candidate01 grid9 objective=0.276342 modes=5 hq=0.5732 seconds=6.8
START generation03_candidate02
generation03_candidate02 ring4 objective=0.330497 modes=3 hq=0.3247 seconds=6.8
generation03_candidate02 grid9 objective=0.345341 modes=5 hq=0.7463 seconds=6.7
START generation03_candidate03
generation03_candidate03 ring4 objective=0.401092 modes=2 hq=0.4258 seconds=6.7
generation03_candidate03 grid9 objective=0.285243 modes=3 hq=0.4900 seconds=6.6
START generation03_candidate04
generation03_candidate04 ring4 objective=0.574024 modes=2 hq=0.4185 seconds=6.5
generation03_candidate04 grid9 objective=0.307800 modes=5 hq=0.6704 seconds=6.6
START generation03_candidate05
generation03_candidate05 ring4 objective=0.272967 modes=4 hq=0.8303 seconds=6.6
generation03_candidate05 grid9 objective=0.389579 modes=4 hq=0.7625 seconds=6.8
START generation03_candidate06
generation03_candidate06 ring4 objective=0.256656 modes=4 hq=0.9114 seconds=6.9
generation03_candidate06 grid9 objective=0.367813 modes=5 hq=0.8450 seconds=6.7
START generation03_candidate07
generation03_candidate07 ring4 objective=0.240023 modes=2 hq=0.4089 seconds=6.7
generation03_candidate07 grid9 objective=0.301854 modes=8 hq=0.9099 seconds=6.9
GENERATION 3 best=generation02_candidate05 objective=0.225247
FROZEN generation02_candidate05 objective=0.225247
