{"CUDA_initialized": false, "GPU_launched": false, "actual_upstream_function_boundary_witnesses": [{"equal": true, "generator": 0.015625, "new": {"derivative": 0.0, "sigma": 0.029}, "noise": 1.0, "old": {"derivative": 0.0, "sigma": 0.029}, "table": 1.0}, {"equal": true, "generator": 0.015625, "new": {"derivative": 0.0, "sigma": 0.029}, "noise": 1.0, "old": {"derivative": 0.0, "sigma": 0.029}, "table": 0.5}, {"equal": true, "generator": 0.015625, "new": {"derivative": 0.0, "sigma": 0.029}, "noise": 1.0, "old": {"derivative": 0.0, "sigma": 0.029}, "table": 0.25}, {"equal": false, "generator": 0.015625, "new": {"derivative": 0.010000000000000004, "sigma": 0.010000000000000004}, "noise": 1.0, "old": {"derivative": 0.0, "sigma": 0.029}, "table": 0.015625}], "advanced_base": "cabe2084284db923d525918cbf3e18de6f20faac", "history_relabelled": false, "invariant": {"all_step_bound": "s(t) >= 2^(-C_stationary(T)) for every 0 <= t <= T", "drift_reopen_and_population_expiry_do_not_decrease_s": true, "exactly_six_stationary_decisions_necessary_from_initial_s_one": true, "floor_override_equal_if_any_retained_nonnoise_role_above": "1/64", "initial_s": 1.0, "only_stationary_decision_decreases_s": true, "stationary_counter_cumulative_and_never_cleared_by_restart": true, "stationary_multiplier": 0.5}, "learned_fixture_prefixes_proven_unaffected": 2, "minimum_all_step_table_s_bound": 0.25, "models_constructed": false, "new_training_or_seed_experiments": false, "original_base": "f459cb6d6aaaabeb1af076ec53ad7a963618de90", "original_learned_replay": {"branches_per_fixture": 2, "fixtures": 2, "latest_combined_source_replay_required": true, "start": 1000, "total_updates": 40, "updates_per_branch": 10, "within_proved_training_prefix": true}, "original_quality_tasks_proven_unaffected": 19, "scope_limit": "Noise-floor applicability only; latest combined-source replay/full suite remain required for compatibility.", "scoped_change": "learnable output-noise floor ignores noise tester", "standard_and_sequential_settle_AST_unchanged_across_bases": true, "status": "PROVEN_UNAFFECTED_FOR_ORIGINAL_FINITE_HORIZONS", "tasks_requiring_fresh_training_for_noise_floor_change": []}
{"all_step_table_s_bound": 1.0, "stationary": 0, "status": "PROVEN_UNAFFECTED", "task": "ported/stationary", "updates": 7500}
{"all_step_table_s_bound": 1.0, "stationary": 0, "status": "PROVEN_UNAFFECTED", "task": "ported/mode_hold", "updates": 1200}
{"all_step_table_s_bound": 1.0, "stationary": 0, "status": "PROVEN_UNAFFECTED", "task": "ported/ring_shift", "updates": 4600}
{"all_step_table_s_bound": 1.0, "stationary": 0, "status": "PROVEN_UNAFFECTED", "task": "ported/vector_two_broad", "updates": 1200}
{"all_step_table_s_bound": 0.25, "stationary": 2, "status": "PROVEN_UNAFFECTED", "task": "ported/vector_overlap", "updates": 1200}
{"all_step_table_s_bound": 0.5, "stationary": 1, "status": "PROVEN_UNAFFECTED", "task": "ported/vector_spiral", "updates": 1600}
{"all_step_table_s_bound": 1.0, "stationary": 0, "status": "PROVEN_UNAFFECTED", "task": "ported/vector_anisotropic", "updates": 1200}
{"all_step_table_s_bound": 1.0, "stationary": 0, "status": "PROVEN_UNAFFECTED", "task": "ported/vector_unequal_mass", "updates": 1200}
{"all_step_table_s_bound": 1.0, "stationary": 0, "status": "PROVEN_UNAFFECTED", "task": "ported/vector_unequal_width", "updates": 1200}
{"all_step_table_s_bound": 1.0, "stationary": 0, "status": "PROVEN_UNAFFECTED", "task": "ported/img_blobs4", "updates": 600}
{"all_step_table_s_bound": 1.0, "stationary": 0, "status": "PROVEN_UNAFFECTED", "task": "ported/img_stripes2", "updates": 600}
{"all_step_table_s_bound": 1.0, "stationary": 0, "status": "PROVEN_UNAFFECTED", "task": "ported/img_bars4", "updates": 600}
{"all_step_table_s_bound": 1.0, "stationary": 0, "status": "PROVEN_UNAFFECTED", "task": "ported/img_intensity2", "updates": 600}
{"all_step_table_s_bound": 0.5, "stationary": 1, "status": "PROVEN_UNAFFECTED", "task": "native/grid100", "updates": 7000}
{"all_step_table_s_bound": 1.0, "stationary": 0, "status": "PROVEN_UNAFFECTED", "task": "moving/grid100", "updates": 1500}
{"all_step_table_s_bound": 0.25, "stationary": 2, "status": "PROVEN_UNAFFECTED", "task": "native/rotated100", "updates": 7000}
{"all_step_table_s_bound": 1.0, "stationary": 0, "status": "PROVEN_UNAFFECTED", "task": "moving/rotated100", "updates": 1500}
{"all_step_table_s_bound": 0.5, "stationary": 1, "status": "PROVEN_UNAFFECTED", "task": "native/staggered100", "updates": 7000}
{"all_step_table_s_bound": 1.0, "stationary": 0, "status": "PROVEN_UNAFFECTED", "task": "moving/staggered100", "updates": 1500}
{"all_step_table_s_bound": 1.0, "stationary": 0, "status": "PROVEN_UNAFFECTED", "task": "learned/toy", "updates": 2000}
{"all_step_table_s_bound": 1.0, "stationary": 0, "status": "PROVEN_UNAFFECTED", "task": "learned/mnist", "updates": 2000}
