{"event": "DECLARED", "phase": "cold-ring", "mechanism": "DD-exit shrink of the curvature-bounded stall-reach G step", "seed": 0, "method": "reachstall_ddexit", "g_curvature_bound": 0.25}
{"event":"DD_EXIT","update":50,"curv_factor":0.0554641,"factor":0.0166392,"mean_dd":-0.00773147,"projected":true,"clipped_exit":true,"width":0.5}
{"event":"DD_EXIT","update":100,"curv_factor":0.0901351,"factor":0.0901351,"mean_dd":0.0577467,"projected":false,"clipped_exit":false,"width":0.468224}
{"event":"DD_EXIT","update":150,"curv_factor":0.154577,"factor":0.154577,"mean_dd":0.0167277,"projected":false,"clipped_exit":false,"width":0.358904}
{"event":"DD_EXIT","update":200,"curv_factor":0.282015,"factor":0.282015,"mean_dd":0.0316574,"projected":false,"clipped_exit":false,"width":0.305702}
{"event":"DD_EXIT","update":250,"curv_factor":0.276806,"factor":0.276806,"mean_dd":0.389322,"projected":false,"clipped_exit":false,"width":0.340731}
{"event":"DD_EXIT","update":300,"curv_factor":0.106081,"factor":0.106081,"mean_dd":0.034818,"projected":false,"clipped_exit":false,"width":0.433656}
{"event":"DD_EXIT","update":350,"curv_factor":0.0958814,"factor":0.0958814,"mean_dd":0.00816027,"projected":false,"clipped_exit":false,"width":0.429762}
{"event":"DD_EXIT","update":400,"curv_factor":0.225272,"factor":0.225272,"mean_dd":0.0682674,"projected":false,"clipped_exit":false,"width":0.388296}
{"event":"DD_EXIT","update":450,"curv_factor":0.0976809,"factor":0.0976809,"mean_dd":0.00376708,"projected":false,"clipped_exit":false,"width":0.404123}
{"event":"DD_EXIT","update":500,"curv_factor":0.0369904,"factor":0.0369904,"mean_dd":0.00105528,"projected":false,"clipped_exit":false,"width":0.45935}
{"event":"DD_EXIT","update":550,"curv_factor":0.130543,"factor":0.130543,"mean_dd":0.0357663,"projected":false,"clipped_exit":false,"width":0.5}
{"event":"DD_EXIT","update":600,"curv_factor":0.145281,"factor":0.0435843,"mean_dd":-0.0041059,"projected":true,"clipped_exit":true,"width":0.5}
{"event":"DD_EXIT","update":650,"curv_factor":0.131276,"factor":0.131276,"mean_dd":0.0113737,"projected":false,"clipped_exit":false,"width":0.5}
{"event":"DD_EXIT","update":700,"curv_factor":0.174452,"factor":0.174452,"mean_dd":0.0682529,"projected":false,"clipped_exit":false,"width":0.5}
{"event":"DD_EXIT","update":750,"curv_factor":0.0462791,"factor":0.0462791,"mean_dd":0.002392,"projected":false,"clipped_exit":false,"width":0.420301}
{"event":"DD_EXIT","update":800,"curv_factor":0.128304,"factor":0.128304,"mean_dd":0.0218324,"projected":false,"clipped_exit":false,"width":0.5}
{"event":"DD_EXIT","update":850,"curv_factor":0.103581,"factor":0.103581,"mean_dd":0.0105067,"projected":false,"clipped_exit":false,"width":0.5}
{"event":"DD_EXIT","update":900,"curv_factor":0.05494,"factor":0.05494,"mean_dd":6.85743e-06,"projected":false,"clipped_exit":false,"width":0.183948}
{"event":"DD_EXIT","update":950,"curv_factor":0.0972196,"factor":0.0972196,"mean_dd":0.00215898,"projected":false,"clipped_exit":false,"width":0.205978}
{"event":"DD_EXIT","update":1000,"curv_factor":0.0442144,"factor":0.0442144,"mean_dd":0.000469367,"projected":false,"clipped_exit":false,"width":0.200011}
{"event":"DD_EXIT","update":1050,"curv_factor":0.0890299,"factor":0.0890299,"mean_dd":3.80069e-05,"projected":false,"clipped_exit":false,"width":0.179427}
{"event":"DD_EXIT","update":1100,"curv_factor":0.0461587,"factor":0.0461587,"mean_dd":0.000272543,"projected":false,"clipped_exit":false,"width":0.155054}
{"event":"DD_EXIT","update":1150,"curv_factor":0.079265,"factor":0.079265,"mean_dd":0.002106,"projected":false,"clipped_exit":false,"width":0.239321}
{"event":"DD_EXIT","update":1200,"curv_factor":0.0560459,"factor":0.0560459,"mean_dd":0.000960369,"projected":false,"clipped_exit":false,"width":0.15}
{"event": "COLD", "task": "mode_hold", "passed": true, "status": "PASS", "seconds": 31.1, "tail": [{"step": 1000, "modes": 8, "hq": 1.0}, {"step": 1050, "modes": 8, "hq": 0.959228515625}, {"step": 1100, "modes": 8, "hq": 0.995849609375}, {"step": 1150, "modes": 8, "hq": 0.90478515625}, {"step": 1200, "modes": 8, "hq": 0.98291015625}], "dynamics": {"method": "stall_reach_dd_exit_on_bounded_step", "scratch_optimizer_policy": "stall_reach_dd_exit_on_bounded_step", "shared_gate_eligible": false, "curvature_bound": 0.25, "d_curvature_bound": 3.0, "advantage_gate": null, "outer_steps": 1200, "gate_open": 0, "bound_evaluated": 1200, "bound_active": 1200, "d_bound_active": 113, "gradient_evaluations_per_outer_step": 3.0, "moment_updates_per_outer_step": 1, "rng_replay_verified": 2400, "update_order": "alternating: D Adam step, then G+prior Adam step against the new D", "smooth_critic": true, "smooth_width_cap": 0.15, "reach": 0.5, "ramp": "stall", "game_bound": false, "game_steps": 1, "b_cap_slope": 1.0, "widened_updates": 1152, "max_width": 0.5, "projection": true, "projection_floor": 0.3, "g_curvature_bound": 0.25, "projected_updates": 192, "negative_dd_updates": 192, "clipped_exit_updates": 192, "legacy_full_step_exit_updates": 0, "curv_factor_min": 0.022872351378757073, "curv_factor_mean": 0.11139171742395933, "exit_shrink_min": 0.3, "exit_shrink_mean": 0.32414886653983044, "first_clipped_update": 2, "first_clipped_curv_factor": 0.13968827406941675, "first_clipped_mean_dd": -0.00475113932043314, "purity": "GAN dynamics only: D directional derivative on the curvature-bounded G step"}}
{"event": "COLD_GATE", "task": "mode_hold", "passed": true, "status": "PASS", "live_modes": 8, "live_hq": 0.98291015625, "projected_updates": 192, "negative_dd_updates": 192, "clipped_exit_updates": 192, "legacy_full_step_exit_updates": 0, "curv_factor_min": 0.022872351378757073, "curv_factor_mean": 0.11139171742395933, "first_clipped_update": 2, "first_clipped_curv_factor": 0.13968827406941675, "first_clipped_mean_dd": -0.00475113932043314, "g_curvature_bound": 0.25, "d_curvature_bound": 3.0, "tail": [{"step": 1000, "modes": 8, "hq": 1.0}, {"step": 1050, "modes": 8, "hq": 0.959228515625}, {"step": 1100, "modes": 8, "hq": 0.995849609375}, {"step": 1150, "modes": 8, "hq": 0.90478515625}, {"step": 1200, "modes": 8, "hq": 0.98291015625}]}
{"event": "DONE", "verdict": "RING_PASS", "reason": "cold ring acquired 8 modes"}
