{"event": "START", "candidate": "h_n05r06_mixup_c0p01_lr15", "gate": "cover_leftover"}
START cover_leftover route=public primitives custom host + shared noise policy steps=800
cover_leftover start arm=locked steps=800 seed=0 teacher=faithful_guard_e cover=0.0 penalty_coeff=0.6 kappa=1.0 fm=0.0 n_particles=12
cover_leftover arm=locked step=1/800 d=0.7507 g=0.6971 cap=0.0283 u_kept=0.000 content=-0.005 leak=0.038 err=0.753 covered=0
cover_leftover arm=locked step=50/800 d=0.6003 g=0.8871 cap=0.0753 u_kept=0.131 content=0.098 leak=0.237 err=0.677 covered=0
cover_leftover arm=locked step=100/800 d=0.6504 g=0.7855 cap=0.0403 u_kept=0.217 content=0.249 leak=0.127 err=0.609 covered=0
cover_leftover arm=locked step=150/800 d=0.6708 g=0.7450 cap=0.0219 u_kept=0.282 content=0.339 leak=0.016 err=0.560 covered=0
cover_leftover arm=locked step=200/800 d=0.6837 g=0.7123 cap=0.0097 u_kept=0.329 content=0.408 leak=0.010 err=0.524 covered=0
cover_leftover arm=locked step=250/800 d=0.6888 g=0.7022 cap=0.0062 u_kept=0.367 content=0.433 leak=0.008 err=0.499 covered=0
cover_leftover arm=locked step=300/800 d=0.6912 g=0.6985 cap=0.0017 u_kept=0.389 content=0.442 leak=0.002 err=0.480 covered=0
cover_leftover arm=locked step=350/800 d=0.6927 g=0.6952 cap=0.0011 u_kept=0.410 content=0.442 leak=0.005 err=0.472 covered=0
cover_leftover arm=locked step=400/800 d=0.6925 g=0.6942 cap=0.0006 u_kept=0.421 content=0.443 leak=0.001 err=0.462 covered=0
cover_leftover arm=locked step=450/800 d=0.6936 g=0.6936 cap=0.0008 u_kept=0.434 content=0.443 leak=0.002 err=0.459 covered=0
cover_leftover arm=locked step=500/800 d=0.6936 g=0.6932 cap=0.0004 u_kept=0.440 content=0.447 leak=0.005 err=0.457 covered=0
cover_leftover arm=locked step=550/800 d=0.6932 g=0.6937 cap=0.0001 u_kept=0.443 content=0.439 leak=0.001 err=0.454 covered=0
cover_leftover arm=locked step=600/800 d=0.6933 g=0.6931 cap=0.0001 u_kept=0.445 content=0.440 leak=0.004 err=0.455 covered=0
cover_leftover arm=locked step=650/800 d=0.6932 g=0.6932 cap=0.0001 u_kept=0.448 content=0.445 leak=0.003 err=0.453 covered=0
cover_leftover arm=locked step=700/800 d=0.6932 g=0.6933 cap=0.0001 u_kept=0.446 content=0.443 leak=0.001 err=0.453 covered=0
cover_leftover arm=locked step=750/800 d=0.6933 g=0.6933 cap=0.0001 u_kept=0.448 content=0.444 leak=0.003 err=0.455 covered=0
cover_leftover arm=locked step=800/800 d=0.6932 g=0.6933 cap=0.0001 u_kept=0.449 content=0.442 leak=0.011 err=0.454 covered=0
cover_leftover DONE arm=locked pass=0 reasons=undershoot,content u_kept=0.426 content=0.428 leak=0.000 err=0.466 same_dir=0.069 particle_rms=0.305
{"event": "DONE", "task": "cover_leftover", "status": "FAIL", "suffix": 0, "live": {"u_kept": 0.4491127684504617, "content_kept": 0.44192427135136014, "leak_ratio": 0.010603182094918425, "pole_rel_err_plus": 0.4156089723110199, "pole_rel_err_minus": 0.454183965921402, "same_dir": 0.07286213454282496}, "error": null}
{"event": "DONE", "candidate": "h_n05r06_mixup_c0p01_lr15", "gate": "cover_leftover", "status": "FAIL", "seconds": 5.698647012002766, "live": {"content_kept": 0.44192427135136014, "leak_ratio": 0.010603182094918425, "pole_rel_err_minus": 0.454183965921402, "pole_rel_err_plus": 0.4156089723110199, "same_dir": 0.07286213454282496, "u_kept": 0.4491127684504617}}
