START problem=grid100 steps=7000 device=cuda:0 events=/ml2/hypergan/gpu-leaderboard-20260924/runs/shared_column_rms/grid100/native/grid100/events.jsonl
EVAL step=0/7000 model=live modes=0/100 hq=0.0268 pass=False elapsed=0.4s
EVAL step=0/7000 model=ema modes=0/100 hq=0.0268 pass=False elapsed=0.5s
TRAIN step=1/7000 d=1.5892 g=0.7137 train_seconds=0.1
EVAL step=1/7000 model=live modes=0/100 hq=0.0267 pass=False elapsed=0.7s
EVAL step=1/7000 model=ema modes=0/100 hq=0.0268 pass=False elapsed=0.7s
EVAL step=10/7000 model=live modes=0/100 hq=0.0278 pass=False elapsed=0.9s
EVAL step=10/7000 model=ema modes=0/100 hq=0.0265 pass=False elapsed=1.0s
EVAL step=25/7000 model=live modes=0/100 hq=0.0302 pass=False elapsed=1.3s
EVAL step=25/7000 model=ema modes=0/100 hq=0.0269 pass=False elapsed=1.3s
EVAL step=50/7000 model=live modes=0/100 hq=0.0342 pass=False elapsed=1.8s
EVAL step=50/7000 model=ema modes=0/100 hq=0.0276 pass=False elapsed=1.8s
EVAL step=100/7000 model=live modes=0/100 hq=0.0495 pass=False elapsed=2.7s
EVAL step=100/7000 model=ema modes=0/100 hq=0.0290 pass=False elapsed=2.8s
TRAIN step=250/7000 d=0.6918 g=0.7123 train_seconds=3.7
EVAL step=250/7000 model=live modes=0/100 hq=0.1106 pass=False elapsed=5.0s
EVAL step=250/7000 model=ema modes=0/100 hq=0.0476 pass=False elapsed=5.1s
TRAIN step=500/7000 d=0.6909 g=0.7013 train_seconds=7.1
EVAL step=500/7000 model=live modes=0/100 hq=0.2487 pass=False elapsed=8.5s
EVAL step=500/7000 model=ema modes=0/100 hq=0.1239 pass=False elapsed=8.6s
TRAIN step=750/7000 d=0.6922 g=0.6966 train_seconds=10.4
EVAL step=750/7000 model=live modes=15/100 hq=0.4046 pass=False elapsed=12.1s
EVAL step=750/7000 model=ema modes=0/100 hq=0.2482 pass=False elapsed=12.2s
TRAIN step=1000/7000 d=0.6929 g=0.6953 train_seconds=13.8
EVAL step=1000/7000 model=live modes=71/100 hq=0.5477 pass=False elapsed=15.7s
EVAL step=1000/7000 model=ema modes=10/100 hq=0.3928 pass=False elapsed=15.8s
TRAIN step=1250/7000 d=0.6926 g=0.6943 train_seconds=17.1
EVAL step=1250/7000 model=live modes=91/100 hq=0.6482 pass=False elapsed=19.3s
EVAL step=1250/7000 model=ema modes=64/100 hq=0.5316 pass=False elapsed=19.4s
TRAIN step=1500/7000 d=0.6935 g=0.6944 train_seconds=20.4
EVAL step=1500/7000 model=live modes=98/100 hq=0.7246 pass=False elapsed=22.8s
EVAL step=1500/7000 model=ema modes=94/100 hq=0.6392 pass=False elapsed=23.0s
TRAIN step=1750/7000 d=0.6930 g=0.6943 train_seconds=23.6
EVAL step=1750/7000 model=live modes=100/100 hq=0.7864 pass=False elapsed=26.3s
EVAL step=1750/7000 model=ema modes=99/100 hq=0.7302 pass=False elapsed=26.5s
TRAIN step=2000/7000 d=0.6935 g=0.6954 train_seconds=26.9
EVAL step=2000/7000 model=live modes=99/100 hq=0.8284 pass=False elapsed=29.9s
EVAL step=2000/7000 model=ema modes=100/100 hq=0.7945 pass=False elapsed=30.0s
TRAIN step=2250/7000 d=0.6926 g=0.6952 train_seconds=30.3
EVAL step=2250/7000 model=live modes=99/100 hq=0.8556 pass=False elapsed=33.5s
EVAL step=2250/7000 model=ema modes=100/100 hq=0.8351 pass=False elapsed=33.6s
TRAIN step=2500/7000 d=0.6936 g=0.6936 train_seconds=33.8
EVAL step=2500/7000 model=live modes=100/100 hq=0.8681 pass=False elapsed=37.3s
EVAL step=2500/7000 model=ema modes=100/100 hq=0.8630 pass=False elapsed=37.4s
TRAIN step=2750/7000 d=0.6936 g=0.6952 train_seconds=37.1
EVAL step=2750/7000 model=live modes=100/100 hq=0.8793 pass=False elapsed=40.8s
EVAL step=2750/7000 model=ema modes=100/100 hq=0.8802 pass=False elapsed=41.0s
TRAIN step=3000/7000 d=0.6929 g=0.6948 train_seconds=40.3
EVAL step=3000/7000 model=live modes=100/100 hq=0.8844 pass=False elapsed=44.3s
EVAL step=3000/7000 model=ema modes=100/100 hq=0.8901 pass=False elapsed=44.5s
TRAIN step=3250/7000 d=0.6938 g=0.6947 train_seconds=43.6
EVAL step=3250/7000 model=live modes=100/100 hq=0.8814 pass=False elapsed=47.9s
EVAL step=3250/7000 model=ema modes=100/100 hq=0.8923 pass=False elapsed=48.0s
TRAIN step=3500/7000 d=0.6924 g=0.6945 train_seconds=46.9
EVAL step=3500/7000 model=live modes=100/100 hq=0.8793 pass=False elapsed=51.5s
EVAL step=3500/7000 model=ema modes=100/100 hq=0.8937 pass=False elapsed=51.6s
TRAIN step=3750/7000 d=0.6930 g=0.6949 train_seconds=50.2
EVAL step=3750/7000 model=live modes=100/100 hq=0.8817 pass=False elapsed=55.0s
EVAL step=3750/7000 model=ema modes=100/100 hq=0.8948 pass=False elapsed=55.1s
TRAIN step=4000/7000 d=0.6926 g=0.6944 train_seconds=53.5
EVAL step=4000/7000 model=live modes=100/100 hq=0.8873 pass=False elapsed=58.6s
EVAL step=4000/7000 model=ema modes=100/100 hq=0.9001 pass=False elapsed=58.7s
TRAIN step=4250/7000 d=0.6929 g=0.6959 train_seconds=57.1
EVAL step=4250/7000 model=live modes=100/100 hq=0.8915 pass=False elapsed=62.4s
EVAL step=4250/7000 model=ema modes=100/100 hq=0.9042 pass=False elapsed=62.5s
TRAIN step=4500/7000 d=0.6926 g=0.6977 train_seconds=60.5
EVAL step=4500/7000 model=live modes=100/100 hq=0.8839 pass=False elapsed=66.0s
EVAL step=4500/7000 model=ema modes=100/100 hq=0.9036 pass=False elapsed=66.2s
TRAIN step=4750/7000 d=0.6920 g=0.6944 train_seconds=64.0
EVAL step=4750/7000 model=live modes=100/100 hq=0.8870 pass=False elapsed=69.7s
EVAL step=4750/7000 model=ema modes=100/100 hq=0.9050 pass=False elapsed=69.9s
TRAIN step=5000/7000 d=0.6929 g=0.6950 train_seconds=67.3
EVAL step=5000/7000 model=live modes=100/100 hq=0.8815 pass=False elapsed=73.3s
EVAL step=5000/7000 model=ema modes=100/100 hq=0.9072 pass=False elapsed=73.4s
TRAIN step=5250/7000 d=0.6925 g=0.6939 train_seconds=70.7
EVAL step=5250/7000 model=live modes=100/100 hq=0.8783 pass=False elapsed=76.9s
EVAL step=5250/7000 model=ema modes=100/100 hq=0.9058 pass=False elapsed=77.0s
TRAIN step=5500/7000 d=0.6925 g=0.6942 train_seconds=74.1
EVAL step=5500/7000 model=live modes=100/100 hq=0.8767 pass=False elapsed=80.6s
EVAL step=5500/7000 model=ema modes=100/100 hq=0.9055 pass=False elapsed=80.7s
TRAIN step=5750/7000 d=0.6937 g=0.6953 train_seconds=77.7
EVAL step=5750/7000 model=live modes=100/100 hq=0.8603 pass=False elapsed=84.4s
EVAL step=5750/7000 model=ema modes=100/100 hq=0.9004 pass=False elapsed=84.5s
TRAIN step=6000/7000 d=0.6937 g=0.6951 train_seconds=81.4
EVAL step=6000/7000 model=live modes=100/100 hq=0.8669 pass=False elapsed=88.3s
EVAL step=6000/7000 model=ema modes=100/100 hq=0.9002 pass=False elapsed=88.5s
TRAIN step=6250/7000 d=0.6943 g=0.6952 train_seconds=85.1
EVAL step=6250/7000 model=live modes=100/100 hq=0.8593 pass=False elapsed=92.3s
EVAL step=6250/7000 model=ema modes=100/100 hq=0.8998 pass=False elapsed=92.4s
TRAIN step=6500/7000 d=0.6936 g=0.6951 train_seconds=88.6
EVAL step=6500/7000 model=live modes=100/100 hq=0.8633 pass=False elapsed=96.1s
EVAL step=6500/7000 model=ema modes=100/100 hq=0.9005 pass=False elapsed=96.2s
TRAIN step=6750/7000 d=0.6922 g=0.6946 train_seconds=91.9
EVAL step=6750/7000 model=live modes=100/100 hq=0.8681 pass=False elapsed=99.6s
EVAL step=6750/7000 model=ema modes=100/100 hq=0.9015 pass=False elapsed=99.8s
TRAIN step=7000/7000 d=0.6920 g=0.6956 train_seconds=95.2
EVAL step=7000/7000 model=live modes=100/100 hq=0.8657 pass=False elapsed=103.3s
EVAL step=7000/7000 model=ema modes=100/100 hq=0.9046 pass=False elapsed=103.4s
COMPLETE problem=grid100 steps=7000 live_modes=100/100 live_hq=0.8657 stable_pass=None total_seconds=107.2
