{"event": "START", "candidate": "shared_column_rms", "task": "rotated100", "environment": {"profile": "cuda_fp32_v1", "torch": "2.13.0+cu126", "torch_revision": "cf30153c4c131c8164ee7798e5022d810682e2cb", "cuda": "12.6", "cudnn": 91002, "gpu": "NVIDIA RTX A6000", "gpu_uuid": "cb4ce47d-d968-bffd-5646-e830a9fa1c69", "device": "cuda:0", "visible_devices": "1", "deterministic": true, "tf32": false, "cudnn_benchmark": false, "cublas_workspace": ":4096:8", "threads": 1, "interop": 1, "adam_foreach": false, "adam_fused": false}}
START problem=rotated100 steps=7000 device=cuda:0 events=/ml2/hypergan/gpu-leaderboard-20260924/runs/shared_column_rms/rotated100/native/rotated100/events.jsonl
EVAL step=0/7000 model=live modes=0/100 hq=0.0201 pass=False elapsed=0.4s
EVAL step=0/7000 model=ema modes=0/100 hq=0.0201 pass=False elapsed=0.5s
TRAIN step=1/7000 d=1.4656 g=0.6961 train_seconds=0.1
EVAL step=1/7000 model=live modes=0/100 hq=0.0200 pass=False elapsed=0.7s
EVAL step=1/7000 model=ema modes=0/100 hq=0.0201 pass=False elapsed=0.8s
EVAL step=10/7000 model=live modes=0/100 hq=0.0194 pass=False elapsed=1.0s
EVAL step=10/7000 model=ema modes=0/100 hq=0.0203 pass=False elapsed=1.1s
EVAL step=25/7000 model=live modes=0/100 hq=0.0216 pass=False elapsed=1.4s
EVAL step=25/7000 model=ema modes=0/100 hq=0.0205 pass=False elapsed=1.4s
EVAL step=50/7000 model=live modes=0/100 hq=0.0239 pass=False elapsed=1.8s
EVAL step=50/7000 model=ema modes=0/100 hq=0.0207 pass=False elapsed=1.9s
EVAL step=100/7000 model=live modes=0/100 hq=0.0290 pass=False elapsed=2.8s
EVAL step=100/7000 model=ema modes=0/100 hq=0.0217 pass=False elapsed=2.9s
TRAIN step=250/7000 d=0.6919 g=0.7203 train_seconds=3.6
EVAL step=250/7000 model=live modes=0/100 hq=0.0340 pass=False elapsed=5.0s
EVAL step=250/7000 model=ema modes=0/100 hq=0.0248 pass=False elapsed=5.2s
TRAIN step=500/7000 d=0.6902 g=0.7071 train_seconds=7.1
EVAL step=500/7000 model=live modes=0/100 hq=0.1451 pass=False elapsed=8.8s
EVAL step=500/7000 model=ema modes=0/100 hq=0.0394 pass=False elapsed=8.9s
TRAIN step=750/7000 d=0.6908 g=0.7013 train_seconds=10.5
EVAL step=750/7000 model=live modes=0/100 hq=0.3064 pass=False elapsed=12.5s
EVAL step=750/7000 model=ema modes=0/100 hq=0.1343 pass=False elapsed=12.6s
{"event": "UPDATES", "candidate": "shared_column_rms", "task": "rotated100", "adam_calls": 2000}
TRAIN step=1000/7000 d=0.6915 g=0.6985 train_seconds=14.0
EVAL step=1000/7000 model=live modes=35/100 hq=0.4629 pass=False elapsed=16.3s
EVAL step=1000/7000 model=ema modes=0/100 hq=0.3038 pass=False elapsed=16.4s
TRAIN step=1250/7000 d=0.6921 g=0.6963 train_seconds=17.6
EVAL step=1250/7000 model=live modes=81/100 hq=0.5795 pass=False elapsed=20.2s
EVAL step=1250/7000 model=ema modes=31/100 hq=0.4578 pass=False elapsed=20.3s
TRAIN step=1500/7000 d=0.6921 g=0.6951 train_seconds=21.2
EVAL step=1500/7000 model=live modes=97/100 hq=0.6683 pass=False elapsed=24.1s
EVAL step=1500/7000 model=ema modes=80/100 hq=0.5738 pass=False elapsed=24.2s
TRAIN step=1750/7000 d=0.6927 g=0.6948 train_seconds=24.8
EVAL step=1750/7000 model=live modes=99/100 hq=0.7408 pass=False elapsed=28.0s
EVAL step=1750/7000 model=ema modes=96/100 hq=0.6724 pass=False elapsed=28.1s
{"event": "UPDATES", "candidate": "shared_column_rms", "task": "rotated100", "adam_calls": 4000}
TRAIN step=2000/7000 d=0.6926 g=0.6944 train_seconds=28.6
EVAL step=2000/7000 model=live modes=100/100 hq=0.7892 pass=False elapsed=32.0s
EVAL step=2000/7000 model=ema modes=99/100 hq=0.7443 pass=False elapsed=32.1s
TRAIN step=2250/7000 d=0.6930 g=0.6943 train_seconds=32.3
EVAL step=2250/7000 model=live modes=100/100 hq=0.8233 pass=False elapsed=36.0s
EVAL step=2250/7000 model=ema modes=100/100 hq=0.7958 pass=False elapsed=36.2s
TRAIN step=2500/7000 d=0.6929 g=0.6943 train_seconds=36.1
EVAL step=2500/7000 model=live modes=100/100 hq=0.8497 pass=False elapsed=40.0s
EVAL step=2500/7000 model=ema modes=100/100 hq=0.8310 pass=False elapsed=40.2s
TRAIN step=2750/7000 d=0.6926 g=0.6941 train_seconds=39.8
EVAL step=2750/7000 model=live modes=100/100 hq=0.8634 pass=False elapsed=44.1s
EVAL step=2750/7000 model=ema modes=100/100 hq=0.8560 pass=False elapsed=44.2s
{"event": "UPDATES", "candidate": "shared_column_rms", "task": "rotated100", "adam_calls": 6000}
TRAIN step=3000/7000 d=0.6926 g=0.6940 train_seconds=43.3
EVAL step=3000/7000 model=live modes=100/100 hq=0.8779 pass=False elapsed=47.8s
EVAL step=3000/7000 model=ema modes=100/100 hq=0.8719 pass=False elapsed=48.0s
TRAIN step=3250/7000 d=0.6928 g=0.6936 train_seconds=46.7
EVAL step=3250/7000 model=live modes=100/100 hq=0.8880 pass=False elapsed=51.5s
EVAL step=3250/7000 model=ema modes=100/100 hq=0.8835 pass=False elapsed=51.6s
TRAIN step=3500/7000 d=0.6929 g=0.6940 train_seconds=50.2
EVAL step=3500/7000 model=live modes=100/100 hq=0.8934 pass=False elapsed=55.3s
EVAL step=3500/7000 model=ema modes=100/100 hq=0.8935 pass=False elapsed=55.4s
TRAIN step=3750/7000 d=0.6931 g=0.6941 train_seconds=53.5
EVAL step=3750/7000 model=live modes=100/100 hq=0.8826 pass=False elapsed=58.9s
EVAL step=3750/7000 model=ema modes=100/100 hq=0.9000 pass=False elapsed=59.0s
{"event": "UPDATES", "candidate": "shared_column_rms", "task": "rotated100", "adam_calls": 8000}
TRAIN step=4000/7000 d=0.6931 g=0.6941 train_seconds=57.2
EVAL step=4000/7000 model=live modes=100/100 hq=0.8948 pass=False elapsed=62.9s
EVAL step=4000/7000 model=ema modes=100/100 hq=0.9088 pass=False elapsed=63.0s
TRAIN step=4250/7000 d=0.6929 g=0.6943 train_seconds=60.8
EVAL step=4250/7000 model=live modes=100/100 hq=0.9045 pass=False elapsed=66.8s
EVAL step=4250/7000 model=ema modes=100/100 hq=0.9137 pass=False elapsed=66.9s
TRAIN step=4500/7000 d=0.6930 g=0.6936 train_seconds=64.4
EVAL step=4500/7000 model=live modes=100/100 hq=0.9069 pass=False elapsed=70.7s
EVAL step=4500/7000 model=ema modes=100/100 hq=0.9153 pass=False elapsed=70.9s
TRAIN step=4750/7000 d=0.6929 g=0.6935 train_seconds=67.9
EVAL step=4750/7000 model=live modes=100/100 hq=0.8972 pass=False elapsed=74.5s
EVAL step=4750/7000 model=ema modes=100/100 hq=0.9184 pass=False elapsed=74.6s
{"event": "UPDATES", "candidate": "shared_column_rms", "task": "rotated100", "adam_calls": 10000}
TRAIN step=5000/7000 d=0.6934 g=0.6935 train_seconds=71.6
EVAL step=5000/7000 model=live modes=100/100 hq=0.8989 pass=False elapsed=78.4s
EVAL step=5000/7000 model=ema modes=100/100 hq=0.9206 pass=False elapsed=78.6s
TRAIN step=5250/7000 d=0.6931 g=0.6935 train_seconds=75.1
EVAL step=5250/7000 model=live modes=100/100 hq=0.9072 pass=False elapsed=82.2s
EVAL step=5250/7000 model=ema modes=100/100 hq=0.9245 pass=False elapsed=82.3s
TRAIN step=5500/7000 d=0.6927 g=0.6932 train_seconds=78.6
EVAL step=5500/7000 model=live modes=100/100 hq=0.9190 pass=False elapsed=86.0s
EVAL step=5500/7000 model=ema modes=100/100 hq=0.9289 pass=False elapsed=86.2s
TRAIN step=5750/7000 d=0.6932 g=0.6933 train_seconds=82.2
EVAL step=5750/7000 model=live modes=100/100 hq=0.9191 pass=False elapsed=90.0s
EVAL step=5750/7000 model=ema modes=100/100 hq=0.9329 pass=False elapsed=90.1s
{"event": "UPDATES", "candidate": "shared_column_rms", "task": "rotated100", "adam_calls": 12000}
TRAIN step=6000/7000 d=0.6932 g=0.6936 train_seconds=85.9
EVAL step=6000/7000 model=live modes=100/100 hq=0.9215 pass=False elapsed=93.9s
EVAL step=6000/7000 model=ema modes=100/100 hq=0.9355 pass=False elapsed=94.0s
TRAIN step=6250/7000 d=0.6935 g=0.6930 train_seconds=89.4
EVAL step=6250/7000 model=live modes=100/100 hq=0.9195 pass=False elapsed=97.7s
EVAL step=6250/7000 model=ema modes=100/100 hq=0.9397 pass=False elapsed=97.8s
TRAIN step=6500/7000 d=0.6932 g=0.6936 train_seconds=93.1
EVAL step=6500/7000 model=live modes=100/100 hq=0.9215 pass=False elapsed=101.7s
EVAL step=6500/7000 model=ema modes=100/100 hq=0.9417 pass=False elapsed=101.8s
TRAIN step=6750/7000 d=0.6929 g=0.6933 train_seconds=96.6
EVAL step=6750/7000 model=live modes=100/100 hq=0.9183 pass=False elapsed=105.6s
EVAL step=6750/7000 model=ema modes=100/100 hq=0.9435 pass=False elapsed=105.7s
{"event": "UPDATES", "candidate": "shared_column_rms", "task": "rotated100", "adam_calls": 14000}
TRAIN step=7000/7000 d=0.6932 g=0.6935 train_seconds=100.2
EVAL step=7000/7000 model=live modes=100/100 hq=0.9254 pass=False elapsed=109.4s
EVAL step=7000/7000 model=ema modes=100/100 hq=0.9449 pass=False elapsed=109.5s
COMPLETE problem=rotated100 steps=7000 live_modes=100/100 live_hq=0.9254 stable_pass=None total_seconds=111.9
{"event": "DONE", "candidate": "shared_column_rms", "task": "rotated100", "status": "FAIL", "seconds": 114.51462643104605, "environment": {"profile": "cuda_fp32_v1", "torch": "2.13.0+cu126", "torch_revision": "cf30153c4c131c8164ee7798e5022d810682e2cb", "cuda": "12.6", "cudnn": 91002, "gpu": "NVIDIA RTX A6000", "gpu_uuid": "cb4ce47d-d968-bffd-5646-e830a9fa1c69", "device": "cuda:0", "visible_devices": "1", "deterministic": true, "tf32": false, "cudnn_benchmark": false, "cublas_workspace": ":4096:8", "threads": 1, "interop": 1, "adam_foreach": false, "adam_fused": false}, "device_proof": {"adam_calls": 14000, "optimizers": {"135536435046272": {"calls": 7000, "parameters": 35073, "device": "cuda:0"}, "135536422451968": {"calls": 7000, "parameters": 40006, "device": "cuda:0"}}, "cpu_parameter_calls": 0, "gradient_devices": ["cuda:0"]}, "artifact": "/ml2/hypergan/gpu-leaderboard-20260924/runs/shared_column_rms/rotated100/result.json"}
