# 2026-09-26 23:32:01 arm=k3p_simple device=cuda:1 tasks=26 steps=None
23:34:21 native-grid100             FAIL  final modes/HQ=99/0.973 | coverage FAIL accuracy FAIL first100 None massTV 0.061450000000000005 | 138s rc=0
23:34:29 native-rotated100          FAIL  final modes/HQ=100/0.971 | coverage FAIL accuracy FAIL first100 1500 massTV 0.0371 | 145s rc=0
23:34:47 native-staggered100        FAIL  final modes/HQ=100/0.970 | coverage FAIL accuracy FAIL first100 500 massTV 0.0403 | 164s rc=0
23:35:55 shift-mode_hold            FAIL  deadline window=0/81 | delay None pre-shift hold 0/120 | 65s rc=0
23:36:59 ring8-multishift           PASS  fails outside transit=0 | prehold 120/120 arrival +430/+190/+20 departures 0 final HQ 0.991 | 147s rc=0
23:37:03 toy-two_pole               FAIL  passing suffix=0/24 | confirmed None mean_abs=0.16 grad_med=0.0589 | 1s rc=0
23:37:07 ring8-shift                PASS  fails outside transit=0 | prehold 120/120 arrival +430 departures 0 final HQ 0.993 | 70s rc=0
23:37:07 toy-trajectory             PASS  passing suffix=22/24 | confirmed 117 identity_mse=0.00096 | 2s rc=0
23:37:13 toy-residual_student       PASS  passing suffix=8/24 | confirmed 350 identity_mse=0.00242 success_rate=1 wrong_pad_rate=0 | 2s rc=0
23:37:13 toy-unipolar               PASS  passing suffix=18/24 | confirmed 184 cover=1 off_caption=2.69e-11 neu_hold=0.999 | 3s rc=0
23:37:17 toy-ae_gan_hold            PASS  passing suffix=22/24 | confirmed 73 recon_mse=0.0216 hold=0.01 | 2s rc=0
23:37:21 toy-cover_leftover         PASS  passing suffix=11/24 | confirmed 600 u_kept=0.978 content_kept=1 leak_ratio=7.96e-05 pole_rel_err_plus=0.0145 pole_rel_err_minus=0.017 same_dir=0.00294 | 5s rc=0
23:37:21 toy-unused_token_hold      PASS  passing suffix=10/24 | confirmed 159 unused_hold=0.997 concept_move=0.972 | 2s rc=0
23:37:31 hold-mode_hold             FAIL  hold+ext=0/1200+0/0 | gate NOT_CONVERGED converged None first_fail None minHQ(hold) None stopped gate_done_plus_post_window | 187s rc=0
23:37:31 toy-mid_scale_identity     PASS  passing suffix=16/24 | confirmed 434 concept_cos_plus=1 concept_cos_minus=1 concept_mag_plus=0.999 concept_mag_minus=1 identity_at_0=0.998 identity_at_mid=0.999 | 7s rc=0
23:37:31 toy-mode_hold              FAIL  passing suffix=0/24 | confirmed None modes=7 hq=1 | 8s rc=0
23:37:55 toy-vector_two_broad       PASS  passing suffix=21/24 | confirmed 400 sw1_normalized=0.023 mass_tv=0.000732 hq=0.984 component_covariance_error=0.161 component_min_eigen_ratio=0.836 | 21s rc=0
23:37:55 toy-vector_unequal_width   FAIL  passing suffix=0/24 | confirmed None sw1_normalized=0.15 mass_tv=0.118 hq=0.99 component_covariance_error=0.461 component_min_eigen_ratio=0.0626 | 21s rc=0
23:38:03 toy-vector_unequal_mass    FAIL  passing suffix=0/24 | confirmed None sw1_normalized=0.212 mass_tv=0.195 hq=1 component_covariance_error=0.342 component_min_eigen_ratio=2.47e-08 min_mass_ratio=0.281 | 29s rc=0
23:38:19 toy-vector_overlap         PASS  passing suffix=9/24 | confirmed 1000 sw1_normalized=0.11 mean_error=0.142 covariance_error=0.201 | 20s rc=0
23:38:27 toy-vector_anisotropic     PASS  passing suffix=5/24 | confirmed 1200 sw1_normalized=0.143 mass_tv=0.113 hq=0.988 component_covariance_error=0.486 component_min_eigen_ratio=0.258 | 28s rc=0
23:38:31 toy-vector_spiral          PASS  passing suffix=24/24 | confirmed 334 sw1_normalized=0.0458 mean_error=0.0261 covariance_error=0.177 | 24s rc=0
23:38:43 toy-img_stripes2           PASS  passing suffix=5/24 | confirmed 600 modes=2 hq=1 | 18s rc=0
23:39:03 toy-img_bars4              FAIL  passing suffix=3/24 | confirmed None modes=4 hq=0.969 | 31s rc=0
23:39:09 toy-img_blobs4             FAIL  passing suffix=0/24 | confirmed None modes=2 hq=0.719 | 29s rc=0
23:39:21 toy-img_intensity2         FAIL  passing suffix=0/24 | confirmed None modes=2 hq=0.719 | 30s rc=0
# 2026-09-26 23:39:21 arm=k3p_simple finished
