START problem=grid100 steps=7000 device=cpu events=/dev/shm/particlegan-simple-regularization-common22-v1/toy100/grid100/events.jsonl
EVAL step=0/7000 model=live modes=0/100 hq=0.0265 pass=False elapsed=0.9s
EVAL step=0/7000 model=ema modes=0/100 hq=0.0265 pass=False elapsed=0.9s
TRAIN step=1/7000 d=1.0662 g=0.7044 train_seconds=0.1
EVAL step=1/7000 model=live modes=0/100 hq=0.0266 pass=False elapsed=1.1s
EVAL step=1/7000 model=ema modes=0/100 hq=0.0265 pass=False elapsed=1.1s
EVAL step=10/7000 model=live modes=0/100 hq=0.0282 pass=False elapsed=1.5s
EVAL step=10/7000 model=ema modes=0/100 hq=0.0262 pass=False elapsed=1.6s
EVAL step=25/7000 model=live modes=0/100 hq=0.0300 pass=False elapsed=2.3s
EVAL step=25/7000 model=ema modes=0/100 hq=0.0262 pass=False elapsed=2.3s
EVAL step=50/7000 model=live modes=0/100 hq=0.0294 pass=False elapsed=3.4s
EVAL step=50/7000 model=ema modes=0/100 hq=0.0278 pass=False elapsed=3.4s
EVAL step=100/7000 model=live modes=0/100 hq=0.0255 pass=False elapsed=5.6s
EVAL step=100/7000 model=ema modes=0/100 hq=0.0272 pass=False elapsed=5.6s
TRAIN step=250/7000 d=0.6863 g=0.7076 train_seconds=10.5
EVAL step=250/7000 model=live modes=0/100 hq=0.0436 pass=False elapsed=11.9s
EVAL step=250/7000 model=ema modes=0/100 hq=0.0272 pass=False elapsed=12.0s
TRAIN step=500/7000 d=0.6810 g=0.7127 train_seconds=19.9
EVAL step=500/7000 model=live modes=2/100 hq=0.3871 pass=False elapsed=21.4s
EVAL step=500/7000 model=ema modes=0/100 hq=0.0896 pass=False elapsed=21.4s
TRAIN step=750/7000 d=0.6928 g=0.6938 train_seconds=29.5
EVAL step=750/7000 model=live modes=100/100 hq=0.9769 pass=True elapsed=31.1s
EVAL step=750/7000 model=ema modes=76/100 hq=0.5408 pass=False elapsed=31.2s
TRAIN step=1000/7000 d=0.6928 g=0.6947 train_seconds=39.1
EVAL step=1000/7000 model=live modes=100/100 hq=0.9809 pass=True elapsed=40.8s
EVAL step=1000/7000 model=ema modes=100/100 hq=0.9469 pass=False elapsed=40.8s
TRAIN step=1250/7000 d=0.6914 g=0.6939 train_seconds=48.3
EVAL step=1250/7000 model=live modes=100/100 hq=0.9807 pass=True elapsed=50.2s
EVAL step=1250/7000 model=ema modes=100/100 hq=0.9774 pass=True elapsed=50.2s
TRAIN step=1500/7000 d=0.6896 g=0.6996 train_seconds=57.7
EVAL step=1500/7000 model=live modes=100/100 hq=0.9120 pass=False elapsed=59.7s
EVAL step=1500/7000 model=ema modes=100/100 hq=0.9805 pass=True elapsed=59.7s
TRAIN step=1750/7000 d=0.6879 g=0.6986 train_seconds=67.1
EVAL step=1750/7000 model=live modes=100/100 hq=0.9012 pass=False elapsed=69.2s
EVAL step=1750/7000 model=ema modes=100/100 hq=0.9821 pass=True elapsed=69.2s
TRAIN step=2000/7000 d=0.6874 g=0.6989 train_seconds=77.1
EVAL step=2000/7000 model=live modes=100/100 hq=0.9091 pass=False elapsed=79.3s
EVAL step=2000/7000 model=ema modes=100/100 hq=0.9826 pass=True elapsed=79.3s
TRAIN step=2250/7000 d=0.6884 g=0.6995 train_seconds=87.1
EVAL step=2250/7000 model=live modes=100/100 hq=0.9179 pass=False elapsed=89.4s
EVAL step=2250/7000 model=ema modes=100/100 hq=0.9825 pass=True elapsed=89.5s
TRAIN step=2500/7000 d=0.6879 g=0.6997 train_seconds=97.3
EVAL step=2500/7000 model=live modes=100/100 hq=0.9234 pass=False elapsed=99.7s
EVAL step=2500/7000 model=ema modes=100/100 hq=0.9831 pass=True elapsed=99.7s
TRAIN step=2750/7000 d=0.6870 g=0.6999 train_seconds=108.3
EVAL step=2750/7000 model=live modes=100/100 hq=0.9277 pass=False elapsed=110.8s
EVAL step=2750/7000 model=ema modes=100/100 hq=0.9831 pass=True elapsed=110.8s
TRAIN step=3000/7000 d=0.6878 g=0.6995 train_seconds=118.7
EVAL step=3000/7000 model=live modes=100/100 hq=0.9296 pass=False elapsed=121.4s
EVAL step=3000/7000 model=ema modes=100/100 hq=0.9832 pass=True elapsed=121.4s
TRAIN step=3250/7000 d=0.6878 g=0.7002 train_seconds=129.0
EVAL step=3250/7000 model=live modes=100/100 hq=0.9307 pass=False elapsed=131.7s
EVAL step=3250/7000 model=ema modes=100/100 hq=0.9829 pass=True elapsed=131.8s
TRAIN step=3500/7000 d=0.6878 g=0.6994 train_seconds=139.1
EVAL step=3500/7000 model=live modes=100/100 hq=0.9283 pass=False elapsed=141.9s
EVAL step=3500/7000 model=ema modes=100/100 hq=0.9840 pass=True elapsed=142.0s
TRAIN step=3750/7000 d=0.6880 g=0.6990 train_seconds=149.1
EVAL step=3750/7000 model=live modes=100/100 hq=0.9353 pass=False elapsed=152.1s
EVAL step=3750/7000 model=ema modes=100/100 hq=0.9834 pass=True elapsed=152.1s
TRAIN step=4000/7000 d=0.6878 g=0.6993 train_seconds=159.2
EVAL step=4000/7000 model=live modes=100/100 hq=0.9330 pass=False elapsed=162.3s
EVAL step=4000/7000 model=ema modes=100/100 hq=0.9829 pass=True elapsed=162.4s
TRAIN step=4250/7000 d=0.6881 g=0.7002 train_seconds=169.5
EVAL step=4250/7000 model=live modes=100/100 hq=0.9379 pass=False elapsed=172.7s
EVAL step=4250/7000 model=ema modes=100/100 hq=0.9834 pass=True elapsed=172.8s
TRAIN step=4500/7000 d=0.6875 g=0.6993 train_seconds=179.6
EVAL step=4500/7000 model=live modes=100/100 hq=0.9363 pass=False elapsed=182.9s
EVAL step=4500/7000 model=ema modes=100/100 hq=0.9835 pass=True elapsed=182.9s
TRAIN step=4750/7000 d=0.6894 g=0.6987 train_seconds=189.6
EVAL step=4750/7000 model=live modes=100/100 hq=0.9431 pass=False elapsed=193.1s
EVAL step=4750/7000 model=ema modes=100/100 hq=0.9836 pass=True elapsed=193.1s
TRAIN step=5000/7000 d=0.6880 g=0.6986 train_seconds=199.8
EVAL step=5000/7000 model=live modes=100/100 hq=0.9498 pass=False elapsed=203.4s
EVAL step=5000/7000 model=ema modes=100/100 hq=0.9833 pass=True elapsed=203.4s
TRAIN step=5250/7000 d=0.6878 g=0.6988 train_seconds=210.3
EVAL step=5250/7000 model=live modes=100/100 hq=0.9567 pass=False elapsed=214.0s
EVAL step=5250/7000 model=ema modes=100/100 hq=0.9830 pass=True elapsed=214.0s
TRAIN step=5500/7000 d=0.6886 g=0.6983 train_seconds=221.0
EVAL step=5500/7000 model=live modes=100/100 hq=0.9667 pass=False elapsed=224.8s
EVAL step=5500/7000 model=ema modes=100/100 hq=0.9835 pass=True elapsed=224.8s
TRAIN step=5750/7000 d=0.6906 g=0.6977 train_seconds=231.3
EVAL step=5750/7000 model=live modes=100/100 hq=0.9706 pass=True elapsed=235.2s
EVAL step=5750/7000 model=ema modes=100/100 hq=0.9838 pass=True elapsed=235.2s
TRAIN step=6000/7000 d=0.6912 g=0.6978 train_seconds=241.8
EVAL step=6000/7000 model=live modes=100/100 hq=0.9764 pass=True elapsed=245.8s
EVAL step=6000/7000 model=ema modes=100/100 hq=0.9835 pass=True elapsed=245.9s
TRAIN step=6250/7000 d=0.6913 g=0.6958 train_seconds=252.1
EVAL step=6250/7000 model=live modes=100/100 hq=0.9796 pass=True elapsed=256.2s
EVAL step=6250/7000 model=ema modes=100/100 hq=0.9836 pass=True elapsed=256.3s
TRAIN step=6500/7000 d=0.6934 g=0.6967 train_seconds=262.1
EVAL step=6500/7000 model=live modes=100/100 hq=0.9828 pass=True elapsed=266.4s
EVAL step=6500/7000 model=ema modes=100/100 hq=0.9835 pass=True elapsed=266.4s
TRAIN step=6750/7000 d=0.6916 g=0.6951 train_seconds=272.4
EVAL step=6750/7000 model=live modes=100/100 hq=0.9839 pass=True elapsed=276.8s
EVAL step=6750/7000 model=ema modes=100/100 hq=0.9843 pass=True elapsed=276.8s
TRAIN step=7000/7000 d=0.6913 g=0.6958 train_seconds=282.7
EVAL step=7000/7000 model=live modes=100/100 hq=0.9846 pass=True elapsed=287.2s
EVAL step=7000/7000 model=ema modes=100/100 hq=0.9845 pass=True elapsed=287.3s
COMPLETE problem=grid100 steps=7000 live_modes=100/100 live_hq=0.9846 stable_pass=6750 total_seconds=288.1
