{"event": "START", "candidate": "shared_rms", "task": "cover_leftover", "environment": {"profile": "cuda_fp32_v1", "torch": "2.13.0+cu126", "torch_revision": "cf30153c4c131c8164ee7798e5022d810682e2cb", "cuda": "12.6", "cudnn": 91002, "gpu": "NVIDIA RTX A6000", "gpu_uuid": "cb4ce47d-d968-bffd-5646-e830a9fa1c69", "device": "cuda:0", "visible_devices": "1", "deterministic": true, "tf32": false, "cudnn_benchmark": false, "cublas_workspace": ":4096:8", "threads": 1, "interop": 1, "adam_foreach": false, "adam_fused": false}}
cover_leftover start arm=locked steps=800 seed=0 teacher=faithful_guard_e cover=0.0 penalty_coeff=0.6 kappa=1.0 fm=0.0 n_particles=12
cover_leftover arm=locked step=1/800 d=0.7095 g=0.7465 cap=0.0214 u_kept=-0.000 content=-0.004 leak=4.413 err=0.753 covered=0
cover_leftover arm=locked step=50/800 d=0.5879 g=0.9423 cap=0.0919 u_kept=0.017 content=-0.041 leak=2.176 err=0.750 covered=0
cover_leftover arm=locked step=100/800 d=0.6158 g=0.8777 cap=0.0637 u_kept=0.090 content=-0.026 leak=0.423 err=0.707 covered=0
cover_leftover arm=locked step=150/800 d=0.6377 g=0.8037 cap=0.0460 u_kept=0.142 content=0.002 leak=0.046 err=0.672 covered=0
cover_leftover arm=locked step=200/800 d=0.6665 g=0.7584 cap=0.0289 u_kept=0.191 content=0.065 leak=0.030 err=0.633 covered=0
cover_leftover arm=locked step=250/800 d=0.6752 g=0.7316 cap=0.0210 u_kept=0.188 content=0.093 leak=0.010 err=0.629 covered=0
cover_leftover arm=locked step=300/800 d=0.6777 g=0.7246 cap=0.0125 u_kept=0.194 content=0.142 leak=0.066 err=0.616 covered=0
cover_leftover arm=locked step=350/800 d=0.6883 g=0.7211 cap=0.0066 u_kept=0.170 content=0.169 leak=0.085 err=0.625 covered=0
cover_leftover arm=locked step=400/800 d=0.6926 g=0.6968 cap=0.0048 u_kept=0.149 content=0.174 leak=0.086 err=0.636 covered=0
cover_leftover arm=locked step=450/800 d=0.6921 g=0.7024 cap=0.0043 u_kept=0.165 content=0.175 leak=0.000 err=0.626 covered=0
cover_leftover arm=locked step=500/800 d=0.6916 g=0.6963 cap=0.0028 u_kept=0.172 content=0.169 leak=0.010 err=0.623 covered=0
cover_leftover arm=locked step=550/800 d=0.6932 g=0.6986 cap=0.0013 u_kept=0.171 content=0.169 leak=0.008 err=0.624 covered=0
cover_leftover arm=locked step=600/800 d=0.6933 g=0.6935 cap=0.0011 u_kept=0.173 content=0.165 leak=0.001 err=0.624 covered=0
cover_leftover arm=locked step=650/800 d=0.6927 g=0.6943 cap=0.0009 u_kept=0.178 content=0.165 leak=0.000 err=0.621 covered=0
cover_leftover arm=locked step=700/800 d=0.6933 g=0.6937 cap=0.0006 u_kept=0.183 content=0.165 leak=0.020 err=0.623 covered=0
cover_leftover arm=locked step=750/800 d=0.6945 g=0.6918 cap=0.0004 u_kept=0.176 content=0.161 leak=0.013 err=0.622 covered=0
cover_leftover arm=locked step=800/800 d=0.6927 g=0.6945 cap=0.0002 u_kept=0.175 content=0.157 leak=0.003 err=0.624 covered=0
cover_leftover DONE arm=locked pass=0 reasons=undershoot,content u_kept=0.169 content=0.154 leak=0.003 err=0.627 same_dir=0.073 particle_rms=0.535
{"event": "DONE", "candidate": "shared_rms", "task": "cover_leftover", "status": "FAIL", "seconds": 12.97154280799441, "environment": {"profile": "cuda_fp32_v1", "torch": "2.13.0+cu126", "torch_revision": "cf30153c4c131c8164ee7798e5022d810682e2cb", "cuda": "12.6", "cudnn": 91002, "gpu": "NVIDIA RTX A6000", "gpu_uuid": "cb4ce47d-d968-bffd-5646-e830a9fa1c69", "device": "cuda:0", "visible_devices": "1", "deterministic": true, "tf32": false, "cudnn_benchmark": false, "cublas_workspace": ":4096:8", "threads": 1, "interop": 1, "adam_foreach": false, "adam_fused": false}, "device_proof": {"adam_calls": 1600, "optimizers": {"125154962931008": {"calls": 800, "parameters": 7361, "device": "cuda:0"}, "125154941718352": {"calls": 800, "parameters": 104, "device": "cuda:0"}}, "cpu_parameter_calls": 0, "gradient_devices": ["cuda:0"]}, "artifact": "/ml2/hypergan/gpu-leaderboard-20260924/runs/shared_rms/cover_leftover/result.json", "metrics": {"u_kept": 0.1746124011698306, "content_kept": 0.15724424325539776, "leak_ratio": 0.00251505356801787, "pole_rel_err_plus": 0.6238943934440613, "pole_rel_err_minus": 0.6208168864250183, "same_dir": 0.08144255693763051}, "verdict": {"status": "FAIL", "attempted": true, "passed": false, "metrics": [{"metric": "u_kept", "value": 0.1746124011698306, "op": ">=", "threshold": 0.85, "status": "FAIL", "margin": -0.6753875988301694}, {"metric": "content_kept", "value": 0.15724424325539776, "op": ">=", "threshold": 0.75, "status": "FAIL", "margin": -0.5927557567446022}, {"metric": "leak_ratio", "value": 0.00251505356801787, "op": "<=", "threshold": 0.2, "status": "PASS", "margin": 0.19748494643198214}, {"metric": "pole_rel_err_plus", "value": 0.6238943934440613, "op": "<=", "threshold": 0.2, "status": "FAIL", "margin": -0.42389439344406127}, {"metric": "pole_rel_err_minus", "value": 0.6208168864250183, "op": "<=", "threshold": 0.2, "status": "FAIL", "margin": -0.4208168864250183}, {"metric": "same_dir", "value": 0.08144255693763051, "op": "<=", "threshold": 0.25, "status": "PASS", "margin": 0.16855744306236947}], "convergence": {"complete": true, "observations": 24, "passing_observations": 0, "minimum_stable_checks": 5, "passing_suffix": 0, "first_pass_step": null, "stable_from_step": null, "stable_from_seconds": null, "confirmed_step": null, "confirmed_seconds": null}, "shortfall": 0.9308191091125592, "confirmation_fraction": 2.0}}
